Script directory: /mnt/iusers01/fatpou01/compsci01/n70579mp/scratch/JaxMARL
Importing submoduled environments...
Submoduled environments not found. Skipping import.
wandb: Currently logged in as: maytusp to https://api.wandb.ai. Use `wandb login --relogin` to force relogin
wandb: creating run
wandb: Tracking run with wandb version 0.21.1
wandb: Run data is saved locally in /net/scratch/n70579mp/JaxMARL/wandb/run-20260609_165601-yc0q3bxn
wandb: Run `wandb offline` to turn off syncing.
wandb: Syncing run e3t_obsfront_counter_circuit
wandb: ⭐️ View project at https://wandb.ai/maytusp/oc-extended
wandb: 🚀 View run at https://wandb.ai/maytusp/oc-extended/runs/yc0q3bxn
Update steps:  2288.0
Warmup epochs:  114
Cosine epochs:  2174.0
--> Saved seed 1 checkpoint at step 1 to checkpoints/e3t/counter_circuit/baseline_seed_1_step_1.msgpack
--> Saved seed 0 checkpoint at step 1 to checkpoints/e3t/counter_circuit/baseline_seed_0_step_1.msgpack
--> Saved seed 4 checkpoint at step 1 to checkpoints/e3t/counter_circuit/baseline_seed_4_step_1.msgpack
--> Saved seed 3 checkpoint at step 1 to checkpoints/e3t/counter_circuit/baseline_seed_3_step_1.msgpack
--> Saved seed 2 checkpoint at step 1 to checkpoints/e3t/counter_circuit/baseline_seed_2_step_1.msgpack
--> Saved seed 1 checkpoint at step 228 to checkpoints/e3t/counter_circuit/baseline_seed_1_step_228.msgpack
--> Saved seed 0 checkpoint at step 228 to checkpoints/e3t/counter_circuit/baseline_seed_0_step_228.msgpack
--> Saved seed 4 checkpoint at step 228 to checkpoints/e3t/counter_circuit/baseline_seed_4_step_228.msgpack
--> Saved seed 3 checkpoint at step 228 to checkpoints/e3t/counter_circuit/baseline_seed_3_step_228.msgpack
--> Saved seed 2 checkpoint at step 228 to checkpoints/e3t/counter_circuit/baseline_seed_2_step_228.msgpack
--> Saved seed 1 checkpoint at step 456 to checkpoints/e3t/counter_circuit/baseline_seed_1_step_456.msgpack
--> Saved seed 0 checkpoint at step 456 to checkpoints/e3t/counter_circuit/baseline_seed_0_step_456.msgpack
--> Saved seed 4 checkpoint at step 456 to checkpoints/e3t/counter_circuit/baseline_seed_4_step_456.msgpack
--> Saved seed 3 checkpoint at step 456 to checkpoints/e3t/counter_circuit/baseline_seed_3_step_456.msgpack
--> Saved seed 2 checkpoint at step 456 to checkpoints/e3t/counter_circuit/baseline_seed_2_step_456.msgpack
--> Saved seed 1 checkpoint at step 684 to checkpoints/e3t/counter_circuit/baseline_seed_1_step_684.msgpack
--> Saved seed 0 checkpoint at step 684 to checkpoints/e3t/counter_circuit/baseline_seed_0_step_684.msgpack
--> Saved seed 4 checkpoint at step 684 to checkpoints/e3t/counter_circuit/baseline_seed_4_step_684.msgpack
--> Saved seed 3 checkpoint at step 684 to checkpoints/e3t/counter_circuit/baseline_seed_3_step_684.msgpack
--> Saved seed 2 checkpoint at step 684 to checkpoints/e3t/counter_circuit/baseline_seed_2_step_684.msgpack
--> Saved seed 1 checkpoint at step 912 to checkpoints/e3t/counter_circuit/baseline_seed_1_step_912.msgpack
--> Saved seed 0 checkpoint at step 912 to checkpoints/e3t/counter_circuit/baseline_seed_0_step_912.msgpack
--> Saved seed 4 checkpoint at step 912 to checkpoints/e3t/counter_circuit/baseline_seed_4_step_912.msgpack
--> Saved seed 3 checkpoint at step 912 to checkpoints/e3t/counter_circuit/baseline_seed_3_step_912.msgpack
--> Saved seed 2 checkpoint at step 912 to checkpoints/e3t/counter_circuit/baseline_seed_2_step_912.msgpack
--> Saved seed 1 checkpoint at step 1140 to checkpoints/e3t/counter_circuit/baseline_seed_1_step_1140.msgpack
--> Saved seed 0 checkpoint at step 1140 to checkpoints/e3t/counter_circuit/baseline_seed_0_step_1140.msgpack
--> Saved seed 4 checkpoint at step 1140 to checkpoints/e3t/counter_circuit/baseline_seed_4_step_1140.msgpack
--> Saved seed 3 checkpoint at step 1140 to checkpoints/e3t/counter_circuit/baseline_seed_3_step_1140.msgpack
--> Saved seed 2 checkpoint at step 1140 to checkpoints/e3t/counter_circuit/baseline_seed_2_step_1140.msgpack
--> Saved seed 1 checkpoint at step 1368 to checkpoints/e3t/counter_circuit/baseline_seed_1_step_1368.msgpack
--> Saved seed 0 checkpoint at step 1368 to checkpoints/e3t/counter_circuit/baseline_seed_0_step_1368.msgpack
--> Saved seed 4 checkpoint at step 1368 to checkpoints/e3t/counter_circuit/baseline_seed_4_step_1368.msgpack
--> Saved seed 3 checkpoint at step 1368 to checkpoints/e3t/counter_circuit/baseline_seed_3_step_1368.msgpack
--> Saved seed 2 checkpoint at step 1368 to checkpoints/e3t/counter_circuit/baseline_seed_2_step_1368.msgpack
--> Saved seed 1 checkpoint at step 1596 to checkpoints/e3t/counter_circuit/baseline_seed_1_step_1596.msgpack
--> Saved seed 0 checkpoint at step 1596 to checkpoints/e3t/counter_circuit/baseline_seed_0_step_1596.msgpack
--> Saved seed 4 checkpoint at step 1596 to checkpoints/e3t/counter_circuit/baseline_seed_4_step_1596.msgpack
--> Saved seed 3 checkpoint at step 1596 to checkpoints/e3t/counter_circuit/baseline_seed_3_step_1596.msgpack
--> Saved seed 2 checkpoint at step 1596 to checkpoints/e3t/counter_circuit/baseline_seed_2_step_1596.msgpack
--> Saved seed 1 checkpoint at step 1824 to checkpoints/e3t/counter_circuit/baseline_seed_1_step_1824.msgpack
--> Saved seed 0 checkpoint at step 1824 to checkpoints/e3t/counter_circuit/baseline_seed_0_step_1824.msgpack
--> Saved seed 4 checkpoint at step 1824 to checkpoints/e3t/counter_circuit/baseline_seed_4_step_1824.msgpack
--> Saved seed 3 checkpoint at step 1824 to checkpoints/e3t/counter_circuit/baseline_seed_3_step_1824.msgpack
--> Saved seed 2 checkpoint at step 1824 to checkpoints/e3t/counter_circuit/baseline_seed_2_step_1824.msgpack
--> Saved seed 1 checkpoint at step 2052 to checkpoints/e3t/counter_circuit/baseline_seed_1_step_2052.msgpack
--> Saved seed 0 checkpoint at step 2052 to checkpoints/e3t/counter_circuit/baseline_seed_0_step_2052.msgpack
--> Saved seed 4 checkpoint at step 2052 to checkpoints/e3t/counter_circuit/baseline_seed_4_step_2052.msgpack
--> Saved seed 3 checkpoint at step 2052 to checkpoints/e3t/counter_circuit/baseline_seed_3_step_2052.msgpack
--> Saved seed 2 checkpoint at step 2052 to checkpoints/e3t/counter_circuit/baseline_seed_2_step_2052.msgpack
--> Saved seed 1 checkpoint at step 2280 to checkpoints/e3t/counter_circuit/baseline_seed_1_step_2280.msgpack
--> Saved seed 0 checkpoint at step 2280 to checkpoints/e3t/counter_circuit/baseline_seed_0_step_2280.msgpack
--> Saved seed 4 checkpoint at step 2280 to checkpoints/e3t/counter_circuit/baseline_seed_4_step_2280.msgpack
--> Saved seed 3 checkpoint at step 2280 to checkpoints/e3t/counter_circuit/baseline_seed_3_step_2280.msgpack
--> Saved seed 2 checkpoint at step 2280 to checkpoints/e3t/counter_circuit/baseline_seed_2_step_2280.msgpack
[1;34mwandb[0m: 
[1;34mwandb[0m: 🚀 View run [33me3t_obsfront_counter_circuit[0m at: [34mhttps://wandb.ai/maytusp/oc-extended/runs/yc0q3bxn[0m
[1;34mwandb[0m: Find logs at: [1;35m../../../../../../../net/scratch/n70579mp/JaxMARL/wandb/run-20260609_165601-yc0q3bxn/logs[0m
Importing submoduled environments...
Submoduled environments not found. Skipping import.
wandb: Currently logged in as: maytusp to https://api.wandb.ai. Use `wandb login --relogin` to force relogin
wandb: Tracking run with wandb version 0.21.1
wandb: Run data is saved locally in /net/scratch/n70579mp/JaxMARL/wandb/run-20260610_005559-17ru2d5f
wandb: Run `wandb offline` to turn off syncing.
wandb: Syncing run e3t_obsfront_coord_ring
wandb: ⭐️ View project at https://wandb.ai/maytusp/oc-extended
wandb: 🚀 View run at https://wandb.ai/maytusp/oc-extended/runs/17ru2d5f
Update steps:  2288.0
Warmup epochs:  114
Cosine epochs:  2174.0
--> Saved seed 1 checkpoint at step 1 to checkpoints/e3t/coord_ring/baseline_seed_1_step_1.msgpack
--> Saved seed 0 checkpoint at step 1 to checkpoints/e3t/coord_ring/baseline_seed_0_step_1.msgpack
--> Saved seed 4 checkpoint at step 1 to checkpoints/e3t/coord_ring/baseline_seed_4_step_1.msgpack
--> Saved seed 3 checkpoint at step 1 to checkpoints/e3t/coord_ring/baseline_seed_3_step_1.msgpack
--> Saved seed 2 checkpoint at step 1 to checkpoints/e3t/coord_ring/baseline_seed_2_step_1.msgpack
--> Saved seed 1 checkpoint at step 228 to checkpoints/e3t/coord_ring/baseline_seed_1_step_228.msgpack
--> Saved seed 0 checkpoint at step 228 to checkpoints/e3t/coord_ring/baseline_seed_0_step_228.msgpack
--> Saved seed 4 checkpoint at step 228 to checkpoints/e3t/coord_ring/baseline_seed_4_step_228.msgpack
--> Saved seed 3 checkpoint at step 228 to checkpoints/e3t/coord_ring/baseline_seed_3_step_228.msgpack
--> Saved seed 2 checkpoint at step 228 to checkpoints/e3t/coord_ring/baseline_seed_2_step_228.msgpack
--> Saved seed 1 checkpoint at step 456 to checkpoints/e3t/coord_ring/baseline_seed_1_step_456.msgpack
--> Saved seed 0 checkpoint at step 456 to checkpoints/e3t/coord_ring/baseline_seed_0_step_456.msgpack
--> Saved seed 4 checkpoint at step 456 to checkpoints/e3t/coord_ring/baseline_seed_4_step_456.msgpack
--> Saved seed 3 checkpoint at step 456 to checkpoints/e3t/coord_ring/baseline_seed_3_step_456.msgpack
--> Saved seed 2 checkpoint at step 456 to checkpoints/e3t/coord_ring/baseline_seed_2_step_456.msgpack
--> Saved seed 1 checkpoint at step 684 to checkpoints/e3t/coord_ring/baseline_seed_1_step_684.msgpack
--> Saved seed 0 checkpoint at step 684 to checkpoints/e3t/coord_ring/baseline_seed_0_step_684.msgpack
--> Saved seed 4 checkpoint at step 684 to checkpoints/e3t/coord_ring/baseline_seed_4_step_684.msgpack
--> Saved seed 3 checkpoint at step 684 to checkpoints/e3t/coord_ring/baseline_seed_3_step_684.msgpack
--> Saved seed 2 checkpoint at step 684 to checkpoints/e3t/coord_ring/baseline_seed_2_step_684.msgpack
--> Saved seed 1 checkpoint at step 912 to checkpoints/e3t/coord_ring/baseline_seed_1_step_912.msgpack
--> Saved seed 0 checkpoint at step 912 to checkpoints/e3t/coord_ring/baseline_seed_0_step_912.msgpack
--> Saved seed 4 checkpoint at step 912 to checkpoints/e3t/coord_ring/baseline_seed_4_step_912.msgpack
--> Saved seed 3 checkpoint at step 912 to checkpoints/e3t/coord_ring/baseline_seed_3_step_912.msgpack
--> Saved seed 2 checkpoint at step 912 to checkpoints/e3t/coord_ring/baseline_seed_2_step_912.msgpack
--> Saved seed 1 checkpoint at step 1140 to checkpoints/e3t/coord_ring/baseline_seed_1_step_1140.msgpack
--> Saved seed 0 checkpoint at step 1140 to checkpoints/e3t/coord_ring/baseline_seed_0_step_1140.msgpack
--> Saved seed 4 checkpoint at step 1140 to checkpoints/e3t/coord_ring/baseline_seed_4_step_1140.msgpack
--> Saved seed 3 checkpoint at step 1140 to checkpoints/e3t/coord_ring/baseline_seed_3_step_1140.msgpack
--> Saved seed 2 checkpoint at step 1140 to checkpoints/e3t/coord_ring/baseline_seed_2_step_1140.msgpack
--> Saved seed 1 checkpoint at step 1368 to checkpoints/e3t/coord_ring/baseline_seed_1_step_1368.msgpack
--> Saved seed 0 checkpoint at step 1368 to checkpoints/e3t/coord_ring/baseline_seed_0_step_1368.msgpack
--> Saved seed 4 checkpoint at step 1368 to checkpoints/e3t/coord_ring/baseline_seed_4_step_1368.msgpack
--> Saved seed 3 checkpoint at step 1368 to checkpoints/e3t/coord_ring/baseline_seed_3_step_1368.msgpack
--> Saved seed 2 checkpoint at step 1368 to checkpoints/e3t/coord_ring/baseline_seed_2_step_1368.msgpack
--> Saved seed 1 checkpoint at step 1596 to checkpoints/e3t/coord_ring/baseline_seed_1_step_1596.msgpack
--> Saved seed 0 checkpoint at step 1596 to checkpoints/e3t/coord_ring/baseline_seed_0_step_1596.msgpack
--> Saved seed 4 checkpoint at step 1596 to checkpoints/e3t/coord_ring/baseline_seed_4_step_1596.msgpack
--> Saved seed 3 checkpoint at step 1596 to checkpoints/e3t/coord_ring/baseline_seed_3_step_1596.msgpack
--> Saved seed 2 checkpoint at step 1596 to checkpoints/e3t/coord_ring/baseline_seed_2_step_1596.msgpack
--> Saved seed 1 checkpoint at step 1824 to checkpoints/e3t/coord_ring/baseline_seed_1_step_1824.msgpack
--> Saved seed 0 checkpoint at step 1824 to checkpoints/e3t/coord_ring/baseline_seed_0_step_1824.msgpack
--> Saved seed 4 checkpoint at step 1824 to checkpoints/e3t/coord_ring/baseline_seed_4_step_1824.msgpack
--> Saved seed 3 checkpoint at step 1824 to checkpoints/e3t/coord_ring/baseline_seed_3_step_1824.msgpack
--> Saved seed 2 checkpoint at step 1824 to checkpoints/e3t/coord_ring/baseline_seed_2_step_1824.msgpack
--> Saved seed 1 checkpoint at step 2052 to checkpoints/e3t/coord_ring/baseline_seed_1_step_2052.msgpack
--> Saved seed 0 checkpoint at step 2052 to checkpoints/e3t/coord_ring/baseline_seed_0_step_2052.msgpack
--> Saved seed 4 checkpoint at step 2052 to checkpoints/e3t/coord_ring/baseline_seed_4_step_2052.msgpack
--> Saved seed 3 checkpoint at step 2052 to checkpoints/e3t/coord_ring/baseline_seed_3_step_2052.msgpack
--> Saved seed 2 checkpoint at step 2052 to checkpoints/e3t/coord_ring/baseline_seed_2_step_2052.msgpack
--> Saved seed 1 checkpoint at step 2280 to checkpoints/e3t/coord_ring/baseline_seed_1_step_2280.msgpack
--> Saved seed 0 checkpoint at step 2280 to checkpoints/e3t/coord_ring/baseline_seed_0_step_2280.msgpack
--> Saved seed 4 checkpoint at step 2280 to checkpoints/e3t/coord_ring/baseline_seed_4_step_2280.msgpack
--> Saved seed 3 checkpoint at step 2280 to checkpoints/e3t/coord_ring/baseline_seed_3_step_2280.msgpack
--> Saved seed 2 checkpoint at step 2280 to checkpoints/e3t/coord_ring/baseline_seed_2_step_2280.msgpack
[1;34mwandb[0m: 
[1;34mwandb[0m: 🚀 View run [33me3t_obsfront_coord_ring[0m at: [34mhttps://wandb.ai/maytusp/oc-extended/runs/17ru2d5f[0m
[1;34mwandb[0m: Find logs at: [1;35m../../../../../../../net/scratch/n70579mp/JaxMARL/wandb/run-20260610_005559-17ru2d5f/logs[0m
Importing submoduled environments...
Submoduled environments not found. Skipping import.
wandb: [wandb.login()] Loaded credentials for https://api.wandb.ai from /mnt/iusers01/fatpou01/compsci01/n70579mp/.netrc.
wandb: Currently logged in as: maytusp to https://api.wandb.ai. Use `wandb login --relogin` to force relogin
wandb: Tracking run with wandb version 0.27.2
wandb: Run data is saved locally in /net/scratch/n70579mp/JaxMARL/wandb/run-20260610_084623-5ft40rtg
wandb: Run `wandb offline` to turn off syncing.
wandb: Syncing run e3t_obsfront_cramped_room5x5
wandb: ⭐️ View project at https://wandb.ai/maytusp/oc-extended
wandb: 🚀 View run at https://wandb.ai/maytusp/oc-extended/runs/5ft40rtg
[2026-06-10T11:12:09.746] error: *** JOB 15997930 ON node853 CANCELLED AT 2026-06-10T11:12:09 DUE to SIGNAL Terminated ***
