Script directory: /mnt/iusers01/fatpou01/compsci01/n70579mp/scratch/tom/JaxMARL
Importing submoduled environments...
Submoduled environments not found. Skipping import.
wandb: [wandb.login()] Loaded credentials for https://api.wandb.ai from /mnt/iusers01/fatpou01/compsci01/n70579mp/.netrc.
wandb: W&B API key is configured. Use `wandb login --relogin` to force relogin
wandb: setting up run dny8iqr7
wandb: Tracking run with wandb version 0.27.2
wandb: Run data is saved locally in /net/scratch/n70579mp/tom/JaxMARL/wandb/run-20260630_072731-dny8iqr7
wandb: Run `wandb offline` to turn off syncing.
wandb: Syncing run ippo_obsfront_counter_circuit
wandb: ⭐️ View project at https://wandb.ai/maytusp/prepare_fcp_partner
wandb: 🚀 View run at https://wandb.ai/maytusp/prepare_fcp_partner/runs/dny8iqr7
Update steps:  381.0
Warmup epochs:  19
Cosine epochs:  362.0
--> Saved seed 1 checkpoint at step 1 to checkpoints/sp/counter_circuit/baseline_seed_1_step_1.msgpack
--> Saved seed 0 checkpoint at step 1 to checkpoints/sp/counter_circuit/baseline_seed_0_step_1.msgpack
--> Saved seed 4 checkpoint at step 1 to checkpoints/sp/counter_circuit/baseline_seed_4_step_1.msgpack
--> Saved seed 3 checkpoint at step 1 to checkpoints/sp/counter_circuit/baseline_seed_3_step_1.msgpack
--> Saved seed 2 checkpoint at step 1 to checkpoints/sp/counter_circuit/baseline_seed_2_step_1.msgpack
--> Saved seed 1 checkpoint at step 38 to checkpoints/sp/counter_circuit/baseline_seed_1_step_38.msgpack
--> Saved seed 0 checkpoint at step 38 to checkpoints/sp/counter_circuit/baseline_seed_0_step_38.msgpack
--> Saved seed 4 checkpoint at step 38 to checkpoints/sp/counter_circuit/baseline_seed_4_step_38.msgpack
--> Saved seed 3 checkpoint at step 38 to checkpoints/sp/counter_circuit/baseline_seed_3_step_38.msgpack
--> Saved seed 2 checkpoint at step 38 to checkpoints/sp/counter_circuit/baseline_seed_2_step_38.msgpack
--> Saved seed 1 checkpoint at step 76 to checkpoints/sp/counter_circuit/baseline_seed_1_step_76.msgpack
--> Saved seed 0 checkpoint at step 76 to checkpoints/sp/counter_circuit/baseline_seed_0_step_76.msgpack
--> Saved seed 4 checkpoint at step 76 to checkpoints/sp/counter_circuit/baseline_seed_4_step_76.msgpack
--> Saved seed 3 checkpoint at step 76 to checkpoints/sp/counter_circuit/baseline_seed_3_step_76.msgpack
--> Saved seed 2 checkpoint at step 76 to checkpoints/sp/counter_circuit/baseline_seed_2_step_76.msgpack
--> Saved seed 1 checkpoint at step 114 to checkpoints/sp/counter_circuit/baseline_seed_1_step_114.msgpack
--> Saved seed 0 checkpoint at step 114 to checkpoints/sp/counter_circuit/baseline_seed_0_step_114.msgpack
--> Saved seed 4 checkpoint at step 114 to checkpoints/sp/counter_circuit/baseline_seed_4_step_114.msgpack
--> Saved seed 3 checkpoint at step 114 to checkpoints/sp/counter_circuit/baseline_seed_3_step_114.msgpack
--> Saved seed 2 checkpoint at step 114 to checkpoints/sp/counter_circuit/baseline_seed_2_step_114.msgpack
--> Saved seed 1 checkpoint at step 152 to checkpoints/sp/counter_circuit/baseline_seed_1_step_152.msgpack
--> Saved seed 0 checkpoint at step 152 to checkpoints/sp/counter_circuit/baseline_seed_0_step_152.msgpack
--> Saved seed 4 checkpoint at step 152 to checkpoints/sp/counter_circuit/baseline_seed_4_step_152.msgpack
--> Saved seed 3 checkpoint at step 152 to checkpoints/sp/counter_circuit/baseline_seed_3_step_152.msgpack
--> Saved seed 2 checkpoint at step 152 to checkpoints/sp/counter_circuit/baseline_seed_2_step_152.msgpack
--> Saved seed 1 checkpoint at step 190 to checkpoints/sp/counter_circuit/baseline_seed_1_step_190.msgpack
--> Saved seed 0 checkpoint at step 190 to checkpoints/sp/counter_circuit/baseline_seed_0_step_190.msgpack
--> Saved seed 4 checkpoint at step 190 to checkpoints/sp/counter_circuit/baseline_seed_4_step_190.msgpack
--> Saved seed 3 checkpoint at step 190 to checkpoints/sp/counter_circuit/baseline_seed_3_step_190.msgpack
--> Saved seed 2 checkpoint at step 190 to checkpoints/sp/counter_circuit/baseline_seed_2_step_190.msgpack
--> Saved seed 1 checkpoint at step 228 to checkpoints/sp/counter_circuit/baseline_seed_1_step_228.msgpack
--> Saved seed 0 checkpoint at step 228 to checkpoints/sp/counter_circuit/baseline_seed_0_step_228.msgpack
--> Saved seed 4 checkpoint at step 228 to checkpoints/sp/counter_circuit/baseline_seed_4_step_228.msgpack
--> Saved seed 3 checkpoint at step 228 to checkpoints/sp/counter_circuit/baseline_seed_3_step_228.msgpack
--> Saved seed 2 checkpoint at step 228 to checkpoints/sp/counter_circuit/baseline_seed_2_step_228.msgpack
--> Saved seed 1 checkpoint at step 266 to checkpoints/sp/counter_circuit/baseline_seed_1_step_266.msgpack
--> Saved seed 0 checkpoint at step 266 to checkpoints/sp/counter_circuit/baseline_seed_0_step_266.msgpack
--> Saved seed 4 checkpoint at step 266 to checkpoints/sp/counter_circuit/baseline_seed_4_step_266.msgpack
--> Saved seed 3 checkpoint at step 266 to checkpoints/sp/counter_circuit/baseline_seed_3_step_266.msgpack
--> Saved seed 2 checkpoint at step 266 to checkpoints/sp/counter_circuit/baseline_seed_2_step_266.msgpack
--> Saved seed 1 checkpoint at step 304 to checkpoints/sp/counter_circuit/baseline_seed_1_step_304.msgpack
--> Saved seed 0 checkpoint at step 304 to checkpoints/sp/counter_circuit/baseline_seed_0_step_304.msgpack
--> Saved seed 4 checkpoint at step 304 to checkpoints/sp/counter_circuit/baseline_seed_4_step_304.msgpack
--> Saved seed 3 checkpoint at step 304 to checkpoints/sp/counter_circuit/baseline_seed_3_step_304.msgpack
--> Saved seed 2 checkpoint at step 304 to checkpoints/sp/counter_circuit/baseline_seed_2_step_304.msgpack
--> Saved seed 1 checkpoint at step 342 to checkpoints/sp/counter_circuit/baseline_seed_1_step_342.msgpack
--> Saved seed 0 checkpoint at step 342 to checkpoints/sp/counter_circuit/baseline_seed_0_step_342.msgpack
--> Saved seed 4 checkpoint at step 342 to checkpoints/sp/counter_circuit/baseline_seed_4_step_342.msgpack
--> Saved seed 3 checkpoint at step 342 to checkpoints/sp/counter_circuit/baseline_seed_3_step_342.msgpack
--> Saved seed 2 checkpoint at step 342 to checkpoints/sp/counter_circuit/baseline_seed_2_step_342.msgpack
--> Saved seed 1 checkpoint at step 380 to checkpoints/sp/counter_circuit/baseline_seed_1_step_380.msgpack
--> Saved seed 0 checkpoint at step 380 to checkpoints/sp/counter_circuit/baseline_seed_0_step_380.msgpack
--> Saved seed 4 checkpoint at step 380 to checkpoints/sp/counter_circuit/baseline_seed_4_step_380.msgpack
--> Saved seed 3 checkpoint at step 380 to checkpoints/sp/counter_circuit/baseline_seed_3_step_380.msgpack
--> Saved seed 2 checkpoint at step 380 to checkpoints/sp/counter_circuit/baseline_seed_2_step_380.msgpack
[1;34mwandb[0m: 
[1;34mwandb[0m: 🚀 View run [33mippo_obsfront_counter_circuit[0m at: [34mhttps://wandb.ai/maytusp/prepare_fcp_partner/runs/dny8iqr7[0m
[1;34mwandb[0m: Find logs at: [1;35m../../../../../../../../net/scratch/n70579mp/tom/JaxMARL/wandb/run-20260630_072731-dny8iqr7/logs[0m
