Script directory: /mnt/iusers01/fatpou01/compsci01/n70579mp/scratch/JaxMARL
Failed to import warp: No module named 'warp'
Failed to import mujoco_warp: No module named 'warp'
Importing submoduled environments...
Submoduled environments not found. Skipping import.
wandb: Currently logged in as: maytusp to https://api.wandb.ai. Use `wandb login --relogin` to force relogin
wandb: Tracking run with wandb version 0.21.1
wandb: Run data is saved locally in /net/scratch/n70579mp/JaxMARL/wandb/run-20260521_112839-odi8bz9m
wandb: Run `wandb offline` to turn off syncing.
wandb: Syncing run stc_single_rareprob0p01_actor_only_n2_tau1kto200k_stc_td0p99_psc2_ac1_single_rare_room
wandb: ⭐️ View project at https://wandb.ai/maytusp/ovc-rare
wandb: 🚀 View run at https://wandb.ai/maytusp/ovc-rare/runs/odi8bz9m
Update steps:  228.0
Warmup epochs:  11
Cosine epochs:  217.0
BF enabled: 4 leaves, 67334 scalar params selected
BF selected parameter paths:
  + params/Dense_0/kernel
  + params/Dense_0/bias
  + params/Dense_1/kernel
  + params/Dense_1/bias
BF excluded parameter paths:
  - params/CNN_0/Conv_0/kernel
  - params/CNN_0/Conv_0/bias
  - params/CNN_0/Conv_1/kernel
  - params/CNN_0/Conv_1/bias
  - params/CNN_0/Conv_2/kernel
  - params/CNN_0/Conv_2/bias
  - params/CNN_0/Conv_3/kernel
  - params/CNN_0/Conv_3/bias
  - params/CNN_0/Conv_4/kernel
  - params/CNN_0/Conv_4/bias
  - params/CNN_0/Conv_5/kernel
  - params/CNN_0/Conv_5/bias
  - params/CNN_0/Dense_0/kernel
  - params/CNN_0/Dense_0/bias
  - params/LayerNorm_0/scale
  - params/LayerNorm_0/bias
  - params/ScannedRNN_0/GRUCell_1/hn/bias
  - params/ScannedRNN_0/GRUCell_1/hn/kernel
  - params/ScannedRNN_0/GRUCell_1/hr/kernel
  - params/ScannedRNN_0/GRUCell_1/hz/kernel
  - params/ScannedRNN_0/GRUCell_1/in/bias
  - params/ScannedRNN_0/GRUCell_1/in/kernel
  - params/ScannedRNN_0/GRUCell_1/ir/bias
  - params/ScannedRNN_0/GRUCell_1/ir/kernel
  - params/ScannedRNN_0/GRUCell_1/iz/bias
  - params/ScannedRNN_0/GRUCell_1/iz/kernel
  - params/Dense_2/kernel
  - params/Dense_2/bias
  - params/Dense_3/kernel
  - params/Dense_3/bias
STC enabled: tag_decay=0.99, positive_surprise_coef=2.0, advantage_coef=1.0, dynamics_surprise=False
--> Saved seed 2 checkpoint at step 1 to checkpoints/overcooked_rare/rare_prob_001/stc_actor_only_n3_tau1k_200k/single_rare_room/baseline_seed_2_step_1.msgpack
--> Saved seed 4 checkpoint at step 1 to checkpoints/overcooked_rare/rare_prob_001/stc_actor_only_n3_tau1k_200k/single_rare_room/baseline_seed_4_step_1.msgpack
--> Saved seed 3 checkpoint at step 1 to checkpoints/overcooked_rare/rare_prob_001/stc_actor_only_n3_tau1k_200k/single_rare_room/baseline_seed_3_step_1.msgpack
--> Saved seed 1 checkpoint at step 1 to checkpoints/overcooked_rare/rare_prob_001/stc_actor_only_n3_tau1k_200k/single_rare_room/baseline_seed_1_step_1.msgpack
--> Saved seed 0 checkpoint at step 1 to checkpoints/overcooked_rare/rare_prob_001/stc_actor_only_n3_tau1k_200k/single_rare_room/baseline_seed_0_step_1.msgpack
--> Saved seed 2 checkpoint at step 22 to checkpoints/overcooked_rare/rare_prob_001/stc_actor_only_n3_tau1k_200k/single_rare_room/baseline_seed_2_step_22.msgpack
--> Saved seed 4 checkpoint at step 22 to checkpoints/overcooked_rare/rare_prob_001/stc_actor_only_n3_tau1k_200k/single_rare_room/baseline_seed_4_step_22.msgpack
--> Saved seed 3 checkpoint at step 22 to checkpoints/overcooked_rare/rare_prob_001/stc_actor_only_n3_tau1k_200k/single_rare_room/baseline_seed_3_step_22.msgpack
--> Saved seed 1 checkpoint at step 22 to checkpoints/overcooked_rare/rare_prob_001/stc_actor_only_n3_tau1k_200k/single_rare_room/baseline_seed_1_step_22.msgpack
--> Saved seed 0 checkpoint at step 22 to checkpoints/overcooked_rare/rare_prob_001/stc_actor_only_n3_tau1k_200k/single_rare_room/baseline_seed_0_step_22.msgpack
--> Saved seed 2 checkpoint at step 44 to checkpoints/overcooked_rare/rare_prob_001/stc_actor_only_n3_tau1k_200k/single_rare_room/baseline_seed_2_step_44.msgpack
--> Saved seed 4 checkpoint at step 44 to checkpoints/overcooked_rare/rare_prob_001/stc_actor_only_n3_tau1k_200k/single_rare_room/baseline_seed_4_step_44.msgpack
--> Saved seed 3 checkpoint at step 44 to checkpoints/overcooked_rare/rare_prob_001/stc_actor_only_n3_tau1k_200k/single_rare_room/baseline_seed_3_step_44.msgpack
--> Saved seed 1 checkpoint at step 44 to checkpoints/overcooked_rare/rare_prob_001/stc_actor_only_n3_tau1k_200k/single_rare_room/baseline_seed_1_step_44.msgpack
--> Saved seed 0 checkpoint at step 44 to checkpoints/overcooked_rare/rare_prob_001/stc_actor_only_n3_tau1k_200k/single_rare_room/baseline_seed_0_step_44.msgpack
--> Saved seed 2 checkpoint at step 66 to checkpoints/overcooked_rare/rare_prob_001/stc_actor_only_n3_tau1k_200k/single_rare_room/baseline_seed_2_step_66.msgpack
--> Saved seed 4 checkpoint at step 66 to checkpoints/overcooked_rare/rare_prob_001/stc_actor_only_n3_tau1k_200k/single_rare_room/baseline_seed_4_step_66.msgpack
--> Saved seed 3 checkpoint at step 66 to checkpoints/overcooked_rare/rare_prob_001/stc_actor_only_n3_tau1k_200k/single_rare_room/baseline_seed_3_step_66.msgpack
--> Saved seed 1 checkpoint at step 66 to checkpoints/overcooked_rare/rare_prob_001/stc_actor_only_n3_tau1k_200k/single_rare_room/baseline_seed_1_step_66.msgpack
--> Saved seed 0 checkpoint at step 66 to checkpoints/overcooked_rare/rare_prob_001/stc_actor_only_n3_tau1k_200k/single_rare_room/baseline_seed_0_step_66.msgpack
--> Saved seed 2 checkpoint at step 88 to checkpoints/overcooked_rare/rare_prob_001/stc_actor_only_n3_tau1k_200k/single_rare_room/baseline_seed_2_step_88.msgpack
--> Saved seed 4 checkpoint at step 88 to checkpoints/overcooked_rare/rare_prob_001/stc_actor_only_n3_tau1k_200k/single_rare_room/baseline_seed_4_step_88.msgpack
--> Saved seed 3 checkpoint at step 88 to checkpoints/overcooked_rare/rare_prob_001/stc_actor_only_n3_tau1k_200k/single_rare_room/baseline_seed_3_step_88.msgpack
--> Saved seed 1 checkpoint at step 88 to checkpoints/overcooked_rare/rare_prob_001/stc_actor_only_n3_tau1k_200k/single_rare_room/baseline_seed_1_step_88.msgpack
--> Saved seed 0 checkpoint at step 88 to checkpoints/overcooked_rare/rare_prob_001/stc_actor_only_n3_tau1k_200k/single_rare_room/baseline_seed_0_step_88.msgpack
--> Saved seed 2 checkpoint at step 110 to checkpoints/overcooked_rare/rare_prob_001/stc_actor_only_n3_tau1k_200k/single_rare_room/baseline_seed_2_step_110.msgpack
--> Saved seed 4 checkpoint at step 110 to checkpoints/overcooked_rare/rare_prob_001/stc_actor_only_n3_tau1k_200k/single_rare_room/baseline_seed_4_step_110.msgpack
--> Saved seed 3 checkpoint at step 110 to checkpoints/overcooked_rare/rare_prob_001/stc_actor_only_n3_tau1k_200k/single_rare_room/baseline_seed_3_step_110.msgpack
--> Saved seed 1 checkpoint at step 110 to checkpoints/overcooked_rare/rare_prob_001/stc_actor_only_n3_tau1k_200k/single_rare_room/baseline_seed_1_step_110.msgpack
--> Saved seed 0 checkpoint at step 110 to checkpoints/overcooked_rare/rare_prob_001/stc_actor_only_n3_tau1k_200k/single_rare_room/baseline_seed_0_step_110.msgpack
--> Saved seed 2 checkpoint at step 132 to checkpoints/overcooked_rare/rare_prob_001/stc_actor_only_n3_tau1k_200k/single_rare_room/baseline_seed_2_step_132.msgpack
--> Saved seed 4 checkpoint at step 132 to checkpoints/overcooked_rare/rare_prob_001/stc_actor_only_n3_tau1k_200k/single_rare_room/baseline_seed_4_step_132.msgpack
--> Saved seed 3 checkpoint at step 132 to checkpoints/overcooked_rare/rare_prob_001/stc_actor_only_n3_tau1k_200k/single_rare_room/baseline_seed_3_step_132.msgpack
--> Saved seed 1 checkpoint at step 132 to checkpoints/overcooked_rare/rare_prob_001/stc_actor_only_n3_tau1k_200k/single_rare_room/baseline_seed_1_step_132.msgpack
--> Saved seed 0 checkpoint at step 132 to checkpoints/overcooked_rare/rare_prob_001/stc_actor_only_n3_tau1k_200k/single_rare_room/baseline_seed_0_step_132.msgpack
--> Saved seed 2 checkpoint at step 154 to checkpoints/overcooked_rare/rare_prob_001/stc_actor_only_n3_tau1k_200k/single_rare_room/baseline_seed_2_step_154.msgpack
--> Saved seed 4 checkpoint at step 154 to checkpoints/overcooked_rare/rare_prob_001/stc_actor_only_n3_tau1k_200k/single_rare_room/baseline_seed_4_step_154.msgpack
--> Saved seed 3 checkpoint at step 154 to checkpoints/overcooked_rare/rare_prob_001/stc_actor_only_n3_tau1k_200k/single_rare_room/baseline_seed_3_step_154.msgpack
--> Saved seed 1 checkpoint at step 154 to checkpoints/overcooked_rare/rare_prob_001/stc_actor_only_n3_tau1k_200k/single_rare_room/baseline_seed_1_step_154.msgpack
--> Saved seed 0 checkpoint at step 154 to checkpoints/overcooked_rare/rare_prob_001/stc_actor_only_n3_tau1k_200k/single_rare_room/baseline_seed_0_step_154.msgpack
--> Saved seed 2 checkpoint at step 176 to checkpoints/overcooked_rare/rare_prob_001/stc_actor_only_n3_tau1k_200k/single_rare_room/baseline_seed_2_step_176.msgpack
--> Saved seed 4 checkpoint at step 176 to checkpoints/overcooked_rare/rare_prob_001/stc_actor_only_n3_tau1k_200k/single_rare_room/baseline_seed_4_step_176.msgpack
--> Saved seed 3 checkpoint at step 176 to checkpoints/overcooked_rare/rare_prob_001/stc_actor_only_n3_tau1k_200k/single_rare_room/baseline_seed_3_step_176.msgpack
--> Saved seed 1 checkpoint at step 176 to checkpoints/overcooked_rare/rare_prob_001/stc_actor_only_n3_tau1k_200k/single_rare_room/baseline_seed_1_step_176.msgpack
--> Saved seed 0 checkpoint at step 176 to checkpoints/overcooked_rare/rare_prob_001/stc_actor_only_n3_tau1k_200k/single_rare_room/baseline_seed_0_step_176.msgpack
--> Saved seed 2 checkpoint at step 198 to checkpoints/overcooked_rare/rare_prob_001/stc_actor_only_n3_tau1k_200k/single_rare_room/baseline_seed_2_step_198.msgpack
--> Saved seed 4 checkpoint at step 198 to checkpoints/overcooked_rare/rare_prob_001/stc_actor_only_n3_tau1k_200k/single_rare_room/baseline_seed_4_step_198.msgpack
--> Saved seed 3 checkpoint at step 198 to checkpoints/overcooked_rare/rare_prob_001/stc_actor_only_n3_tau1k_200k/single_rare_room/baseline_seed_3_step_198.msgpack
--> Saved seed 1 checkpoint at step 198 to checkpoints/overcooked_rare/rare_prob_001/stc_actor_only_n3_tau1k_200k/single_rare_room/baseline_seed_1_step_198.msgpack
--> Saved seed 0 checkpoint at step 198 to checkpoints/overcooked_rare/rare_prob_001/stc_actor_only_n3_tau1k_200k/single_rare_room/baseline_seed_0_step_198.msgpack
--> Saved seed 2 checkpoint at step 220 to checkpoints/overcooked_rare/rare_prob_001/stc_actor_only_n3_tau1k_200k/single_rare_room/baseline_seed_2_step_220.msgpack
--> Saved seed 4 checkpoint at step 220 to checkpoints/overcooked_rare/rare_prob_001/stc_actor_only_n3_tau1k_200k/single_rare_room/baseline_seed_4_step_220.msgpack
--> Saved seed 3 checkpoint at step 220 to checkpoints/overcooked_rare/rare_prob_001/stc_actor_only_n3_tau1k_200k/single_rare_room/baseline_seed_3_step_220.msgpack
--> Saved seed 1 checkpoint at step 220 to checkpoints/overcooked_rare/rare_prob_001/stc_actor_only_n3_tau1k_200k/single_rare_room/baseline_seed_1_step_220.msgpack
--> Saved seed 0 checkpoint at step 220 to checkpoints/overcooked_rare/rare_prob_001/stc_actor_only_n3_tau1k_200k/single_rare_room/baseline_seed_0_step_220.msgpack
[1;34mwandb[0m: 
[1;34mwandb[0m: 🚀 View run [33mstc_single_rareprob0p01_actor_only_n2_tau1kto200k_stc_td0p99_psc2_ac1_single_rare_room[0m at: [34mhttps://wandb.ai/maytusp/ovc-rare/runs/odi8bz9m[0m
[1;34mwandb[0m: Find logs at: [1;35m../../../../../../../net/scratch/n70579mp/JaxMARL/wandb/run-20260521_112839-odi8bz9m/logs[0m
