Script directory: /mnt/iusers01/fatpou01/compsci01/n70579mp/scratch/JaxMARL
Importing submoduled environments...
Submoduled environments not found. Skipping import.
wandb: Currently logged in as: maytusp to https://api.wandb.ai. Use `wandb login --relogin` to force relogin
wandb: creating run
wandb: Tracking run with wandb version 0.21.1
wandb: Run data is saved locally in /net/scratch/n70579mp/JaxMARL/wandb/run-20260608_092453-85v9z564
wandb: Run `wandb offline` to turn off syncing.
wandb: Syncing run mep_population_obsfront_cramped_room2
wandb: ⭐️ View project at https://wandb.ai/maytusp/oc-extended
wandb: 🚀 View run at https://wandb.ai/maytusp/oc-extended/runs/85v9z564
Update steps:  228.0
Warmup epochs:  11
Cosine epochs:  217.0
--> Saved live MEP population member 0 at step 1 to checkpoints/mep_pool/cramped_room2/baseline_seed_0_step_1.msgpack
--> Saved live MEP population member 1 at step 1 to checkpoints/mep_pool/cramped_room2/baseline_seed_1_step_1.msgpack
--> Saved live MEP population member 2 at step 1 to checkpoints/mep_pool/cramped_room2/baseline_seed_2_step_1.msgpack
--> Saved live MEP population member 3 at step 1 to checkpoints/mep_pool/cramped_room2/baseline_seed_3_step_1.msgpack
--> Saved live MEP population member 4 at step 1 to checkpoints/mep_pool/cramped_room2/baseline_seed_4_step_1.msgpack
--> Saved live MEP population member 0 at step 22 to checkpoints/mep_pool/cramped_room2/baseline_seed_0_step_22.msgpack
--> Saved live MEP population member 1 at step 22 to checkpoints/mep_pool/cramped_room2/baseline_seed_1_step_22.msgpack
--> Saved live MEP population member 2 at step 22 to checkpoints/mep_pool/cramped_room2/baseline_seed_2_step_22.msgpack
--> Saved live MEP population member 3 at step 22 to checkpoints/mep_pool/cramped_room2/baseline_seed_3_step_22.msgpack
--> Saved live MEP population member 4 at step 22 to checkpoints/mep_pool/cramped_room2/baseline_seed_4_step_22.msgpack
--> Saved live MEP population member 0 at step 44 to checkpoints/mep_pool/cramped_room2/baseline_seed_0_step_44.msgpack
--> Saved live MEP population member 1 at step 44 to checkpoints/mep_pool/cramped_room2/baseline_seed_1_step_44.msgpack
--> Saved live MEP population member 2 at step 44 to checkpoints/mep_pool/cramped_room2/baseline_seed_2_step_44.msgpack
--> Saved live MEP population member 3 at step 44 to checkpoints/mep_pool/cramped_room2/baseline_seed_3_step_44.msgpack
--> Saved live MEP population member 4 at step 44 to checkpoints/mep_pool/cramped_room2/baseline_seed_4_step_44.msgpack
--> Saved live MEP population member 0 at step 66 to checkpoints/mep_pool/cramped_room2/baseline_seed_0_step_66.msgpack
--> Saved live MEP population member 1 at step 66 to checkpoints/mep_pool/cramped_room2/baseline_seed_1_step_66.msgpack
--> Saved live MEP population member 2 at step 66 to checkpoints/mep_pool/cramped_room2/baseline_seed_2_step_66.msgpack
--> Saved live MEP population member 3 at step 66 to checkpoints/mep_pool/cramped_room2/baseline_seed_3_step_66.msgpack
--> Saved live MEP population member 4 at step 66 to checkpoints/mep_pool/cramped_room2/baseline_seed_4_step_66.msgpack
--> Saved live MEP population member 0 at step 88 to checkpoints/mep_pool/cramped_room2/baseline_seed_0_step_88.msgpack
--> Saved live MEP population member 1 at step 88 to checkpoints/mep_pool/cramped_room2/baseline_seed_1_step_88.msgpack
--> Saved live MEP population member 2 at step 88 to checkpoints/mep_pool/cramped_room2/baseline_seed_2_step_88.msgpack
--> Saved live MEP population member 3 at step 88 to checkpoints/mep_pool/cramped_room2/baseline_seed_3_step_88.msgpack
--> Saved live MEP population member 4 at step 88 to checkpoints/mep_pool/cramped_room2/baseline_seed_4_step_88.msgpack
--> Saved live MEP population member 0 at step 110 to checkpoints/mep_pool/cramped_room2/baseline_seed_0_step_110.msgpack
--> Saved live MEP population member 1 at step 110 to checkpoints/mep_pool/cramped_room2/baseline_seed_1_step_110.msgpack
--> Saved live MEP population member 2 at step 110 to checkpoints/mep_pool/cramped_room2/baseline_seed_2_step_110.msgpack
--> Saved live MEP population member 3 at step 110 to checkpoints/mep_pool/cramped_room2/baseline_seed_3_step_110.msgpack
--> Saved live MEP population member 4 at step 110 to checkpoints/mep_pool/cramped_room2/baseline_seed_4_step_110.msgpack
--> Saved live MEP population member 0 at step 132 to checkpoints/mep_pool/cramped_room2/baseline_seed_0_step_132.msgpack
--> Saved live MEP population member 1 at step 132 to checkpoints/mep_pool/cramped_room2/baseline_seed_1_step_132.msgpack
--> Saved live MEP population member 2 at step 132 to checkpoints/mep_pool/cramped_room2/baseline_seed_2_step_132.msgpack
--> Saved live MEP population member 3 at step 132 to checkpoints/mep_pool/cramped_room2/baseline_seed_3_step_132.msgpack
--> Saved live MEP population member 4 at step 132 to checkpoints/mep_pool/cramped_room2/baseline_seed_4_step_132.msgpack
--> Saved live MEP population member 0 at step 154 to checkpoints/mep_pool/cramped_room2/baseline_seed_0_step_154.msgpack
--> Saved live MEP population member 1 at step 154 to checkpoints/mep_pool/cramped_room2/baseline_seed_1_step_154.msgpack
--> Saved live MEP population member 2 at step 154 to checkpoints/mep_pool/cramped_room2/baseline_seed_2_step_154.msgpack
--> Saved live MEP population member 3 at step 154 to checkpoints/mep_pool/cramped_room2/baseline_seed_3_step_154.msgpack
--> Saved live MEP population member 4 at step 154 to checkpoints/mep_pool/cramped_room2/baseline_seed_4_step_154.msgpack
--> Saved live MEP population member 0 at step 176 to checkpoints/mep_pool/cramped_room2/baseline_seed_0_step_176.msgpack
--> Saved live MEP population member 1 at step 176 to checkpoints/mep_pool/cramped_room2/baseline_seed_1_step_176.msgpack
--> Saved live MEP population member 2 at step 176 to checkpoints/mep_pool/cramped_room2/baseline_seed_2_step_176.msgpack
--> Saved live MEP population member 3 at step 176 to checkpoints/mep_pool/cramped_room2/baseline_seed_3_step_176.msgpack
--> Saved live MEP population member 4 at step 176 to checkpoints/mep_pool/cramped_room2/baseline_seed_4_step_176.msgpack
--> Saved live MEP population member 0 at step 198 to checkpoints/mep_pool/cramped_room2/baseline_seed_0_step_198.msgpack
--> Saved live MEP population member 1 at step 198 to checkpoints/mep_pool/cramped_room2/baseline_seed_1_step_198.msgpack
--> Saved live MEP population member 2 at step 198 to checkpoints/mep_pool/cramped_room2/baseline_seed_2_step_198.msgpack
--> Saved live MEP population member 3 at step 198 to checkpoints/mep_pool/cramped_room2/baseline_seed_3_step_198.msgpack
--> Saved live MEP population member 4 at step 198 to checkpoints/mep_pool/cramped_room2/baseline_seed_4_step_198.msgpack
--> Saved live MEP population member 0 at step 220 to checkpoints/mep_pool/cramped_room2/baseline_seed_0_step_220.msgpack
--> Saved live MEP population member 1 at step 220 to checkpoints/mep_pool/cramped_room2/baseline_seed_1_step_220.msgpack
--> Saved live MEP population member 2 at step 220 to checkpoints/mep_pool/cramped_room2/baseline_seed_2_step_220.msgpack
--> Saved live MEP population member 3 at step 220 to checkpoints/mep_pool/cramped_room2/baseline_seed_3_step_220.msgpack
--> Saved live MEP population member 4 at step 220 to checkpoints/mep_pool/cramped_room2/baseline_seed_4_step_220.msgpack
[1;34mwandb[0m: 
[1;34mwandb[0m: 🚀 View run [33mmep_population_obsfront_cramped_room2[0m at: [34mhttps://wandb.ai/maytusp/oc-extended/runs/85v9z564[0m
[1;34mwandb[0m: Find logs at: [1;35m../../../../../../../net/scratch/n70579mp/JaxMARL/wandb/run-20260608_092453-85v9z564/logs[0m
