Script directory: /mnt/iusers01/fatpou01/compsci01/n70579mp/scratch/JaxMARL
Failed to import warp: No module named 'warp'
Failed to import mujoco_warp: No module named 'warp'
Importing submoduled environments...
Submoduled environments not found. Skipping import.
wandb: Currently logged in as: maytusp to https://api.wandb.ai. Use `wandb login --relogin` to force relogin
wandb: creating run
wandb: Tracking run with wandb version 0.21.1
wandb: Run data is saved locally in /net/scratch/n70579mp/JaxMARL/wandb/run-20260519_114250-0y62a2a3
wandb: Run `wandb offline` to turn off syncing.
wandb: Syncing run ppo_single_single_rare_room
wandb: ⭐️ View project at https://wandb.ai/maytusp/ovc-rare
wandb: 🚀 View run at https://wandb.ai/maytusp/ovc-rare/runs/0y62a2a3
Update steps:  762.0
Warmup epochs:  38
Cosine epochs:  724.0
--> Saved seed 1 checkpoint at step 1 to checkpoints/overcooked_rare/ppo/single_rare_room/baseline_seed_1_step_1.msgpack
--> Saved seed 0 checkpoint at step 1 to checkpoints/overcooked_rare/ppo/single_rare_room/baseline_seed_0_step_1.msgpack
--> Saved seed 4 checkpoint at step 1 to checkpoints/overcooked_rare/ppo/single_rare_room/baseline_seed_4_step_1.msgpack
--> Saved seed 3 checkpoint at step 1 to checkpoints/overcooked_rare/ppo/single_rare_room/baseline_seed_3_step_1.msgpack
--> Saved seed 2 checkpoint at step 1 to checkpoints/overcooked_rare/ppo/single_rare_room/baseline_seed_2_step_1.msgpack
--> Saved seed 1 checkpoint at step 76 to checkpoints/overcooked_rare/ppo/single_rare_room/baseline_seed_1_step_76.msgpack
--> Saved seed 0 checkpoint at step 76 to checkpoints/overcooked_rare/ppo/single_rare_room/baseline_seed_0_step_76.msgpack
--> Saved seed 4 checkpoint at step 76 to checkpoints/overcooked_rare/ppo/single_rare_room/baseline_seed_4_step_76.msgpack
--> Saved seed 3 checkpoint at step 76 to checkpoints/overcooked_rare/ppo/single_rare_room/baseline_seed_3_step_76.msgpack
--> Saved seed 2 checkpoint at step 76 to checkpoints/overcooked_rare/ppo/single_rare_room/baseline_seed_2_step_76.msgpack
--> Saved seed 1 checkpoint at step 152 to checkpoints/overcooked_rare/ppo/single_rare_room/baseline_seed_1_step_152.msgpack
--> Saved seed 0 checkpoint at step 152 to checkpoints/overcooked_rare/ppo/single_rare_room/baseline_seed_0_step_152.msgpack
--> Saved seed 4 checkpoint at step 152 to checkpoints/overcooked_rare/ppo/single_rare_room/baseline_seed_4_step_152.msgpack
--> Saved seed 3 checkpoint at step 152 to checkpoints/overcooked_rare/ppo/single_rare_room/baseline_seed_3_step_152.msgpack
--> Saved seed 2 checkpoint at step 152 to checkpoints/overcooked_rare/ppo/single_rare_room/baseline_seed_2_step_152.msgpack
--> Saved seed 1 checkpoint at step 228 to checkpoints/overcooked_rare/ppo/single_rare_room/baseline_seed_1_step_228.msgpack
--> Saved seed 0 checkpoint at step 228 to checkpoints/overcooked_rare/ppo/single_rare_room/baseline_seed_0_step_228.msgpack
--> Saved seed 4 checkpoint at step 228 to checkpoints/overcooked_rare/ppo/single_rare_room/baseline_seed_4_step_228.msgpack
--> Saved seed 3 checkpoint at step 228 to checkpoints/overcooked_rare/ppo/single_rare_room/baseline_seed_3_step_228.msgpack
--> Saved seed 2 checkpoint at step 228 to checkpoints/overcooked_rare/ppo/single_rare_room/baseline_seed_2_step_228.msgpack
--> Saved seed 1 checkpoint at step 304 to checkpoints/overcooked_rare/ppo/single_rare_room/baseline_seed_1_step_304.msgpack
--> Saved seed 0 checkpoint at step 304 to checkpoints/overcooked_rare/ppo/single_rare_room/baseline_seed_0_step_304.msgpack
--> Saved seed 4 checkpoint at step 304 to checkpoints/overcooked_rare/ppo/single_rare_room/baseline_seed_4_step_304.msgpack
--> Saved seed 3 checkpoint at step 304 to checkpoints/overcooked_rare/ppo/single_rare_room/baseline_seed_3_step_304.msgpack
--> Saved seed 2 checkpoint at step 304 to checkpoints/overcooked_rare/ppo/single_rare_room/baseline_seed_2_step_304.msgpack
--> Saved seed 1 checkpoint at step 380 to checkpoints/overcooked_rare/ppo/single_rare_room/baseline_seed_1_step_380.msgpack
--> Saved seed 0 checkpoint at step 380 to checkpoints/overcooked_rare/ppo/single_rare_room/baseline_seed_0_step_380.msgpack
--> Saved seed 4 checkpoint at step 380 to checkpoints/overcooked_rare/ppo/single_rare_room/baseline_seed_4_step_380.msgpack
--> Saved seed 3 checkpoint at step 380 to checkpoints/overcooked_rare/ppo/single_rare_room/baseline_seed_3_step_380.msgpack
--> Saved seed 2 checkpoint at step 380 to checkpoints/overcooked_rare/ppo/single_rare_room/baseline_seed_2_step_380.msgpack
--> Saved seed 1 checkpoint at step 456 to checkpoints/overcooked_rare/ppo/single_rare_room/baseline_seed_1_step_456.msgpack
--> Saved seed 0 checkpoint at step 456 to checkpoints/overcooked_rare/ppo/single_rare_room/baseline_seed_0_step_456.msgpack
--> Saved seed 4 checkpoint at step 456 to checkpoints/overcooked_rare/ppo/single_rare_room/baseline_seed_4_step_456.msgpack
--> Saved seed 3 checkpoint at step 456 to checkpoints/overcooked_rare/ppo/single_rare_room/baseline_seed_3_step_456.msgpack
--> Saved seed 2 checkpoint at step 456 to checkpoints/overcooked_rare/ppo/single_rare_room/baseline_seed_2_step_456.msgpack
--> Saved seed 1 checkpoint at step 532 to checkpoints/overcooked_rare/ppo/single_rare_room/baseline_seed_1_step_532.msgpack
--> Saved seed 0 checkpoint at step 532 to checkpoints/overcooked_rare/ppo/single_rare_room/baseline_seed_0_step_532.msgpack
--> Saved seed 4 checkpoint at step 532 to checkpoints/overcooked_rare/ppo/single_rare_room/baseline_seed_4_step_532.msgpack
--> Saved seed 3 checkpoint at step 532 to checkpoints/overcooked_rare/ppo/single_rare_room/baseline_seed_3_step_532.msgpack
--> Saved seed 2 checkpoint at step 532 to checkpoints/overcooked_rare/ppo/single_rare_room/baseline_seed_2_step_532.msgpack
--> Saved seed 1 checkpoint at step 608 to checkpoints/overcooked_rare/ppo/single_rare_room/baseline_seed_1_step_608.msgpack
--> Saved seed 0 checkpoint at step 608 to checkpoints/overcooked_rare/ppo/single_rare_room/baseline_seed_0_step_608.msgpack
--> Saved seed 4 checkpoint at step 608 to checkpoints/overcooked_rare/ppo/single_rare_room/baseline_seed_4_step_608.msgpack
--> Saved seed 3 checkpoint at step 608 to checkpoints/overcooked_rare/ppo/single_rare_room/baseline_seed_3_step_608.msgpack
--> Saved seed 2 checkpoint at step 608 to checkpoints/overcooked_rare/ppo/single_rare_room/baseline_seed_2_step_608.msgpack
--> Saved seed 1 checkpoint at step 684 to checkpoints/overcooked_rare/ppo/single_rare_room/baseline_seed_1_step_684.msgpack
--> Saved seed 0 checkpoint at step 684 to checkpoints/overcooked_rare/ppo/single_rare_room/baseline_seed_0_step_684.msgpack
--> Saved seed 4 checkpoint at step 684 to checkpoints/overcooked_rare/ppo/single_rare_room/baseline_seed_4_step_684.msgpack
--> Saved seed 3 checkpoint at step 684 to checkpoints/overcooked_rare/ppo/single_rare_room/baseline_seed_3_step_684.msgpack
--> Saved seed 2 checkpoint at step 684 to checkpoints/overcooked_rare/ppo/single_rare_room/baseline_seed_2_step_684.msgpack
--> Saved seed 1 checkpoint at step 760 to checkpoints/overcooked_rare/ppo/single_rare_room/baseline_seed_1_step_760.msgpack
--> Saved seed 0 checkpoint at step 760 to checkpoints/overcooked_rare/ppo/single_rare_room/baseline_seed_0_step_760.msgpack
--> Saved seed 4 checkpoint at step 760 to checkpoints/overcooked_rare/ppo/single_rare_room/baseline_seed_4_step_760.msgpack
--> Saved seed 3 checkpoint at step 760 to checkpoints/overcooked_rare/ppo/single_rare_room/baseline_seed_3_step_760.msgpack
--> Saved seed 2 checkpoint at step 760 to checkpoints/overcooked_rare/ppo/single_rare_room/baseline_seed_2_step_760.msgpack
[1;34mwandb[0m: 
[1;34mwandb[0m: 🚀 View run [33mppo_single_single_rare_room[0m at: [34mhttps://wandb.ai/maytusp/ovc-rare/runs/0y62a2a3[0m
[1;34mwandb[0m: Find logs at: [1;35m../../../../../../../net/scratch/n70579mp/JaxMARL/wandb/run-20260519_114250-0y62a2a3/logs[0m
