Script directory: /mnt/iusers01/fatpou01/compsci01/n70579mp/scratch/JaxMARL
Cannot find primary config 'cramped_room5x5'. Check that it's in your config search path.

Config search path:
	provider=hydra, path=pkg://hydra.conf
	provider=main, path=file:///net/scratch/n70579mp/JaxMARL/baselines/overcookedv2/config/oc_single/train
	provider=schema, path=structured://

Set the environment variable HYDRA_FULL_ERROR=1 for a complete stack trace.
Importing submoduled environments...
Submoduled environments not found. Skipping import.
Cannot find primary config 'coord_ring'. Check that it's in your config search path.

Config search path:
	provider=hydra, path=pkg://hydra.conf
	provider=main, path=file:///net/scratch/n70579mp/JaxMARL/baselines/overcookedv2/config/oc_single/train
	provider=schema, path=structured://

Set the environment variable HYDRA_FULL_ERROR=1 for a complete stack trace.
Importing submoduled environments...
Submoduled environments not found. Skipping import.
Cannot find primary config 'counter_circuit'. Check that it's in your config search path.

Config search path:
	provider=hydra, path=pkg://hydra.conf
	provider=main, path=file:///net/scratch/n70579mp/JaxMARL/baselines/overcookedv2/config/oc_single/train
	provider=schema, path=structured://

Set the environment variable HYDRA_FULL_ERROR=1 for a complete stack trace.
Importing submoduled environments...
Submoduled environments not found. Skipping import.
