Script directory: /mnt/iusers01/fatpou01/compsci01/n70579mp/scratch/JaxMARL
Evaluating alignment for method=ph2v4, layout=cramped_room2, prefix=checkpoints/ph2v4/, result_name=ph2v4, perspective_transform=true
Importing submoduled environments...
Submoduled environments not found. Skipping import.
2026-06-03 13:18:54.220815: W external/xla/xla/hlo/transforms/simplifiers/hlo_rematerialization.cc:3023] Can't reduce memory use below 37.89GiB (40684840980 bytes) by rematerialization; only reduced to 40.07GiB (43024935877 bytes), down from 40.18GiB (43144362605 bytes) originally
LOADED: checkpoints/ph2v4/cramped_room2/baseline_seed_0_step_220.msgpack
LOADED: checkpoints/ph2v4/cramped_room2/baseline_seed_1_step_220.msgpack
LOADED: checkpoints/ph2v4/cramped_room2/baseline_seed_2_step_220.msgpack
LOADED: checkpoints/ph2v4/cramped_room2/baseline_seed_3_step_220.msgpack
LOADED: checkpoints/ph2v4/cramped_room2/baseline_seed_4_step_220.msgpack
ALIGN[00, 00] R2=0.848110 NMSE=0.151890 shuffled_R2=0.000517
ALIGN[00, 01] R2=0.823931 NMSE=0.176069 shuffled_R2=0.000171
ALIGN[00, 02] R2=0.847581 NMSE=0.152419 shuffled_R2=0.000159
ALIGN[00, 03] R2=0.833828 NMSE=0.166172 shuffled_R2=0.000439
ALIGN[00, 04] R2=0.809538 NMSE=0.190462 shuffled_R2=0.000110
ALIGN[01, 00] R2=0.820337 NMSE=0.179663 shuffled_R2=0.000200
ALIGN[01, 01] R2=0.811344 NMSE=0.188656 shuffled_R2=0.000156
ALIGN[01, 02] R2=0.823017 NMSE=0.176983 shuffled_R2=0.000093
ALIGN[01, 03] R2=0.801197 NMSE=0.198803 shuffled_R2=0.000126
ALIGN[01, 04] R2=0.785381 NMSE=0.214619 shuffled_R2=0.000004
ALIGN[02, 00] R2=0.846124 NMSE=0.153876 shuffled_R2=0.000203
ALIGN[02, 01] R2=0.817394 NMSE=0.182606 shuffled_R2=0.000110
ALIGN[02, 02] R2=0.817377 NMSE=0.182623 shuffled_R2=0.000101
ALIGN[02, 03] R2=0.801596 NMSE=0.198404 shuffled_R2=0.000144
ALIGN[02, 04] R2=0.800972 NMSE=0.199028 shuffled_R2=-0.000015
ALIGN[03, 00] R2=0.819315 NMSE=0.180685 shuffled_R2=0.000553
ALIGN[03, 01] R2=0.796891 NMSE=0.203109 shuffled_R2=0.000191
ALIGN[03, 02] R2=0.808211 NMSE=0.191789 shuffled_R2=0.000115
ALIGN[03, 03] R2=0.867474 NMSE=0.132526 shuffled_R2=0.000408
ALIGN[03, 04] R2=0.849939 NMSE=0.150061 shuffled_R2=0.000178
ALIGN[04, 00] R2=0.822794 NMSE=0.177206 shuffled_R2=0.000150
ALIGN[04, 01] R2=0.810072 NMSE=0.189928 shuffled_R2=0.000007
ALIGN[04, 02] R2=0.821433 NMSE=0.178567 shuffled_R2=-0.000025
ALIGN[04, 03] R2=0.853329 NMSE=0.146671 shuffled_R2=0.000183
ALIGN[04, 04] R2=0.848256 NMSE=0.151744 shuffled_R2=0.000097
Average alignment R2: 0.823418 +- 0.004173 SE over 25 ordered pairs
Average normalized MSE: 0.176582 +- 0.004173 SE
Average shuffled-control R2: 0.000175 +- 0.000030 SE
Saved alignment results to alignment_results/ph2v4/cramped_room2
Evaluating alignment for method=ph2v4, layout=counter_circuit2, prefix=checkpoints/ph2v4/, result_name=ph2v4, perspective_transform=true
Importing submoduled environments...
Submoduled environments not found. Skipping import.
2026-06-03 13:54:42.940914: W external/xla/xla/hlo/transforms/simplifiers/hlo_rematerialization.cc:3023] Can't reduce memory use below 37.89GiB (40684840980 bytes) by rematerialization; only reduced to 40.08GiB (43033192132 bytes), down from 40.19GiB (43156075220 bytes) originally
LOADED: checkpoints/ph2v4/counter_circuit2/baseline_seed_0_step_380.msgpack
LOADED: checkpoints/ph2v4/counter_circuit2/baseline_seed_1_step_380.msgpack
LOADED: checkpoints/ph2v4/counter_circuit2/baseline_seed_2_step_380.msgpack
LOADED: checkpoints/ph2v4/counter_circuit2/baseline_seed_3_step_380.msgpack
LOADED: checkpoints/ph2v4/counter_circuit2/baseline_seed_4_step_380.msgpack
ALIGN[00, 00] R2=0.689665 NMSE=0.310335 shuffled_R2=-0.000075
ALIGN[00, 01] R2=0.765658 NMSE=0.234342 shuffled_R2=-0.000088
ALIGN[00, 02] R2=0.684940 NMSE=0.315060 shuffled_R2=-0.000115
ALIGN[00, 03] R2=0.700909 NMSE=0.299091 shuffled_R2=-0.000092
ALIGN[00, 04] R2=0.705021 NMSE=0.294979 shuffled_R2=-0.000045
ALIGN[01, 00] R2=0.772597 NMSE=0.227403 shuffled_R2=-0.000095
ALIGN[01, 01] R2=0.773750 NMSE=0.226250 shuffled_R2=-0.000092
ALIGN[01, 02] R2=0.783677 NMSE=0.216323 shuffled_R2=-0.000139
ALIGN[01, 03] R2=0.777877 NMSE=0.222123 shuffled_R2=-0.000122
ALIGN[01, 04] R2=0.740181 NMSE=0.259819 shuffled_R2=-0.000081
ALIGN[02, 00] R2=0.687107 NMSE=0.312893 shuffled_R2=-0.000123
ALIGN[02, 01] R2=0.779259 NMSE=0.220741 shuffled_R2=-0.000132
ALIGN[02, 02] R2=0.688349 NMSE=0.311651 shuffled_R2=-0.000139
ALIGN[02, 03] R2=0.707167 NMSE=0.292833 shuffled_R2=-0.000112
ALIGN[02, 04] R2=0.773005 NMSE=0.226995 shuffled_R2=-0.000126
ALIGN[03, 00] R2=0.704284 NMSE=0.295716 shuffled_R2=-0.000075
ALIGN[03, 01] R2=0.777918 NMSE=0.222082 shuffled_R2=-0.000116
ALIGN[03, 02] R2=0.710051 NMSE=0.289949 shuffled_R2=-0.000110
ALIGN[03, 03] R2=0.753118 NMSE=0.246882 shuffled_R2=-0.000092
ALIGN[03, 04] R2=0.748352 NMSE=0.251648 shuffled_R2=-0.000039
ALIGN[04, 00] R2=0.721719 NMSE=0.278281 shuffled_R2=-0.000053
ALIGN[04, 01] R2=0.755707 NMSE=0.244293 shuffled_R2=-0.000081
ALIGN[04, 02] R2=0.792704 NMSE=0.207296 shuffled_R2=-0.000121
ALIGN[04, 03] R2=0.746054 NMSE=0.253946 shuffled_R2=-0.000094
ALIGN[04, 04] R2=0.757276 NMSE=0.242724 shuffled_R2=0.000084
Average alignment R2: 0.739854 +- 0.007216 SE over 25 ordered pairs
Average normalized MSE: 0.260146 +- 0.007216 SE
Average shuffled-control R2: -0.000091 +- 0.000009 SE
Saved alignment results to alignment_results/ph2v4/counter_circuit2
Evaluating alignment for method=ph2v4, layout=coord_ring2, prefix=checkpoints/ph2v4/, result_name=ph2v4, perspective_transform=true
Importing submoduled environments...
Submoduled environments not found. Skipping import.
2026-06-03 14:32:10.042601: W external/xla/xla/hlo/transforms/simplifiers/hlo_rematerialization.cc:3023] Can't reduce memory use below 37.89GiB (40684840980 bytes) by rematerialization; only reduced to 40.07GiB (43024935877 bytes), down from 40.18GiB (43144362605 bytes) originally
LOADED: checkpoints/ph2v4/coord_ring2/baseline_seed_0_step_220.msgpack
LOADED: checkpoints/ph2v4/coord_ring2/baseline_seed_1_step_220.msgpack
LOADED: checkpoints/ph2v4/coord_ring2/baseline_seed_2_step_220.msgpack
LOADED: checkpoints/ph2v4/coord_ring2/baseline_seed_3_step_220.msgpack
LOADED: checkpoints/ph2v4/coord_ring2/baseline_seed_4_step_220.msgpack
ALIGN[00, 00] R2=0.767422 NMSE=0.232578 shuffled_R2=0.000405
ALIGN[00, 01] R2=0.759816 NMSE=0.240184 shuffled_R2=0.000027
ALIGN[00, 02] R2=0.736822 NMSE=0.263178 shuffled_R2=0.000030
ALIGN[00, 03] R2=0.815267 NMSE=0.184733 shuffled_R2=-0.000013
ALIGN[00, 04] R2=0.757029 NMSE=0.242971 shuffled_R2=0.000175
ALIGN[01, 00] R2=0.772153 NMSE=0.227847 shuffled_R2=0.000110
ALIGN[01, 01] R2=0.874672 NMSE=0.125328 shuffled_R2=0.000120
ALIGN[01, 02] R2=0.745730 NMSE=0.254270 shuffled_R2=0.000001
ALIGN[01, 03] R2=0.837439 NMSE=0.162561 shuffled_R2=-0.000023
ALIGN[01, 04] R2=0.759402 NMSE=0.240598 shuffled_R2=0.000005
ALIGN[02, 00] R2=0.728813 NMSE=0.271187 shuffled_R2=0.000090
ALIGN[02, 01] R2=0.736540 NMSE=0.263460 shuffled_R2=0.000043
ALIGN[02, 02] R2=0.751350 NMSE=0.248650 shuffled_R2=0.000008
ALIGN[02, 03] R2=0.767184 NMSE=0.232816 shuffled_R2=-0.000056
ALIGN[02, 04] R2=0.751722 NMSE=0.248278 shuffled_R2=0.000295
ALIGN[03, 00] R2=0.779361 NMSE=0.220639 shuffled_R2=0.000112
ALIGN[03, 01] R2=0.798991 NMSE=0.201009 shuffled_R2=0.000034
ALIGN[03, 02] R2=0.742392 NMSE=0.257608 shuffled_R2=-0.000050
ALIGN[03, 03] R2=0.837152 NMSE=0.162848 shuffled_R2=-0.000098
ALIGN[03, 04] R2=0.762729 NMSE=0.237271 shuffled_R2=0.000132
ALIGN[04, 00] R2=0.765132 NMSE=0.234868 shuffled_R2=0.000322
ALIGN[04, 01] R2=0.754760 NMSE=0.245240 shuffled_R2=0.000000
ALIGN[04, 02] R2=0.785627 NMSE=0.214373 shuffled_R2=0.000259
ALIGN[04, 03] R2=0.803345 NMSE=0.196655 shuffled_R2=0.000048
ALIGN[04, 04] R2=0.744454 NMSE=0.255546 shuffled_R2=0.000511
Average alignment R2: 0.773412 +- 0.007231 SE over 25 ordered pairs
Average normalized MSE: 0.226588 +- 0.007231 SE
Average shuffled-control R2: 0.000100 +- 0.000030 SE
Saved alignment results to alignment_results/ph2v4/coord_ring2
Evaluating alignment for method=ph2v4_ablate, layout=cramped_room2, prefix=checkpoints/ph2v4_ablate/, result_name=ph2v4_ablate, perspective_transform=false
Importing submoduled environments...
Submoduled environments not found. Skipping import.
2026-06-03 15:10:20.104419: W external/xla/xla/hlo/transforms/simplifiers/hlo_rematerialization.cc:3023] Can't reduce memory use below 37.89GiB (40684840980 bytes) by rematerialization; only reduced to 40.15GiB (43112361173 bytes), down from 40.18GiB (43144362605 bytes) originally
LOADED: checkpoints/ph2v4_ablate/cramped_room2/baseline_seed_0_step_220.msgpack
LOADED: checkpoints/ph2v4_ablate/cramped_room2/baseline_seed_1_step_220.msgpack
LOADED: checkpoints/ph2v4_ablate/cramped_room2/baseline_seed_2_step_220.msgpack
LOADED: checkpoints/ph2v4_ablate/cramped_room2/baseline_seed_3_step_220.msgpack
LOADED: checkpoints/ph2v4_ablate/cramped_room2/baseline_seed_4_step_220.msgpack
ALIGN[00, 00] R2=0.798091 NMSE=0.201909 shuffled_R2=0.000216
ALIGN[00, 01] R2=0.793486 NMSE=0.206514 shuffled_R2=0.000249
ALIGN[00, 02] R2=0.836423 NMSE=0.163577 shuffled_R2=0.000227
ALIGN[00, 03] R2=0.802438 NMSE=0.197562 shuffled_R2=0.000231
ALIGN[00, 04] R2=0.811173 NMSE=0.188827 shuffled_R2=0.000161
ALIGN[01, 00] R2=0.636283 NMSE=0.363717 shuffled_R2=0.000158
ALIGN[01, 01] R2=0.808398 NMSE=0.191602 shuffled_R2=0.000581
ALIGN[01, 02] R2=0.796725 NMSE=0.203275 shuffled_R2=0.000175
ALIGN[01, 03] R2=0.741626 NMSE=0.258374 shuffled_R2=0.000248
ALIGN[01, 04] R2=0.757782 NMSE=0.242218 shuffled_R2=0.000247
ALIGN[02, 00] R2=0.831095 NMSE=0.168905 shuffled_R2=0.000166
ALIGN[02, 01] R2=0.818237 NMSE=0.181763 shuffled_R2=0.000234
ALIGN[02, 02] R2=0.825273 NMSE=0.174727 shuffled_R2=0.000462
ALIGN[02, 03] R2=0.804571 NMSE=0.195429 shuffled_R2=0.000331
ALIGN[02, 04] R2=0.825025 NMSE=0.174975 shuffled_R2=0.000170
ALIGN[03, 00] R2=0.801742 NMSE=0.198258 shuffled_R2=0.000212
ALIGN[03, 01] R2=0.799673 NMSE=0.200327 shuffled_R2=0.000402
ALIGN[03, 02] R2=0.803890 NMSE=0.196110 shuffled_R2=0.000424
ALIGN[03, 03] R2=0.823727 NMSE=0.176273 shuffled_R2=0.000385
ALIGN[03, 04] R2=0.807997 NMSE=0.192003 shuffled_R2=0.000369
ALIGN[04, 00] R2=0.811561 NMSE=0.188439 shuffled_R2=0.000080
ALIGN[04, 01] R2=0.791050 NMSE=0.208950 shuffled_R2=0.000151
ALIGN[04, 02] R2=0.832251 NMSE=0.167749 shuffled_R2=0.000101
ALIGN[04, 03] R2=0.806544 NMSE=0.193456 shuffled_R2=0.000179
ALIGN[04, 04] R2=0.801628 NMSE=0.198372 shuffled_R2=0.000419
Average alignment R2: 0.798668 +- 0.007965 SE over 25 ordered pairs
Average normalized MSE: 0.201332 +- 0.007965 SE
Average shuffled-control R2: 0.000263 +- 0.000025 SE
Saved alignment results to alignment_results/ph2v4_ablate/cramped_room2
Evaluating alignment for method=ph2v4_ablate, layout=counter_circuit2, prefix=checkpoints/ph2v4_ablate/, result_name=ph2v4_ablate, perspective_transform=false
Importing submoduled environments...
Submoduled environments not found. Skipping import.
2026-06-03 15:39:42.495219: W external/xla/xla/hlo/transforms/simplifiers/hlo_rematerialization.cc:3023] Can't reduce memory use below 37.89GiB (40684840980 bytes) by rematerialization; only reduced to 40.16GiB (43120617428 bytes), down from 40.19GiB (43156075220 bytes) originally
LOADED: checkpoints/ph2v4_ablate/counter_circuit2/baseline_seed_0_step_380.msgpack
LOADED: checkpoints/ph2v4_ablate/counter_circuit2/baseline_seed_1_step_380.msgpack
LOADED: checkpoints/ph2v4_ablate/counter_circuit2/baseline_seed_2_step_380.msgpack
LOADED: checkpoints/ph2v4_ablate/counter_circuit2/baseline_seed_3_step_380.msgpack
LOADED: checkpoints/ph2v4_ablate/counter_circuit2/baseline_seed_4_step_380.msgpack
ALIGN[00, 00] R2=0.694122 NMSE=0.305878 shuffled_R2=-0.000136
ALIGN[00, 01] R2=0.600373 NMSE=0.399627 shuffled_R2=-0.000129
ALIGN[00, 02] R2=0.647683 NMSE=0.352317 shuffled_R2=-0.000141
ALIGN[00, 03] R2=0.581787 NMSE=0.418213 shuffled_R2=-0.000133
ALIGN[00, 04] R2=0.598859 NMSE=0.401141 shuffled_R2=-0.000115
ALIGN[01, 00] R2=0.536836 NMSE=0.463164 shuffled_R2=-0.000130
ALIGN[01, 01] R2=0.689105 NMSE=0.310895 shuffled_R2=-0.000036
ALIGN[01, 02] R2=0.567307 NMSE=0.432693 shuffled_R2=-0.000134
ALIGN[01, 03] R2=0.665544 NMSE=0.334456 shuffled_R2=-0.000088
ALIGN[01, 04] R2=0.667412 NMSE=0.332588 shuffled_R2=-0.000098
ALIGN[02, 00] R2=0.682283 NMSE=0.317717 shuffled_R2=-0.000144
ALIGN[02, 01] R2=0.579557 NMSE=0.420443 shuffled_R2=-0.000144
ALIGN[02, 02] R2=0.539827 NMSE=0.460173 shuffled_R2=-0.000142
ALIGN[02, 03] R2=0.591948 NMSE=0.408052 shuffled_R2=-0.000128
ALIGN[02, 04] R2=0.662689 NMSE=0.337311 shuffled_R2=-0.000143
ALIGN[03, 00] R2=0.582626 NMSE=0.417374 shuffled_R2=-0.000128
ALIGN[03, 01] R2=0.716293 NMSE=0.283707 shuffled_R2=-0.000086
ALIGN[03, 02] R2=0.599356 NMSE=0.400644 shuffled_R2=-0.000143
ALIGN[03, 03] R2=0.739172 NMSE=0.260828 shuffled_R2=-0.000114
ALIGN[03, 04] R2=0.749519 NMSE=0.250481 shuffled_R2=-0.000097
ALIGN[04, 00] R2=0.594166 NMSE=0.405834 shuffled_R2=-0.000123
ALIGN[04, 01] R2=0.710732 NMSE=0.289268 shuffled_R2=-0.000056
ALIGN[04, 02] R2=0.653901 NMSE=0.346099 shuffled_R2=-0.000134
ALIGN[04, 03] R2=0.745974 NMSE=0.254026 shuffled_R2=-0.000088
ALIGN[04, 04] R2=0.771065 NMSE=0.228935 shuffled_R2=0.000004
Average alignment R2: 0.646725 +- 0.013835 SE over 25 ordered pairs
Average normalized MSE: 0.353275 +- 0.013835 SE
Average shuffled-control R2: -0.000112 +- 0.000007 SE
Saved alignment results to alignment_results/ph2v4_ablate/counter_circuit2
Evaluating alignment for method=ph2v4_ablate, layout=coord_ring2, prefix=checkpoints/ph2v4_ablate/, result_name=ph2v4_ablate, perspective_transform=false
Importing submoduled environments...
Submoduled environments not found. Skipping import.
2026-06-03 16:16:11.824668: W external/xla/xla/hlo/transforms/simplifiers/hlo_rematerialization.cc:3023] Can't reduce memory use below 37.89GiB (40684840980 bytes) by rematerialization; only reduced to 40.15GiB (43112361173 bytes), down from 40.18GiB (43144362605 bytes) originally
LOADED: checkpoints/ph2v4_ablate/coord_ring2/baseline_seed_0_step_220.msgpack
LOADED: checkpoints/ph2v4_ablate/coord_ring2/baseline_seed_1_step_220.msgpack
LOADED: checkpoints/ph2v4_ablate/coord_ring2/baseline_seed_2_step_220.msgpack
LOADED: checkpoints/ph2v4_ablate/coord_ring2/baseline_seed_3_step_220.msgpack
LOADED: checkpoints/ph2v4_ablate/coord_ring2/baseline_seed_4_step_220.msgpack
ALIGN[00, 00] R2=0.769589 NMSE=0.230411 shuffled_R2=-0.000044
ALIGN[00, 01] R2=0.741172 NMSE=0.258828 shuffled_R2=-0.000005
ALIGN[00, 02] R2=0.734144 NMSE=0.265856 shuffled_R2=-0.000098
ALIGN[00, 03] R2=0.764304 NMSE=0.235696 shuffled_R2=-0.000077
ALIGN[00, 04] R2=0.750310 NMSE=0.249690 shuffled_R2=-0.000079
ALIGN[01, 00] R2=0.729643 NMSE=0.270357 shuffled_R2=0.000003
ALIGN[01, 01] R2=0.734085 NMSE=0.265915 shuffled_R2=0.000364
ALIGN[01, 02] R2=0.688706 NMSE=0.311294 shuffled_R2=-0.000029
ALIGN[01, 03] R2=0.763956 NMSE=0.236044 shuffled_R2=0.000017
ALIGN[01, 04] R2=0.736289 NMSE=0.263711 shuffled_R2=0.000062
ALIGN[02, 00] R2=0.736659 NMSE=0.263341 shuffled_R2=-0.000091
ALIGN[02, 01] R2=0.706262 NMSE=0.293738 shuffled_R2=-0.000044
ALIGN[02, 02] R2=0.763092 NMSE=0.236908 shuffled_R2=-0.000048
ALIGN[02, 03] R2=0.784625 NMSE=0.215375 shuffled_R2=-0.000089
ALIGN[02, 04] R2=0.735858 NMSE=0.264142 shuffled_R2=-0.000035
ALIGN[03, 00] R2=0.718790 NMSE=0.281210 shuffled_R2=-0.000078
ALIGN[03, 01] R2=0.746608 NMSE=0.253392 shuffled_R2=0.000028
ALIGN[03, 02] R2=0.749328 NMSE=0.250672 shuffled_R2=-0.000062
ALIGN[03, 03] R2=0.813619 NMSE=0.186381 shuffled_R2=-0.000047
ALIGN[03, 04] R2=0.752935 NMSE=0.247065 shuffled_R2=-0.000026
ALIGN[04, 00] R2=0.741014 NMSE=0.258986 shuffled_R2=-0.000080
ALIGN[04, 01] R2=0.758748 NMSE=0.241252 shuffled_R2=0.000015
ALIGN[04, 02] R2=0.724301 NMSE=0.275699 shuffled_R2=-0.000043
ALIGN[04, 03] R2=0.788256 NMSE=0.211744 shuffled_R2=-0.000040
ALIGN[04, 04] R2=0.781695 NMSE=0.218305 shuffled_R2=0.000177
Average alignment R2: 0.748560 +- 0.005426 SE over 25 ordered pairs
Average normalized MSE: 0.251440 +- 0.005426 SE
Average shuffled-control R2: -0.000014 +- 0.000020 SE
Saved alignment results to alignment_results/ph2v4_ablate/coord_ring2
