Script directory: /mnt/iusers01/fatpou01/compsci01/n70579mp/scratch/JaxMARL
Failed to import warp: No module named 'warp'
Failed to import mujoco_warp: No module named 'warp'
Importing submoduled environments...
Submoduled environments not found. Skipping import.
wandb: Currently logged in as: maytusp to https://api.wandb.ai. Use `wandb login --relogin` to force relogin
wandb: creating run
wandb: Tracking run with wandb version 0.21.1
wandb: Run data is saved locally in /net/scratch/n70579mp/JaxMARL/wandb/run-20260521_104030-hdsefbmt
wandb: Run `wandb offline` to turn off syncing.
wandb: Syncing run ppo_single_rareprob0p01_single_rare_room
wandb: ⭐️ View project at https://wandb.ai/maytusp/ovc-rare
wandb: 🚀 View run at https://wandb.ai/maytusp/ovc-rare/runs/hdsefbmt
Update steps:  228.0
Warmup epochs:  11
Cosine epochs:  217.0
--> Saved seed 1 checkpoint at step 1 to checkpoints/overcooked_rare/rare_prob_001/ppo/single_rare_room/baseline_seed_1_step_1.msgpack
--> Saved seed 0 checkpoint at step 1 to checkpoints/overcooked_rare/rare_prob_001/ppo/single_rare_room/baseline_seed_0_step_1.msgpack
--> Saved seed 4 checkpoint at step 1 to checkpoints/overcooked_rare/rare_prob_001/ppo/single_rare_room/baseline_seed_4_step_1.msgpack
--> Saved seed 3 checkpoint at step 1 to checkpoints/overcooked_rare/rare_prob_001/ppo/single_rare_room/baseline_seed_3_step_1.msgpack
--> Saved seed 2 checkpoint at step 1 to checkpoints/overcooked_rare/rare_prob_001/ppo/single_rare_room/baseline_seed_2_step_1.msgpack
--> Saved seed 1 checkpoint at step 22 to checkpoints/overcooked_rare/rare_prob_001/ppo/single_rare_room/baseline_seed_1_step_22.msgpack
--> Saved seed 0 checkpoint at step 22 to checkpoints/overcooked_rare/rare_prob_001/ppo/single_rare_room/baseline_seed_0_step_22.msgpack
--> Saved seed 4 checkpoint at step 22 to checkpoints/overcooked_rare/rare_prob_001/ppo/single_rare_room/baseline_seed_4_step_22.msgpack
--> Saved seed 3 checkpoint at step 22 to checkpoints/overcooked_rare/rare_prob_001/ppo/single_rare_room/baseline_seed_3_step_22.msgpack
--> Saved seed 2 checkpoint at step 22 to checkpoints/overcooked_rare/rare_prob_001/ppo/single_rare_room/baseline_seed_2_step_22.msgpack
--> Saved seed 1 checkpoint at step 44 to checkpoints/overcooked_rare/rare_prob_001/ppo/single_rare_room/baseline_seed_1_step_44.msgpack
--> Saved seed 0 checkpoint at step 44 to checkpoints/overcooked_rare/rare_prob_001/ppo/single_rare_room/baseline_seed_0_step_44.msgpack
--> Saved seed 4 checkpoint at step 44 to checkpoints/overcooked_rare/rare_prob_001/ppo/single_rare_room/baseline_seed_4_step_44.msgpack
--> Saved seed 3 checkpoint at step 44 to checkpoints/overcooked_rare/rare_prob_001/ppo/single_rare_room/baseline_seed_3_step_44.msgpack
--> Saved seed 2 checkpoint at step 44 to checkpoints/overcooked_rare/rare_prob_001/ppo/single_rare_room/baseline_seed_2_step_44.msgpack
--> Saved seed 1 checkpoint at step 66 to checkpoints/overcooked_rare/rare_prob_001/ppo/single_rare_room/baseline_seed_1_step_66.msgpack
--> Saved seed 0 checkpoint at step 66 to checkpoints/overcooked_rare/rare_prob_001/ppo/single_rare_room/baseline_seed_0_step_66.msgpack
--> Saved seed 4 checkpoint at step 66 to checkpoints/overcooked_rare/rare_prob_001/ppo/single_rare_room/baseline_seed_4_step_66.msgpack
--> Saved seed 3 checkpoint at step 66 to checkpoints/overcooked_rare/rare_prob_001/ppo/single_rare_room/baseline_seed_3_step_66.msgpack
--> Saved seed 2 checkpoint at step 66 to checkpoints/overcooked_rare/rare_prob_001/ppo/single_rare_room/baseline_seed_2_step_66.msgpack
--> Saved seed 1 checkpoint at step 88 to checkpoints/overcooked_rare/rare_prob_001/ppo/single_rare_room/baseline_seed_1_step_88.msgpack
--> Saved seed 0 checkpoint at step 88 to checkpoints/overcooked_rare/rare_prob_001/ppo/single_rare_room/baseline_seed_0_step_88.msgpack
--> Saved seed 4 checkpoint at step 88 to checkpoints/overcooked_rare/rare_prob_001/ppo/single_rare_room/baseline_seed_4_step_88.msgpack
--> Saved seed 3 checkpoint at step 88 to checkpoints/overcooked_rare/rare_prob_001/ppo/single_rare_room/baseline_seed_3_step_88.msgpack
--> Saved seed 2 checkpoint at step 88 to checkpoints/overcooked_rare/rare_prob_001/ppo/single_rare_room/baseline_seed_2_step_88.msgpack
--> Saved seed 1 checkpoint at step 110 to checkpoints/overcooked_rare/rare_prob_001/ppo/single_rare_room/baseline_seed_1_step_110.msgpack
--> Saved seed 0 checkpoint at step 110 to checkpoints/overcooked_rare/rare_prob_001/ppo/single_rare_room/baseline_seed_0_step_110.msgpack
--> Saved seed 4 checkpoint at step 110 to checkpoints/overcooked_rare/rare_prob_001/ppo/single_rare_room/baseline_seed_4_step_110.msgpack
--> Saved seed 3 checkpoint at step 110 to checkpoints/overcooked_rare/rare_prob_001/ppo/single_rare_room/baseline_seed_3_step_110.msgpack
--> Saved seed 2 checkpoint at step 110 to checkpoints/overcooked_rare/rare_prob_001/ppo/single_rare_room/baseline_seed_2_step_110.msgpack
--> Saved seed 1 checkpoint at step 132 to checkpoints/overcooked_rare/rare_prob_001/ppo/single_rare_room/baseline_seed_1_step_132.msgpack
--> Saved seed 0 checkpoint at step 132 to checkpoints/overcooked_rare/rare_prob_001/ppo/single_rare_room/baseline_seed_0_step_132.msgpack
--> Saved seed 4 checkpoint at step 132 to checkpoints/overcooked_rare/rare_prob_001/ppo/single_rare_room/baseline_seed_4_step_132.msgpack
--> Saved seed 3 checkpoint at step 132 to checkpoints/overcooked_rare/rare_prob_001/ppo/single_rare_room/baseline_seed_3_step_132.msgpack
--> Saved seed 2 checkpoint at step 132 to checkpoints/overcooked_rare/rare_prob_001/ppo/single_rare_room/baseline_seed_2_step_132.msgpack
--> Saved seed 1 checkpoint at step 154 to checkpoints/overcooked_rare/rare_prob_001/ppo/single_rare_room/baseline_seed_1_step_154.msgpack
--> Saved seed 0 checkpoint at step 154 to checkpoints/overcooked_rare/rare_prob_001/ppo/single_rare_room/baseline_seed_0_step_154.msgpack
--> Saved seed 4 checkpoint at step 154 to checkpoints/overcooked_rare/rare_prob_001/ppo/single_rare_room/baseline_seed_4_step_154.msgpack
--> Saved seed 3 checkpoint at step 154 to checkpoints/overcooked_rare/rare_prob_001/ppo/single_rare_room/baseline_seed_3_step_154.msgpack
--> Saved seed 2 checkpoint at step 154 to checkpoints/overcooked_rare/rare_prob_001/ppo/single_rare_room/baseline_seed_2_step_154.msgpack
--> Saved seed 1 checkpoint at step 176 to checkpoints/overcooked_rare/rare_prob_001/ppo/single_rare_room/baseline_seed_1_step_176.msgpack
--> Saved seed 0 checkpoint at step 176 to checkpoints/overcooked_rare/rare_prob_001/ppo/single_rare_room/baseline_seed_0_step_176.msgpack
--> Saved seed 4 checkpoint at step 176 to checkpoints/overcooked_rare/rare_prob_001/ppo/single_rare_room/baseline_seed_4_step_176.msgpack
--> Saved seed 3 checkpoint at step 176 to checkpoints/overcooked_rare/rare_prob_001/ppo/single_rare_room/baseline_seed_3_step_176.msgpack
--> Saved seed 2 checkpoint at step 176 to checkpoints/overcooked_rare/rare_prob_001/ppo/single_rare_room/baseline_seed_2_step_176.msgpack
--> Saved seed 1 checkpoint at step 198 to checkpoints/overcooked_rare/rare_prob_001/ppo/single_rare_room/baseline_seed_1_step_198.msgpack
--> Saved seed 0 checkpoint at step 198 to checkpoints/overcooked_rare/rare_prob_001/ppo/single_rare_room/baseline_seed_0_step_198.msgpack
--> Saved seed 4 checkpoint at step 198 to checkpoints/overcooked_rare/rare_prob_001/ppo/single_rare_room/baseline_seed_4_step_198.msgpack
--> Saved seed 3 checkpoint at step 198 to checkpoints/overcooked_rare/rare_prob_001/ppo/single_rare_room/baseline_seed_3_step_198.msgpack
--> Saved seed 2 checkpoint at step 198 to checkpoints/overcooked_rare/rare_prob_001/ppo/single_rare_room/baseline_seed_2_step_198.msgpack
--> Saved seed 1 checkpoint at step 220 to checkpoints/overcooked_rare/rare_prob_001/ppo/single_rare_room/baseline_seed_1_step_220.msgpack
--> Saved seed 0 checkpoint at step 220 to checkpoints/overcooked_rare/rare_prob_001/ppo/single_rare_room/baseline_seed_0_step_220.msgpack
--> Saved seed 4 checkpoint at step 220 to checkpoints/overcooked_rare/rare_prob_001/ppo/single_rare_room/baseline_seed_4_step_220.msgpack
--> Saved seed 3 checkpoint at step 220 to checkpoints/overcooked_rare/rare_prob_001/ppo/single_rare_room/baseline_seed_3_step_220.msgpack
--> Saved seed 2 checkpoint at step 220 to checkpoints/overcooked_rare/rare_prob_001/ppo/single_rare_room/baseline_seed_2_step_220.msgpack
[1;34mwandb[0m: 
[1;34mwandb[0m: 🚀 View run [33mppo_single_rareprob0p01_single_rare_room[0m at: [34mhttps://wandb.ai/maytusp/ovc-rare/runs/hdsefbmt[0m
[1;34mwandb[0m: Find logs at: [1;35m../../../../../../../net/scratch/n70579mp/JaxMARL/wandb/run-20260521_104030-hdsefbmt/logs[0m
