Script directory: /mnt/iusers01/fatpou01/compsci01/n70579mp/scratch/JaxMARL
Failed to import warp: No module named 'warp'
Failed to import mujoco_warp: No module named 'warp'
Importing submoduled environments...
Submoduled environments not found. Skipping import.
wandb: Currently logged in as: maytusp to https://api.wandb.ai. Use `wandb login --relogin` to force relogin
wandb: creating run
wandb: Tracking run with wandb version 0.21.1
wandb: Run data is saved locally in /net/scratch/n70579mp/JaxMARL/wandb/run-20260520_082213-r055mdem
wandb: Run `wandb offline` to turn off syncing.
wandb: Syncing run bf_single_actor_only_n2_tau1kto200k_single_rare_room
wandb: ⭐️ View project at https://wandb.ai/maytusp/ovc-rare
wandb: 🚀 View run at https://wandb.ai/maytusp/ovc-rare/runs/r055mdem
Update steps:  762.0
Warmup epochs:  38
Cosine epochs:  724.0
BF enabled: 4 leaves, 67334 scalar params selected
BF selected parameter paths:
  + params/Dense_0/kernel
  + params/Dense_0/bias
  + params/Dense_1/kernel
  + params/Dense_1/bias
BF excluded parameter paths:
  - params/CNN_0/Conv_0/kernel
  - params/CNN_0/Conv_0/bias
  - params/CNN_0/Conv_1/kernel
  - params/CNN_0/Conv_1/bias
  - params/CNN_0/Conv_2/kernel
  - params/CNN_0/Conv_2/bias
  - params/CNN_0/Conv_3/kernel
  - params/CNN_0/Conv_3/bias
  - params/CNN_0/Conv_4/kernel
  - params/CNN_0/Conv_4/bias
  - params/CNN_0/Conv_5/kernel
  - params/CNN_0/Conv_5/bias
  - params/CNN_0/Dense_0/kernel
  - params/CNN_0/Dense_0/bias
  - params/LayerNorm_0/scale
  - params/LayerNorm_0/bias
  - params/ScannedRNN_0/GRUCell_1/hn/bias
  - params/ScannedRNN_0/GRUCell_1/hn/kernel
  - params/ScannedRNN_0/GRUCell_1/hr/kernel
  - params/ScannedRNN_0/GRUCell_1/hz/kernel
  - params/ScannedRNN_0/GRUCell_1/in/bias
  - params/ScannedRNN_0/GRUCell_1/in/kernel
  - params/ScannedRNN_0/GRUCell_1/ir/bias
  - params/ScannedRNN_0/GRUCell_1/ir/kernel
  - params/ScannedRNN_0/GRUCell_1/iz/bias
  - params/ScannedRNN_0/GRUCell_1/iz/kernel
  - params/Dense_2/kernel
  - params/Dense_2/bias
  - params/Dense_3/kernel
  - params/Dense_3/bias
--> Saved seed 2 checkpoint at step 1 to checkpoints/overcooked_rare/bf_actor_n2_tau1k_200k/single_rare_room/baseline_seed_2_step_1.msgpack
--> Saved seed 4 checkpoint at step 1 to checkpoints/overcooked_rare/bf_actor_n2_tau1k_200k/single_rare_room/baseline_seed_4_step_1.msgpack
--> Saved seed 3 checkpoint at step 1 to checkpoints/overcooked_rare/bf_actor_n2_tau1k_200k/single_rare_room/baseline_seed_3_step_1.msgpack
--> Saved seed 1 checkpoint at step 1 to checkpoints/overcooked_rare/bf_actor_n2_tau1k_200k/single_rare_room/baseline_seed_1_step_1.msgpack
--> Saved seed 0 checkpoint at step 1 to checkpoints/overcooked_rare/bf_actor_n2_tau1k_200k/single_rare_room/baseline_seed_0_step_1.msgpack
--> Saved seed 2 checkpoint at step 76 to checkpoints/overcooked_rare/bf_actor_n2_tau1k_200k/single_rare_room/baseline_seed_2_step_76.msgpack
--> Saved seed 4 checkpoint at step 76 to checkpoints/overcooked_rare/bf_actor_n2_tau1k_200k/single_rare_room/baseline_seed_4_step_76.msgpack
--> Saved seed 3 checkpoint at step 76 to checkpoints/overcooked_rare/bf_actor_n2_tau1k_200k/single_rare_room/baseline_seed_3_step_76.msgpack
--> Saved seed 1 checkpoint at step 76 to checkpoints/overcooked_rare/bf_actor_n2_tau1k_200k/single_rare_room/baseline_seed_1_step_76.msgpack
--> Saved seed 0 checkpoint at step 76 to checkpoints/overcooked_rare/bf_actor_n2_tau1k_200k/single_rare_room/baseline_seed_0_step_76.msgpack
--> Saved seed 2 checkpoint at step 152 to checkpoints/overcooked_rare/bf_actor_n2_tau1k_200k/single_rare_room/baseline_seed_2_step_152.msgpack
--> Saved seed 4 checkpoint at step 152 to checkpoints/overcooked_rare/bf_actor_n2_tau1k_200k/single_rare_room/baseline_seed_4_step_152.msgpack
--> Saved seed 3 checkpoint at step 152 to checkpoints/overcooked_rare/bf_actor_n2_tau1k_200k/single_rare_room/baseline_seed_3_step_152.msgpack
--> Saved seed 1 checkpoint at step 152 to checkpoints/overcooked_rare/bf_actor_n2_tau1k_200k/single_rare_room/baseline_seed_1_step_152.msgpack
--> Saved seed 0 checkpoint at step 152 to checkpoints/overcooked_rare/bf_actor_n2_tau1k_200k/single_rare_room/baseline_seed_0_step_152.msgpack
--> Saved seed 2 checkpoint at step 228 to checkpoints/overcooked_rare/bf_actor_n2_tau1k_200k/single_rare_room/baseline_seed_2_step_228.msgpack
--> Saved seed 4 checkpoint at step 228 to checkpoints/overcooked_rare/bf_actor_n2_tau1k_200k/single_rare_room/baseline_seed_4_step_228.msgpack
--> Saved seed 3 checkpoint at step 228 to checkpoints/overcooked_rare/bf_actor_n2_tau1k_200k/single_rare_room/baseline_seed_3_step_228.msgpack
--> Saved seed 1 checkpoint at step 228 to checkpoints/overcooked_rare/bf_actor_n2_tau1k_200k/single_rare_room/baseline_seed_1_step_228.msgpack
--> Saved seed 0 checkpoint at step 228 to checkpoints/overcooked_rare/bf_actor_n2_tau1k_200k/single_rare_room/baseline_seed_0_step_228.msgpack
--> Saved seed 2 checkpoint at step 304 to checkpoints/overcooked_rare/bf_actor_n2_tau1k_200k/single_rare_room/baseline_seed_2_step_304.msgpack
--> Saved seed 4 checkpoint at step 304 to checkpoints/overcooked_rare/bf_actor_n2_tau1k_200k/single_rare_room/baseline_seed_4_step_304.msgpack
--> Saved seed 3 checkpoint at step 304 to checkpoints/overcooked_rare/bf_actor_n2_tau1k_200k/single_rare_room/baseline_seed_3_step_304.msgpack
--> Saved seed 1 checkpoint at step 304 to checkpoints/overcooked_rare/bf_actor_n2_tau1k_200k/single_rare_room/baseline_seed_1_step_304.msgpack
--> Saved seed 0 checkpoint at step 304 to checkpoints/overcooked_rare/bf_actor_n2_tau1k_200k/single_rare_room/baseline_seed_0_step_304.msgpack
--> Saved seed 2 checkpoint at step 380 to checkpoints/overcooked_rare/bf_actor_n2_tau1k_200k/single_rare_room/baseline_seed_2_step_380.msgpack
--> Saved seed 4 checkpoint at step 380 to checkpoints/overcooked_rare/bf_actor_n2_tau1k_200k/single_rare_room/baseline_seed_4_step_380.msgpack
--> Saved seed 3 checkpoint at step 380 to checkpoints/overcooked_rare/bf_actor_n2_tau1k_200k/single_rare_room/baseline_seed_3_step_380.msgpack
--> Saved seed 1 checkpoint at step 380 to checkpoints/overcooked_rare/bf_actor_n2_tau1k_200k/single_rare_room/baseline_seed_1_step_380.msgpack
--> Saved seed 0 checkpoint at step 380 to checkpoints/overcooked_rare/bf_actor_n2_tau1k_200k/single_rare_room/baseline_seed_0_step_380.msgpack
--> Saved seed 2 checkpoint at step 456 to checkpoints/overcooked_rare/bf_actor_n2_tau1k_200k/single_rare_room/baseline_seed_2_step_456.msgpack
--> Saved seed 4 checkpoint at step 456 to checkpoints/overcooked_rare/bf_actor_n2_tau1k_200k/single_rare_room/baseline_seed_4_step_456.msgpack
--> Saved seed 3 checkpoint at step 456 to checkpoints/overcooked_rare/bf_actor_n2_tau1k_200k/single_rare_room/baseline_seed_3_step_456.msgpack
--> Saved seed 1 checkpoint at step 456 to checkpoints/overcooked_rare/bf_actor_n2_tau1k_200k/single_rare_room/baseline_seed_1_step_456.msgpack
--> Saved seed 0 checkpoint at step 456 to checkpoints/overcooked_rare/bf_actor_n2_tau1k_200k/single_rare_room/baseline_seed_0_step_456.msgpack
--> Saved seed 2 checkpoint at step 532 to checkpoints/overcooked_rare/bf_actor_n2_tau1k_200k/single_rare_room/baseline_seed_2_step_532.msgpack
--> Saved seed 4 checkpoint at step 532 to checkpoints/overcooked_rare/bf_actor_n2_tau1k_200k/single_rare_room/baseline_seed_4_step_532.msgpack
--> Saved seed 3 checkpoint at step 532 to checkpoints/overcooked_rare/bf_actor_n2_tau1k_200k/single_rare_room/baseline_seed_3_step_532.msgpack
--> Saved seed 1 checkpoint at step 532 to checkpoints/overcooked_rare/bf_actor_n2_tau1k_200k/single_rare_room/baseline_seed_1_step_532.msgpack
--> Saved seed 0 checkpoint at step 532 to checkpoints/overcooked_rare/bf_actor_n2_tau1k_200k/single_rare_room/baseline_seed_0_step_532.msgpack
--> Saved seed 2 checkpoint at step 608 to checkpoints/overcooked_rare/bf_actor_n2_tau1k_200k/single_rare_room/baseline_seed_2_step_608.msgpack
--> Saved seed 4 checkpoint at step 608 to checkpoints/overcooked_rare/bf_actor_n2_tau1k_200k/single_rare_room/baseline_seed_4_step_608.msgpack
--> Saved seed 3 checkpoint at step 608 to checkpoints/overcooked_rare/bf_actor_n2_tau1k_200k/single_rare_room/baseline_seed_3_step_608.msgpack
--> Saved seed 1 checkpoint at step 608 to checkpoints/overcooked_rare/bf_actor_n2_tau1k_200k/single_rare_room/baseline_seed_1_step_608.msgpack
--> Saved seed 0 checkpoint at step 608 to checkpoints/overcooked_rare/bf_actor_n2_tau1k_200k/single_rare_room/baseline_seed_0_step_608.msgpack
--> Saved seed 2 checkpoint at step 684 to checkpoints/overcooked_rare/bf_actor_n2_tau1k_200k/single_rare_room/baseline_seed_2_step_684.msgpack
--> Saved seed 4 checkpoint at step 684 to checkpoints/overcooked_rare/bf_actor_n2_tau1k_200k/single_rare_room/baseline_seed_4_step_684.msgpack
--> Saved seed 3 checkpoint at step 684 to checkpoints/overcooked_rare/bf_actor_n2_tau1k_200k/single_rare_room/baseline_seed_3_step_684.msgpack
--> Saved seed 1 checkpoint at step 684 to checkpoints/overcooked_rare/bf_actor_n2_tau1k_200k/single_rare_room/baseline_seed_1_step_684.msgpack
--> Saved seed 0 checkpoint at step 684 to checkpoints/overcooked_rare/bf_actor_n2_tau1k_200k/single_rare_room/baseline_seed_0_step_684.msgpack
--> Saved seed 2 checkpoint at step 760 to checkpoints/overcooked_rare/bf_actor_n2_tau1k_200k/single_rare_room/baseline_seed_2_step_760.msgpack
--> Saved seed 4 checkpoint at step 760 to checkpoints/overcooked_rare/bf_actor_n2_tau1k_200k/single_rare_room/baseline_seed_4_step_760.msgpack
--> Saved seed 3 checkpoint at step 760 to checkpoints/overcooked_rare/bf_actor_n2_tau1k_200k/single_rare_room/baseline_seed_3_step_760.msgpack
--> Saved seed 1 checkpoint at step 760 to checkpoints/overcooked_rare/bf_actor_n2_tau1k_200k/single_rare_room/baseline_seed_1_step_760.msgpack
--> Saved seed 0 checkpoint at step 760 to checkpoints/overcooked_rare/bf_actor_n2_tau1k_200k/single_rare_room/baseline_seed_0_step_760.msgpack
[1;34mwandb[0m: 
[1;34mwandb[0m: 🚀 View run [33mbf_single_actor_only_n2_tau1kto200k_single_rare_room[0m at: [34mhttps://wandb.ai/maytusp/ovc-rare/runs/r055mdem[0m
[1;34mwandb[0m: Find logs at: [1;35m../../../../../../../net/scratch/n70579mp/JaxMARL/wandb/run-20260520_082213-r055mdem/logs[0m
