Script directory: /mnt/iusers01/fatpou01/compsci01/n70579mp/scratch/tom/JaxMARL
Running ZSC evaluation: within-method generalisation with SP diagonal and XP off-diagonal performance.
Evaluating ZSC for method=lmpred, layout=cramped_room5x5, prefix=checkpoints/lmpred/, result_name=lmpred, perspective_transform=true
Importing submoduled environments...
Submoduled environments not found. Skipping import.
LOADED: checkpoints/lmpred/cramped_room5x5/baseline_seed_0_step_220.msgpack
LOADED: checkpoints/lmpred/cramped_room5x5/baseline_seed_1_step_220.msgpack
LOADED: checkpoints/lmpred/cramped_room5x5/baseline_seed_2_step_220.msgpack
LOADED: checkpoints/lmpred/cramped_room5x5/baseline_seed_3_step_220.msgpack
LOADED: checkpoints/lmpred/cramped_room5x5/baseline_seed_4_step_220.msgpack
ZSC[00, 00] = 237.880
ZSC[00, 01] = 235.647
ZSC[00, 02] = 228.825
ZSC[00, 03] = 216.439
ZSC[00, 04] = 180.252
ZSC[01, 00] = 235.903
ZSC[01, 01] = 239.716
ZSC[01, 02] = 239.416
ZSC[01, 03] = 236.752
ZSC[01, 04] = 225.689
ZSC[02, 00] = 229.370
ZSC[02, 01] = 239.419
ZSC[02, 02] = 232.598
ZSC[02, 03] = 227.005
ZSC[02, 04] = 229.252
ZSC[03, 00] = 216.828
ZSC[03, 01] = 237.014
ZSC[03, 02] = 227.011
ZSC[03, 03] = 232.297
ZSC[03, 04] = 213.641
ZSC[04, 00] = 181.708
ZSC[04, 01] = 225.903
ZSC[04, 02] = 228.931
ZSC[04, 03] = 214.325
ZSC[04, 04] = 240.000
Average SP performance (diagonal/self-copy): 236.498 +- 1.694 SE over 5 pairs
Average XP performance (off-diagonal/excluding self): 223.466 +- 3.706 SE over 20 ordered pairs
Saved ZSC results to zsc_results/lmpred/cramped_room5x5
Saved ZSC heatmap to zsc_results/lmpred/cramped_room5x5/xp_matrix.png
Using alignment rollout scale: ALIGN_PAIR_BATCH_SIZE=1, ALIGN_EVAL_NUM_EPISODES=128, ALIGN_EVAL_NUM_STEPS=400
ALIGN ego[00] partner[00] R2=0.912186 NMSE=0.087814 shuffled_R2=-0.015763
ALIGN ego[00] partner[01] R2=0.927962 NMSE=0.072038 shuffled_R2=-0.023910
ALIGN ego[00] partner[02] R2=0.925729 NMSE=0.074271 shuffled_R2=-0.019229
ALIGN ego[00] partner[03] R2=0.903035 NMSE=0.096965 shuffled_R2=-0.017357
ALIGN ego[00] partner[04] R2=0.946593 NMSE=0.053407 shuffled_R2=-0.015293
ALIGN ego[01] partner[00] R2=0.917707 NMSE=0.082293 shuffled_R2=-0.022230
ALIGN ego[01] partner[01] R2=0.954399 NMSE=0.045601 shuffled_R2=-0.016349
ALIGN ego[01] partner[02] R2=0.946644 NMSE=0.053356 shuffled_R2=-0.015467
ALIGN ego[01] partner[03] R2=0.932746 NMSE=0.067254 shuffled_R2=-0.018593
ALIGN ego[01] partner[04] R2=0.946828 NMSE=0.053172 shuffled_R2=-0.015216
ALIGN ego[02] partner[00] R2=0.929320 NMSE=0.070680 shuffled_R2=-0.017303
ALIGN ego[02] partner[01] R2=0.940269 NMSE=0.059731 shuffled_R2=-0.015939
ALIGN ego[02] partner[02] R2=0.949240 NMSE=0.050760 shuffled_R2=-0.016650
ALIGN ego[02] partner[03] R2=0.921781 NMSE=0.078219 shuffled_R2=-0.015557
ALIGN ego[02] partner[04] R2=0.948194 NMSE=0.051806 shuffled_R2=-0.015270
ALIGN ego[03] partner[00] R2=0.824532 NMSE=0.175468 shuffled_R2=-0.024670
ALIGN ego[03] partner[01] R2=0.947100 NMSE=0.052900 shuffled_R2=-0.017247
ALIGN ego[03] partner[02] R2=0.743163 NMSE=0.256837 shuffled_R2=-0.096755
ALIGN ego[03] partner[03] R2=0.844242 NMSE=0.155758 shuffled_R2=-0.033474
ALIGN ego[03] partner[04] R2=0.958791 NMSE=0.041209 shuffled_R2=-0.015170
ALIGN ego[04] partner[00] R2=0.903246 NMSE=0.096754 shuffled_R2=-0.025423
ALIGN ego[04] partner[01] R2=0.924522 NMSE=0.075478 shuffled_R2=-0.022495
ALIGN ego[04] partner[02] R2=0.945781 NMSE=0.054219 shuffled_R2=-0.015043
ALIGN ego[04] partner[03] R2=0.936593 NMSE=0.063407 shuffled_R2=-0.018356
ALIGN ego[04] partner[04] R2=0.948900 NMSE=0.051100 shuffled_R2=-0.015075
Average ego-to-partner alignment R2: 0.919180 +- 0.009705 SE over 25 ego-partner pairs
Average alignment normalized MSE: 0.080820 +- 0.009705 SE
Average shuffled-control alignment R2: -0.021753 +- 0.003251 SE
Saved alignment results to zsc_results/lmpred/cramped_room5x5
Evaluating ZSC for method=lmpred, layout=counter_circuit, prefix=checkpoints/lmpred/, result_name=lmpred, perspective_transform=true
Importing submoduled environments...
Submoduled environments not found. Skipping import.
LOADED: checkpoints/lmpred/counter_circuit/baseline_seed_0_step_380.msgpack
LOADED: checkpoints/lmpred/counter_circuit/baseline_seed_1_step_380.msgpack
LOADED: checkpoints/lmpred/counter_circuit/baseline_seed_2_step_380.msgpack
LOADED: checkpoints/lmpred/counter_circuit/baseline_seed_3_step_380.msgpack
LOADED: checkpoints/lmpred/counter_circuit/baseline_seed_4_step_380.msgpack
ZSC[00, 00] = 274.320
ZSC[00, 01] = 250.814
ZSC[00, 02] = 252.569
ZSC[00, 03] = 171.833
ZSC[00, 04] = 204.025
ZSC[01, 00] = 248.667
ZSC[01, 01] = 246.037
ZSC[01, 02] = 232.536
ZSC[01, 03] = 158.783
ZSC[01, 04] = 195.219
ZSC[02, 00] = 251.405
ZSC[02, 01] = 232.342
ZSC[02, 02] = 258.864
ZSC[02, 03] = 140.448
ZSC[02, 04] = 222.894
ZSC[03, 00] = 171.000
ZSC[03, 01] = 163.439
ZSC[03, 02] = 123.934
ZSC[03, 03] = 188.298
ZSC[03, 04] = 87.655
ZSC[04, 00] = 204.941
ZSC[04, 01] = 192.359
ZSC[04, 02] = 224.136
ZSC[04, 03] = 95.459
ZSC[04, 04] = 217.188
Average SP performance (diagonal/self-copy): 236.942 +- 15.357 SE over 5 pairs
Average XP performance (off-diagonal/excluding self): 191.223 +- 11.436 SE over 20 ordered pairs
Saved ZSC results to zsc_results/lmpred/counter_circuit
Saved ZSC heatmap to zsc_results/lmpred/counter_circuit/xp_matrix.png
Using alignment rollout scale: ALIGN_PAIR_BATCH_SIZE=1, ALIGN_EVAL_NUM_EPISODES=128, ALIGN_EVAL_NUM_STEPS=400
ALIGN ego[00] partner[00] R2=0.856492 NMSE=0.143508 shuffled_R2=-0.018491
ALIGN ego[00] partner[01] R2=0.804381 NMSE=0.195619 shuffled_R2=-0.019587
ALIGN ego[00] partner[02] R2=0.859234 NMSE=0.140766 shuffled_R2=-0.017481
ALIGN ego[00] partner[03] R2=0.799460 NMSE=0.200540 shuffled_R2=-0.026869
ALIGN ego[00] partner[04] R2=0.850383 NMSE=0.149617 shuffled_R2=-0.018276
ALIGN ego[01] partner[00] R2=0.736832 NMSE=0.263168 shuffled_R2=-0.050640
ALIGN ego[01] partner[01] R2=0.795815 NMSE=0.204185 shuffled_R2=-0.016399
ALIGN ego[01] partner[02] R2=0.830596 NMSE=0.169404 shuffled_R2=-0.018413
ALIGN ego[01] partner[03] R2=0.767160 NMSE=0.232840 shuffled_R2=-0.018946
ALIGN ego[01] partner[04] R2=0.819723 NMSE=0.180277 shuffled_R2=-0.016355
ALIGN ego[02] partner[00] R2=0.847154 NMSE=0.152846 shuffled_R2=-0.018550
ALIGN ego[02] partner[01] R2=0.838456 NMSE=0.161544 shuffled_R2=-0.014253
ALIGN ego[02] partner[02] R2=0.880745 NMSE=0.119255 shuffled_R2=-0.017039
ALIGN ego[02] partner[03] R2=0.764934 NMSE=0.235066 shuffled_R2=-0.028034
ALIGN ego[02] partner[04] R2=0.896490 NMSE=0.103510 shuffled_R2=-0.014184
ALIGN ego[03] partner[00] R2=0.787234 NMSE=0.212766 shuffled_R2=-0.020598
ALIGN ego[03] partner[01] R2=0.759648 NMSE=0.240352 shuffled_R2=-0.020303
ALIGN ego[03] partner[02] R2=0.841293 NMSE=0.158707 shuffled_R2=-0.022388
ALIGN ego[03] partner[03] R2=0.751214 NMSE=0.248786 shuffled_R2=-0.021079
ALIGN ego[03] partner[04] R2=0.767748 NMSE=0.232252 shuffled_R2=-0.025329
ALIGN ego[04] partner[00] R2=0.814338 NMSE=0.185662 shuffled_R2=-0.018797
ALIGN ego[04] partner[01] R2=0.806744 NMSE=0.193256 shuffled_R2=-0.017579
ALIGN ego[04] partner[02] R2=0.865071 NMSE=0.134929 shuffled_R2=-0.018590
ALIGN ego[04] partner[03] R2=0.793667 NMSE=0.206333 shuffled_R2=-0.023215
ALIGN ego[04] partner[04] R2=0.819306 NMSE=0.180694 shuffled_R2=-0.027177
Average ego-to-partner alignment R2: 0.814165 +- 0.008488 SE over 25 ego-partner pairs
Average alignment normalized MSE: 0.185835 +- 0.008488 SE
Average shuffled-control alignment R2: -0.021143 +- 0.001440 SE
Saved alignment results to zsc_results/lmpred/counter_circuit
Evaluating ZSC for method=lmpred, layout=coord_ring, prefix=checkpoints/lmpred/, result_name=lmpred, perspective_transform=true
Importing submoduled environments...
Submoduled environments not found. Skipping import.
LOADED: checkpoints/lmpred/coord_ring/baseline_seed_0_step_220.msgpack
LOADED: checkpoints/lmpred/coord_ring/baseline_seed_1_step_220.msgpack
LOADED: checkpoints/lmpred/coord_ring/baseline_seed_2_step_220.msgpack
LOADED: checkpoints/lmpred/coord_ring/baseline_seed_3_step_220.msgpack
LOADED: checkpoints/lmpred/coord_ring/baseline_seed_4_step_220.msgpack
ZSC[00, 00] = 298.127
ZSC[00, 01] = 295.273
ZSC[00, 02] = 299.987
ZSC[00, 03] = 263.902
ZSC[00, 04] = 289.875
ZSC[01, 00] = 295.264
ZSC[01, 01] = 294.914
ZSC[01, 02] = 289.767
ZSC[01, 03] = 289.116
ZSC[01, 04] = 263.989
ZSC[02, 00] = 299.855
ZSC[02, 01] = 289.666
ZSC[02, 02] = 307.073
ZSC[02, 03] = 288.703
ZSC[02, 04] = 270.762
ZSC[03, 00] = 265.373
ZSC[03, 01] = 289.605
ZSC[03, 02] = 288.062
ZSC[03, 03] = 299.447
ZSC[03, 04] = 277.487
ZSC[04, 00] = 289.978
ZSC[04, 01] = 264.672
ZSC[04, 02] = 270.538
ZSC[04, 03] = 277.416
ZSC[04, 04] = 286.241
Average SP performance (diagonal/self-copy): 297.160 +- 3.382 SE over 5 pairs
Average XP performance (off-diagonal/excluding self): 282.965 +- 2.781 SE over 20 ordered pairs
Saved ZSC results to zsc_results/lmpred/coord_ring
Saved ZSC heatmap to zsc_results/lmpred/coord_ring/xp_matrix.png
Using alignment rollout scale: ALIGN_PAIR_BATCH_SIZE=1, ALIGN_EVAL_NUM_EPISODES=128, ALIGN_EVAL_NUM_STEPS=400
ALIGN ego[00] partner[00] R2=0.896830 NMSE=0.103170 shuffled_R2=-0.015278
ALIGN ego[00] partner[01] R2=0.822273 NMSE=0.177727 shuffled_R2=-0.025536
ALIGN ego[00] partner[02] R2=0.841929 NMSE=0.158071 shuffled_R2=-0.018212
ALIGN ego[00] partner[03] R2=0.856855 NMSE=0.143145 shuffled_R2=-0.019829
ALIGN ego[00] partner[04] R2=0.897424 NMSE=0.102576 shuffled_R2=-0.016296
ALIGN ego[01] partner[00] R2=0.862488 NMSE=0.137512 shuffled_R2=-0.016294
ALIGN ego[01] partner[01] R2=0.870903 NMSE=0.129097 shuffled_R2=-0.015832
ALIGN ego[01] partner[02] R2=0.774361 NMSE=0.225639 shuffled_R2=-0.021376
ALIGN ego[01] partner[03] R2=0.845691 NMSE=0.154309 shuffled_R2=-0.015961
ALIGN ego[01] partner[04] R2=0.888689 NMSE=0.111311 shuffled_R2=-0.016068
ALIGN ego[02] partner[00] R2=0.865786 NMSE=0.134214 shuffled_R2=-0.016813
ALIGN ego[02] partner[01] R2=0.778387 NMSE=0.221613 shuffled_R2=-0.023594
ALIGN ego[02] partner[02] R2=0.860139 NMSE=0.139861 shuffled_R2=-0.014435
ALIGN ego[02] partner[03] R2=0.824063 NMSE=0.175937 shuffled_R2=-0.015594
ALIGN ego[02] partner[04] R2=0.901685 NMSE=0.098315 shuffled_R2=-0.016018
ALIGN ego[03] partner[00] R2=0.891537 NMSE=0.108463 shuffled_R2=-0.017005
ALIGN ego[03] partner[01] R2=0.890019 NMSE=0.109981 shuffled_R2=-0.014844
ALIGN ego[03] partner[02] R2=0.850383 NMSE=0.149617 shuffled_R2=-0.015815
ALIGN ego[03] partner[03] R2=0.846781 NMSE=0.153219 shuffled_R2=-0.022405
ALIGN ego[03] partner[04] R2=0.818115 NMSE=0.181885 shuffled_R2=-0.025178
ALIGN ego[04] partner[00] R2=0.866670 NMSE=0.133330 shuffled_R2=-0.021597
ALIGN ego[04] partner[01] R2=0.898560 NMSE=0.101440 shuffled_R2=-0.021317
ALIGN ego[04] partner[02] R2=0.861318 NMSE=0.138682 shuffled_R2=-0.021720
ALIGN ego[04] partner[03] R2=0.918087 NMSE=0.081913 shuffled_R2=-0.014152
ALIGN ego[04] partner[04] R2=0.915769 NMSE=0.084231 shuffled_R2=-0.017409
Average ego-to-partner alignment R2: 0.861790 +- 0.007592 SE over 25 ego-partner pairs
Average alignment normalized MSE: 0.138210 +- 0.007592 SE
Average shuffled-control alignment R2: -0.018343 +- 0.000694 SE
Saved alignment results to zsc_results/lmpred/coord_ring
Evaluating ZSC for method=lmpred_ablate, layout=cramped_room5x5, prefix=checkpoints/lmpred_ablate/, result_name=lmpred_ablate, perspective_transform=false
Importing submoduled environments...
Submoduled environments not found. Skipping import.
LOADED: checkpoints/lmpred_ablate/cramped_room5x5/baseline_seed_0_step_220.msgpack
LOADED: checkpoints/lmpred_ablate/cramped_room5x5/baseline_seed_1_step_220.msgpack
LOADED: checkpoints/lmpred_ablate/cramped_room5x5/baseline_seed_2_step_220.msgpack
LOADED: checkpoints/lmpred_ablate/cramped_room5x5/baseline_seed_3_step_220.msgpack
LOADED: checkpoints/lmpred_ablate/cramped_room5x5/baseline_seed_4_step_220.msgpack
ZSC[00, 00] = 239.005
ZSC[00, 01] = 217.156
ZSC[00, 02] = 232.328
ZSC[00, 03] = 216.022
ZSC[00, 04] = 189.075
ZSC[01, 00] = 218.173
ZSC[01, 01] = 246.122
ZSC[01, 02] = 210.039
ZSC[01, 03] = 209.108
ZSC[01, 04] = 228.737
ZSC[02, 00] = 232.373
ZSC[02, 01] = 208.619
ZSC[02, 02] = 216.027
ZSC[02, 03] = 230.469
ZSC[02, 04] = 177.414
ZSC[03, 00] = 215.056
ZSC[03, 01] = 209.806
ZSC[03, 02] = 230.386
ZSC[03, 03] = 237.036
ZSC[03, 04] = 73.136
ZSC[04, 00] = 189.930
ZSC[04, 01] = 228.930
ZSC[04, 02] = 177.497
ZSC[04, 03] = 72.667
ZSC[04, 04] = 193.280
Average SP performance (diagonal/self-copy): 226.294 +- 9.658 SE over 5 pairs
Average XP performance (off-diagonal/excluding self): 198.346 +- 10.331 SE over 20 ordered pairs
Saved ZSC results to zsc_results/lmpred_ablate/cramped_room5x5
Saved ZSC heatmap to zsc_results/lmpred_ablate/cramped_room5x5/xp_matrix.png
Using alignment rollout scale: ALIGN_PAIR_BATCH_SIZE=1, ALIGN_EVAL_NUM_EPISODES=128, ALIGN_EVAL_NUM_STEPS=400
ALIGN ego[00] partner[00] R2=0.920460 NMSE=0.079540 shuffled_R2=-0.019451
ALIGN ego[00] partner[01] R2=0.944701 NMSE=0.055299 shuffled_R2=-0.020594
ALIGN ego[00] partner[02] R2=0.771168 NMSE=0.228832 shuffled_R2=-0.069659
ALIGN ego[00] partner[03] R2=0.889236 NMSE=0.110764 shuffled_R2=-0.026725
ALIGN ego[00] partner[04] R2=0.944980 NMSE=0.055020 shuffled_R2=-0.015343
ALIGN ego[01] partner[00] R2=0.949198 NMSE=0.050802 shuffled_R2=-0.017798
ALIGN ego[01] partner[01] R2=0.929493 NMSE=0.070507 shuffled_R2=-0.019927
ALIGN ego[01] partner[02] R2=0.792439 NMSE=0.207561 shuffled_R2=-0.049972
ALIGN ego[01] partner[03] R2=0.934629 NMSE=0.065371 shuffled_R2=-0.019053
ALIGN ego[01] partner[04] R2=0.908119 NMSE=0.091881 shuffled_R2=-0.027007
ALIGN ego[02] partner[00] R2=0.877133 NMSE=0.122867 shuffled_R2=-0.032142
ALIGN ego[02] partner[01] R2=0.932031 NMSE=0.067969 shuffled_R2=-0.015935
ALIGN ego[02] partner[02] R2=0.807351 NMSE=0.192649 shuffled_R2=-0.039030
ALIGN ego[02] partner[03] R2=0.879662 NMSE=0.120338 shuffled_R2=-0.024985
ALIGN ego[02] partner[04] R2=0.892476 NMSE=0.107524 shuffled_R2=-0.020211
ALIGN ego[03] partner[00] R2=0.951135 NMSE=0.048865 shuffled_R2=-0.015573
ALIGN ego[03] partner[01] R2=0.952357 NMSE=0.047643 shuffled_R2=-0.016217
ALIGN ego[03] partner[02] R2=0.909941 NMSE=0.090059 shuffled_R2=-0.017283
ALIGN ego[03] partner[03] R2=0.934204 NMSE=0.065796 shuffled_R2=-0.016861
ALIGN ego[03] partner[04] R2=0.836917 NMSE=0.163083 shuffled_R2=-0.036205
ALIGN ego[04] partner[00] R2=0.826233 NMSE=0.173767 shuffled_R2=-0.063685
ALIGN ego[04] partner[01] R2=0.945607 NMSE=0.054393 shuffled_R2=-0.016518
ALIGN ego[04] partner[02] R2=0.882228 NMSE=0.117772 shuffled_R2=-0.017730
ALIGN ego[04] partner[03] R2=0.948469 NMSE=0.051531 shuffled_R2=-0.016997
ALIGN ego[04] partner[04] R2=0.880795 NMSE=0.119205 shuffled_R2=-0.035379
Average ego-to-partner alignment R2: 0.897639 +- 0.010716 SE over 25 ego-partner pairs
Average alignment normalized MSE: 0.102361 +- 0.010716 SE
Average shuffled-control alignment R2: -0.026811 +- 0.002990 SE
Saved alignment results to zsc_results/lmpred_ablate/cramped_room5x5
Evaluating ZSC for method=lmpred_ablate, layout=counter_circuit, prefix=checkpoints/lmpred_ablate/, result_name=lmpred_ablate, perspective_transform=false
Importing submoduled environments...
Submoduled environments not found. Skipping import.
LOADED: checkpoints/lmpred_ablate/counter_circuit/baseline_seed_0_step_380.msgpack
LOADED: checkpoints/lmpred_ablate/counter_circuit/baseline_seed_1_step_380.msgpack
LOADED: checkpoints/lmpred_ablate/counter_circuit/baseline_seed_2_step_380.msgpack
LOADED: checkpoints/lmpred_ablate/counter_circuit/baseline_seed_3_step_380.msgpack
LOADED: checkpoints/lmpred_ablate/counter_circuit/baseline_seed_4_step_380.msgpack
ZSC[00, 00] = 259.252
ZSC[00, 01] = 240.975
ZSC[00, 02] = 258.689
ZSC[00, 03] = 230.806
ZSC[00, 04] = 268.108
ZSC[01, 00] = 237.256
ZSC[01, 01] = 242.172
ZSC[01, 02] = 250.650
ZSC[01, 03] = 208.448
ZSC[01, 04] = 239.387
ZSC[02, 00] = 257.731
ZSC[02, 01] = 247.545
ZSC[02, 02] = 264.987
ZSC[02, 03] = 215.761
ZSC[02, 04] = 264.330
ZSC[03, 00] = 231.970
ZSC[03, 01] = 208.952
ZSC[03, 02] = 213.839
ZSC[03, 03] = 213.783
ZSC[03, 04] = 236.502
ZSC[04, 00] = 268.944
ZSC[04, 01] = 236.067
ZSC[04, 02] = 263.789
ZSC[04, 03] = 234.211
ZSC[04, 04] = 270.767
Average SP performance (diagonal/self-copy): 250.192 +- 10.282 SE over 5 pairs
Average XP performance (off-diagonal/excluding self): 240.698 +- 4.310 SE over 20 ordered pairs
Saved ZSC results to zsc_results/lmpred_ablate/counter_circuit
Saved ZSC heatmap to zsc_results/lmpred_ablate/counter_circuit/xp_matrix.png
Using alignment rollout scale: ALIGN_PAIR_BATCH_SIZE=1, ALIGN_EVAL_NUM_EPISODES=128, ALIGN_EVAL_NUM_STEPS=400
ALIGN ego[00] partner[00] R2=0.866313 NMSE=0.133687 shuffled_R2=-0.017779
ALIGN ego[00] partner[01] R2=0.824099 NMSE=0.175901 shuffled_R2=-0.024427
ALIGN ego[00] partner[02] R2=0.818611 NMSE=0.181389 shuffled_R2=-0.022805
ALIGN ego[00] partner[03] R2=0.856322 NMSE=0.143678 shuffled_R2=-0.018874
ALIGN ego[00] partner[04] R2=0.826527 NMSE=0.173473 shuffled_R2=-0.018011
ALIGN ego[01] partner[00] R2=0.850429 NMSE=0.149571 shuffled_R2=-0.017082
ALIGN ego[01] partner[01] R2=0.794953 NMSE=0.205047 shuffled_R2=-0.019671
ALIGN ego[01] partner[02] R2=0.791997 NMSE=0.208003 shuffled_R2=-0.023973
ALIGN ego[01] partner[03] R2=0.829243 NMSE=0.170757 shuffled_R2=-0.017260
ALIGN ego[01] partner[04] R2=0.749656 NMSE=0.250344 shuffled_R2=-0.022144
ALIGN ego[02] partner[00] R2=0.849335 NMSE=0.150665 shuffled_R2=-0.020855
ALIGN ego[02] partner[01] R2=0.779723 NMSE=0.220277 shuffled_R2=-0.025907
ALIGN ego[02] partner[02] R2=0.870417 NMSE=0.129583 shuffled_R2=-0.016586
ALIGN ego[02] partner[03] R2=0.886825 NMSE=0.113175 shuffled_R2=-0.018000
ALIGN ego[02] partner[04] R2=0.848153 NMSE=0.151847 shuffled_R2=-0.013384
ALIGN ego[03] partner[00] R2=0.882998 NMSE=0.117002 shuffled_R2=-0.018744
ALIGN ego[03] partner[01] R2=0.820645 NMSE=0.179355 shuffled_R2=-0.016492
ALIGN ego[03] partner[02] R2=0.881862 NMSE=0.118138 shuffled_R2=-0.018556
ALIGN ego[03] partner[03] R2=0.765991 NMSE=0.234009 shuffled_R2=-0.026633
ALIGN ego[03] partner[04] R2=0.824604 NMSE=0.175396 shuffled_R2=-0.017496
ALIGN ego[04] partner[00] R2=0.889488 NMSE=0.110512 shuffled_R2=-0.015137
ALIGN ego[04] partner[01] R2=0.848120 NMSE=0.151880 shuffled_R2=-0.015720
ALIGN ego[04] partner[02] R2=0.845084 NMSE=0.154916 shuffled_R2=-0.016100
ALIGN ego[04] partner[03] R2=0.819856 NMSE=0.180144 shuffled_R2=-0.029173
ALIGN ego[04] partner[04] R2=0.826438 NMSE=0.173562 shuffled_R2=-0.019181
Average ego-to-partner alignment R2: 0.833908 +- 0.007457 SE over 25 ego-partner pairs
Average alignment normalized MSE: 0.166092 +- 0.007457 SE
Average shuffled-control alignment R2: -0.019600 +- 0.000789 SE
Saved alignment results to zsc_results/lmpred_ablate/counter_circuit
Evaluating ZSC for method=lmpred_ablate, layout=coord_ring, prefix=checkpoints/lmpred_ablate/, result_name=lmpred_ablate, perspective_transform=false
Importing submoduled environments...
Submoduled environments not found. Skipping import.
LOADED: checkpoints/lmpred_ablate/coord_ring/baseline_seed_0_step_220.msgpack
LOADED: checkpoints/lmpred_ablate/coord_ring/baseline_seed_1_step_220.msgpack
LOADED: checkpoints/lmpred_ablate/coord_ring/baseline_seed_2_step_220.msgpack
LOADED: checkpoints/lmpred_ablate/coord_ring/baseline_seed_3_step_220.msgpack
LOADED: checkpoints/lmpred_ablate/coord_ring/baseline_seed_4_step_220.msgpack
ZSC[00, 00] = 272.494
ZSC[00, 01] = 116.305
ZSC[00, 02] = 254.803
ZSC[00, 03] = 100.433
ZSC[00, 04] = 267.659
ZSC[01, 00] = 115.602
ZSC[01, 01] = 309.856
ZSC[01, 02] = 261.269
ZSC[01, 03] = 306.144
ZSC[01, 04] = 244.719
ZSC[02, 00] = 255.767
ZSC[02, 01] = 261.803
ZSC[02, 02] = 288.786
ZSC[02, 03] = 52.466
ZSC[02, 04] = 285.592
ZSC[03, 00] = 98.770
ZSC[03, 01] = 293.830
ZSC[03, 02] = 53.236
ZSC[03, 03] = 311.270
ZSC[03, 04] = 127.033
ZSC[04, 00] = 267.525
ZSC[04, 01] = 245.433
ZSC[04, 02] = 285.609
ZSC[04, 03] = 127.561
ZSC[04, 04] = 290.380
Average SP performance (diagonal/self-copy): 294.557 +- 7.249 SE over 5 pairs
Average XP performance (off-diagonal/excluding self): 201.078 +- 19.852 SE over 20 ordered pairs
Saved ZSC results to zsc_results/lmpred_ablate/coord_ring
Saved ZSC heatmap to zsc_results/lmpred_ablate/coord_ring/xp_matrix.png
Using alignment rollout scale: ALIGN_PAIR_BATCH_SIZE=1, ALIGN_EVAL_NUM_EPISODES=128, ALIGN_EVAL_NUM_STEPS=400
ALIGN ego[00] partner[00] R2=0.864248 NMSE=0.135752 shuffled_R2=-0.017563
ALIGN ego[00] partner[01] R2=0.862593 NMSE=0.137407 shuffled_R2=-0.020250
ALIGN ego[00] partner[02] R2=0.851066 NMSE=0.148934 shuffled_R2=-0.016650
ALIGN ego[00] partner[03] R2=0.772746 NMSE=0.227254 shuffled_R2=-0.029294
ALIGN ego[00] partner[04] R2=0.893014 NMSE=0.106986 shuffled_R2=-0.015681
ALIGN ego[01] partner[00] R2=0.841388 NMSE=0.158612 shuffled_R2=-0.017430
ALIGN ego[01] partner[01] R2=0.919758 NMSE=0.080242 shuffled_R2=-0.015543
ALIGN ego[01] partner[02] R2=0.768345 NMSE=0.231655 shuffled_R2=-0.015839
ALIGN ego[01] partner[03] R2=0.922166 NMSE=0.077834 shuffled_R2=-0.015783
ALIGN ego[01] partner[04] R2=0.845662 NMSE=0.154338 shuffled_R2=-0.019229
ALIGN ego[02] partner[00] R2=0.832649 NMSE=0.167351 shuffled_R2=-0.017397
ALIGN ego[02] partner[01] R2=0.765455 NMSE=0.234545 shuffled_R2=-0.015386
ALIGN ego[02] partner[02] R2=0.898691 NMSE=0.101309 shuffled_R2=-0.014206
ALIGN ego[02] partner[03] R2=0.920000 NMSE=0.080000 shuffled_R2=-0.016372
ALIGN ego[02] partner[04] R2=0.872584 NMSE=0.127416 shuffled_R2=-0.012547
ALIGN ego[03] partner[00] R2=0.869299 NMSE=0.130701 shuffled_R2=-0.015357
ALIGN ego[03] partner[01] R2=0.898072 NMSE=0.101928 shuffled_R2=-0.017704
ALIGN ego[03] partner[02] R2=0.930286 NMSE=0.069714 shuffled_R2=-0.014805
ALIGN ego[03] partner[03] R2=0.888416 NMSE=0.111584 shuffled_R2=-0.015842
ALIGN ego[03] partner[04] R2=0.887421 NMSE=0.112579 shuffled_R2=-0.014673
ALIGN ego[04] partner[00] R2=0.900187 NMSE=0.099813 shuffled_R2=-0.014365
ALIGN ego[04] partner[01] R2=0.868444 NMSE=0.131556 shuffled_R2=-0.015566
ALIGN ego[04] partner[02] R2=0.879014 NMSE=0.120986 shuffled_R2=-0.014667
ALIGN ego[04] partner[03] R2=0.765071 NMSE=0.234929 shuffled_R2=-0.029750
ALIGN ego[04] partner[04] R2=0.836147 NMSE=0.163853 shuffled_R2=-0.028716
Average ego-to-partner alignment R2: 0.862109 +- 0.009974 SE over 25 ego-partner pairs
Average alignment normalized MSE: 0.137891 +- 0.009974 SE
Average shuffled-control alignment R2: -0.017625 +- 0.000935 SE
Saved alignment results to zsc_results/lmpred_ablate/coord_ring
Evaluating ZSC for method=lmpredlow, layout=cramped_room5x5, prefix=checkpoints/lmpredlow/, result_name=lmpredlow, perspective_transform=true
Importing submoduled environments...
Submoduled environments not found. Skipping import.
LOADED: checkpoints/lmpredlow/cramped_room5x5/baseline_seed_0_step_220.msgpack
LOADED: checkpoints/lmpredlow/cramped_room5x5/baseline_seed_1_step_220.msgpack
LOADED: checkpoints/lmpredlow/cramped_room5x5/baseline_seed_2_step_220.msgpack
LOADED: checkpoints/lmpredlow/cramped_room5x5/baseline_seed_3_step_220.msgpack
LOADED: checkpoints/lmpredlow/cramped_room5x5/baseline_seed_4_step_220.msgpack
ZSC[00, 00] = 244.550
ZSC[00, 01] = 195.087
ZSC[00, 02] = 210.462
ZSC[00, 03] = 237.188
ZSC[00, 04] = 205.650
ZSC[01, 00] = 194.941
ZSC[01, 01] = 233.066
ZSC[01, 02] = 211.814
ZSC[01, 03] = 230.252
ZSC[01, 04] = 202.409
ZSC[02, 00] = 211.264
ZSC[02, 01] = 210.552
ZSC[02, 02] = 222.169
ZSC[02, 03] = 120.284
ZSC[02, 04] = 170.941
ZSC[03, 00] = 237.356
ZSC[03, 01] = 230.508
ZSC[03, 02] = 119.906
ZSC[03, 03] = 234.064
ZSC[03, 04] = 175.452
ZSC[04, 00] = 204.950
ZSC[04, 01] = 201.156
ZSC[04, 02] = 170.636
ZSC[04, 03] = 175.247
ZSC[04, 04] = 195.037
Average SP performance (diagonal/self-copy): 225.777 +- 8.462 SE over 5 pairs
Average XP performance (off-diagonal/excluding self): 195.803 +- 7.356 SE over 20 ordered pairs
Saved ZSC results to zsc_results/lmpredlow/cramped_room5x5
Saved ZSC heatmap to zsc_results/lmpredlow/cramped_room5x5/xp_matrix.png
Using alignment rollout scale: ALIGN_PAIR_BATCH_SIZE=1, ALIGN_EVAL_NUM_EPISODES=128, ALIGN_EVAL_NUM_STEPS=400
ALIGN ego[00] partner[00] R2=0.949669 NMSE=0.050331 shuffled_R2=-0.013995
ALIGN ego[00] partner[01] R2=0.942276 NMSE=0.057724 shuffled_R2=-0.022141
ALIGN ego[00] partner[02] R2=0.879160 NMSE=0.120840 shuffled_R2=-0.072019
ALIGN ego[00] partner[03] R2=0.930150 NMSE=0.069850 shuffled_R2=-0.018940
ALIGN ego[00] partner[04] R2=0.930906 NMSE=0.069094 shuffled_R2=-0.016113
ALIGN ego[01] partner[00] R2=0.924793 NMSE=0.075207 shuffled_R2=-0.021570
ALIGN ego[01] partner[01] R2=0.942243 NMSE=0.057757 shuffled_R2=-0.018717
ALIGN ego[01] partner[02] R2=0.849390 NMSE=0.150610 shuffled_R2=-0.032966
ALIGN ego[01] partner[03] R2=0.922447 NMSE=0.077553 shuffled_R2=-0.017710
ALIGN ego[01] partner[04] R2=0.908075 NMSE=0.091925 shuffled_R2=-0.021907
ALIGN ego[02] partner[00] R2=0.835970 NMSE=0.164030 shuffled_R2=-0.054716
ALIGN ego[02] partner[01] R2=0.934310 NMSE=0.065690 shuffled_R2=-0.017555
ALIGN ego[02] partner[02] R2=0.911454 NMSE=0.088546 shuffled_R2=-0.022561
ALIGN ego[02] partner[03] R2=0.799730 NMSE=0.200270 shuffled_R2=-0.033521
ALIGN ego[02] partner[04] R2=0.922332 NMSE=0.077668 shuffled_R2=-0.019491
ALIGN ego[03] partner[00] R2=0.932570 NMSE=0.067430 shuffled_R2=-0.013121
ALIGN ego[03] partner[01] R2=0.944374 NMSE=0.055626 shuffled_R2=-0.016606
ALIGN ego[03] partner[02] R2=0.760764 NMSE=0.239236 shuffled_R2=-0.053587
ALIGN ego[03] partner[03] R2=0.931372 NMSE=0.068628 shuffled_R2=-0.017127
ALIGN ego[03] partner[04] R2=0.918432 NMSE=0.081568 shuffled_R2=-0.020306
ALIGN ego[04] partner[00] R2=0.932035 NMSE=0.067965 shuffled_R2=-0.015152
ALIGN ego[04] partner[01] R2=0.936466 NMSE=0.063534 shuffled_R2=-0.018989
ALIGN ego[04] partner[02] R2=0.926564 NMSE=0.073436 shuffled_R2=-0.018327
ALIGN ego[04] partner[03] R2=0.944525 NMSE=0.055475 shuffled_R2=-0.013718
ALIGN ego[04] partner[04] R2=0.916131 NMSE=0.083869 shuffled_R2=-0.015155
Average ego-to-partner alignment R2: 0.909046 +- 0.009578 SE over 25 ego-partner pairs
Average alignment normalized MSE: 0.090954 +- 0.009578 SE
Average shuffled-control alignment R2: -0.024240 +- 0.002938 SE
Saved alignment results to zsc_results/lmpredlow/cramped_room5x5
Evaluating ZSC for method=lmpredlow, layout=counter_circuit, prefix=checkpoints/lmpredlow/, result_name=lmpredlow, perspective_transform=true
Importing submoduled environments...
Submoduled environments not found. Skipping import.
LOADED: checkpoints/lmpredlow/counter_circuit/baseline_seed_0_step_380.msgpack
LOADED: checkpoints/lmpredlow/counter_circuit/baseline_seed_1_step_380.msgpack
LOADED: checkpoints/lmpredlow/counter_circuit/baseline_seed_2_step_380.msgpack
LOADED: checkpoints/lmpredlow/counter_circuit/baseline_seed_3_step_380.msgpack
LOADED: checkpoints/lmpredlow/counter_circuit/baseline_seed_4_step_380.msgpack
ZSC[00, 00] = 267.078
ZSC[00, 01] = 256.427
ZSC[00, 02] = 213.764
ZSC[00, 03] = 191.280
ZSC[00, 04] = 255.192
ZSC[01, 00] = 254.058
ZSC[01, 01] = 273.009
ZSC[01, 02] = 216.147
ZSC[01, 03] = 180.664
ZSC[01, 04] = 235.316
ZSC[02, 00] = 214.020
ZSC[02, 01] = 213.844
ZSC[02, 02] = 217.261
ZSC[02, 03] = 192.519
ZSC[02, 04] = 189.000
ZSC[03, 00] = 191.025
ZSC[03, 01] = 181.167
ZSC[03, 02] = 192.641
ZSC[03, 03] = 161.345
ZSC[03, 04] = 188.972
ZSC[04, 00] = 254.197
ZSC[04, 01] = 233.959
ZSC[04, 02] = 189.312
ZSC[04, 03] = 189.091
ZSC[04, 04] = 250.891
Average SP performance (diagonal/self-copy): 233.917 +- 20.567 SE over 5 pairs
Average XP performance (off-diagonal/excluding self): 211.630 +- 6.090 SE over 20 ordered pairs
Saved ZSC results to zsc_results/lmpredlow/counter_circuit
Saved ZSC heatmap to zsc_results/lmpredlow/counter_circuit/xp_matrix.png
Using alignment rollout scale: ALIGN_PAIR_BATCH_SIZE=1, ALIGN_EVAL_NUM_EPISODES=128, ALIGN_EVAL_NUM_STEPS=400
ALIGN ego[00] partner[00] R2=0.896159 NMSE=0.103841 shuffled_R2=-0.015095
ALIGN ego[00] partner[01] R2=0.841617 NMSE=0.158383 shuffled_R2=-0.018872
ALIGN ego[00] partner[02] R2=0.763803 NMSE=0.236197 shuffled_R2=-0.015277
ALIGN ego[00] partner[03] R2=0.777735 NMSE=0.222265 shuffled_R2=-0.018345
ALIGN ego[00] partner[04] R2=0.856660 NMSE=0.143340 shuffled_R2=-0.019815
ALIGN ego[01] partner[00] R2=0.864344 NMSE=0.135656 shuffled_R2=-0.015973
ALIGN ego[01] partner[01] R2=0.827653 NMSE=0.172347 shuffled_R2=-0.026766
ALIGN ego[01] partner[02] R2=0.803980 NMSE=0.196020 shuffled_R2=-0.015541
ALIGN ego[01] partner[03] R2=0.798002 NMSE=0.201998 shuffled_R2=-0.016203
ALIGN ego[01] partner[04] R2=0.845530 NMSE=0.154470 shuffled_R2=-0.016202
ALIGN ego[02] partner[00] R2=0.775875 NMSE=0.224125 shuffled_R2=-0.014733
ALIGN ego[02] partner[01] R2=0.767016 NMSE=0.232984 shuffled_R2=-0.014839
ALIGN ego[02] partner[02] R2=0.769867 NMSE=0.230133 shuffled_R2=-0.014155
ALIGN ego[02] partner[03] R2=0.747085 NMSE=0.252915 shuffled_R2=-0.018006
ALIGN ego[02] partner[04] R2=0.804779 NMSE=0.195221 shuffled_R2=-0.016481
ALIGN ego[03] partner[00] R2=0.755865 NMSE=0.244135 shuffled_R2=-0.014848
ALIGN ego[03] partner[01] R2=0.703421 NMSE=0.296579 shuffled_R2=-0.018226
ALIGN ego[03] partner[02] R2=0.763118 NMSE=0.236882 shuffled_R2=-0.015511
ALIGN ego[03] partner[03] R2=0.747243 NMSE=0.252757 shuffled_R2=-0.021875
ALIGN ego[03] partner[04] R2=0.801259 NMSE=0.198741 shuffled_R2=-0.016396
ALIGN ego[04] partner[00] R2=0.863188 NMSE=0.136812 shuffled_R2=-0.019347
ALIGN ego[04] partner[01] R2=0.852797 NMSE=0.147203 shuffled_R2=-0.015005
ALIGN ego[04] partner[02] R2=0.789502 NMSE=0.210498 shuffled_R2=-0.015410
ALIGN ego[04] partner[03] R2=0.854913 NMSE=0.145087 shuffled_R2=-0.013984
ALIGN ego[04] partner[04] R2=0.849660 NMSE=0.150340 shuffled_R2=-0.017002
Average ego-to-partner alignment R2: 0.804843 +- 0.009626 SE over 25 ego-partner pairs
Average alignment normalized MSE: 0.195157 +- 0.009626 SE
Average shuffled-control alignment R2: -0.016956 +- 0.000566 SE
Saved alignment results to zsc_results/lmpredlow/counter_circuit
Evaluating ZSC for method=lmpredlow, layout=coord_ring, prefix=checkpoints/lmpredlow/, result_name=lmpredlow, perspective_transform=true
Importing submoduled environments...
Submoduled environments not found. Skipping import.
LOADED: checkpoints/lmpredlow/coord_ring/baseline_seed_0_step_220.msgpack
LOADED: checkpoints/lmpredlow/coord_ring/baseline_seed_1_step_220.msgpack
LOADED: checkpoints/lmpredlow/coord_ring/baseline_seed_2_step_220.msgpack
LOADED: checkpoints/lmpredlow/coord_ring/baseline_seed_3_step_220.msgpack
LOADED: checkpoints/lmpredlow/coord_ring/baseline_seed_4_step_220.msgpack
ZSC[00, 00] = 284.594
ZSC[00, 01] = 164.403
ZSC[00, 02] = 283.772
ZSC[00, 03] = 287.323
ZSC[00, 04] = 288.644
ZSC[01, 00] = 164.983
ZSC[01, 01] = 239.498
ZSC[01, 02] = 218.052
ZSC[01, 03] = 148.889
ZSC[01, 04] = 185.555
ZSC[02, 00] = 283.455
ZSC[02, 01] = 219.045
ZSC[02, 02] = 297.298
ZSC[02, 03] = 272.181
ZSC[02, 04] = 244.428
ZSC[03, 00] = 286.886
ZSC[03, 01] = 149.978
ZSC[03, 02] = 272.531
ZSC[03, 03] = 248.000
ZSC[03, 04] = 278.061
ZSC[04, 00] = 288.016
ZSC[04, 01] = 183.677
ZSC[04, 02] = 244.020
ZSC[04, 03] = 277.708
ZSC[04, 04] = 274.600
Average SP performance (diagonal/self-copy): 268.798 +- 10.924 SE over 5 pairs
Average XP performance (off-diagonal/excluding self): 237.080 +- 11.759 SE over 20 ordered pairs
Saved ZSC results to zsc_results/lmpredlow/coord_ring
Saved ZSC heatmap to zsc_results/lmpredlow/coord_ring/xp_matrix.png
Using alignment rollout scale: ALIGN_PAIR_BATCH_SIZE=1, ALIGN_EVAL_NUM_EPISODES=128, ALIGN_EVAL_NUM_STEPS=400
ALIGN ego[00] partner[00] R2=0.898991 NMSE=0.101009 shuffled_R2=-0.016676
ALIGN ego[00] partner[01] R2=0.881456 NMSE=0.118544 shuffled_R2=-0.016056
ALIGN ego[00] partner[02] R2=0.821181 NMSE=0.178819 shuffled_R2=-0.017879
ALIGN ego[00] partner[03] R2=0.910794 NMSE=0.089206 shuffled_R2=-0.014968
ALIGN ego[00] partner[04] R2=0.901956 NMSE=0.098044 shuffled_R2=-0.015032
ALIGN ego[01] partner[00] R2=0.862881 NMSE=0.137119 shuffled_R2=-0.016076
ALIGN ego[01] partner[01] R2=0.849926 NMSE=0.150074 shuffled_R2=-0.021031
ALIGN ego[01] partner[02] R2=0.879029 NMSE=0.120971 shuffled_R2=-0.016946
ALIGN ego[01] partner[03] R2=0.800878 NMSE=0.199122 shuffled_R2=-0.019762
ALIGN ego[01] partner[04] R2=0.777700 NMSE=0.222300 shuffled_R2=-0.016179
ALIGN ego[02] partner[00] R2=0.843400 NMSE=0.156600 shuffled_R2=-0.017269
ALIGN ego[02] partner[01] R2=0.829838 NMSE=0.170162 shuffled_R2=-0.024422
ALIGN ego[02] partner[02] R2=0.928178 NMSE=0.071822 shuffled_R2=-0.015624
ALIGN ego[02] partner[03] R2=0.862542 NMSE=0.137458 shuffled_R2=-0.018853
ALIGN ego[02] partner[04] R2=0.706212 NMSE=0.293788 shuffled_R2=-0.043494
ALIGN ego[03] partner[00] R2=0.865660 NMSE=0.134340 shuffled_R2=-0.022719
ALIGN ego[03] partner[01] R2=0.714881 NMSE=0.285119 shuffled_R2=-0.031180
ALIGN ego[03] partner[02] R2=0.862111 NMSE=0.137889 shuffled_R2=-0.017918
ALIGN ego[03] partner[03] R2=0.859898 NMSE=0.140102 shuffled_R2=-0.038971
ALIGN ego[03] partner[04] R2=0.804185 NMSE=0.195815 shuffled_R2=-0.020078
ALIGN ego[04] partner[00] R2=0.880386 NMSE=0.119614 shuffled_R2=-0.015680
ALIGN ego[04] partner[01] R2=0.796029 NMSE=0.203971 shuffled_R2=-0.017351
ALIGN ego[04] partner[02] R2=0.865270 NMSE=0.134730 shuffled_R2=-0.015560
ALIGN ego[04] partner[03] R2=0.847294 NMSE=0.152706 shuffled_R2=-0.015809
ALIGN ego[04] partner[04] R2=0.868252 NMSE=0.131748 shuffled_R2=-0.019832
Average ego-to-partner alignment R2: 0.844757 +- 0.010896 SE over 25 ego-partner pairs
Average alignment normalized MSE: 0.155243 +- 0.010896 SE
Average shuffled-control alignment R2: -0.020215 +- 0.001460 SE
Saved alignment results to zsc_results/lmpredlow/coord_ring
Evaluating ZSC for method=lmpredlow_ablate, layout=cramped_room5x5, prefix=checkpoints/lmpredlow_ablate/, result_name=lmpredlow_ablate, perspective_transform=false
Importing submoduled environments...
Submoduled environments not found. Skipping import.
LOADED: checkpoints/lmpredlow_ablate/cramped_room5x5/baseline_seed_0_step_220.msgpack
LOADED: checkpoints/lmpredlow_ablate/cramped_room5x5/baseline_seed_1_step_220.msgpack
LOADED: checkpoints/lmpredlow_ablate/cramped_room5x5/baseline_seed_2_step_220.msgpack
LOADED: checkpoints/lmpredlow_ablate/cramped_room5x5/baseline_seed_3_step_220.msgpack
LOADED: checkpoints/lmpredlow_ablate/cramped_room5x5/baseline_seed_4_step_220.msgpack
ZSC[00, 00] = 231.331
ZSC[00, 01] = 42.195
ZSC[00, 02] = 221.142
ZSC[00, 03] = 220.289
ZSC[00, 04] = 188.934
ZSC[01, 00] = 42.427
ZSC[01, 01] = 230.819
ZSC[01, 02] = 8.250
ZSC[01, 03] = 10.072
ZSC[01, 04] = 62.820
ZSC[02, 00] = 221.395
ZSC[02, 01] = 8.458
ZSC[02, 02] = 241.619
ZSC[02, 03] = 234.353
ZSC[02, 04] = 158.203
ZSC[03, 00] = 221.530
ZSC[03, 01] = 10.398
ZSC[03, 02] = 234.241
ZSC[03, 03] = 236.558
ZSC[03, 04] = 160.650
ZSC[04, 00] = 189.363
ZSC[04, 01] = 64.816
ZSC[04, 02] = 157.819
ZSC[04, 03] = 161.420
ZSC[04, 04] = 120.583
Average SP performance (diagonal/self-copy): 212.182 +- 22.984 SE over 5 pairs
Average XP performance (off-diagonal/excluding self): 130.939 +- 19.725 SE over 20 ordered pairs
Saved ZSC results to zsc_results/lmpredlow_ablate/cramped_room5x5
Saved ZSC heatmap to zsc_results/lmpredlow_ablate/cramped_room5x5/xp_matrix.png
Using alignment rollout scale: ALIGN_PAIR_BATCH_SIZE=1, ALIGN_EVAL_NUM_EPISODES=128, ALIGN_EVAL_NUM_STEPS=400
ALIGN ego[00] partner[00] R2=0.910402 NMSE=0.089598 shuffled_R2=-0.015415
ALIGN ego[00] partner[01] R2=0.928732 NMSE=0.071268 shuffled_R2=-0.018618
ALIGN ego[00] partner[02] R2=0.913872 NMSE=0.086128 shuffled_R2=-0.026807
ALIGN ego[00] partner[03] R2=0.908312 NMSE=0.091688 shuffled_R2=-0.019232
ALIGN ego[00] partner[04] R2=0.941176 NMSE=0.058824 shuffled_R2=-0.018747
ALIGN ego[01] partner[00] R2=0.932513 NMSE=0.067487 shuffled_R2=-0.017344
ALIGN ego[01] partner[01] R2=0.930967 NMSE=0.069033 shuffled_R2=-0.015417
ALIGN ego[01] partner[02] R2=0.954838 NMSE=0.045162 shuffled_R2=-0.018229
ALIGN ego[01] partner[03] R2=0.934412 NMSE=0.065588 shuffled_R2=-0.016755
ALIGN ego[01] partner[04] R2=0.950162 NMSE=0.049838 shuffled_R2=-0.021262
ALIGN ego[02] partner[00] R2=0.944309 NMSE=0.055691 shuffled_R2=-0.015258
ALIGN ego[02] partner[01] R2=0.867100 NMSE=0.132900 shuffled_R2=-0.041323
ALIGN ego[02] partner[02] R2=0.946094 NMSE=0.053906 shuffled_R2=-0.017504
ALIGN ego[02] partner[03] R2=0.956262 NMSE=0.043738 shuffled_R2=-0.022180
ALIGN ego[02] partner[04] R2=0.924050 NMSE=0.075950 shuffled_R2=-0.022871
ALIGN ego[03] partner[00] R2=0.913473 NMSE=0.086527 shuffled_R2=-0.016031
ALIGN ego[03] partner[01] R2=0.392348 NMSE=0.607652 shuffled_R2=-0.110598
ALIGN ego[03] partner[02] R2=0.951755 NMSE=0.048245 shuffled_R2=-0.017466
ALIGN ego[03] partner[03] R2=0.932664 NMSE=0.067336 shuffled_R2=-0.020500
ALIGN ego[03] partner[04] R2=0.935033 NMSE=0.064967 shuffled_R2=-0.020626
ALIGN ego[04] partner[00] R2=0.946783 NMSE=0.053217 shuffled_R2=-0.014143
ALIGN ego[04] partner[01] R2=0.883805 NMSE=0.116195 shuffled_R2=-0.027888
ALIGN ego[04] partner[02] R2=0.889667 NMSE=0.110333 shuffled_R2=-0.025440
ALIGN ego[04] partner[03] R2=0.931283 NMSE=0.068717 shuffled_R2=-0.015897
ALIGN ego[04] partner[04] R2=0.891263 NMSE=0.108737 shuffled_R2=-0.021732
Average ego-to-partner alignment R2: 0.904451 +- 0.021852 SE over 25 ego-partner pairs
Average alignment normalized MSE: 0.095549 +- 0.021852 SE
Average shuffled-control alignment R2: -0.023891 +- 0.003788 SE
Saved alignment results to zsc_results/lmpredlow_ablate/cramped_room5x5
Evaluating ZSC for method=lmpredlow_ablate, layout=counter_circuit, prefix=checkpoints/lmpredlow_ablate/, result_name=lmpredlow_ablate, perspective_transform=false
Importing submoduled environments...
Submoduled environments not found. Skipping import.
LOADED: checkpoints/lmpredlow_ablate/counter_circuit/baseline_seed_0_step_380.msgpack
LOADED: checkpoints/lmpredlow_ablate/counter_circuit/baseline_seed_1_step_380.msgpack
LOADED: checkpoints/lmpredlow_ablate/counter_circuit/baseline_seed_2_step_380.msgpack
LOADED: checkpoints/lmpredlow_ablate/counter_circuit/baseline_seed_3_step_380.msgpack
LOADED: checkpoints/lmpredlow_ablate/counter_circuit/baseline_seed_4_step_380.msgpack
ZSC[00, 00] = 285.233
ZSC[00, 01] = 270.730
ZSC[00, 02] = 242.395
ZSC[00, 03] = 245.402
ZSC[00, 04] = 236.475
ZSC[01, 00] = 269.150
ZSC[01, 01] = 259.237
ZSC[01, 02] = 233.703
ZSC[01, 03] = 231.314
ZSC[01, 04] = 236.691
ZSC[02, 00] = 240.755
ZSC[02, 01] = 233.406
ZSC[02, 02] = 230.302
ZSC[02, 03] = 227.992
ZSC[02, 04] = 237.284
ZSC[03, 00] = 249.056
ZSC[03, 01] = 238.611
ZSC[03, 02] = 229.511
ZSC[03, 03] = 245.631
ZSC[03, 04] = 237.584
ZSC[04, 00] = 237.794
ZSC[04, 01] = 235.916
ZSC[04, 02] = 237.872
ZSC[04, 03] = 237.652
ZSC[04, 04] = 243.428
Average SP performance (diagonal/self-copy): 252.766 +- 9.324 SE over 5 pairs
Average XP performance (off-diagonal/excluding self): 240.465 +- 2.508 SE over 20 ordered pairs
Saved ZSC results to zsc_results/lmpredlow_ablate/counter_circuit
Saved ZSC heatmap to zsc_results/lmpredlow_ablate/counter_circuit/xp_matrix.png
Using alignment rollout scale: ALIGN_PAIR_BATCH_SIZE=1, ALIGN_EVAL_NUM_EPISODES=128, ALIGN_EVAL_NUM_STEPS=400
ALIGN ego[00] partner[00] R2=0.876990 NMSE=0.123010 shuffled_R2=-0.017044
ALIGN ego[00] partner[01] R2=0.880933 NMSE=0.119067 shuffled_R2=-0.015637
ALIGN ego[00] partner[02] R2=0.833622 NMSE=0.166378 shuffled_R2=-0.017535
ALIGN ego[00] partner[03] R2=0.824555 NMSE=0.175445 shuffled_R2=-0.016298
ALIGN ego[00] partner[04] R2=0.865093 NMSE=0.134907 shuffled_R2=-0.016799
ALIGN ego[01] partner[00] R2=0.776351 NMSE=0.223649 shuffled_R2=-0.034576
ALIGN ego[01] partner[01] R2=0.811398 NMSE=0.188602 shuffled_R2=-0.020338
ALIGN ego[01] partner[02] R2=0.851386 NMSE=0.148614 shuffled_R2=-0.019499
ALIGN ego[01] partner[03] R2=0.787888 NMSE=0.212112 shuffled_R2=-0.016937
ALIGN ego[01] partner[04] R2=0.849397 NMSE=0.150603 shuffled_R2=-0.015353
ALIGN ego[02] partner[00] R2=0.857866 NMSE=0.142134 shuffled_R2=-0.017697
ALIGN ego[02] partner[01] R2=0.853152 NMSE=0.146848 shuffled_R2=-0.016988
ALIGN ego[02] partner[02] R2=0.818858 NMSE=0.181142 shuffled_R2=-0.021433
ALIGN ego[02] partner[03] R2=0.856174 NMSE=0.143826 shuffled_R2=-0.017510
ALIGN ego[02] partner[04] R2=0.846166 NMSE=0.153834 shuffled_R2=-0.017751
ALIGN ego[03] partner[00] R2=0.846794 NMSE=0.153206 shuffled_R2=-0.014504
ALIGN ego[03] partner[01] R2=0.758289 NMSE=0.241711 shuffled_R2=-0.020617
ALIGN ego[03] partner[02] R2=0.848149 NMSE=0.151851 shuffled_R2=-0.017543
ALIGN ego[03] partner[03] R2=0.819331 NMSE=0.180669 shuffled_R2=-0.016184
ALIGN ego[03] partner[04] R2=0.815082 NMSE=0.184918 shuffled_R2=-0.016584
ALIGN ego[04] partner[00] R2=0.821887 NMSE=0.178113 shuffled_R2=-0.021212
ALIGN ego[04] partner[01] R2=0.838143 NMSE=0.161857 shuffled_R2=-0.014977
ALIGN ego[04] partner[02] R2=0.825599 NMSE=0.174401 shuffled_R2=-0.019484
ALIGN ego[04] partner[03] R2=0.824676 NMSE=0.175324 shuffled_R2=-0.015683
ALIGN ego[04] partner[04] R2=0.859695 NMSE=0.140305 shuffled_R2=-0.014568
Average ego-to-partner alignment R2: 0.833899 +- 0.005925 SE over 25 ego-partner pairs
Average alignment normalized MSE: 0.166101 +- 0.005925 SE
Average shuffled-control alignment R2: -0.018110 +- 0.000794 SE
Saved alignment results to zsc_results/lmpredlow_ablate/counter_circuit
Evaluating ZSC for method=lmpredlow_ablate, layout=coord_ring, prefix=checkpoints/lmpredlow_ablate/, result_name=lmpredlow_ablate, perspective_transform=false
Importing submoduled environments...
Submoduled environments not found. Skipping import.
LOADED: checkpoints/lmpredlow_ablate/coord_ring/baseline_seed_0_step_220.msgpack
LOADED: checkpoints/lmpredlow_ablate/coord_ring/baseline_seed_1_step_220.msgpack
LOADED: checkpoints/lmpredlow_ablate/coord_ring/baseline_seed_2_step_220.msgpack
LOADED: checkpoints/lmpredlow_ablate/coord_ring/baseline_seed_3_step_220.msgpack
LOADED: checkpoints/lmpredlow_ablate/coord_ring/baseline_seed_4_step_220.msgpack
ZSC[00, 00] = 279.430
ZSC[00, 01] = 244.819
ZSC[00, 02] = 293.555
ZSC[00, 03] = 76.287
ZSC[00, 04] = 232.667
ZSC[01, 00] = 249.275
ZSC[01, 01] = 298.020
ZSC[01, 02] = 226.953
ZSC[01, 03] = 38.889
ZSC[01, 04] = 228.464
ZSC[02, 00] = 293.122
ZSC[02, 01] = 225.444
ZSC[02, 02] = 298.042
ZSC[02, 03] = 26.589
ZSC[02, 04] = 237.758
ZSC[03, 00] = 87.855
ZSC[03, 01] = 38.300
ZSC[03, 02] = 27.014
ZSC[03, 03] = 289.352
ZSC[03, 04] = 92.647
ZSC[04, 00] = 231.389
ZSC[04, 01] = 227.969
ZSC[04, 02] = 237.980
ZSC[04, 03] = 91.056
ZSC[04, 04] = 282.030
Average SP performance (diagonal/self-copy): 289.375 +- 3.891 SE over 5 pairs
Average XP performance (off-diagonal/excluding self): 170.402 +- 21.497 SE over 20 ordered pairs
Saved ZSC results to zsc_results/lmpredlow_ablate/coord_ring
Saved ZSC heatmap to zsc_results/lmpredlow_ablate/coord_ring/xp_matrix.png
Using alignment rollout scale: ALIGN_PAIR_BATCH_SIZE=1, ALIGN_EVAL_NUM_EPISODES=128, ALIGN_EVAL_NUM_STEPS=400
ALIGN ego[00] partner[00] R2=0.886445 NMSE=0.113555 shuffled_R2=-0.015772
ALIGN ego[00] partner[01] R2=0.805388 NMSE=0.194612 shuffled_R2=-0.015379
ALIGN ego[00] partner[02] R2=0.825316 NMSE=0.174684 shuffled_R2=-0.020668
ALIGN ego[00] partner[03] R2=0.872699 NMSE=0.127301 shuffled_R2=-0.022005
ALIGN ego[00] partner[04] R2=0.860444 NMSE=0.139556 shuffled_R2=-0.013528
ALIGN ego[01] partner[00] R2=0.823819 NMSE=0.176181 shuffled_R2=-0.017681
ALIGN ego[01] partner[01] R2=0.947875 NMSE=0.052125 shuffled_R2=-0.016805
ALIGN ego[01] partner[02] R2=0.893038 NMSE=0.106962 shuffled_R2=-0.013986
ALIGN ego[01] partner[03] R2=0.919846 NMSE=0.080154 shuffled_R2=-0.024173
ALIGN ego[01] partner[04] R2=0.945820 NMSE=0.054180 shuffled_R2=-0.016265
ALIGN ego[02] partner[00] R2=0.863697 NMSE=0.136303 shuffled_R2=-0.017638
ALIGN ego[02] partner[01] R2=0.847891 NMSE=0.152109 shuffled_R2=-0.018150
ALIGN ego[02] partner[02] R2=0.838126 NMSE=0.161874 shuffled_R2=-0.017337
ALIGN ego[02] partner[03] R2=0.763177 NMSE=0.236823 shuffled_R2=-0.067566
ALIGN ego[02] partner[04] R2=0.861281 NMSE=0.138719 shuffled_R2=-0.014845
ALIGN ego[03] partner[00] R2=0.787930 NMSE=0.212070 shuffled_R2=-0.049707
ALIGN ego[03] partner[01] R2=0.834278 NMSE=0.165722 shuffled_R2=-0.033617
ALIGN ego[03] partner[02] R2=0.847123 NMSE=0.152877 shuffled_R2=-0.030257
ALIGN ego[03] partner[03] R2=0.740032 NMSE=0.259968 shuffled_R2=-0.045931
ALIGN ego[03] partner[04] R2=0.807471 NMSE=0.192529 shuffled_R2=-0.022481
ALIGN ego[04] partner[00] R2=0.841476 NMSE=0.158524 shuffled_R2=-0.015875
ALIGN ego[04] partner[01] R2=0.893846 NMSE=0.106154 shuffled_R2=-0.020391
ALIGN ego[04] partner[02] R2=0.847357 NMSE=0.152643 shuffled_R2=-0.016001
ALIGN ego[04] partner[03] R2=0.907908 NMSE=0.092092 shuffled_R2=-0.021429
ALIGN ego[04] partner[04] R2=0.954897 NMSE=0.045103 shuffled_R2=-0.016403
Average ego-to-partner alignment R2: 0.856687 +- 0.010953 SE over 25 ego-partner pairs
Average alignment normalized MSE: 0.143313 +- 0.010953 SE
Average shuffled-control alignment R2: -0.023356 +- 0.002612 SE
Saved alignment results to zsc_results/lmpredlow_ablate/coord_ring
Evaluating ZSC for method=lmpredlow_ema, layout=cramped_room5x5, prefix=checkpoints/lmpredlow_ema/, result_name=lmpredlow_ema, perspective_transform=true
Importing submoduled environments...
Submoduled environments not found. Skipping import.
LOADED: checkpoints/lmpredlow_ema/cramped_room5x5/baseline_seed_0_step_220.msgpack
LOADED: checkpoints/lmpredlow_ema/cramped_room5x5/baseline_seed_1_step_220.msgpack
LOADED: checkpoints/lmpredlow_ema/cramped_room5x5/baseline_seed_2_step_220.msgpack
LOADED: checkpoints/lmpredlow_ema/cramped_room5x5/baseline_seed_3_step_220.msgpack
LOADED: checkpoints/lmpredlow_ema/cramped_room5x5/baseline_seed_4_step_220.msgpack
ZSC[00, 00] = 198.822
ZSC[00, 01] = 210.222
ZSC[00, 02] = 181.239
ZSC[00, 03] = 197.073
ZSC[00, 04] = 209.789
ZSC[01, 00] = 210.041
ZSC[01, 01] = 251.545
ZSC[01, 02] = 125.044
ZSC[01, 03] = 188.075
ZSC[01, 04] = 201.967
ZSC[02, 00] = 181.148
ZSC[02, 01] = 124.217
ZSC[02, 02] = 239.786
ZSC[02, 03] = 167.556
ZSC[02, 04] = 214.416
ZSC[03, 00] = 197.950
ZSC[03, 01] = 188.222
ZSC[03, 02] = 166.102
ZSC[03, 03] = 237.834
ZSC[03, 04] = 220.347
ZSC[04, 00] = 208.572
ZSC[04, 01] = 201.902
ZSC[04, 02] = 214.348
ZSC[04, 03] = 219.173
ZSC[04, 04] = 234.517
Average SP performance (diagonal/self-copy): 232.501 +- 8.895 SE over 5 pairs
Average XP performance (off-diagonal/excluding self): 191.370 +- 6.210 SE over 20 ordered pairs
Saved ZSC results to zsc_results/lmpredlow_ema/cramped_room5x5
Saved ZSC heatmap to zsc_results/lmpredlow_ema/cramped_room5x5/xp_matrix.png
Using alignment rollout scale: ALIGN_PAIR_BATCH_SIZE=1, ALIGN_EVAL_NUM_EPISODES=128, ALIGN_EVAL_NUM_STEPS=400
ALIGN ego[00] partner[00] R2=0.816170 NMSE=0.183830 shuffled_R2=-0.024253
ALIGN ego[00] partner[01] R2=0.882519 NMSE=0.117481 shuffled_R2=-0.023966
ALIGN ego[00] partner[02] R2=0.911687 NMSE=0.088313 shuffled_R2=-0.017508
ALIGN ego[00] partner[03] R2=0.908326 NMSE=0.091674 shuffled_R2=-0.017154
ALIGN ego[00] partner[04] R2=0.902341 NMSE=0.097659 shuffled_R2=-0.018248
ALIGN ego[01] partner[00] R2=0.885072 NMSE=0.114928 shuffled_R2=-0.018480
ALIGN ego[01] partner[01] R2=0.939965 NMSE=0.060035 shuffled_R2=-0.014299
ALIGN ego[01] partner[02] R2=0.945488 NMSE=0.054512 shuffled_R2=-0.017134
ALIGN ego[01] partner[03] R2=0.933703 NMSE=0.066297 shuffled_R2=-0.017664
ALIGN ego[01] partner[04] R2=0.931215 NMSE=0.068785 shuffled_R2=-0.018982
ALIGN ego[02] partner[00] R2=0.913762 NMSE=0.086238 shuffled_R2=-0.015635
ALIGN ego[02] partner[01] R2=0.961178 NMSE=0.038822 shuffled_R2=-0.013558
ALIGN ego[02] partner[02] R2=0.918217 NMSE=0.081783 shuffled_R2=-0.015214
ALIGN ego[02] partner[03] R2=0.953250 NMSE=0.046750 shuffled_R2=-0.018429
ALIGN ego[02] partner[04] R2=0.937070 NMSE=0.062930 shuffled_R2=-0.016748
ALIGN ego[03] partner[00] R2=0.894101 NMSE=0.105899 shuffled_R2=-0.014220
ALIGN ego[03] partner[01] R2=0.929275 NMSE=0.070725 shuffled_R2=-0.017425
ALIGN ego[03] partner[02] R2=0.954200 NMSE=0.045800 shuffled_R2=-0.016418
ALIGN ego[03] partner[03] R2=0.796138 NMSE=0.203862 shuffled_R2=-0.047891
ALIGN ego[03] partner[04] R2=0.933343 NMSE=0.066657 shuffled_R2=-0.017077
ALIGN ego[04] partner[00] R2=0.885193 NMSE=0.114807 shuffled_R2=-0.021078
ALIGN ego[04] partner[01] R2=0.942627 NMSE=0.057373 shuffled_R2=-0.016105
ALIGN ego[04] partner[02] R2=0.920877 NMSE=0.079123 shuffled_R2=-0.017683
ALIGN ego[04] partner[03] R2=0.928764 NMSE=0.071236 shuffled_R2=-0.019953
ALIGN ego[04] partner[04] R2=0.952220 NMSE=0.047780 shuffled_R2=-0.015999
Average ego-to-partner alignment R2: 0.915068 +- 0.007968 SE over 25 ego-partner pairs
Average alignment normalized MSE: 0.084932 +- 0.007968 SE
Average shuffled-control alignment R2: -0.018845 +- 0.001317 SE
Saved alignment results to zsc_results/lmpredlow_ema/cramped_room5x5
Evaluating ZSC for method=lmpredlow_ema, layout=counter_circuit, prefix=checkpoints/lmpredlow_ema/, result_name=lmpredlow_ema, perspective_transform=true
Importing submoduled environments...
Submoduled environments not found. Skipping import.
LOADED: checkpoints/lmpredlow_ema/counter_circuit/baseline_seed_0_step_380.msgpack
LOADED: checkpoints/lmpredlow_ema/counter_circuit/baseline_seed_1_step_380.msgpack
LOADED: checkpoints/lmpredlow_ema/counter_circuit/baseline_seed_2_step_380.msgpack
LOADED: checkpoints/lmpredlow_ema/counter_circuit/baseline_seed_3_step_380.msgpack
LOADED: checkpoints/lmpredlow_ema/counter_circuit/baseline_seed_4_step_380.msgpack
ZSC[00, 00] = 212.909
ZSC[00, 01] = 191.825
ZSC[00, 02] = 218.559
ZSC[00, 03] = 216.422
ZSC[00, 04] = 207.941
ZSC[01, 00] = 183.473
ZSC[01, 01] = 249.333
ZSC[01, 02] = 159.633
ZSC[01, 03] = 174.086
ZSC[01, 04] = 177.572
ZSC[02, 00] = 217.897
ZSC[02, 01] = 166.102
ZSC[02, 02] = 220.366
ZSC[02, 03] = 210.986
ZSC[02, 04] = 217.478
ZSC[03, 00] = 217.344
ZSC[03, 01] = 185.603
ZSC[03, 02] = 198.070
ZSC[03, 03] = 243.094
ZSC[03, 04] = 237.287
ZSC[04, 00] = 208.048
ZSC[04, 01] = 179.547
ZSC[04, 02] = 213.984
ZSC[04, 03] = 235.319
ZSC[04, 04] = 223.392
Average SP performance (diagonal/self-copy): 229.819 +- 6.977 SE over 5 pairs
Average XP performance (off-diagonal/excluding self): 200.859 +- 5.008 SE over 20 ordered pairs
Saved ZSC results to zsc_results/lmpredlow_ema/counter_circuit
Saved ZSC heatmap to zsc_results/lmpredlow_ema/counter_circuit/xp_matrix.png
Using alignment rollout scale: ALIGN_PAIR_BATCH_SIZE=1, ALIGN_EVAL_NUM_EPISODES=128, ALIGN_EVAL_NUM_STEPS=400
ALIGN ego[00] partner[00] R2=0.840071 NMSE=0.159929 shuffled_R2=-0.016596
ALIGN ego[00] partner[01] R2=0.824846 NMSE=0.175154 shuffled_R2=-0.017985
ALIGN ego[00] partner[02] R2=0.825685 NMSE=0.174315 shuffled_R2=-0.017254
ALIGN ego[00] partner[03] R2=0.802617 NMSE=0.197383 shuffled_R2=-0.018829
ALIGN ego[00] partner[04] R2=0.800514 NMSE=0.199486 shuffled_R2=-0.020185
ALIGN ego[01] partner[00] R2=0.807344 NMSE=0.192656 shuffled_R2=-0.017369
ALIGN ego[01] partner[01] R2=0.798779 NMSE=0.201221 shuffled_R2=-0.018033
ALIGN ego[01] partner[02] R2=0.810114 NMSE=0.189886 shuffled_R2=-0.015950
ALIGN ego[01] partner[03] R2=0.770200 NMSE=0.229800 shuffled_R2=-0.021039
ALIGN ego[01] partner[04] R2=0.761087 NMSE=0.238913 shuffled_R2=-0.019051
ALIGN ego[02] partner[00] R2=0.816827 NMSE=0.183173 shuffled_R2=-0.021166
ALIGN ego[02] partner[01] R2=0.789703 NMSE=0.210297 shuffled_R2=-0.015647
ALIGN ego[02] partner[02] R2=0.858187 NMSE=0.141813 shuffled_R2=-0.015678
ALIGN ego[02] partner[03] R2=0.798104 NMSE=0.201896 shuffled_R2=-0.015977
ALIGN ego[02] partner[04] R2=0.788385 NMSE=0.211615 shuffled_R2=-0.014974
ALIGN ego[03] partner[00] R2=0.827978 NMSE=0.172022 shuffled_R2=-0.016766
ALIGN ego[03] partner[01] R2=0.755948 NMSE=0.244052 shuffled_R2=-0.018410
ALIGN ego[03] partner[02] R2=0.855185 NMSE=0.144815 shuffled_R2=-0.015697
ALIGN ego[03] partner[03] R2=0.837513 NMSE=0.162487 shuffled_R2=-0.014277
ALIGN ego[03] partner[04] R2=0.686583 NMSE=0.313417 shuffled_R2=-0.028494
ALIGN ego[04] partner[00] R2=0.796072 NMSE=0.203928 shuffled_R2=-0.016691
ALIGN ego[04] partner[01] R2=0.759205 NMSE=0.240795 shuffled_R2=-0.016977
ALIGN ego[04] partner[02] R2=0.832103 NMSE=0.167897 shuffled_R2=-0.014965
ALIGN ego[04] partner[03] R2=0.866379 NMSE=0.133621 shuffled_R2=-0.017121
ALIGN ego[04] partner[04] R2=0.723840 NMSE=0.276160 shuffled_R2=-0.023956
Average ego-to-partner alignment R2: 0.801331 +- 0.008394 SE over 25 ego-partner pairs
Average alignment normalized MSE: 0.198669 +- 0.008394 SE
Average shuffled-control alignment R2: -0.017964 +- 0.000628 SE
Saved alignment results to zsc_results/lmpredlow_ema/counter_circuit
Evaluating ZSC for method=lmpredlow_ema, layout=coord_ring, prefix=checkpoints/lmpredlow_ema/, result_name=lmpredlow_ema, perspective_transform=true
Importing submoduled environments...
Submoduled environments not found. Skipping import.
LOADED: checkpoints/lmpredlow_ema/coord_ring/baseline_seed_0_step_220.msgpack
LOADED: checkpoints/lmpredlow_ema/coord_ring/baseline_seed_1_step_220.msgpack
LOADED: checkpoints/lmpredlow_ema/coord_ring/baseline_seed_2_step_220.msgpack
LOADED: checkpoints/lmpredlow_ema/coord_ring/baseline_seed_3_step_220.msgpack
LOADED: checkpoints/lmpredlow_ema/coord_ring/baseline_seed_4_step_220.msgpack
ZSC[00, 00] = 258.417
ZSC[00, 01] = 241.453
ZSC[00, 02] = 234.497
ZSC[00, 03] = 173.719
ZSC[00, 04] = 283.727
ZSC[01, 00] = 240.589
ZSC[01, 01] = 252.344
ZSC[01, 02] = 233.152
ZSC[01, 03] = 226.525
ZSC[01, 04] = 262.608
ZSC[02, 00] = 234.508
ZSC[02, 01] = 233.722
ZSC[02, 02] = 286.736
ZSC[02, 03] = 266.492
ZSC[02, 04] = 232.475
ZSC[03, 00] = 172.533
ZSC[03, 01] = 226.617
ZSC[03, 02] = 266.066
ZSC[03, 03] = 307.423
ZSC[03, 04] = 221.598
ZSC[04, 00] = 284.837
ZSC[04, 01] = 262.844
ZSC[04, 02] = 232.695
ZSC[04, 03] = 220.803
ZSC[04, 04] = 272.573
Average SP performance (diagonal/self-copy): 275.499 +- 9.955 SE over 5 pairs
Average XP performance (off-diagonal/excluding self): 237.573 +- 6.588 SE over 20 ordered pairs
Saved ZSC results to zsc_results/lmpredlow_ema/coord_ring
Saved ZSC heatmap to zsc_results/lmpredlow_ema/coord_ring/xp_matrix.png
Using alignment rollout scale: ALIGN_PAIR_BATCH_SIZE=1, ALIGN_EVAL_NUM_EPISODES=128, ALIGN_EVAL_NUM_STEPS=400
ALIGN ego[00] partner[00] R2=0.826353 NMSE=0.173647 shuffled_R2=-0.020036
ALIGN ego[00] partner[01] R2=0.791280 NMSE=0.208720 shuffled_R2=-0.021232
ALIGN ego[00] partner[02] R2=0.902520 NMSE=0.097480 shuffled_R2=-0.016731
ALIGN ego[00] partner[03] R2=0.811993 NMSE=0.188007 shuffled_R2=-0.021219
ALIGN ego[00] partner[04] R2=0.859807 NMSE=0.140193 shuffled_R2=-0.018466
ALIGN ego[01] partner[00] R2=0.747004 NMSE=0.252996 shuffled_R2=-0.029527
ALIGN ego[01] partner[01] R2=0.817808 NMSE=0.182192 shuffled_R2=-0.016319
ALIGN ego[01] partner[02] R2=0.851506 NMSE=0.148494 shuffled_R2=-0.020196
ALIGN ego[01] partner[03] R2=0.796791 NMSE=0.203209 shuffled_R2=-0.016375
ALIGN ego[01] partner[04] R2=0.858462 NMSE=0.141538 shuffled_R2=-0.014498
ALIGN ego[02] partner[00] R2=0.875794 NMSE=0.124206 shuffled_R2=-0.016826
ALIGN ego[02] partner[01] R2=0.846646 NMSE=0.153354 shuffled_R2=-0.027355
ALIGN ego[02] partner[02] R2=0.954697 NMSE=0.045303 shuffled_R2=-0.015697
ALIGN ego[02] partner[03] R2=0.924295 NMSE=0.075705 shuffled_R2=-0.013686
ALIGN ego[02] partner[04] R2=0.901028 NMSE=0.098972 shuffled_R2=-0.013924
ALIGN ego[03] partner[00] R2=0.871649 NMSE=0.128351 shuffled_R2=-0.015739
ALIGN ego[03] partner[01] R2=0.803902 NMSE=0.196098 shuffled_R2=-0.017045
ALIGN ego[03] partner[02] R2=0.895206 NMSE=0.104794 shuffled_R2=-0.018485
ALIGN ego[03] partner[03] R2=0.923410 NMSE=0.076590 shuffled_R2=-0.015758
ALIGN ego[03] partner[04] R2=0.845334 NMSE=0.154666 shuffled_R2=-0.018312
ALIGN ego[04] partner[00] R2=0.863677 NMSE=0.136323 shuffled_R2=-0.016595
ALIGN ego[04] partner[01] R2=0.859338 NMSE=0.140662 shuffled_R2=-0.014842
ALIGN ego[04] partner[02] R2=0.903960 NMSE=0.096040 shuffled_R2=-0.016300
ALIGN ego[04] partner[03] R2=0.852587 NMSE=0.147413 shuffled_R2=-0.014819
ALIGN ego[04] partner[04] R2=0.909620 NMSE=0.090380 shuffled_R2=-0.016785
Average ego-to-partner alignment R2: 0.859787 +- 0.009748 SE over 25 ego-partner pairs
Average alignment normalized MSE: 0.140213 +- 0.009748 SE
Average shuffled-control alignment R2: -0.017871 +- 0.000763 SE
Saved alignment results to zsc_results/lmpredlow_ema/coord_ring
Evaluating ZSC for method=lmpredlow_ema_ablate, layout=cramped_room5x5, prefix=checkpoints/lmpredlow_ema_ablate/, result_name=lmpredlow_ema_ablate, perspective_transform=false
Importing submoduled environments...
Submoduled environments not found. Skipping import.
LOADED: checkpoints/lmpredlow_ema_ablate/cramped_room5x5/baseline_seed_0_step_220.msgpack
LOADED: checkpoints/lmpredlow_ema_ablate/cramped_room5x5/baseline_seed_1_step_220.msgpack
LOADED: checkpoints/lmpredlow_ema_ablate/cramped_room5x5/baseline_seed_2_step_220.msgpack
LOADED: checkpoints/lmpredlow_ema_ablate/cramped_room5x5/baseline_seed_3_step_220.msgpack
LOADED: checkpoints/lmpredlow_ema_ablate/cramped_room5x5/baseline_seed_4_step_220.msgpack
ZSC[00, 00] = 217.692
ZSC[00, 01] = 184.755
ZSC[00, 02] = 215.959
ZSC[00, 03] = 223.712
ZSC[00, 04] = 211.667
ZSC[01, 00] = 184.545
ZSC[01, 01] = 139.850
ZSC[01, 02] = 214.858
ZSC[01, 03] = 212.303
ZSC[01, 04] = 219.252
ZSC[02, 00] = 215.772
ZSC[02, 01] = 214.578
ZSC[02, 02] = 236.650
ZSC[02, 03] = 216.580
ZSC[02, 04] = 222.959
ZSC[03, 00] = 224.098
ZSC[03, 01] = 214.631
ZSC[03, 02] = 215.852
ZSC[03, 03] = 240.525
ZSC[03, 04] = 194.894
ZSC[04, 00] = 211.220
ZSC[04, 01] = 218.938
ZSC[04, 02] = 222.364
ZSC[04, 03] = 194.828
ZSC[04, 04] = 234.070
Average SP performance (diagonal/self-copy): 213.757 +- 18.883 SE over 5 pairs
Average XP performance (off-diagonal/excluding self): 211.688 +- 2.706 SE over 20 ordered pairs
Saved ZSC results to zsc_results/lmpredlow_ema_ablate/cramped_room5x5
Saved ZSC heatmap to zsc_results/lmpredlow_ema_ablate/cramped_room5x5/xp_matrix.png
Using alignment rollout scale: ALIGN_PAIR_BATCH_SIZE=1, ALIGN_EVAL_NUM_EPISODES=128, ALIGN_EVAL_NUM_STEPS=400
ALIGN ego[00] partner[00] R2=0.914913 NMSE=0.085087 shuffled_R2=-0.018069
ALIGN ego[00] partner[01] R2=0.914218 NMSE=0.085782 shuffled_R2=-0.019493
ALIGN ego[00] partner[02] R2=0.839180 NMSE=0.160820 shuffled_R2=-0.034295
ALIGN ego[00] partner[03] R2=0.917210 NMSE=0.082790 shuffled_R2=-0.017957
ALIGN ego[00] partner[04] R2=0.922471 NMSE=0.077529 shuffled_R2=-0.016915
ALIGN ego[01] partner[00] R2=0.930516 NMSE=0.069484 shuffled_R2=-0.019153
ALIGN ego[01] partner[01] R2=0.915025 NMSE=0.084975 shuffled_R2=-0.030505
ALIGN ego[01] partner[02] R2=0.936681 NMSE=0.063319 shuffled_R2=-0.016112
ALIGN ego[01] partner[03] R2=0.934408 NMSE=0.065592 shuffled_R2=-0.015172
ALIGN ego[01] partner[04] R2=0.819755 NMSE=0.180245 shuffled_R2=-0.037204
ALIGN ego[02] partner[00] R2=0.946563 NMSE=0.053437 shuffled_R2=-0.014239
ALIGN ego[02] partner[01] R2=0.928741 NMSE=0.071259 shuffled_R2=-0.025203
ALIGN ego[02] partner[02] R2=0.933675 NMSE=0.066325 shuffled_R2=-0.015584
ALIGN ego[02] partner[03] R2=0.875719 NMSE=0.124281 shuffled_R2=-0.038995
ALIGN ego[02] partner[04] R2=0.950543 NMSE=0.049457 shuffled_R2=-0.018250
ALIGN ego[03] partner[00] R2=0.933162 NMSE=0.066838 shuffled_R2=-0.017656
ALIGN ego[03] partner[01] R2=0.904943 NMSE=0.095057 shuffled_R2=-0.019590
ALIGN ego[03] partner[02] R2=0.802196 NMSE=0.197804 shuffled_R2=-0.072592
ALIGN ego[03] partner[03] R2=0.935327 NMSE=0.064673 shuffled_R2=-0.017054
ALIGN ego[03] partner[04] R2=0.835934 NMSE=0.164066 shuffled_R2=-0.034368
ALIGN ego[04] partner[00] R2=0.935260 NMSE=0.064740 shuffled_R2=-0.013805
ALIGN ego[04] partner[01] R2=0.796134 NMSE=0.203866 shuffled_R2=-0.053735
ALIGN ego[04] partner[02] R2=0.945730 NMSE=0.054270 shuffled_R2=-0.017204
ALIGN ego[04] partner[03] R2=0.924192 NMSE=0.075808 shuffled_R2=-0.017397
ALIGN ego[04] partner[04] R2=0.925876 NMSE=0.074124 shuffled_R2=-0.021920
Average ego-to-partner alignment R2: 0.904735 +- 0.009415 SE over 25 ego-partner pairs
Average alignment normalized MSE: 0.095265 +- 0.009415 SE
Average shuffled-control alignment R2: -0.024899 +- 0.002797 SE
Saved alignment results to zsc_results/lmpredlow_ema_ablate/cramped_room5x5
Evaluating ZSC for method=lmpredlow_ema_ablate, layout=counter_circuit, prefix=checkpoints/lmpredlow_ema_ablate/, result_name=lmpredlow_ema_ablate, perspective_transform=false
Importing submoduled environments...
Submoduled environments not found. Skipping import.
LOADED: checkpoints/lmpredlow_ema_ablate/counter_circuit/baseline_seed_0_step_380.msgpack
LOADED: checkpoints/lmpredlow_ema_ablate/counter_circuit/baseline_seed_1_step_380.msgpack
LOADED: checkpoints/lmpredlow_ema_ablate/counter_circuit/baseline_seed_2_step_380.msgpack
LOADED: checkpoints/lmpredlow_ema_ablate/counter_circuit/baseline_seed_3_step_380.msgpack
LOADED: checkpoints/lmpredlow_ema_ablate/counter_circuit/baseline_seed_4_step_380.msgpack
ZSC[00, 00] = 233.003
ZSC[00, 01] = 168.905
ZSC[00, 02] = 233.298
ZSC[00, 03] = 182.695
ZSC[00, 04] = 215.219
ZSC[01, 00] = 170.855
ZSC[01, 01] = 205.184
ZSC[01, 02] = 174.650
ZSC[01, 03] = 174.511
ZSC[01, 04] = 181.316
ZSC[02, 00] = 232.930
ZSC[02, 01] = 176.158
ZSC[02, 02] = 235.562
ZSC[02, 03] = 191.109
ZSC[02, 04] = 192.178
ZSC[03, 00] = 182.236
ZSC[03, 01] = 174.117
ZSC[03, 02] = 189.886
ZSC[03, 03] = 200.991
ZSC[03, 04] = 192.270
ZSC[04, 00] = 218.592
ZSC[04, 01] = 180.855
ZSC[04, 02] = 199.194
ZSC[04, 03] = 189.473
ZSC[04, 04] = 215.833
Average SP performance (diagonal/self-copy): 218.115 +- 7.042 SE over 5 pairs
Average XP performance (off-diagonal/excluding self): 191.022 +- 4.368 SE over 20 ordered pairs
Saved ZSC results to zsc_results/lmpredlow_ema_ablate/counter_circuit
Saved ZSC heatmap to zsc_results/lmpredlow_ema_ablate/counter_circuit/xp_matrix.png
Using alignment rollout scale: ALIGN_PAIR_BATCH_SIZE=1, ALIGN_EVAL_NUM_EPISODES=128, ALIGN_EVAL_NUM_STEPS=400
ALIGN ego[00] partner[00] R2=0.814429 NMSE=0.185571 shuffled_R2=-0.019187
ALIGN ego[00] partner[01] R2=0.758260 NMSE=0.241740 shuffled_R2=-0.016188
ALIGN ego[00] partner[02] R2=0.802057 NMSE=0.197943 shuffled_R2=-0.016291
ALIGN ego[00] partner[03] R2=0.758047 NMSE=0.241953 shuffled_R2=-0.017132
ALIGN ego[00] partner[04] R2=0.826548 NMSE=0.173452 shuffled_R2=-0.016238
ALIGN ego[01] partner[00] R2=0.716012 NMSE=0.283988 shuffled_R2=-0.023462
ALIGN ego[01] partner[01] R2=0.860701 NMSE=0.139299 shuffled_R2=-0.013868
ALIGN ego[01] partner[02] R2=0.727717 NMSE=0.272283 shuffled_R2=-0.013792
ALIGN ego[01] partner[03] R2=0.740180 NMSE=0.259820 shuffled_R2=-0.016998
ALIGN ego[01] partner[04] R2=0.785699 NMSE=0.214301 shuffled_R2=-0.018327
ALIGN ego[02] partner[00] R2=0.835820 NMSE=0.164180 shuffled_R2=-0.016646
ALIGN ego[02] partner[01] R2=0.766151 NMSE=0.233849 shuffled_R2=-0.016420
ALIGN ego[02] partner[02] R2=0.779433 NMSE=0.220567 shuffled_R2=-0.023882
ALIGN ego[02] partner[03] R2=0.700749 NMSE=0.299251 shuffled_R2=-0.021279
ALIGN ego[02] partner[04] R2=0.859827 NMSE=0.140173 shuffled_R2=-0.016563
ALIGN ego[03] partner[00] R2=0.782856 NMSE=0.217144 shuffled_R2=-0.018704
ALIGN ego[03] partner[01] R2=0.730425 NMSE=0.269575 shuffled_R2=-0.018817
ALIGN ego[03] partner[02] R2=0.754426 NMSE=0.245574 shuffled_R2=-0.015689
ALIGN ego[03] partner[03] R2=0.776899 NMSE=0.223101 shuffled_R2=-0.017234
ALIGN ego[03] partner[04] R2=0.768330 NMSE=0.231670 shuffled_R2=-0.019936
ALIGN ego[04] partner[00] R2=0.850122 NMSE=0.149878 shuffled_R2=-0.015528
ALIGN ego[04] partner[01] R2=0.822570 NMSE=0.177430 shuffled_R2=-0.016645
ALIGN ego[04] partner[02] R2=0.861542 NMSE=0.138458 shuffled_R2=-0.014410
ALIGN ego[04] partner[03] R2=0.804849 NMSE=0.195151 shuffled_R2=-0.015667
ALIGN ego[04] partner[04] R2=0.901698 NMSE=0.098302 shuffled_R2=-0.015357
Average ego-to-partner alignment R2: 0.791414 +- 0.010370 SE over 25 ego-partner pairs
Average alignment normalized MSE: 0.208586 +- 0.010370 SE
Average shuffled-control alignment R2: -0.017370 +- 0.000521 SE
Saved alignment results to zsc_results/lmpredlow_ema_ablate/counter_circuit
Evaluating ZSC for method=lmpredlow_ema_ablate, layout=coord_ring, prefix=checkpoints/lmpredlow_ema_ablate/, result_name=lmpredlow_ema_ablate, perspective_transform=false
Importing submoduled environments...
Submoduled environments not found. Skipping import.
LOADED: checkpoints/lmpredlow_ema_ablate/coord_ring/baseline_seed_0_step_220.msgpack
LOADED: checkpoints/lmpredlow_ema_ablate/coord_ring/baseline_seed_1_step_220.msgpack
LOADED: checkpoints/lmpredlow_ema_ablate/coord_ring/baseline_seed_2_step_220.msgpack
LOADED: checkpoints/lmpredlow_ema_ablate/coord_ring/baseline_seed_3_step_220.msgpack
LOADED: checkpoints/lmpredlow_ema_ablate/coord_ring/baseline_seed_4_step_220.msgpack
ZSC[00, 00] = 299.689
ZSC[00, 01] = 198.320
ZSC[00, 02] = 300.261
ZSC[00, 03] = 221.345
ZSC[00, 04] = 288.894
ZSC[01, 00] = 197.080
ZSC[01, 01] = 267.200
ZSC[01, 02] = 227.075
ZSC[01, 03] = 256.442
ZSC[01, 04] = 249.019
ZSC[02, 00] = 300.247
ZSC[02, 01] = 226.622
ZSC[02, 02] = 309.067
ZSC[02, 03] = 267.648
ZSC[02, 04] = 289.455
ZSC[03, 00] = 220.736
ZSC[03, 01] = 257.128
ZSC[03, 02] = 267.656
ZSC[03, 03] = 320.945
ZSC[03, 04] = 248.220
ZSC[04, 00] = 289.161
ZSC[04, 01] = 259.716
ZSC[04, 02] = 289.348
ZSC[04, 03] = 245.692
ZSC[04, 04] = 308.295
Average SP performance (diagonal/self-copy): 301.039 +- 9.111 SE over 5 pairs
Average XP performance (off-diagonal/excluding self): 255.003 +- 7.210 SE over 20 ordered pairs
Saved ZSC results to zsc_results/lmpredlow_ema_ablate/coord_ring
Saved ZSC heatmap to zsc_results/lmpredlow_ema_ablate/coord_ring/xp_matrix.png
Using alignment rollout scale: ALIGN_PAIR_BATCH_SIZE=1, ALIGN_EVAL_NUM_EPISODES=128, ALIGN_EVAL_NUM_STEPS=400
ALIGN ego[00] partner[00] R2=0.884136 NMSE=0.115864 shuffled_R2=-0.015892
ALIGN ego[00] partner[01] R2=0.741827 NMSE=0.258173 shuffled_R2=-0.024602
ALIGN ego[00] partner[02] R2=0.823348 NMSE=0.176652 shuffled_R2=-0.020564
ALIGN ego[00] partner[03] R2=0.850988 NMSE=0.149012 shuffled_R2=-0.016180
ALIGN ego[00] partner[04] R2=0.870298 NMSE=0.129702 shuffled_R2=-0.014163
ALIGN ego[01] partner[00] R2=0.731822 NMSE=0.268178 shuffled_R2=-0.021798
ALIGN ego[01] partner[01] R2=0.907981 NMSE=0.092019 shuffled_R2=-0.015420
ALIGN ego[01] partner[02] R2=0.857190 NMSE=0.142810 shuffled_R2=-0.019240
ALIGN ego[01] partner[03] R2=0.846276 NMSE=0.153724 shuffled_R2=-0.015967
ALIGN ego[01] partner[04] R2=0.866800 NMSE=0.133200 shuffled_R2=-0.016118
ALIGN ego[02] partner[00] R2=0.818582 NMSE=0.181418 shuffled_R2=-0.018948
ALIGN ego[02] partner[01] R2=0.859387 NMSE=0.140613 shuffled_R2=-0.014832
ALIGN ego[02] partner[02] R2=0.937283 NMSE=0.062717 shuffled_R2=-0.014397
ALIGN ego[02] partner[03] R2=0.882281 NMSE=0.117719 shuffled_R2=-0.019977
ALIGN ego[02] partner[04] R2=0.899704 NMSE=0.100296 shuffled_R2=-0.014411
ALIGN ego[03] partner[00] R2=0.757639 NMSE=0.242361 shuffled_R2=-0.031268
ALIGN ego[03] partner[01] R2=0.845789 NMSE=0.154211 shuffled_R2=-0.018293
ALIGN ego[03] partner[02] R2=0.895207 NMSE=0.104793 shuffled_R2=-0.021802
ALIGN ego[03] partner[03] R2=0.904147 NMSE=0.095853 shuffled_R2=-0.020486
ALIGN ego[03] partner[04] R2=0.884889 NMSE=0.115111 shuffled_R2=-0.021195
ALIGN ego[04] partner[00] R2=0.860978 NMSE=0.139022 shuffled_R2=-0.015865
ALIGN ego[04] partner[01] R2=0.854548 NMSE=0.145452 shuffled_R2=-0.017677
ALIGN ego[04] partner[02] R2=0.897537 NMSE=0.102463 shuffled_R2=-0.014496
ALIGN ego[04] partner[03] R2=0.877483 NMSE=0.122517 shuffled_R2=-0.015545
ALIGN ego[04] partner[04] R2=0.903923 NMSE=0.096077 shuffled_R2=-0.017178
Average ego-to-partner alignment R2: 0.858402 +- 0.010240 SE over 25 ego-partner pairs
Average alignment normalized MSE: 0.141598 +- 0.010240 SE
Average shuffled-control alignment R2: -0.018253 +- 0.000788 SE
Saved alignment results to zsc_results/lmpredlow_ema_ablate/coord_ring
