Script directory: /mnt/iusers01/fatpou01/compsci01/n70579mp/scratch/JaxMARL
Training FCP on coord_ring2
Failed to import warp: No module named 'warp'
Failed to import mujoco_warp: No module named 'warp'
Importing submoduled environments...
Submoduled environments not found. Skipping import.
wandb: Currently logged in as: maytusp to https://api.wandb.ai. Use `wandb login --relogin` to force relogin
wandb: creating run
Error executing job with overrides: ['+ENV_KWARGS.front_obs=true', '++PARTNER_CHECKPOINTS_PREFIX=checkpoints/sp/', '++CHECKPOINTS_PREFIX=checkpoints/fcp/', '++FCP_PARTNER_STAGE_FRACTIONS=[0.5,0.7,1.0]']
Traceback (most recent call last):
  File "/mnt/iusers01/fatpou01/compsci01/n70579mp/.conda/envs/jax/lib/python3.10/asyncio/locks.py", line 214, in wait
    await fut
asyncio.exceptions.CancelledError

During handling of the above exception, another exception occurred:

Traceback (most recent call last):
  File "/mnt/iusers01/fatpou01/compsci01/n70579mp/.conda/envs/jax/lib/python3.10/asyncio/tasks.py", line 456, in wait_for
    return fut.result()
asyncio.exceptions.CancelledError

The above exception was the direct cause of the following exception:

Traceback (most recent call last):
  File "/mnt/iusers01/fatpou01/compsci01/n70579mp/.conda/envs/jax/lib/python3.10/site-packages/wandb/sdk/mailbox/response_handle.py", line 105, in wait_async
    await asyncio.wait_for(evt.wait(), timeout=timeout)
  File "/mnt/iusers01/fatpou01/compsci01/n70579mp/.conda/envs/jax/lib/python3.10/asyncio/tasks.py", line 458, in wait_for
    raise exceptions.TimeoutError() from exc
asyncio.exceptions.TimeoutError

The above exception was the direct cause of the following exception:

Traceback (most recent call last):
  File "/mnt/iusers01/fatpou01/compsci01/n70579mp/.conda/envs/jax/lib/python3.10/site-packages/wandb/sdk/wandb_init.py", line 996, in init
    result = wait_with_progress(
  File "/mnt/iusers01/fatpou01/compsci01/n70579mp/.conda/envs/jax/lib/python3.10/site-packages/wandb/sdk/mailbox/wait_with_progress.py", line 24, in wait_with_progress
    return wait_all_with_progress(
  File "/mnt/iusers01/fatpou01/compsci01/n70579mp/.conda/envs/jax/lib/python3.10/site-packages/wandb/sdk/mailbox/wait_with_progress.py", line 87, in wait_all_with_progress
    return asyncio_compat.run(progress_loop_with_timeout)
  File "/mnt/iusers01/fatpou01/compsci01/n70579mp/.conda/envs/jax/lib/python3.10/site-packages/wandb/sdk/lib/asyncio_compat.py", line 30, in run
    return future.result()
  File "/mnt/iusers01/fatpou01/compsci01/n70579mp/.conda/envs/jax/lib/python3.10/concurrent/futures/_base.py", line 458, in result
    return self.__get_result()
  File "/mnt/iusers01/fatpou01/compsci01/n70579mp/.conda/envs/jax/lib/python3.10/concurrent/futures/_base.py", line 403, in __get_result
    raise self._exception
  File "/mnt/iusers01/fatpou01/compsci01/n70579mp/.conda/envs/jax/lib/python3.10/concurrent/futures/thread.py", line 58, in run
    result = self.fn(*self.args, **self.kwargs)
  File "/mnt/iusers01/fatpou01/compsci01/n70579mp/.conda/envs/jax/lib/python3.10/site-packages/wandb/sdk/lib/asyncio_compat.py", line 74, in run
    return asyncio.run(self._run_or_cancel(fn))
  File "/mnt/iusers01/fatpou01/compsci01/n70579mp/.conda/envs/jax/lib/python3.10/asyncio/runners.py", line 44, in run
    return loop.run_until_complete(main)
  File "/mnt/iusers01/fatpou01/compsci01/n70579mp/.conda/envs/jax/lib/python3.10/asyncio/base_events.py", line 649, in run_until_complete
    return future.result()
  File "/mnt/iusers01/fatpou01/compsci01/n70579mp/.conda/envs/jax/lib/python3.10/site-packages/wandb/sdk/lib/asyncio_compat.py", line 98, in _run_or_cancel
    return fn_task.result()
  File "/mnt/iusers01/fatpou01/compsci01/n70579mp/.conda/envs/jax/lib/python3.10/site-packages/wandb/sdk/mailbox/wait_with_progress.py", line 82, in progress_loop_with_timeout
    return await _wait_handles_async(
  File "/mnt/iusers01/fatpou01/compsci01/n70579mp/.conda/envs/jax/lib/python3.10/site-packages/wandb/sdk/mailbox/wait_with_progress.py", line 130, in _wait_handles_async
    async with asyncio_compat.open_task_group() as task_group:
  File "/mnt/iusers01/fatpou01/compsci01/n70579mp/.conda/envs/jax/lib/python3.10/contextlib.py", line 206, in __aexit__
    await anext(self.gen)
  File "/mnt/iusers01/fatpou01/compsci01/n70579mp/.conda/envs/jax/lib/python3.10/site-packages/wandb/sdk/lib/asyncio_compat.py", line 193, in open_task_group
    await task_group._wait_all()
  File "/mnt/iusers01/fatpou01/compsci01/n70579mp/.conda/envs/jax/lib/python3.10/site-packages/wandb/sdk/lib/asyncio_compat.py", line 162, in _wait_all
    raise exc
  File "/mnt/iusers01/fatpou01/compsci01/n70579mp/.conda/envs/jax/lib/python3.10/site-packages/wandb/sdk/mailbox/wait_with_progress.py", line 128, in wait_single
    results[index] = await handle.wait_async(timeout=timeout)
  File "/mnt/iusers01/fatpou01/compsci01/n70579mp/.conda/envs/jax/lib/python3.10/site-packages/wandb/sdk/mailbox/mailbox_handle.py", line 122, in wait_async
    response = await self._handle.wait_async(timeout=timeout)
  File "/mnt/iusers01/fatpou01/compsci01/n70579mp/.conda/envs/jax/lib/python3.10/site-packages/wandb/sdk/mailbox/response_handle.py", line 114, in wait_async
    raise TimeoutError(
TimeoutError: Timed out waiting for response on vemfldmr432l

During handling of the above exception, another exception occurred:

Traceback (most recent call last):
  File "/net/scratch/n70579mp/JaxMARL/baselines/overcookedv2/train_fcp.py", line 814, in main
    wandb.init(
  File "/mnt/iusers01/fatpou01/compsci01/n70579mp/.conda/envs/jax/lib/python3.10/site-packages/wandb/sdk/wandb_init.py", line 1595, in init
    wandb._sentry.reraise(e)
  File "/mnt/iusers01/fatpou01/compsci01/n70579mp/.conda/envs/jax/lib/python3.10/site-packages/wandb/analytics/sentry.py", line 162, in reraise
    raise exc.with_traceback(sys.exc_info()[2])
  File "/mnt/iusers01/fatpou01/compsci01/n70579mp/.conda/envs/jax/lib/python3.10/site-packages/wandb/sdk/wandb_init.py", line 1581, in init
    return wi.init(run_settings, run_config, run_printer)
  File "/mnt/iusers01/fatpou01/compsci01/n70579mp/.conda/envs/jax/lib/python3.10/site-packages/wandb/sdk/wandb_init.py", line 1009, in init
    raise CommError(
wandb.errors.errors.CommError: Run initialization has timed out after 90.0 sec. Please try increasing the timeout with the `init_timeout` setting: `wandb.init(settings=wandb.Settings(init_timeout=120))`.

Set the environment variable HYDRA_FULL_ERROR=1 for a complete stack trace.
[1;34mwandb[0m: 
[1;34mwandb[0m: 🚀 View run [33mfcp_obsfront_coord_ring2[0m at: [34mhttps://wandb.ai/maytusp/oc-extended/runs/j6vke7ye[0m
[1;34mwandb[0m: Find logs at: [1;35m../../../../../../../net/scratch/n70579mp/JaxMARL/wandb/run-20260520_091515-j6vke7ye/logs[0m
