Script directory: /mnt/iusers01/fatpou01/compsci01/n70579mp/scratch/JaxMARL
Traceback (most recent call last):
  File "/mnt/iusers01/fatpou01/compsci01/n70579mp/.conda/envs/jax/lib/python3.10/runpy.py", line 196, in _run_module_as_main
    return _run_code(code, main_globals, None,
  File "/mnt/iusers01/fatpou01/compsci01/n70579mp/.conda/envs/jax/lib/python3.10/runpy.py", line 86, in _run_code
    exec(code, run_globals)
  File "/net/scratch/n70579mp/JaxMARL/baselines/overcookedv2/train_self.py", line 27, in <module>
    from utils import OvercookedTransform, OvercookedHeadAlignedTransform
ModuleNotFoundError: No module named 'utils'
Failed to import warp: No module named 'warp'
Failed to import mujoco_warp: No module named 'warp'
Importing submoduled environments...
Submoduled environments not found. Skipping import.
Traceback (most recent call last):
  File "/mnt/iusers01/fatpou01/compsci01/n70579mp/.conda/envs/jax/lib/python3.10/runpy.py", line 196, in _run_module_as_main
    return _run_code(code, main_globals, None,
  File "/mnt/iusers01/fatpou01/compsci01/n70579mp/.conda/envs/jax/lib/python3.10/runpy.py", line 86, in _run_code
    exec(code, run_globals)
  File "/net/scratch/n70579mp/JaxMARL/baselines/overcookedv2/train_self.py", line 27, in <module>
    from utils import OvercookedTransform, OvercookedHeadAlignedTransform
ModuleNotFoundError: No module named 'utils'
Failed to import warp: No module named 'warp'
Failed to import mujoco_warp: No module named 'warp'
Importing submoduled environments...
Submoduled environments not found. Skipping import.
