Script directory: /mnt/iusers01/fatpou01/compsci01/n70579mp/scratch/tom/JaxMARL
Running ZSC evaluation: within-method generalisation with SP diagonal and XP off-diagonal performance.
Evaluating ZSC for method=lmpred_ema_gamma0, layout=cramped_room5x5, prefix=checkpoints/lmpred_ema_gamma0/, result_name=lmpred_ema_gamma0, perspective_transform=true
Importing submoduled environments...
Submoduled environments not found. Skipping import.
LOADED: checkpoints/lmpred_ema_gamma0/cramped_room5x5/baseline_seed_0_step_220.msgpack
LOADED: checkpoints/lmpred_ema_gamma0/cramped_room5x5/baseline_seed_1_step_220.msgpack
LOADED: checkpoints/lmpred_ema_gamma0/cramped_room5x5/baseline_seed_2_step_220.msgpack
LOADED: checkpoints/lmpred_ema_gamma0/cramped_room5x5/baseline_seed_3_step_220.msgpack
LOADED: checkpoints/lmpred_ema_gamma0/cramped_room5x5/baseline_seed_4_step_220.msgpack
ZSC[00, 00] = 229.880
ZSC[00, 01] = 204.694
ZSC[00, 02] = 200.814
ZSC[00, 03] = 204.409
ZSC[00, 04] = 202.734
ZSC[01, 00] = 203.345
ZSC[01, 01] = 221.194
ZSC[01, 02] = 218.952
ZSC[01, 03] = 226.389
ZSC[01, 04] = 200.483
ZSC[02, 00] = 200.802
ZSC[02, 01] = 218.417
ZSC[02, 02] = 247.706
ZSC[02, 03] = 221.748
ZSC[02, 04] = 226.947
ZSC[03, 00] = 204.917
ZSC[03, 01] = 226.639
ZSC[03, 02] = 222.252
ZSC[03, 03] = 220.273
ZSC[03, 04] = 178.456
ZSC[04, 00] = 202.144
ZSC[04, 01] = 200.312
ZSC[04, 02] = 226.934
ZSC[04, 03] = 179.228
ZSC[04, 04] = 218.234
Average SP performance (diagonal/self-copy): 227.457 +- 5.440 SE over 5 pairs
Average XP performance (off-diagonal/excluding self): 208.531 +- 3.267 SE over 20 ordered pairs
Saved ZSC results to zsc_results/lmpred_ema_gamma0/cramped_room5x5
Saved ZSC heatmap to zsc_results/lmpred_ema_gamma0/cramped_room5x5/xp_matrix.png
Using alignment rollout scale: ALIGN_PAIR_BATCH_SIZE=1, ALIGN_EVAL_NUM_EPISODES=128, ALIGN_EVAL_NUM_STEPS=400
ALIGN ego[00] partner[00] R2=0.875439 NMSE=0.124561 shuffled_R2=-0.026153
ALIGN ego[00] partner[01] R2=0.845187 NMSE=0.154813 shuffled_R2=-0.033187
ALIGN ego[00] partner[02] R2=0.653020 NMSE=0.346980 shuffled_R2=-0.103305
ALIGN ego[00] partner[03] R2=0.925951 NMSE=0.074049 shuffled_R2=-0.016073
ALIGN ego[00] partner[04] R2=0.892625 NMSE=0.107375 shuffled_R2=-0.022479
ALIGN ego[01] partner[00] R2=0.899509 NMSE=0.100491 shuffled_R2=-0.024935
ALIGN ego[01] partner[01] R2=0.899414 NMSE=0.100586 shuffled_R2=-0.021010
ALIGN ego[01] partner[02] R2=0.927480 NMSE=0.072520 shuffled_R2=-0.017727
ALIGN ego[01] partner[03] R2=0.923591 NMSE=0.076409 shuffled_R2=-0.018594
ALIGN ego[01] partner[04] R2=0.916684 NMSE=0.083316 shuffled_R2=-0.015453
ALIGN ego[02] partner[00] R2=0.946239 NMSE=0.053761 shuffled_R2=-0.014692
ALIGN ego[02] partner[01] R2=0.931578 NMSE=0.068422 shuffled_R2=-0.014753
ALIGN ego[02] partner[02] R2=0.843718 NMSE=0.156282 shuffled_R2=-0.041934
ALIGN ego[02] partner[03] R2=0.849834 NMSE=0.150166 shuffled_R2=-0.037416
ALIGN ego[02] partner[04] R2=0.687146 NMSE=0.312854 shuffled_R2=-0.078558
ALIGN ego[03] partner[00] R2=0.872364 NMSE=0.127636 shuffled_R2=-0.031454
ALIGN ego[03] partner[01] R2=0.894318 NMSE=0.105682 shuffled_R2=-0.024952
ALIGN ego[03] partner[02] R2=0.946069 NMSE=0.053931 shuffled_R2=-0.019101
ALIGN ego[03] partner[03] R2=0.935221 NMSE=0.064779 shuffled_R2=-0.017513
ALIGN ego[03] partner[04] R2=0.942147 NMSE=0.057853 shuffled_R2=-0.019084
ALIGN ego[04] partner[00] R2=0.879529 NMSE=0.120471 shuffled_R2=-0.028053
ALIGN ego[04] partner[01] R2=0.931748 NMSE=0.068252 shuffled_R2=-0.014092
ALIGN ego[04] partner[02] R2=0.912493 NMSE=0.087507 shuffled_R2=-0.024632
ALIGN ego[04] partner[03] R2=0.874311 NMSE=0.125689 shuffled_R2=-0.033394
ALIGN ego[04] partner[04] R2=0.920372 NMSE=0.079628 shuffled_R2=-0.016289
Average ego-to-partner alignment R2: 0.885039 +- 0.014379 SE over 25 ego-partner pairs
Average alignment normalized MSE: 0.114961 +- 0.014379 SE
Average shuffled-control alignment R2: -0.028593 +- 0.004108 SE
Saved alignment results to zsc_results/lmpred_ema_gamma0/cramped_room5x5
Evaluating ZSC for method=lmpred_ema_gamma0, layout=counter_circuit, prefix=checkpoints/lmpred_ema_gamma0/, result_name=lmpred_ema_gamma0, perspective_transform=true
Importing submoduled environments...
Submoduled environments not found. Skipping import.
LOADED: checkpoints/lmpred_ema_gamma0/counter_circuit/baseline_seed_0_step_380.msgpack
LOADED: checkpoints/lmpred_ema_gamma0/counter_circuit/baseline_seed_1_step_380.msgpack
LOADED: checkpoints/lmpred_ema_gamma0/counter_circuit/baseline_seed_2_step_380.msgpack
LOADED: checkpoints/lmpred_ema_gamma0/counter_circuit/baseline_seed_3_step_380.msgpack
LOADED: checkpoints/lmpred_ema_gamma0/counter_circuit/baseline_seed_4_step_380.msgpack
ZSC[00, 00] = 233.597
ZSC[00, 01] = 188.805
ZSC[00, 02] = 176.044
ZSC[00, 03] = 234.061
ZSC[00, 04] = 249.094
ZSC[01, 00] = 194.227
ZSC[01, 01] = 263.989
ZSC[01, 02] = 232.948
ZSC[01, 03] = 184.030
ZSC[01, 04] = 219.169
ZSC[02, 00] = 175.114
ZSC[02, 01] = 246.047
ZSC[02, 02] = 184.073
ZSC[02, 03] = 209.923
ZSC[02, 04] = 208.438
ZSC[03, 00] = 233.128
ZSC[03, 01] = 194.238
ZSC[03, 02] = 210.792
ZSC[03, 03] = 217.122
ZSC[03, 04] = 222.964
ZSC[04, 00] = 249.423
ZSC[04, 01] = 215.612
ZSC[04, 02] = 207.678
ZSC[04, 03] = 221.822
ZSC[04, 04] = 268.384
Average SP performance (diagonal/self-copy): 233.433 +- 15.585 SE over 5 pairs
Average XP performance (off-diagonal/excluding self): 213.678 +- 5.175 SE over 20 ordered pairs
Saved ZSC results to zsc_results/lmpred_ema_gamma0/counter_circuit
Saved ZSC heatmap to zsc_results/lmpred_ema_gamma0/counter_circuit/xp_matrix.png
Using alignment rollout scale: ALIGN_PAIR_BATCH_SIZE=1, ALIGN_EVAL_NUM_EPISODES=128, ALIGN_EVAL_NUM_STEPS=400
ALIGN ego[00] partner[00] R2=0.812786 NMSE=0.187214 shuffled_R2=-0.018414
ALIGN ego[00] partner[01] R2=0.845980 NMSE=0.154020 shuffled_R2=-0.016047
ALIGN ego[00] partner[02] R2=0.723708 NMSE=0.276292 shuffled_R2=-0.022568
ALIGN ego[00] partner[03] R2=0.818028 NMSE=0.181972 shuffled_R2=-0.023657
ALIGN ego[00] partner[04] R2=0.861551 NMSE=0.138449 shuffled_R2=-0.016673
ALIGN ego[01] partner[00] R2=0.849335 NMSE=0.150665 shuffled_R2=-0.015693
ALIGN ego[01] partner[01] R2=0.860221 NMSE=0.139779 shuffled_R2=-0.014985
ALIGN ego[01] partner[02] R2=0.777983 NMSE=0.222017 shuffled_R2=-0.018862
ALIGN ego[01] partner[03] R2=0.860239 NMSE=0.139761 shuffled_R2=-0.016356
ALIGN ego[01] partner[04] R2=0.778961 NMSE=0.221039 shuffled_R2=-0.031287
ALIGN ego[02] partner[00] R2=0.781708 NMSE=0.218292 shuffled_R2=-0.016051
ALIGN ego[02] partner[01] R2=0.821677 NMSE=0.178323 shuffled_R2=-0.015920
ALIGN ego[02] partner[02] R2=0.820510 NMSE=0.179490 shuffled_R2=-0.013769
ALIGN ego[02] partner[03] R2=0.748002 NMSE=0.251998 shuffled_R2=-0.031445
ALIGN ego[02] partner[04] R2=0.666964 NMSE=0.333036 shuffled_R2=-0.036727
ALIGN ego[03] partner[00] R2=0.854965 NMSE=0.145035 shuffled_R2=-0.015121
ALIGN ego[03] partner[01] R2=0.866417 NMSE=0.133583 shuffled_R2=-0.016330
ALIGN ego[03] partner[02] R2=0.823537 NMSE=0.176463 shuffled_R2=-0.015877
ALIGN ego[03] partner[03] R2=0.841684 NMSE=0.158316 shuffled_R2=-0.018748
ALIGN ego[03] partner[04] R2=0.888719 NMSE=0.111281 shuffled_R2=-0.018402
ALIGN ego[04] partner[00] R2=0.871756 NMSE=0.128244 shuffled_R2=-0.016876
ALIGN ego[04] partner[01] R2=0.859332 NMSE=0.140668 shuffled_R2=-0.016884
ALIGN ego[04] partner[02] R2=0.790525 NMSE=0.209475 shuffled_R2=-0.016566
ALIGN ego[04] partner[03] R2=0.904040 NMSE=0.095960 shuffled_R2=-0.013666
ALIGN ego[04] partner[04] R2=0.922466 NMSE=0.077534 shuffled_R2=-0.014526
Average ego-to-partner alignment R2: 0.826044 +- 0.011524 SE over 25 ego-partner pairs
Average alignment normalized MSE: 0.173956 +- 0.011524 SE
Average shuffled-control alignment R2: -0.018858 +- 0.001186 SE
Saved alignment results to zsc_results/lmpred_ema_gamma0/counter_circuit
Evaluating ZSC for method=lmpred_ema_gamma0, layout=coord_ring, prefix=checkpoints/lmpred_ema_gamma0/, result_name=lmpred_ema_gamma0, perspective_transform=true
Importing submoduled environments...
Submoduled environments not found. Skipping import.
LOADED: checkpoints/lmpred_ema_gamma0/coord_ring/baseline_seed_0_step_220.msgpack
LOADED: checkpoints/lmpred_ema_gamma0/coord_ring/baseline_seed_1_step_220.msgpack
LOADED: checkpoints/lmpred_ema_gamma0/coord_ring/baseline_seed_2_step_220.msgpack
LOADED: checkpoints/lmpred_ema_gamma0/coord_ring/baseline_seed_3_step_220.msgpack
LOADED: checkpoints/lmpred_ema_gamma0/coord_ring/baseline_seed_4_step_220.msgpack
ZSC[00, 00] = 303.884
ZSC[00, 01] = 249.658
ZSC[00, 02] = 287.477
ZSC[00, 03] = 287.452
ZSC[00, 04] = 253.878
ZSC[01, 00] = 249.834
ZSC[01, 01] = 313.858
ZSC[01, 02] = 139.264
ZSC[01, 03] = 225.577
ZSC[01, 04] = 208.336
ZSC[02, 00] = 287.044
ZSC[02, 01] = 139.150
ZSC[02, 02] = 291.962
ZSC[02, 03] = 293.052
ZSC[02, 04] = 262.472
ZSC[03, 00] = 287.428
ZSC[03, 01] = 225.603
ZSC[03, 02] = 293.895
ZSC[03, 03] = 290.630
ZSC[03, 04] = 252.836
ZSC[04, 00] = 253.819
ZSC[04, 01] = 208.162
ZSC[04, 02] = 262.928
ZSC[04, 03] = 253.256
ZSC[04, 04] = 254.880
Average SP performance (diagonal/self-copy): 291.043 +- 9.986 SE over 5 pairs
Average XP performance (off-diagonal/excluding self): 246.056 +- 10.085 SE over 20 ordered pairs
Saved ZSC results to zsc_results/lmpred_ema_gamma0/coord_ring
Saved ZSC heatmap to zsc_results/lmpred_ema_gamma0/coord_ring/xp_matrix.png
Using alignment rollout scale: ALIGN_PAIR_BATCH_SIZE=1, ALIGN_EVAL_NUM_EPISODES=128, ALIGN_EVAL_NUM_STEPS=400
ALIGN ego[00] partner[00] R2=0.890977 NMSE=0.109023 shuffled_R2=-0.014715
ALIGN ego[00] partner[01] R2=0.835221 NMSE=0.164779 shuffled_R2=-0.017513
ALIGN ego[00] partner[02] R2=0.901319 NMSE=0.098681 shuffled_R2=-0.016302
ALIGN ego[00] partner[03] R2=0.901857 NMSE=0.098143 shuffled_R2=-0.013855
ALIGN ego[00] partner[04] R2=0.907692 NMSE=0.092308 shuffled_R2=-0.014716
ALIGN ego[01] partner[00] R2=0.838310 NMSE=0.161690 shuffled_R2=-0.017136
ALIGN ego[01] partner[01] R2=0.900051 NMSE=0.099949 shuffled_R2=-0.015457
ALIGN ego[01] partner[02] R2=0.885440 NMSE=0.114560 shuffled_R2=-0.014927
ALIGN ego[01] partner[03] R2=0.831453 NMSE=0.168547 shuffled_R2=-0.017061
ALIGN ego[01] partner[04] R2=0.891333 NMSE=0.108667 shuffled_R2=-0.016272
ALIGN ego[02] partner[00] R2=0.893893 NMSE=0.106107 shuffled_R2=-0.018529
ALIGN ego[02] partner[01] R2=0.872060 NMSE=0.127940 shuffled_R2=-0.015582
ALIGN ego[02] partner[02] R2=0.876817 NMSE=0.123183 shuffled_R2=-0.016897
ALIGN ego[02] partner[03] R2=0.761904 NMSE=0.238096 shuffled_R2=-0.030512
ALIGN ego[02] partner[04] R2=0.902680 NMSE=0.097320 shuffled_R2=-0.015118
ALIGN ego[03] partner[00] R2=0.918926 NMSE=0.081074 shuffled_R2=-0.012874
ALIGN ego[03] partner[01] R2=0.867595 NMSE=0.132405 shuffled_R2=-0.015784
ALIGN ego[03] partner[02] R2=0.866235 NMSE=0.133765 shuffled_R2=-0.016257
ALIGN ego[03] partner[03] R2=0.629368 NMSE=0.370632 shuffled_R2=-0.083159
ALIGN ego[03] partner[04] R2=0.883164 NMSE=0.116836 shuffled_R2=-0.020255
ALIGN ego[04] partner[00] R2=0.888826 NMSE=0.111174 shuffled_R2=-0.016050
ALIGN ego[04] partner[01] R2=0.822398 NMSE=0.177602 shuffled_R2=-0.025817
ALIGN ego[04] partner[02] R2=0.900161 NMSE=0.099839 shuffled_R2=-0.015512
ALIGN ego[04] partner[03] R2=0.748750 NMSE=0.251250 shuffled_R2=-0.053974
ALIGN ego[04] partner[04] R2=0.917960 NMSE=0.082040 shuffled_R2=-0.015242
Average ego-to-partner alignment R2: 0.861376 +- 0.013019 SE over 25 ego-partner pairs
Average alignment normalized MSE: 0.138624 +- 0.013019 SE
Average shuffled-control alignment R2: -0.021181 +- 0.003066 SE
Saved alignment results to zsc_results/lmpred_ema_gamma0/coord_ring
Evaluating ZSC for method=lmpred_ema_gamma09, layout=cramped_room5x5, prefix=checkpoints/lmpred_ema_gamma09/, result_name=lmpred_ema_gamma09, perspective_transform=true
Importing submoduled environments...
Submoduled environments not found. Skipping import.
LOADED: checkpoints/lmpred_ema_gamma09/cramped_room5x5/baseline_seed_0_step_132.msgpack
LOADED: checkpoints/lmpred_ema_gamma09/cramped_room5x5/baseline_seed_1_step_132.msgpack
LOADED: checkpoints/lmpred_ema_gamma09/cramped_room5x5/baseline_seed_2_step_132.msgpack
LOADED: checkpoints/lmpred_ema_gamma09/cramped_room5x5/baseline_seed_3_step_132.msgpack
LOADED: checkpoints/lmpred_ema_gamma09/cramped_room5x5/baseline_seed_4_step_132.msgpack
ZSC[00, 00] = 239.622
ZSC[00, 01] = 179.539
ZSC[00, 02] = 190.278
ZSC[00, 03] = 185.600
ZSC[00, 04] = 221.372
ZSC[01, 00] = 179.736
ZSC[01, 01] = 241.819
ZSC[01, 02] = 134.319
ZSC[01, 03] = 215.211
ZSC[01, 04] = 192.144
ZSC[02, 00] = 190.769
ZSC[02, 01] = 134.742
ZSC[02, 02] = 131.956
ZSC[02, 03] = 208.091
ZSC[02, 04] = 169.628
ZSC[03, 00] = 185.205
ZSC[03, 01] = 216.037
ZSC[03, 02] = 208.170
ZSC[03, 03] = 73.573
ZSC[03, 04] = 213.992
ZSC[04, 00] = 221.095
ZSC[04, 01] = 193.811
ZSC[04, 02] = 169.119
ZSC[04, 03] = 215.091
ZSC[04, 04] = 235.698
Average SP performance (diagonal/self-copy): 184.534 +- 34.649 SE over 5 pairs
Average XP performance (off-diagonal/excluding self): 191.197 +- 5.708 SE over 20 ordered pairs
Saved ZSC results to zsc_results/lmpred_ema_gamma09/cramped_room5x5
Saved ZSC heatmap to zsc_results/lmpred_ema_gamma09/cramped_room5x5/xp_matrix.png
Using alignment rollout scale: ALIGN_PAIR_BATCH_SIZE=1, ALIGN_EVAL_NUM_EPISODES=128, ALIGN_EVAL_NUM_STEPS=400
ALIGN ego[00] partner[00] R2=0.914508 NMSE=0.085492 shuffled_R2=-0.017462
ALIGN ego[00] partner[01] R2=0.931266 NMSE=0.068734 shuffled_R2=-0.020788
ALIGN ego[00] partner[02] R2=0.938636 NMSE=0.061364 shuffled_R2=-0.018853
ALIGN ego[00] partner[03] R2=0.922858 NMSE=0.077142 shuffled_R2=-0.018181
ALIGN ego[00] partner[04] R2=0.849961 NMSE=0.150039 shuffled_R2=-0.041776
ALIGN ego[01] partner[00] R2=0.924563 NMSE=0.075437 shuffled_R2=-0.019009
ALIGN ego[01] partner[01] R2=0.928708 NMSE=0.071292 shuffled_R2=-0.014940
ALIGN ego[01] partner[02] R2=0.917275 NMSE=0.082725 shuffled_R2=-0.022788
ALIGN ego[01] partner[03] R2=0.921288 NMSE=0.078712 shuffled_R2=-0.015388
ALIGN ego[01] partner[04] R2=0.910943 NMSE=0.089057 shuffled_R2=-0.015432
ALIGN ego[02] partner[00] R2=0.921509 NMSE=0.078491 shuffled_R2=-0.020127
ALIGN ego[02] partner[01] R2=0.911661 NMSE=0.088339 shuffled_R2=-0.022468
ALIGN ego[02] partner[02] R2=0.953427 NMSE=0.046573 shuffled_R2=-0.016904
ALIGN ego[02] partner[03] R2=0.939030 NMSE=0.060970 shuffled_R2=-0.018349
ALIGN ego[02] partner[04] R2=0.889796 NMSE=0.110204 shuffled_R2=-0.026727
ALIGN ego[03] partner[00] R2=0.919110 NMSE=0.080890 shuffled_R2=-0.017153
ALIGN ego[03] partner[01] R2=0.916211 NMSE=0.083789 shuffled_R2=-0.016700
ALIGN ego[03] partner[02] R2=0.925243 NMSE=0.074757 shuffled_R2=-0.018311
ALIGN ego[03] partner[03] R2=0.944733 NMSE=0.055267 shuffled_R2=-0.015674
ALIGN ego[03] partner[04] R2=0.891907 NMSE=0.108093 shuffled_R2=-0.022369
ALIGN ego[04] partner[00] R2=0.907338 NMSE=0.092662 shuffled_R2=-0.023953
ALIGN ego[04] partner[01] R2=0.901693 NMSE=0.098307 shuffled_R2=-0.021681
ALIGN ego[04] partner[02] R2=0.909915 NMSE=0.090085 shuffled_R2=-0.017026
ALIGN ego[04] partner[03] R2=0.943308 NMSE=0.056692 shuffled_R2=-0.016654
ALIGN ego[04] partner[04] R2=0.927160 NMSE=0.072840 shuffled_R2=-0.016466
Average ego-to-partner alignment R2: 0.918482 +- 0.004212 SE over 25 ego-partner pairs
Average alignment normalized MSE: 0.081518 +- 0.004212 SE
Average shuffled-control alignment R2: -0.019807 +- 0.001097 SE
Saved alignment results to zsc_results/lmpred_ema_gamma09/cramped_room5x5
Evaluating ZSC for method=lmpred_ema_gamma09, layout=counter_circuit, prefix=checkpoints/lmpred_ema_gamma09/, result_name=lmpred_ema_gamma09, perspective_transform=true
Importing submoduled environments...
Submoduled environments not found. Skipping import.
LOADED: checkpoints/lmpred_ema_gamma09/counter_circuit/baseline_seed_0_step_380.msgpack
LOADED: checkpoints/lmpred_ema_gamma09/counter_circuit/baseline_seed_1_step_380.msgpack
LOADED: checkpoints/lmpred_ema_gamma09/counter_circuit/baseline_seed_2_step_380.msgpack
LOADED: checkpoints/lmpred_ema_gamma09/counter_circuit/baseline_seed_3_step_380.msgpack
LOADED: checkpoints/lmpred_ema_gamma09/counter_circuit/baseline_seed_4_step_380.msgpack
ZSC[00, 00] = 285.969
ZSC[00, 01] = 236.062
ZSC[00, 02] = 266.211
ZSC[00, 03] = 218.827
ZSC[00, 04] = 242.928
ZSC[01, 00] = 237.150
ZSC[01, 01] = 222.048
ZSC[01, 02] = 227.661
ZSC[01, 03] = 183.695
ZSC[01, 04] = 214.039
ZSC[02, 00] = 267.100
ZSC[02, 01] = 229.425
ZSC[02, 02] = 252.883
ZSC[02, 03] = 221.783
ZSC[02, 04] = 243.031
ZSC[03, 00] = 219.759
ZSC[03, 01] = 185.266
ZSC[03, 02] = 222.417
ZSC[03, 03] = 219.194
ZSC[03, 04] = 232.192
ZSC[04, 00] = 242.708
ZSC[04, 01] = 212.992
ZSC[04, 02] = 244.028
ZSC[04, 03] = 234.098
ZSC[04, 04] = 235.822
Average SP performance (diagonal/self-copy): 243.183 +- 12.250 SE over 5 pairs
Average XP performance (off-diagonal/excluding self): 229.069 +- 4.736 SE over 20 ordered pairs
Saved ZSC results to zsc_results/lmpred_ema_gamma09/counter_circuit
Saved ZSC heatmap to zsc_results/lmpred_ema_gamma09/counter_circuit/xp_matrix.png
Using alignment rollout scale: ALIGN_PAIR_BATCH_SIZE=1, ALIGN_EVAL_NUM_EPISODES=128, ALIGN_EVAL_NUM_STEPS=400
ALIGN ego[00] partner[00] R2=0.901759 NMSE=0.098241 shuffled_R2=-0.014991
ALIGN ego[00] partner[01] R2=0.884679 NMSE=0.115321 shuffled_R2=-0.017211
ALIGN ego[00] partner[02] R2=0.826173 NMSE=0.173827 shuffled_R2=-0.019961
ALIGN ego[00] partner[03] R2=0.777828 NMSE=0.222172 shuffled_R2=-0.020422
ALIGN ego[00] partner[04] R2=0.871894 NMSE=0.128106 shuffled_R2=-0.015584
ALIGN ego[01] partner[00] R2=0.843243 NMSE=0.156757 shuffled_R2=-0.017090
ALIGN ego[01] partner[01] R2=0.865752 NMSE=0.134248 shuffled_R2=-0.018409
ALIGN ego[01] partner[02] R2=0.850790 NMSE=0.149210 shuffled_R2=-0.016901
ALIGN ego[01] partner[03] R2=0.784253 NMSE=0.215747 shuffled_R2=-0.018411
ALIGN ego[01] partner[04] R2=0.827882 NMSE=0.172118 shuffled_R2=-0.016100
ALIGN ego[02] partner[00] R2=0.855668 NMSE=0.144332 shuffled_R2=-0.020851
ALIGN ego[02] partner[01] R2=0.889780 NMSE=0.110220 shuffled_R2=-0.014653
ALIGN ego[02] partner[02] R2=0.849597 NMSE=0.150403 shuffled_R2=-0.016019
ALIGN ego[02] partner[03] R2=0.815259 NMSE=0.184741 shuffled_R2=-0.016185
ALIGN ego[02] partner[04] R2=0.790458 NMSE=0.209542 shuffled_R2=-0.023267
ALIGN ego[03] partner[00] R2=0.779066 NMSE=0.220934 shuffled_R2=-0.018116
ALIGN ego[03] partner[01] R2=0.832401 NMSE=0.167599 shuffled_R2=-0.017235
ALIGN ego[03] partner[02] R2=0.793503 NMSE=0.206497 shuffled_R2=-0.016788
ALIGN ego[03] partner[03] R2=0.739266 NMSE=0.260734 shuffled_R2=-0.025329
ALIGN ego[03] partner[04] R2=0.819297 NMSE=0.180703 shuffled_R2=-0.015453
ALIGN ego[04] partner[00] R2=0.854609 NMSE=0.145391 shuffled_R2=-0.015756
ALIGN ego[04] partner[01] R2=0.849293 NMSE=0.150707 shuffled_R2=-0.014679
ALIGN ego[04] partner[02] R2=0.818206 NMSE=0.181794 shuffled_R2=-0.016619
ALIGN ego[04] partner[03] R2=0.843975 NMSE=0.156025 shuffled_R2=-0.016369
ALIGN ego[04] partner[04] R2=0.859076 NMSE=0.140924 shuffled_R2=-0.015235
Average ego-to-partner alignment R2: 0.832948 +- 0.007877 SE over 25 ego-partner pairs
Average alignment normalized MSE: 0.167052 +- 0.007877 SE
Average shuffled-control alignment R2: -0.017505 +- 0.000532 SE
Saved alignment results to zsc_results/lmpred_ema_gamma09/counter_circuit
Evaluating ZSC for method=lmpred_ema_gamma09, layout=coord_ring, prefix=checkpoints/lmpred_ema_gamma09/, result_name=lmpred_ema_gamma09, perspective_transform=true
Importing submoduled environments...
Submoduled environments not found. Skipping import.
LOADED: checkpoints/lmpred_ema_gamma09/coord_ring/baseline_seed_0_step_220.msgpack
LOADED: checkpoints/lmpred_ema_gamma09/coord_ring/baseline_seed_1_step_220.msgpack
LOADED: checkpoints/lmpred_ema_gamma09/coord_ring/baseline_seed_2_step_220.msgpack
LOADED: checkpoints/lmpred_ema_gamma09/coord_ring/baseline_seed_3_step_220.msgpack
LOADED: checkpoints/lmpred_ema_gamma09/coord_ring/baseline_seed_4_step_220.msgpack
ZSC[00, 00] = 282.227
ZSC[00, 01] = 197.586
ZSC[00, 02] = 194.113
ZSC[00, 03] = 275.317
ZSC[00, 04] = 270.328
ZSC[01, 00] = 197.380
ZSC[01, 01] = 186.672
ZSC[01, 02] = 239.031
ZSC[01, 03] = 197.000
ZSC[01, 04] = 224.648
ZSC[02, 00] = 195.655
ZSC[02, 01] = 234.867
ZSC[02, 02] = 305.600
ZSC[02, 03] = 153.947
ZSC[02, 04] = 279.034
ZSC[03, 00] = 275.672
ZSC[03, 01] = 197.166
ZSC[03, 02] = 153.331
ZSC[03, 03] = 19.664
ZSC[03, 04] = 272.595
ZSC[04, 00] = 270.387
ZSC[04, 01] = 224.344
ZSC[04, 02] = 280.156
ZSC[04, 03] = 272.642
ZSC[04, 04] = 300.975
Average SP performance (diagonal/self-copy): 219.028 +- 54.313 SE over 5 pairs
Average XP performance (off-diagonal/excluding self): 230.260 +- 9.532 SE over 20 ordered pairs
Saved ZSC results to zsc_results/lmpred_ema_gamma09/coord_ring
Saved ZSC heatmap to zsc_results/lmpred_ema_gamma09/coord_ring/xp_matrix.png
Using alignment rollout scale: ALIGN_PAIR_BATCH_SIZE=1, ALIGN_EVAL_NUM_EPISODES=128, ALIGN_EVAL_NUM_STEPS=400
ALIGN ego[00] partner[00] R2=0.872478 NMSE=0.127522 shuffled_R2=-0.016475
ALIGN ego[00] partner[01] R2=0.888611 NMSE=0.111389 shuffled_R2=-0.021396
ALIGN ego[00] partner[02] R2=0.863615 NMSE=0.136385 shuffled_R2=-0.016983
ALIGN ego[00] partner[03] R2=0.891069 NMSE=0.108931 shuffled_R2=-0.018332
ALIGN ego[00] partner[04] R2=0.827176 NMSE=0.172824 shuffled_R2=-0.016151
ALIGN ego[01] partner[00] R2=0.849247 NMSE=0.150753 shuffled_R2=-0.017287
ALIGN ego[01] partner[01] R2=0.940448 NMSE=0.059552 shuffled_R2=-0.016318
ALIGN ego[01] partner[02] R2=0.952181 NMSE=0.047819 shuffled_R2=-0.016737
ALIGN ego[01] partner[03] R2=0.884142 NMSE=0.115858 shuffled_R2=-0.018610
ALIGN ego[01] partner[04] R2=0.854141 NMSE=0.145859 shuffled_R2=-0.016728
ALIGN ego[02] partner[00] R2=0.863773 NMSE=0.136227 shuffled_R2=-0.013716
ALIGN ego[02] partner[01] R2=0.916883 NMSE=0.083117 shuffled_R2=-0.056198
ALIGN ego[02] partner[02] R2=0.941955 NMSE=0.058045 shuffled_R2=-0.019615
ALIGN ego[02] partner[03] R2=0.895477 NMSE=0.104523 shuffled_R2=-0.015913
ALIGN ego[02] partner[04] R2=0.835979 NMSE=0.164021 shuffled_R2=-0.016749
ALIGN ego[03] partner[00] R2=0.915090 NMSE=0.084910 shuffled_R2=-0.012786
ALIGN ego[03] partner[01] R2=0.803104 NMSE=0.196896 shuffled_R2=-0.036452
ALIGN ego[03] partner[02] R2=0.900764 NMSE=0.099236 shuffled_R2=-0.018327
ALIGN ego[03] partner[03] R2=0.938539 NMSE=0.061461 shuffled_R2=-0.018650
ALIGN ego[03] partner[04] R2=0.850284 NMSE=0.149716 shuffled_R2=-0.020836
ALIGN ego[04] partner[00] R2=0.865057 NMSE=0.134943 shuffled_R2=-0.013811
ALIGN ego[04] partner[01] R2=0.888126 NMSE=0.111874 shuffled_R2=-0.015177
ALIGN ego[04] partner[02] R2=0.832603 NMSE=0.167397 shuffled_R2=-0.012920
ALIGN ego[04] partner[03] R2=0.930440 NMSE=0.069560 shuffled_R2=-0.012210
ALIGN ego[04] partner[04] R2=0.900018 NMSE=0.099982 shuffled_R2=-0.016122
Average ego-to-partner alignment R2: 0.884048 +- 0.008000 SE over 25 ego-partner pairs
Average alignment normalized MSE: 0.115952 +- 0.008000 SE
Average shuffled-control alignment R2: -0.018980 +- 0.001804 SE
Saved alignment results to zsc_results/lmpred_ema_gamma09/coord_ring
Evaluating ZSC for method=lmpred_ema_no_self_pred, layout=cramped_room5x5, prefix=checkpoints/lmpred_ema_no_self_pred/, result_name=lmpred_ema_no_self_pred, perspective_transform=true
Importing submoduled environments...
Submoduled environments not found. Skipping import.
LOADED: checkpoints/lmpred_ema_no_self_pred/cramped_room5x5/baseline_seed_0_step_220.msgpack
LOADED: checkpoints/lmpred_ema_no_self_pred/cramped_room5x5/baseline_seed_1_step_220.msgpack
LOADED: checkpoints/lmpred_ema_no_self_pred/cramped_room5x5/baseline_seed_2_step_220.msgpack
LOADED: checkpoints/lmpred_ema_no_self_pred/cramped_room5x5/baseline_seed_3_step_220.msgpack
LOADED: checkpoints/lmpred_ema_no_self_pred/cramped_room5x5/baseline_seed_4_step_220.msgpack
ZSC[00, 00] = 225.066
ZSC[00, 01] = 145.438
ZSC[00, 02] = 155.633
ZSC[00, 03] = 159.077
ZSC[00, 04] = 189.727
ZSC[01, 00] = 144.397
ZSC[01, 01] = 238.450
ZSC[01, 02] = 218.192
ZSC[01, 03] = 221.378
ZSC[01, 04] = 193.803
ZSC[02, 00] = 157.016
ZSC[02, 01] = 218.469
ZSC[02, 02] = 231.312
ZSC[02, 03] = 229.755
ZSC[02, 04] = 192.700
ZSC[03, 00] = 158.102
ZSC[03, 01] = 219.861
ZSC[03, 02] = 229.903
ZSC[03, 03] = 211.073
ZSC[03, 04] = 124.817
ZSC[04, 00] = 188.678
ZSC[04, 01] = 193.856
ZSC[04, 02] = 192.706
ZSC[04, 03] = 123.281
ZSC[04, 04] = 212.453
Average SP performance (diagonal/self-copy): 223.671 +- 5.307 SE over 5 pairs
Average XP performance (off-diagonal/excluding self): 182.839 +- 7.726 SE over 20 ordered pairs
Saved ZSC results to zsc_results/lmpred_ema_no_self_pred/cramped_room5x5
Saved ZSC heatmap to zsc_results/lmpred_ema_no_self_pred/cramped_room5x5/xp_matrix.png
Using alignment rollout scale: ALIGN_PAIR_BATCH_SIZE=1, ALIGN_EVAL_NUM_EPISODES=128, ALIGN_EVAL_NUM_STEPS=400
ALIGN ego[00] partner[00] R2=0.921984 NMSE=0.078016 shuffled_R2=-0.018687
ALIGN ego[00] partner[01] R2=0.947815 NMSE=0.052185 shuffled_R2=-0.014591
ALIGN ego[00] partner[02] R2=0.878677 NMSE=0.121323 shuffled_R2=-0.029714
ALIGN ego[00] partner[03] R2=0.960596 NMSE=0.039404 shuffled_R2=-0.017224
ALIGN ego[00] partner[04] R2=0.905990 NMSE=0.094010 shuffled_R2=-0.022538
ALIGN ego[01] partner[00] R2=0.951167 NMSE=0.048833 shuffled_R2=-0.019286
ALIGN ego[01] partner[01] R2=0.942763 NMSE=0.057237 shuffled_R2=-0.014692
ALIGN ego[01] partner[02] R2=0.930576 NMSE=0.069424 shuffled_R2=-0.017885
ALIGN ego[01] partner[03] R2=0.938154 NMSE=0.061846 shuffled_R2=-0.015986
ALIGN ego[01] partner[04] R2=0.819993 NMSE=0.180007 shuffled_R2=-0.029829
ALIGN ego[02] partner[00] R2=0.946696 NMSE=0.053304 shuffled_R2=-0.014188
ALIGN ego[02] partner[01] R2=0.916506 NMSE=0.083494 shuffled_R2=-0.018599
ALIGN ego[02] partner[02] R2=0.898839 NMSE=0.101161 shuffled_R2=-0.027733
ALIGN ego[02] partner[03] R2=0.938850 NMSE=0.061150 shuffled_R2=-0.014774
ALIGN ego[02] partner[04] R2=0.915033 NMSE=0.084967 shuffled_R2=-0.018670
ALIGN ego[03] partner[00] R2=0.915001 NMSE=0.084999 shuffled_R2=-0.023761
ALIGN ego[03] partner[01] R2=0.925352 NMSE=0.074648 shuffled_R2=-0.019191
ALIGN ego[03] partner[02] R2=0.941188 NMSE=0.058812 shuffled_R2=-0.017078
ALIGN ego[03] partner[03] R2=0.933605 NMSE=0.066395 shuffled_R2=-0.018563
ALIGN ego[03] partner[04] R2=0.949629 NMSE=0.050371 shuffled_R2=-0.014685
ALIGN ego[04] partner[00] R2=0.803098 NMSE=0.196902 shuffled_R2=-0.043028
ALIGN ego[04] partner[01] R2=0.902593 NMSE=0.097407 shuffled_R2=-0.016929
ALIGN ego[04] partner[02] R2=0.927691 NMSE=0.072309 shuffled_R2=-0.016129
ALIGN ego[04] partner[03] R2=0.895989 NMSE=0.104011 shuffled_R2=-0.027847
ALIGN ego[04] partner[04] R2=0.902701 NMSE=0.097299 shuffled_R2=-0.014845
Average ego-to-partner alignment R2: 0.916419 +- 0.007524 SE over 25 ego-partner pairs
Average alignment normalized MSE: 0.083581 +- 0.007524 SE
Average shuffled-control alignment R2: -0.020258 +- 0.001357 SE
Saved alignment results to zsc_results/lmpred_ema_no_self_pred/cramped_room5x5
Evaluating ZSC for method=lmpred_ema_no_self_pred, layout=counter_circuit, prefix=checkpoints/lmpred_ema_no_self_pred/, result_name=lmpred_ema_no_self_pred, perspective_transform=true
Importing submoduled environments...
Submoduled environments not found. Skipping import.
LOADED: checkpoints/lmpred_ema_no_self_pred/counter_circuit/baseline_seed_0_step_380.msgpack
LOADED: checkpoints/lmpred_ema_no_self_pred/counter_circuit/baseline_seed_1_step_380.msgpack
LOADED: checkpoints/lmpred_ema_no_self_pred/counter_circuit/baseline_seed_2_step_380.msgpack
LOADED: checkpoints/lmpred_ema_no_self_pred/counter_circuit/baseline_seed_3_step_380.msgpack
LOADED: checkpoints/lmpred_ema_no_self_pred/counter_circuit/baseline_seed_4_step_380.msgpack
ZSC[00, 00] = 284.703
ZSC[00, 01] = 258.044
ZSC[00, 02] = 147.992
ZSC[00, 03] = 178.930
ZSC[00, 04] = 200.991
ZSC[01, 00] = 256.161
ZSC[01, 01] = 241.720
ZSC[01, 02] = 222.123
ZSC[01, 03] = 211.984
ZSC[01, 04] = 200.189
ZSC[02, 00] = 152.367
ZSC[02, 01] = 217.573
ZSC[02, 02] = 238.286
ZSC[02, 03] = 217.812
ZSC[02, 04] = 166.864
ZSC[03, 00] = 152.906
ZSC[03, 01] = 212.031
ZSC[03, 02] = 219.077
ZSC[03, 03] = 209.989
ZSC[03, 04] = 153.262
ZSC[04, 00] = 201.697
ZSC[04, 01] = 200.177
ZSC[04, 02] = 168.417
ZSC[04, 03] = 157.916
ZSC[04, 04] = 174.905
Average SP performance (diagonal/self-copy): 229.921 +- 18.213 SE over 5 pairs
Average XP performance (off-diagonal/excluding self): 194.826 +- 7.512 SE over 20 ordered pairs
Saved ZSC results to zsc_results/lmpred_ema_no_self_pred/counter_circuit
Saved ZSC heatmap to zsc_results/lmpred_ema_no_self_pred/counter_circuit/xp_matrix.png
Using alignment rollout scale: ALIGN_PAIR_BATCH_SIZE=1, ALIGN_EVAL_NUM_EPISODES=128, ALIGN_EVAL_NUM_STEPS=400
ALIGN ego[00] partner[00] R2=0.886874 NMSE=0.113126 shuffled_R2=-0.014999
ALIGN ego[00] partner[01] R2=0.870850 NMSE=0.129150 shuffled_R2=-0.014797
ALIGN ego[00] partner[02] R2=0.804810 NMSE=0.195190 shuffled_R2=-0.018406
ALIGN ego[00] partner[03] R2=0.797287 NMSE=0.202713 shuffled_R2=-0.021450
ALIGN ego[00] partner[04] R2=0.819533 NMSE=0.180467 shuffled_R2=-0.015991
ALIGN ego[01] partner[00] R2=0.848372 NMSE=0.151628 shuffled_R2=-0.019975
ALIGN ego[01] partner[01] R2=0.821186 NMSE=0.178814 shuffled_R2=-0.018425
ALIGN ego[01] partner[02] R2=0.837698 NMSE=0.162302 shuffled_R2=-0.014454
ALIGN ego[01] partner[03] R2=0.783340 NMSE=0.216660 shuffled_R2=-0.018802
ALIGN ego[01] partner[04] R2=0.809302 NMSE=0.190698 shuffled_R2=-0.014665
ALIGN ego[02] partner[00] R2=0.817888 NMSE=0.182112 shuffled_R2=-0.017217
ALIGN ego[02] partner[01] R2=0.828902 NMSE=0.171098 shuffled_R2=-0.015873
ALIGN ego[02] partner[02] R2=0.818459 NMSE=0.181541 shuffled_R2=-0.015610
ALIGN ego[02] partner[03] R2=0.872300 NMSE=0.127700 shuffled_R2=-0.017179
ALIGN ego[02] partner[04] R2=0.770087 NMSE=0.229913 shuffled_R2=-0.018389
ALIGN ego[03] partner[00] R2=0.814325 NMSE=0.185675 shuffled_R2=-0.021876
ALIGN ego[03] partner[01] R2=0.784828 NMSE=0.215172 shuffled_R2=-0.021453
ALIGN ego[03] partner[02] R2=0.812668 NMSE=0.187332 shuffled_R2=-0.016017
ALIGN ego[03] partner[03] R2=0.883270 NMSE=0.116730 shuffled_R2=-0.016680
ALIGN ego[03] partner[04] R2=0.724050 NMSE=0.275950 shuffled_R2=-0.023879
ALIGN ego[04] partner[00] R2=0.781108 NMSE=0.218892 shuffled_R2=-0.014521
ALIGN ego[04] partner[01] R2=0.780831 NMSE=0.219169 shuffled_R2=-0.015652
ALIGN ego[04] partner[02] R2=0.766415 NMSE=0.233585 shuffled_R2=-0.016537
ALIGN ego[04] partner[03] R2=0.754455 NMSE=0.245545 shuffled_R2=-0.019532
ALIGN ego[04] partner[04] R2=0.804207 NMSE=0.195793 shuffled_R2=-0.016653
Average ego-to-partner alignment R2: 0.811722 +- 0.008060 SE over 25 ego-partner pairs
Average alignment normalized MSE: 0.188278 +- 0.008060 SE
Average shuffled-control alignment R2: -0.017561 +- 0.000519 SE
Saved alignment results to zsc_results/lmpred_ema_no_self_pred/counter_circuit
Evaluating ZSC for method=lmpred_ema_no_self_pred, layout=coord_ring, prefix=checkpoints/lmpred_ema_no_self_pred/, result_name=lmpred_ema_no_self_pred, perspective_transform=true
Importing submoduled environments...
Submoduled environments not found. Skipping import.
LOADED: checkpoints/lmpred_ema_no_self_pred/coord_ring/baseline_seed_0_step_220.msgpack
LOADED: checkpoints/lmpred_ema_no_self_pred/coord_ring/baseline_seed_1_step_220.msgpack
LOADED: checkpoints/lmpred_ema_no_self_pred/coord_ring/baseline_seed_2_step_220.msgpack
LOADED: checkpoints/lmpred_ema_no_self_pred/coord_ring/baseline_seed_3_step_220.msgpack
LOADED: checkpoints/lmpred_ema_no_self_pred/coord_ring/baseline_seed_4_step_220.msgpack
ZSC[00, 00] = 295.125
ZSC[00, 01] = 231.228
ZSC[00, 02] = 225.991
ZSC[00, 03] = 45.659
ZSC[00, 04] = 240.247
ZSC[01, 00] = 231.953
ZSC[01, 01] = 290.617
ZSC[01, 02] = 236.845
ZSC[01, 03] = 130.087
ZSC[01, 04] = 271.903
ZSC[02, 00] = 225.736
ZSC[02, 01] = 237.352
ZSC[02, 02] = 303.442
ZSC[02, 03] = 22.533
ZSC[02, 04] = 268.478
ZSC[03, 00] = 45.130
ZSC[03, 01] = 130.617
ZSC[03, 02] = 22.358
ZSC[03, 03] = 272.566
ZSC[03, 04] = 62.030
ZSC[04, 00] = 241.608
ZSC[04, 01] = 278.081
ZSC[04, 02] = 268.634
ZSC[04, 03] = 61.992
ZSC[04, 04] = 309.653
Average SP performance (diagonal/self-copy): 294.281 +- 6.348 SE over 5 pairs
Average XP performance (off-diagonal/excluding self): 173.923 +- 21.469 SE over 20 ordered pairs
Saved ZSC results to zsc_results/lmpred_ema_no_self_pred/coord_ring
Saved ZSC heatmap to zsc_results/lmpred_ema_no_self_pred/coord_ring/xp_matrix.png
Using alignment rollout scale: ALIGN_PAIR_BATCH_SIZE=1, ALIGN_EVAL_NUM_EPISODES=128, ALIGN_EVAL_NUM_STEPS=400
ALIGN ego[00] partner[00] R2=0.887777 NMSE=0.112223 shuffled_R2=-0.020095
ALIGN ego[00] partner[01] R2=0.811336 NMSE=0.188664 shuffled_R2=-0.019180
ALIGN ego[00] partner[02] R2=0.810327 NMSE=0.189673 shuffled_R2=-0.026704
ALIGN ego[00] partner[03] R2=0.908787 NMSE=0.091213 shuffled_R2=-0.017242
ALIGN ego[00] partner[04] R2=0.853990 NMSE=0.146010 shuffled_R2=-0.015947
ALIGN ego[01] partner[00] R2=0.860483 NMSE=0.139517 shuffled_R2=-0.015535
ALIGN ego[01] partner[01] R2=0.834477 NMSE=0.165523 shuffled_R2=-0.028328
ALIGN ego[01] partner[02] R2=0.817221 NMSE=0.182779 shuffled_R2=-0.019906
ALIGN ego[01] partner[03] R2=0.902410 NMSE=0.097590 shuffled_R2=-0.020854
ALIGN ego[01] partner[04] R2=0.819220 NMSE=0.180780 shuffled_R2=-0.021138
ALIGN ego[02] partner[00] R2=0.826182 NMSE=0.173818 shuffled_R2=-0.035090
ALIGN ego[02] partner[01] R2=0.857440 NMSE=0.142560 shuffled_R2=-0.015195
ALIGN ego[02] partner[02] R2=0.842473 NMSE=0.157527 shuffled_R2=-0.019001
ALIGN ego[02] partner[03] R2=0.915148 NMSE=0.084852 shuffled_R2=-0.021580
ALIGN ego[02] partner[04] R2=0.780274 NMSE=0.219726 shuffled_R2=-0.024713
ALIGN ego[03] partner[00] R2=0.880713 NMSE=0.119287 shuffled_R2=-0.023602
ALIGN ego[03] partner[01] R2=0.909272 NMSE=0.090728 shuffled_R2=-0.016817
ALIGN ego[03] partner[02] R2=0.908614 NMSE=0.091386 shuffled_R2=-0.022374
ALIGN ego[03] partner[03] R2=0.755211 NMSE=0.244789 shuffled_R2=-0.035924
ALIGN ego[03] partner[04] R2=0.932174 NMSE=0.067826 shuffled_R2=-0.014559
ALIGN ego[04] partner[00] R2=0.814634 NMSE=0.185366 shuffled_R2=-0.023042
ALIGN ego[04] partner[01] R2=0.884264 NMSE=0.115736 shuffled_R2=-0.014064
ALIGN ego[04] partner[02] R2=0.869479 NMSE=0.130521 shuffled_R2=-0.017421
ALIGN ego[04] partner[03] R2=0.929782 NMSE=0.070218 shuffled_R2=-0.017756
ALIGN ego[04] partner[04] R2=0.751854 NMSE=0.248146 shuffled_R2=-0.066028
Average ego-to-partner alignment R2: 0.854542 +- 0.010391 SE over 25 ego-partner pairs
Average alignment normalized MSE: 0.145458 +- 0.010391 SE
Average shuffled-control alignment R2: -0.022884 +- 0.002128 SE
Saved alignment results to zsc_results/lmpred_ema_no_self_pred/coord_ring
