Script directory: /mnt/iusers01/fatpou01/compsci01/n70579mp/scratch/JaxMARL
Failed to import warp: No module named 'warp'
Failed to import mujoco_warp: No module named 'warp'
Importing submoduled environments...
Submoduled environments not found. Skipping import.
wandb: Currently logged in as: maytusp to https://api.wandb.ai. Use `wandb login --relogin` to force relogin
wandb: creating run
wandb: Tracking run with wandb version 0.21.1
wandb: Run data is saved locally in /net/scratch/n70579mp/JaxMARL/wandb/run-20260519_093215-3ffky9s7
wandb: Run `wandb offline` to turn off syncing.
wandb: Syncing run ippo_obsfront_counter_circuit2
wandb: ⭐️ View project at https://wandb.ai/maytusp/oc-extended
wandb: 🚀 View run at https://wandb.ai/maytusp/oc-extended/runs/3ffky9s7
2026-05-19 09:32:54.705887: W external/xla/xla/tsl/framework/bfc_allocator.cc:310] Allocator (GPU_0_bfc) ran out of memory trying to allocate 34.94GiB with freed_by_count=0. The caller indicates that this is not a failure, but this may mean that there could be performance gains if more memory were available.
Update steps:  381.0
Warmup epochs:  19
Cosine epochs:  362.0
--> Saved seed 11 checkpoint at step 1 to checkpoints/sp/counter_circuit2/baseline_seed_11_step_1.msgpack
--> Saved seed 10 checkpoint at step 1 to checkpoints/sp/counter_circuit2/baseline_seed_10_step_1.msgpack
--> Saved seed 9 checkpoint at step 1 to checkpoints/sp/counter_circuit2/baseline_seed_9_step_1.msgpack
--> Saved seed 8 checkpoint at step 1 to checkpoints/sp/counter_circuit2/baseline_seed_8_step_1.msgpack
--> Saved seed 7 checkpoint at step 1 to checkpoints/sp/counter_circuit2/baseline_seed_7_step_1.msgpack
--> Saved seed 6 checkpoint at step 1 to checkpoints/sp/counter_circuit2/baseline_seed_6_step_1.msgpack
--> Saved seed 5 checkpoint at step 1 to checkpoints/sp/counter_circuit2/baseline_seed_5_step_1.msgpack
--> Saved seed 4 checkpoint at step 1 to checkpoints/sp/counter_circuit2/baseline_seed_4_step_1.msgpack
--> Saved seed 3 checkpoint at step 1 to checkpoints/sp/counter_circuit2/baseline_seed_3_step_1.msgpack
--> Saved seed 2 checkpoint at step 1 to checkpoints/sp/counter_circuit2/baseline_seed_2_step_1.msgpack
--> Saved seed 1 checkpoint at step 1 to checkpoints/sp/counter_circuit2/baseline_seed_1_step_1.msgpack
--> Saved seed 0 checkpoint at step 1 to checkpoints/sp/counter_circuit2/baseline_seed_0_step_1.msgpack
--> Saved seed 14 checkpoint at step 1 to checkpoints/sp/counter_circuit2/baseline_seed_14_step_1.msgpack
--> Saved seed 13 checkpoint at step 1 to checkpoints/sp/counter_circuit2/baseline_seed_13_step_1.msgpack
--> Saved seed 12 checkpoint at step 1 to checkpoints/sp/counter_circuit2/baseline_seed_12_step_1.msgpack
--> Saved seed 11 checkpoint at step 38 to checkpoints/sp/counter_circuit2/baseline_seed_11_step_38.msgpack
--> Saved seed 10 checkpoint at step 38 to checkpoints/sp/counter_circuit2/baseline_seed_10_step_38.msgpack
--> Saved seed 9 checkpoint at step 38 to checkpoints/sp/counter_circuit2/baseline_seed_9_step_38.msgpack
--> Saved seed 8 checkpoint at step 38 to checkpoints/sp/counter_circuit2/baseline_seed_8_step_38.msgpack
--> Saved seed 7 checkpoint at step 38 to checkpoints/sp/counter_circuit2/baseline_seed_7_step_38.msgpack
--> Saved seed 6 checkpoint at step 38 to checkpoints/sp/counter_circuit2/baseline_seed_6_step_38.msgpack
--> Saved seed 5 checkpoint at step 38 to checkpoints/sp/counter_circuit2/baseline_seed_5_step_38.msgpack
--> Saved seed 4 checkpoint at step 38 to checkpoints/sp/counter_circuit2/baseline_seed_4_step_38.msgpack
--> Saved seed 3 checkpoint at step 38 to checkpoints/sp/counter_circuit2/baseline_seed_3_step_38.msgpack
--> Saved seed 2 checkpoint at step 38 to checkpoints/sp/counter_circuit2/baseline_seed_2_step_38.msgpack
--> Saved seed 1 checkpoint at step 38 to checkpoints/sp/counter_circuit2/baseline_seed_1_step_38.msgpack
--> Saved seed 0 checkpoint at step 38 to checkpoints/sp/counter_circuit2/baseline_seed_0_step_38.msgpack
--> Saved seed 14 checkpoint at step 38 to checkpoints/sp/counter_circuit2/baseline_seed_14_step_38.msgpack
--> Saved seed 13 checkpoint at step 38 to checkpoints/sp/counter_circuit2/baseline_seed_13_step_38.msgpack
--> Saved seed 12 checkpoint at step 38 to checkpoints/sp/counter_circuit2/baseline_seed_12_step_38.msgpack
--> Saved seed 11 checkpoint at step 76 to checkpoints/sp/counter_circuit2/baseline_seed_11_step_76.msgpack
--> Saved seed 10 checkpoint at step 76 to checkpoints/sp/counter_circuit2/baseline_seed_10_step_76.msgpack
--> Saved seed 9 checkpoint at step 76 to checkpoints/sp/counter_circuit2/baseline_seed_9_step_76.msgpack
--> Saved seed 8 checkpoint at step 76 to checkpoints/sp/counter_circuit2/baseline_seed_8_step_76.msgpack
--> Saved seed 7 checkpoint at step 76 to checkpoints/sp/counter_circuit2/baseline_seed_7_step_76.msgpack
--> Saved seed 6 checkpoint at step 76 to checkpoints/sp/counter_circuit2/baseline_seed_6_step_76.msgpack
--> Saved seed 5 checkpoint at step 76 to checkpoints/sp/counter_circuit2/baseline_seed_5_step_76.msgpack
--> Saved seed 4 checkpoint at step 76 to checkpoints/sp/counter_circuit2/baseline_seed_4_step_76.msgpack
--> Saved seed 3 checkpoint at step 76 to checkpoints/sp/counter_circuit2/baseline_seed_3_step_76.msgpack
--> Saved seed 2 checkpoint at step 76 to checkpoints/sp/counter_circuit2/baseline_seed_2_step_76.msgpack
--> Saved seed 1 checkpoint at step 76 to checkpoints/sp/counter_circuit2/baseline_seed_1_step_76.msgpack
--> Saved seed 0 checkpoint at step 76 to checkpoints/sp/counter_circuit2/baseline_seed_0_step_76.msgpack
--> Saved seed 14 checkpoint at step 76 to checkpoints/sp/counter_circuit2/baseline_seed_14_step_76.msgpack
--> Saved seed 13 checkpoint at step 76 to checkpoints/sp/counter_circuit2/baseline_seed_13_step_76.msgpack
--> Saved seed 12 checkpoint at step 76 to checkpoints/sp/counter_circuit2/baseline_seed_12_step_76.msgpack
--> Saved seed 11 checkpoint at step 114 to checkpoints/sp/counter_circuit2/baseline_seed_11_step_114.msgpack
--> Saved seed 10 checkpoint at step 114 to checkpoints/sp/counter_circuit2/baseline_seed_10_step_114.msgpack
--> Saved seed 9 checkpoint at step 114 to checkpoints/sp/counter_circuit2/baseline_seed_9_step_114.msgpack
--> Saved seed 8 checkpoint at step 114 to checkpoints/sp/counter_circuit2/baseline_seed_8_step_114.msgpack
--> Saved seed 7 checkpoint at step 114 to checkpoints/sp/counter_circuit2/baseline_seed_7_step_114.msgpack
--> Saved seed 6 checkpoint at step 114 to checkpoints/sp/counter_circuit2/baseline_seed_6_step_114.msgpack
--> Saved seed 5 checkpoint at step 114 to checkpoints/sp/counter_circuit2/baseline_seed_5_step_114.msgpack
--> Saved seed 4 checkpoint at step 114 to checkpoints/sp/counter_circuit2/baseline_seed_4_step_114.msgpack
--> Saved seed 3 checkpoint at step 114 to checkpoints/sp/counter_circuit2/baseline_seed_3_step_114.msgpack
--> Saved seed 2 checkpoint at step 114 to checkpoints/sp/counter_circuit2/baseline_seed_2_step_114.msgpack
--> Saved seed 1 checkpoint at step 114 to checkpoints/sp/counter_circuit2/baseline_seed_1_step_114.msgpack
--> Saved seed 0 checkpoint at step 114 to checkpoints/sp/counter_circuit2/baseline_seed_0_step_114.msgpack
--> Saved seed 14 checkpoint at step 114 to checkpoints/sp/counter_circuit2/baseline_seed_14_step_114.msgpack
--> Saved seed 13 checkpoint at step 114 to checkpoints/sp/counter_circuit2/baseline_seed_13_step_114.msgpack
--> Saved seed 12 checkpoint at step 114 to checkpoints/sp/counter_circuit2/baseline_seed_12_step_114.msgpack
--> Saved seed 11 checkpoint at step 152 to checkpoints/sp/counter_circuit2/baseline_seed_11_step_152.msgpack
--> Saved seed 10 checkpoint at step 152 to checkpoints/sp/counter_circuit2/baseline_seed_10_step_152.msgpack
--> Saved seed 9 checkpoint at step 152 to checkpoints/sp/counter_circuit2/baseline_seed_9_step_152.msgpack
--> Saved seed 8 checkpoint at step 152 to checkpoints/sp/counter_circuit2/baseline_seed_8_step_152.msgpack
--> Saved seed 7 checkpoint at step 152 to checkpoints/sp/counter_circuit2/baseline_seed_7_step_152.msgpack
--> Saved seed 6 checkpoint at step 152 to checkpoints/sp/counter_circuit2/baseline_seed_6_step_152.msgpack
--> Saved seed 5 checkpoint at step 152 to checkpoints/sp/counter_circuit2/baseline_seed_5_step_152.msgpack
--> Saved seed 4 checkpoint at step 152 to checkpoints/sp/counter_circuit2/baseline_seed_4_step_152.msgpack
--> Saved seed 3 checkpoint at step 152 to checkpoints/sp/counter_circuit2/baseline_seed_3_step_152.msgpack
--> Saved seed 2 checkpoint at step 152 to checkpoints/sp/counter_circuit2/baseline_seed_2_step_152.msgpack
--> Saved seed 1 checkpoint at step 152 to checkpoints/sp/counter_circuit2/baseline_seed_1_step_152.msgpack
--> Saved seed 0 checkpoint at step 152 to checkpoints/sp/counter_circuit2/baseline_seed_0_step_152.msgpack
--> Saved seed 14 checkpoint at step 152 to checkpoints/sp/counter_circuit2/baseline_seed_14_step_152.msgpack
--> Saved seed 13 checkpoint at step 152 to checkpoints/sp/counter_circuit2/baseline_seed_13_step_152.msgpack
--> Saved seed 12 checkpoint at step 152 to checkpoints/sp/counter_circuit2/baseline_seed_12_step_152.msgpack
--> Saved seed 11 checkpoint at step 190 to checkpoints/sp/counter_circuit2/baseline_seed_11_step_190.msgpack
--> Saved seed 10 checkpoint at step 190 to checkpoints/sp/counter_circuit2/baseline_seed_10_step_190.msgpack
--> Saved seed 9 checkpoint at step 190 to checkpoints/sp/counter_circuit2/baseline_seed_9_step_190.msgpack
--> Saved seed 8 checkpoint at step 190 to checkpoints/sp/counter_circuit2/baseline_seed_8_step_190.msgpack
--> Saved seed 7 checkpoint at step 190 to checkpoints/sp/counter_circuit2/baseline_seed_7_step_190.msgpack
--> Saved seed 6 checkpoint at step 190 to checkpoints/sp/counter_circuit2/baseline_seed_6_step_190.msgpack
--> Saved seed 5 checkpoint at step 190 to checkpoints/sp/counter_circuit2/baseline_seed_5_step_190.msgpack
--> Saved seed 4 checkpoint at step 190 to checkpoints/sp/counter_circuit2/baseline_seed_4_step_190.msgpack
--> Saved seed 3 checkpoint at step 190 to checkpoints/sp/counter_circuit2/baseline_seed_3_step_190.msgpack
--> Saved seed 2 checkpoint at step 190 to checkpoints/sp/counter_circuit2/baseline_seed_2_step_190.msgpack
--> Saved seed 1 checkpoint at step 190 to checkpoints/sp/counter_circuit2/baseline_seed_1_step_190.msgpack
--> Saved seed 0 checkpoint at step 190 to checkpoints/sp/counter_circuit2/baseline_seed_0_step_190.msgpack
--> Saved seed 14 checkpoint at step 190 to checkpoints/sp/counter_circuit2/baseline_seed_14_step_190.msgpack
--> Saved seed 13 checkpoint at step 190 to checkpoints/sp/counter_circuit2/baseline_seed_13_step_190.msgpack
--> Saved seed 12 checkpoint at step 190 to checkpoints/sp/counter_circuit2/baseline_seed_12_step_190.msgpack
--> Saved seed 11 checkpoint at step 228 to checkpoints/sp/counter_circuit2/baseline_seed_11_step_228.msgpack
--> Saved seed 10 checkpoint at step 228 to checkpoints/sp/counter_circuit2/baseline_seed_10_step_228.msgpack
--> Saved seed 9 checkpoint at step 228 to checkpoints/sp/counter_circuit2/baseline_seed_9_step_228.msgpack
--> Saved seed 8 checkpoint at step 228 to checkpoints/sp/counter_circuit2/baseline_seed_8_step_228.msgpack
--> Saved seed 7 checkpoint at step 228 to checkpoints/sp/counter_circuit2/baseline_seed_7_step_228.msgpack
--> Saved seed 6 checkpoint at step 228 to checkpoints/sp/counter_circuit2/baseline_seed_6_step_228.msgpack
--> Saved seed 5 checkpoint at step 228 to checkpoints/sp/counter_circuit2/baseline_seed_5_step_228.msgpack
--> Saved seed 4 checkpoint at step 228 to checkpoints/sp/counter_circuit2/baseline_seed_4_step_228.msgpack
--> Saved seed 3 checkpoint at step 228 to checkpoints/sp/counter_circuit2/baseline_seed_3_step_228.msgpack
--> Saved seed 2 checkpoint at step 228 to checkpoints/sp/counter_circuit2/baseline_seed_2_step_228.msgpack
--> Saved seed 1 checkpoint at step 228 to checkpoints/sp/counter_circuit2/baseline_seed_1_step_228.msgpack
--> Saved seed 0 checkpoint at step 228 to checkpoints/sp/counter_circuit2/baseline_seed_0_step_228.msgpack
--> Saved seed 14 checkpoint at step 228 to checkpoints/sp/counter_circuit2/baseline_seed_14_step_228.msgpack
--> Saved seed 13 checkpoint at step 228 to checkpoints/sp/counter_circuit2/baseline_seed_13_step_228.msgpack
--> Saved seed 12 checkpoint at step 228 to checkpoints/sp/counter_circuit2/baseline_seed_12_step_228.msgpack
--> Saved seed 11 checkpoint at step 266 to checkpoints/sp/counter_circuit2/baseline_seed_11_step_266.msgpack
--> Saved seed 10 checkpoint at step 266 to checkpoints/sp/counter_circuit2/baseline_seed_10_step_266.msgpack
--> Saved seed 9 checkpoint at step 266 to checkpoints/sp/counter_circuit2/baseline_seed_9_step_266.msgpack
--> Saved seed 8 checkpoint at step 266 to checkpoints/sp/counter_circuit2/baseline_seed_8_step_266.msgpack
--> Saved seed 7 checkpoint at step 266 to checkpoints/sp/counter_circuit2/baseline_seed_7_step_266.msgpack
--> Saved seed 6 checkpoint at step 266 to checkpoints/sp/counter_circuit2/baseline_seed_6_step_266.msgpack
--> Saved seed 5 checkpoint at step 266 to checkpoints/sp/counter_circuit2/baseline_seed_5_step_266.msgpack
--> Saved seed 4 checkpoint at step 266 to checkpoints/sp/counter_circuit2/baseline_seed_4_step_266.msgpack
--> Saved seed 3 checkpoint at step 266 to checkpoints/sp/counter_circuit2/baseline_seed_3_step_266.msgpack
--> Saved seed 2 checkpoint at step 266 to checkpoints/sp/counter_circuit2/baseline_seed_2_step_266.msgpack
--> Saved seed 1 checkpoint at step 266 to checkpoints/sp/counter_circuit2/baseline_seed_1_step_266.msgpack
--> Saved seed 0 checkpoint at step 266 to checkpoints/sp/counter_circuit2/baseline_seed_0_step_266.msgpack
--> Saved seed 14 checkpoint at step 266 to checkpoints/sp/counter_circuit2/baseline_seed_14_step_266.msgpack
--> Saved seed 13 checkpoint at step 266 to checkpoints/sp/counter_circuit2/baseline_seed_13_step_266.msgpack
--> Saved seed 12 checkpoint at step 266 to checkpoints/sp/counter_circuit2/baseline_seed_12_step_266.msgpack
--> Saved seed 11 checkpoint at step 304 to checkpoints/sp/counter_circuit2/baseline_seed_11_step_304.msgpack
--> Saved seed 10 checkpoint at step 304 to checkpoints/sp/counter_circuit2/baseline_seed_10_step_304.msgpack
--> Saved seed 9 checkpoint at step 304 to checkpoints/sp/counter_circuit2/baseline_seed_9_step_304.msgpack
--> Saved seed 8 checkpoint at step 304 to checkpoints/sp/counter_circuit2/baseline_seed_8_step_304.msgpack
--> Saved seed 7 checkpoint at step 304 to checkpoints/sp/counter_circuit2/baseline_seed_7_step_304.msgpack
--> Saved seed 6 checkpoint at step 304 to checkpoints/sp/counter_circuit2/baseline_seed_6_step_304.msgpack
--> Saved seed 5 checkpoint at step 304 to checkpoints/sp/counter_circuit2/baseline_seed_5_step_304.msgpack
--> Saved seed 4 checkpoint at step 304 to checkpoints/sp/counter_circuit2/baseline_seed_4_step_304.msgpack
--> Saved seed 3 checkpoint at step 304 to checkpoints/sp/counter_circuit2/baseline_seed_3_step_304.msgpack
--> Saved seed 2 checkpoint at step 304 to checkpoints/sp/counter_circuit2/baseline_seed_2_step_304.msgpack
--> Saved seed 1 checkpoint at step 304 to checkpoints/sp/counter_circuit2/baseline_seed_1_step_304.msgpack
--> Saved seed 0 checkpoint at step 304 to checkpoints/sp/counter_circuit2/baseline_seed_0_step_304.msgpack
--> Saved seed 14 checkpoint at step 304 to checkpoints/sp/counter_circuit2/baseline_seed_14_step_304.msgpack
--> Saved seed 13 checkpoint at step 304 to checkpoints/sp/counter_circuit2/baseline_seed_13_step_304.msgpack
--> Saved seed 12 checkpoint at step 304 to checkpoints/sp/counter_circuit2/baseline_seed_12_step_304.msgpack
--> Saved seed 11 checkpoint at step 342 to checkpoints/sp/counter_circuit2/baseline_seed_11_step_342.msgpack
--> Saved seed 10 checkpoint at step 342 to checkpoints/sp/counter_circuit2/baseline_seed_10_step_342.msgpack
--> Saved seed 9 checkpoint at step 342 to checkpoints/sp/counter_circuit2/baseline_seed_9_step_342.msgpack
--> Saved seed 8 checkpoint at step 342 to checkpoints/sp/counter_circuit2/baseline_seed_8_step_342.msgpack
--> Saved seed 7 checkpoint at step 342 to checkpoints/sp/counter_circuit2/baseline_seed_7_step_342.msgpack
--> Saved seed 6 checkpoint at step 342 to checkpoints/sp/counter_circuit2/baseline_seed_6_step_342.msgpack
--> Saved seed 5 checkpoint at step 342 to checkpoints/sp/counter_circuit2/baseline_seed_5_step_342.msgpack
--> Saved seed 4 checkpoint at step 342 to checkpoints/sp/counter_circuit2/baseline_seed_4_step_342.msgpack
--> Saved seed 3 checkpoint at step 342 to checkpoints/sp/counter_circuit2/baseline_seed_3_step_342.msgpack
--> Saved seed 2 checkpoint at step 342 to checkpoints/sp/counter_circuit2/baseline_seed_2_step_342.msgpack
--> Saved seed 1 checkpoint at step 342 to checkpoints/sp/counter_circuit2/baseline_seed_1_step_342.msgpack
--> Saved seed 0 checkpoint at step 342 to checkpoints/sp/counter_circuit2/baseline_seed_0_step_342.msgpack
--> Saved seed 14 checkpoint at step 342 to checkpoints/sp/counter_circuit2/baseline_seed_14_step_342.msgpack
--> Saved seed 13 checkpoint at step 342 to checkpoints/sp/counter_circuit2/baseline_seed_13_step_342.msgpack
--> Saved seed 12 checkpoint at step 342 to checkpoints/sp/counter_circuit2/baseline_seed_12_step_342.msgpack
--> Saved seed 11 checkpoint at step 380 to checkpoints/sp/counter_circuit2/baseline_seed_11_step_380.msgpack
--> Saved seed 10 checkpoint at step 380 to checkpoints/sp/counter_circuit2/baseline_seed_10_step_380.msgpack
--> Saved seed 9 checkpoint at step 380 to checkpoints/sp/counter_circuit2/baseline_seed_9_step_380.msgpack
--> Saved seed 8 checkpoint at step 380 to checkpoints/sp/counter_circuit2/baseline_seed_8_step_380.msgpack
--> Saved seed 7 checkpoint at step 380 to checkpoints/sp/counter_circuit2/baseline_seed_7_step_380.msgpack
--> Saved seed 6 checkpoint at step 380 to checkpoints/sp/counter_circuit2/baseline_seed_6_step_380.msgpack
--> Saved seed 5 checkpoint at step 380 to checkpoints/sp/counter_circuit2/baseline_seed_5_step_380.msgpack
--> Saved seed 4 checkpoint at step 380 to checkpoints/sp/counter_circuit2/baseline_seed_4_step_380.msgpack
--> Saved seed 3 checkpoint at step 380 to checkpoints/sp/counter_circuit2/baseline_seed_3_step_380.msgpack
--> Saved seed 2 checkpoint at step 380 to checkpoints/sp/counter_circuit2/baseline_seed_2_step_380.msgpack
--> Saved seed 1 checkpoint at step 380 to checkpoints/sp/counter_circuit2/baseline_seed_1_step_380.msgpack
--> Saved seed 0 checkpoint at step 380 to checkpoints/sp/counter_circuit2/baseline_seed_0_step_380.msgpack
--> Saved seed 14 checkpoint at step 380 to checkpoints/sp/counter_circuit2/baseline_seed_14_step_380.msgpack
--> Saved seed 13 checkpoint at step 380 to checkpoints/sp/counter_circuit2/baseline_seed_13_step_380.msgpack
--> Saved seed 12 checkpoint at step 380 to checkpoints/sp/counter_circuit2/baseline_seed_12_step_380.msgpack
[1;34mwandb[0m: 
[1;34mwandb[0m: 🚀 View run [33mippo_obsfront_counter_circuit2[0m at: [34mhttps://wandb.ai/maytusp/oc-extended/runs/3ffky9s7[0m
[1;34mwandb[0m: Find logs at: [1;35m../../../../../../../net/scratch/n70579mp/JaxMARL/wandb/run-20260519_093215-3ffky9s7/logs[0m
