Script directory: /mnt/iusers01/fatpou01/compsci01/n70579mp/scratch/tom/JaxMARL
Error parsing override '++NUM_SEEDS:'
missing EQUAL at ':'
See https://hydra.cc/docs/1.2/advanced/override_grammar/basic for details

Set the environment variable HYDRA_FULL_ERROR=1 for a complete stack trace.
Importing submoduled environments...
Submoduled environments not found. Skipping import.
Error parsing override '++NUM_SEEDS:'
missing EQUAL at ':'
See https://hydra.cc/docs/1.2/advanced/override_grammar/basic for details

Set the environment variable HYDRA_FULL_ERROR=1 for a complete stack trace.
Importing submoduled environments...
Submoduled environments not found. Skipping import.
Error parsing override '++NUM_SEEDS:'
missing EQUAL at ':'
See https://hydra.cc/docs/1.2/advanced/override_grammar/basic for details

Set the environment variable HYDRA_FULL_ERROR=1 for a complete stack trace.
Importing submoduled environments...
Submoduled environments not found. Skipping import.
Error parsing override '++NUM_SEEDS:'
missing EQUAL at ':'
See https://hydra.cc/docs/1.2/advanced/override_grammar/basic for details

Set the environment variable HYDRA_FULL_ERROR=1 for a complete stack trace.
Importing submoduled environments...
Submoduled environments not found. Skipping import.
Error parsing override '++NUM_SEEDS:'
missing EQUAL at ':'
See https://hydra.cc/docs/1.2/advanced/override_grammar/basic for details

Set the environment variable HYDRA_FULL_ERROR=1 for a complete stack trace.
Importing submoduled environments...
Submoduled environments not found. Skipping import.
Error parsing override '++NUM_SEEDS:'
missing EQUAL at ':'
See https://hydra.cc/docs/1.2/advanced/override_grammar/basic for details

Set the environment variable HYDRA_FULL_ERROR=1 for a complete stack trace.
Importing submoduled environments...
Submoduled environments not found. Skipping import.
