Script directory: /mnt/iusers01/fatpou01/compsci01/n70579mp/scratch/JaxMARL
2026-05-18 11:44:10.831817: W external/xla/xla/service/platform_util.cc:220] unable to create StreamExecutor for CUDA:0: CUDA error: : CUDA_ERROR_ECC_UNCORRECTABLE: uncorrectable ECC error encountered
Traceback (most recent call last):
  File "/mnt/iusers01/fatpou01/compsci01/n70579mp/.conda/envs/jax/lib/python3.10/site-packages/jax/_src/xla_bridge.py", line 742, in backends
    backend = _init_backend(platform)
  File "/mnt/iusers01/fatpou01/compsci01/n70579mp/.conda/envs/jax/lib/python3.10/site-packages/jax/_src/xla_bridge.py", line 828, in _init_backend
    backend = registration.factory()
  File "/mnt/iusers01/fatpou01/compsci01/n70579mp/.conda/envs/jax/lib/python3.10/site-packages/jax/_src/xla_bridge.py", line 518, in factory
    return xla_client.make_c_api_client(plugin_name, updated_options, None)
  File "/mnt/iusers01/fatpou01/compsci01/n70579mp/.conda/envs/jax/lib/python3.10/site-packages/jaxlib/xla_client.py", line 153, in make_c_api_client
    return _xla.get_c_api_client(plugin_name, options, distributed_client)
jaxlib._jax.XlaRuntimeError: INTERNAL: no supported devices found for platform CUDA

During handling of the above exception, another exception occurred:

jax.errors.SimplifiedTraceback: For simplicity, JAX has removed its internal frames from the traceback of the following exception. Set JAX_TRACEBACK_FILTERING=off to include these.

The above exception was the direct cause of the following exception:

Traceback (most recent call last):
  File "/mnt/iusers01/fatpou01/compsci01/n70579mp/.conda/envs/jax/lib/python3.10/runpy.py", line 196, in _run_module_as_main
    return _run_code(code, main_globals, None,
  File "/mnt/iusers01/fatpou01/compsci01/n70579mp/.conda/envs/jax/lib/python3.10/runpy.py", line 86, in _run_code
    exec(code, run_globals)
  File "/net/scratch/n70579mp/JaxMARL/baselines/overcookedv2/train_ph2_v4.py", line 16, in <module>
    import jaxmarl
  File "/net/scratch/n70579mp/JaxMARL/jaxmarl/__init__.py", line 1, in <module>
    from .registration import make, registered_envs
  File "/net/scratch/n70579mp/JaxMARL/jaxmarl/registration.py", line 1, in <module>
    from .environments import (
  File "/net/scratch/n70579mp/JaxMARL/jaxmarl/environments/__init__.py", line 2, in <module>
    from .mpe import (
  File "/net/scratch/n70579mp/JaxMARL/jaxmarl/environments/mpe/__init__.py", line 5, in <module>
    from .simple_push import SimplePushMPE
  File "/net/scratch/n70579mp/JaxMARL/jaxmarl/environments/mpe/simple_push.py", line 11, in <module>
    COLOUR_1 = jnp.array([0.1, 0.9, 0.1])
  File "/mnt/iusers01/fatpou01/compsci01/n70579mp/.conda/envs/jax/lib/python3.10/site-packages/jax/_src/numpy/array.py", line 268, in array
    out_array: Array = lax._convert_element_type(
  File "/mnt/iusers01/fatpou01/compsci01/n70579mp/.conda/envs/jax/lib/python3.10/site-packages/jax/_src/lax/lax.py", line 1726, in _convert_element_type
    return convert_element_type_p.bind(
  File "/mnt/iusers01/fatpou01/compsci01/n70579mp/.conda/envs/jax/lib/python3.10/site-packages/jax/_src/core.py", line 536, in bind
    return self._true_bind(*args, **params)
  File "/mnt/iusers01/fatpou01/compsci01/n70579mp/.conda/envs/jax/lib/python3.10/site-packages/jax/_src/core.py", line 552, in _true_bind
    return self.bind_with_trace(prev_trace, args, params)
  File "/mnt/iusers01/fatpou01/compsci01/n70579mp/.conda/envs/jax/lib/python3.10/site-packages/jax/_src/lax/lax.py", line 4902, in _convert_element_type_bind_with_trace
    operand = core.Primitive.bind_with_trace(convert_element_type_p, trace, args, params)
  File "/mnt/iusers01/fatpou01/compsci01/n70579mp/.conda/envs/jax/lib/python3.10/site-packages/jax/_src/core.py", line 562, in bind_with_trace
    return trace.process_primitive(self, args, params)
  File "/mnt/iusers01/fatpou01/compsci01/n70579mp/.conda/envs/jax/lib/python3.10/site-packages/jax/_src/core.py", line 1066, in process_primitive
    return primitive.impl(*args, **params)
  File "/mnt/iusers01/fatpou01/compsci01/n70579mp/.conda/envs/jax/lib/python3.10/site-packages/jax/_src/dispatch.py", line 91, in apply_primitive
    outs = fun(*args)
RuntimeError: Unable to initialize backend 'cuda': INTERNAL: no supported devices found for platform CUDA (you may need to uninstall the failing plugin package, or set JAX_PLATFORMS=cpu to skip this backend.)
