Script directory: /mnt/iusers01/fatpou01/compsci01/n70579mp/scratch/tom/JaxMARL
Importing submoduled environments...
Submoduled environments not found. Skipping import.
wandb: [wandb.login()] Loaded credentials for https://api.wandb.ai from /mnt/iusers01/fatpou01/compsci01/n70579mp/.netrc.
wandb: W&B API key is configured. Use `wandb login --relogin` to force relogin
wandb: setting up run t3mu77ix
wandb: Tracking run with wandb version 0.27.2
wandb: Run data is saved locally in /net/scratch/n70579mp/tom/JaxMARL/wandb/run-20260630_100533-t3mu77ix
wandb: Run `wandb offline` to turn off syncing.
wandb: Syncing run pbt_obsfront_counter_circuit
wandb: ⭐️ View project at https://wandb.ai/maytusp/prepare_fcp_partner
wandb: 🚀 View run at https://wandb.ai/maytusp/prepare_fcp_partner/runs/t3mu77ix

PBT ITERATION NUM 1
Training agent 0 (1) with agent 1 fixed (pbt 1/10, sel 1/16)
Training agent 3 (1) with agent 2 fixed (pbt 1/10, sel 2/16)
Training agent 2 (1) with agent 3 fixed (pbt 1/10, sel 3/16)
Training agent 3 (2) with agent 1 fixed (pbt 1/10, sel 4/16)
Training agent 0 (2) with agent 0 fixed (pbt 1/10, sel 5/16)
Training agent 1 (1) with agent 1 fixed (pbt 1/10, sel 6/16)
Training agent 2 (2) with agent 1 fixed (pbt 1/10, sel 7/16)
Training agent 2 (3) with agent 2 fixed (pbt 1/10, sel 8/16)
Training agent 1 (2) with agent 0 fixed (pbt 1/10, sel 9/16)
Training agent 3 (3) with agent 0 fixed (pbt 1/10, sel 10/16)
Training agent 2 (4) with agent 0 fixed (pbt 1/10, sel 11/16)
Training agent 0 (3) with agent 2 fixed (pbt 1/10, sel 12/16)
Training agent 3 (4) with agent 3 fixed (pbt 1/10, sel 13/16)
Training agent 0 (4) with agent 3 fixed (pbt 1/10, sel 14/16)
Training agent 1 (3) with agent 3 fixed (pbt 1/10, sel 15/16)
Training agent 1 (4) with agent 2 fixed (pbt 1/10, sel 16/16)
Evaluated agent 0 and 0: dense_per_step=0.0880
Evaluated agent 0 and 1: dense_per_step=0.0614
Evaluated agent 0 and 2: dense_per_step=0.0639
Evaluated agent 0 and 3: dense_per_step=0.0969
Evaluated agent 1 and 1: dense_per_step=0.0729
Evaluated agent 1 and 2: dense_per_step=0.0469
Evaluated agent 1 and 3: dense_per_step=0.0631
Evaluated agent 2 and 2: dense_per_step=0.0822
Evaluated agent 2 and 3: dense_per_step=0.0778
Evaluated agent 3 and 3: dense_per_step=0.0726
--> Saved PBT population member 0 at step 1 to checkpoints/pbt/counter_circuit/baseline_seed_0_step_1.msgpack
--> Saved PBT population member 1 at step 1 to checkpoints/pbt/counter_circuit/baseline_seed_1_step_1.msgpack
--> Saved PBT population member 2 at step 1 to checkpoints/pbt/counter_circuit/baseline_seed_2_step_1.msgpack
--> Saved PBT population member 3 at step 1 to checkpoints/pbt/counter_circuit/baseline_seed_3_step_1.msgpack
Overwrote worst model 1 (0.0611) with best model 3 (0.0776); mutations={}

PBT ITERATION NUM 2
Training agent 3 (5) with agent 1 fixed (pbt 2/10, sel 1/16)
Training agent 2 (5) with agent 1 fixed (pbt 2/10, sel 2/16)
Training agent 1 (5) with agent 2 fixed (pbt 2/10, sel 3/16)
Training agent 0 (5) with agent 0 fixed (pbt 2/10, sel 4/16)
Training agent 1 (6) with agent 1 fixed (pbt 2/10, sel 5/16)
Training agent 0 (6) with agent 3 fixed (pbt 2/10, sel 6/16)
Training agent 3 (6) with agent 0 fixed (pbt 2/10, sel 7/16)
Training agent 0 (7) with agent 1 fixed (pbt 2/10, sel 8/16)
Training agent 2 (6) with agent 0 fixed (pbt 2/10, sel 9/16)
Training agent 0 (8) with agent 2 fixed (pbt 2/10, sel 10/16)
Training agent 1 (7) with agent 0 fixed (pbt 2/10, sel 11/16)
Training agent 3 (7) with agent 3 fixed (pbt 2/10, sel 12/16)
Training agent 2 (7) with agent 3 fixed (pbt 2/10, sel 13/16)
Training agent 1 (8) with agent 3 fixed (pbt 2/10, sel 14/16)
Training agent 2 (8) with agent 2 fixed (pbt 2/10, sel 15/16)
Training agent 3 (8) with agent 2 fixed (pbt 2/10, sel 16/16)
Evaluated agent 0 and 0: dense_per_step=0.1576
Evaluated agent 0 and 1: dense_per_step=0.1319
Evaluated agent 0 and 2: dense_per_step=0.1138
Evaluated agent 0 and 3: dense_per_step=0.1290
Evaluated agent 1 and 1: dense_per_step=0.0940
Evaluated agent 1 and 2: dense_per_step=0.1504
Evaluated agent 1 and 3: dense_per_step=0.1097
Evaluated agent 2 and 2: dense_per_step=0.1093
Evaluated agent 2 and 3: dense_per_step=0.1321
Evaluated agent 3 and 3: dense_per_step=0.1391
--> Saved PBT population member 0 at step 2 to checkpoints/pbt/counter_circuit/baseline_seed_0_step_2.msgpack
--> Saved PBT population member 1 at step 2 to checkpoints/pbt/counter_circuit/baseline_seed_1_step_2.msgpack
--> Saved PBT population member 2 at step 2 to checkpoints/pbt/counter_circuit/baseline_seed_2_step_2.msgpack
--> Saved PBT population member 3 at step 2 to checkpoints/pbt/counter_circuit/baseline_seed_3_step_2.msgpack
Overwrote worst model 1 (0.1215) with best model 0 (0.1331); mutations={'CLIP_EPS': (0.2, 0.25, 1.25)}

PBT ITERATION NUM 3
Training agent 0 (9) with agent 2 fixed (pbt 3/10, sel 1/16)
Training agent 3 (9) with agent 1 fixed (pbt 3/10, sel 2/16)
Training agent 2 (9) with agent 3 fixed (pbt 3/10, sel 3/16)
Training agent 0 (10) with agent 3 fixed (pbt 3/10, sel 4/16)
Training agent 1 (9) with agent 3 fixed (pbt 3/10, sel 5/16)
Training agent 3 (10) with agent 2 fixed (pbt 3/10, sel 6/16)
Training agent 3 (11) with agent 0 fixed (pbt 3/10, sel 7/16)
Training agent 2 (10) with agent 1 fixed (pbt 3/10, sel 8/16)
Training agent 0 (11) with agent 1 fixed (pbt 3/10, sel 9/16)
Training agent 1 (10) with agent 0 fixed (pbt 3/10, sel 10/16)
Training agent 2 (11) with agent 0 fixed (pbt 3/10, sel 11/16)
Training agent 1 (11) with agent 1 fixed (pbt 3/10, sel 12/16)
Training agent 0 (12) with agent 0 fixed (pbt 3/10, sel 13/16)
Training agent 2 (12) with agent 2 fixed (pbt 3/10, sel 14/16)
Training agent 3 (12) with agent 3 fixed (pbt 3/10, sel 15/16)
Training agent 1 (12) with agent 2 fixed (pbt 3/10, sel 16/16)
Evaluated agent 0 and 0: dense_per_step=0.1421
Evaluated agent 0 and 1: dense_per_step=0.1428
Evaluated agent 0 and 2: dense_per_step=0.1676
Evaluated agent 0 and 3: dense_per_step=0.1805
Evaluated agent 1 and 1: dense_per_step=0.1581
Evaluated agent 1 and 2: dense_per_step=0.1462
Evaluated agent 1 and 3: dense_per_step=0.1169
Evaluated agent 2 and 2: dense_per_step=0.1502
Evaluated agent 2 and 3: dense_per_step=0.1652
Evaluated agent 3 and 3: dense_per_step=0.1883
--> Saved PBT population member 0 at step 3 to checkpoints/pbt/counter_circuit/baseline_seed_0_step_3.msgpack
--> Saved PBT population member 1 at step 3 to checkpoints/pbt/counter_circuit/baseline_seed_1_step_3.msgpack
--> Saved PBT population member 2 at step 3 to checkpoints/pbt/counter_circuit/baseline_seed_2_step_3.msgpack
--> Saved PBT population member 3 at step 3 to checkpoints/pbt/counter_circuit/baseline_seed_3_step_3.msgpack
Overwrote worst model 1 (0.1410) with best model 3 (0.1627); mutations={}

PBT ITERATION NUM 4
Training agent 2 (13) with agent 3 fixed (pbt 4/10, sel 1/16)
Training agent 3 (13) with agent 3 fixed (pbt 4/10, sel 2/16)
Training agent 2 (14) with agent 0 fixed (pbt 4/10, sel 3/16)
Training agent 0 (13) with agent 2 fixed (pbt 4/10, sel 4/16)
Training agent 1 (13) with agent 1 fixed (pbt 4/10, sel 5/16)
Training agent 1 (14) with agent 3 fixed (pbt 4/10, sel 6/16)
Training agent 2 (15) with agent 1 fixed (pbt 4/10, sel 7/16)
Training agent 0 (14) with agent 0 fixed (pbt 4/10, sel 8/16)
Training agent 3 (14) with agent 2 fixed (pbt 4/10, sel 9/16)
Training agent 0 (15) with agent 1 fixed (pbt 4/10, sel 10/16)
Training agent 2 (16) with agent 2 fixed (pbt 4/10, sel 11/16)
Training agent 0 (16) with agent 3 fixed (pbt 4/10, sel 12/16)
Training agent 3 (15) with agent 0 fixed (pbt 4/10, sel 13/16)
Training agent 1 (15) with agent 2 fixed (pbt 4/10, sel 14/16)
Training agent 1 (16) with agent 0 fixed (pbt 4/10, sel 15/16)
Training agent 3 (16) with agent 1 fixed (pbt 4/10, sel 16/16)
Evaluated agent 0 and 0: dense_per_step=0.1336
Evaluated agent 0 and 1: dense_per_step=0.1564
Evaluated agent 0 and 2: dense_per_step=0.2117
Evaluated agent 0 and 3: dense_per_step=0.1314
Evaluated agent 1 and 1: dense_per_step=0.2143
Evaluated agent 1 and 2: dense_per_step=0.1965
Evaluated agent 1 and 3: dense_per_step=0.2199
Evaluated agent 2 and 2: dense_per_step=0.1835
Evaluated agent 2 and 3: dense_per_step=0.1880
Evaluated agent 3 and 3: dense_per_step=0.1564
--> Saved PBT population member 0 at step 4 to checkpoints/pbt/counter_circuit/baseline_seed_0_step_4.msgpack
--> Saved PBT population member 1 at step 4 to checkpoints/pbt/counter_circuit/baseline_seed_1_step_4.msgpack
--> Saved PBT population member 2 at step 4 to checkpoints/pbt/counter_circuit/baseline_seed_2_step_4.msgpack
--> Saved PBT population member 3 at step 4 to checkpoints/pbt/counter_circuit/baseline_seed_3_step_4.msgpack
Overwrote worst model 0 (0.1583) with best model 1 (0.1968); mutations={'GAE_LAMBDA': (0.95, 0.9249999999999999, 1.25), 'CLIP_EPS': (0.2, 0.15000000000000002, 0.75), 'LR': (0.00025, 0.0003125, 1.25)}

PBT ITERATION NUM 5
Training agent 2 (17) with agent 0 fixed (pbt 5/10, sel 1/16)
Training agent 0 (17) with agent 1 fixed (pbt 5/10, sel 2/16)
Training agent 0 (18) with agent 3 fixed (pbt 5/10, sel 3/16)
Training agent 2 (18) with agent 1 fixed (pbt 5/10, sel 4/16)
Training agent 3 (17) with agent 3 fixed (pbt 5/10, sel 5/16)
Training agent 1 (17) with agent 1 fixed (pbt 5/10, sel 6/16)
Training agent 3 (18) with agent 2 fixed (pbt 5/10, sel 7/16)
Training agent 2 (19) with agent 2 fixed (pbt 5/10, sel 8/16)
Training agent 1 (18) with agent 3 fixed (pbt 5/10, sel 9/16)
Training agent 1 (19) with agent 2 fixed (pbt 5/10, sel 10/16)
Training agent 3 (19) with agent 0 fixed (pbt 5/10, sel 11/16)
Training agent 3 (20) with agent 1 fixed (pbt 5/10, sel 12/16)
Training agent 0 (19) with agent 2 fixed (pbt 5/10, sel 13/16)
Training agent 2 (20) with agent 3 fixed (pbt 5/10, sel 14/16)
Training agent 1 (20) with agent 0 fixed (pbt 5/10, sel 15/16)
Training agent 0 (20) with agent 0 fixed (pbt 5/10, sel 16/16)
Evaluated agent 0 and 0: dense_per_step=0.1490
Evaluated agent 0 and 1: dense_per_step=0.2022
Evaluated agent 0 and 2: dense_per_step=0.1541
Evaluated agent 0 and 3: dense_per_step=0.1893
Evaluated agent 1 and 1: dense_per_step=0.1866
Evaluated agent 1 and 2: dense_per_step=0.2066
Evaluated agent 1 and 3: dense_per_step=0.2041
Evaluated agent 2 and 2: dense_per_step=0.1843
Evaluated agent 2 and 3: dense_per_step=0.2193
Evaluated agent 3 and 3: dense_per_step=0.2126
--> Saved PBT population member 0 at step 5 to checkpoints/pbt/counter_circuit/baseline_seed_0_step_5.msgpack
--> Saved PBT population member 3 at step 5 to checkpoints/pbt/counter_circuit/baseline_seed_3_step_5.msgpack
Overwrote worst model 0 (0.1737) with best model 3 (0.2063); mutations={'GAE_LAMBDA': (0.95, 0.9249999999999999, 0.75), 'CLIP_EPS': (0.2, 0.15000000000000002, 0.75), 'LR': (0.00025, 0.0001875, 0.75), 'UPDATE_EPOCHS': (4, 5, 1.25), 'ENT_COEF': (0.01, 0.0075, 0.75), 'VF_COEF': (0.5, 0.375, 0.75)}

PBT ITERATION NUM 6
Training agent 1 (21) with agent 3 fixed (pbt 6/10, sel 1/16)
Training agent 1 (22) with agent 0 fixed (pbt 6/10, sel 2/16)
Training agent 0 (21) with agent 2 fixed (pbt 6/10, sel 3/16)
Training agent 3 (21) with agent 2 fixed (pbt 6/10, sel 4/16)
Training agent 0 (22) with agent 1 fixed (pbt 6/10, sel 5/16)
Training agent 1 (23) with agent 2 fixed (pbt 6/10, sel 6/16)
Training agent 1 (24) with agent 1 fixed (pbt 6/10, sel 7/16)
Training agent 2 (21) with agent 3 fixed (pbt 6/10, sel 8/16)
Training agent 3 (22) with agent 3 fixed (pbt 6/10, sel 9/16)
Training agent 3 (23) with agent 0 fixed (pbt 6/10, sel 10/16)
Training agent 2 (22) with agent 0 fixed (pbt 6/10, sel 11/16)
Training agent 2 (23) with agent 2 fixed (pbt 6/10, sel 12/16)
Training agent 2 (24) with agent 1 fixed (pbt 6/10, sel 13/16)
Training agent 0 (23) with agent 3 fixed (pbt 6/10, sel 14/16)
Training agent 0 (24) with agent 0 fixed (pbt 6/10, sel 15/16)
Training agent 3 (24) with agent 1 fixed (pbt 6/10, sel 16/16)
Evaluated agent 0 and 0: dense_per_step=0.2225
Evaluated agent 0 and 1: dense_per_step=0.1943
Evaluated agent 0 and 2: dense_per_step=0.2285
Evaluated agent 0 and 3: dense_per_step=0.1670
Evaluated agent 1 and 1: dense_per_step=0.1936
Evaluated agent 1 and 2: dense_per_step=0.2145
Evaluated agent 1 and 3: dense_per_step=0.2116
Evaluated agent 2 and 2: dense_per_step=0.1848
Evaluated agent 2 and 3: dense_per_step=0.1873
Evaluated agent 3 and 3: dense_per_step=0.1833
--> Saved PBT population member 0 at step 6 to checkpoints/pbt/counter_circuit/baseline_seed_0_step_6.msgpack
--> Saved PBT population member 1 at step 6 to checkpoints/pbt/counter_circuit/baseline_seed_1_step_6.msgpack
Overwrote worst model 3 (0.1873) with best model 2 (0.2037); mutations={'GAE_LAMBDA': (0.95, 0.975, 1.25), 'CLIP_EPS': (0.2, 0.15000000000000002, 0.75), 'ENT_COEF': (0.01, 0.0075, 0.75), 'VF_COEF': (0.5, 0.375, 0.75)}

PBT ITERATION NUM 7
Training agent 0 (25) with agent 3 fixed (pbt 7/10, sel 1/16)
Training agent 1 (25) with agent 2 fixed (pbt 7/10, sel 2/16)
Training agent 2 (25) with agent 1 fixed (pbt 7/10, sel 3/16)
Training agent 3 (25) with agent 2 fixed (pbt 7/10, sel 4/16)
Training agent 1 (26) with agent 3 fixed (pbt 7/10, sel 5/16)
Training agent 0 (26) with agent 1 fixed (pbt 7/10, sel 6/16)
Training agent 3 (26) with agent 0 fixed (pbt 7/10, sel 7/16)
Training agent 2 (26) with agent 0 fixed (pbt 7/10, sel 8/16)
Training agent 1 (27) with agent 1 fixed (pbt 7/10, sel 9/16)
Training agent 3 (27) with agent 1 fixed (pbt 7/10, sel 10/16)
Training agent 0 (27) with agent 2 fixed (pbt 7/10, sel 11/16)
Training agent 0 (28) with agent 0 fixed (pbt 7/10, sel 12/16)
Training agent 3 (28) with agent 3 fixed (pbt 7/10, sel 13/16)
Training agent 2 (27) with agent 3 fixed (pbt 7/10, sel 14/16)
Training agent 2 (28) with agent 2 fixed (pbt 7/10, sel 15/16)
Training agent 1 (28) with agent 0 fixed (pbt 7/10, sel 16/16)
Evaluated agent 0 and 0: dense_per_step=0.2441
Evaluated agent 0 and 1: dense_per_step=0.2012
Evaluated agent 0 and 2: dense_per_step=0.2257
Evaluated agent 0 and 3: dense_per_step=0.2249
Evaluated agent 1 and 1: dense_per_step=0.2357
Evaluated agent 1 and 2: dense_per_step=0.2159
Evaluated agent 1 and 3: dense_per_step=0.2741
Evaluated agent 2 and 2: dense_per_step=0.2069
Evaluated agent 2 and 3: dense_per_step=0.1697
Evaluated agent 3 and 3: dense_per_step=0.1929
--> Saved PBT population member 0 at step 7 to checkpoints/pbt/counter_circuit/baseline_seed_0_step_7.msgpack
--> Saved PBT population member 1 at step 7 to checkpoints/pbt/counter_circuit/baseline_seed_1_step_7.msgpack
--> Saved PBT population member 3 at step 7 to checkpoints/pbt/counter_circuit/baseline_seed_3_step_7.msgpack
Overwrote worst model 2 (0.2045) with best model 1 (0.2317); mutations={'CLIP_EPS': (0.2, 0.25, 1.25)}

PBT ITERATION NUM 8
Training agent 3 (29) with agent 3 fixed (pbt 8/10, sel 1/16)
Training agent 3 (30) with agent 2 fixed (pbt 8/10, sel 2/16)
Training agent 2 (29) with agent 1 fixed (pbt 8/10, sel 3/16)
Training agent 1 (29) with agent 2 fixed (pbt 8/10, sel 4/16)
Training agent 2 (30) with agent 2 fixed (pbt 8/10, sel 5/16)
Training agent 1 (30) with agent 3 fixed (pbt 8/10, sel 6/16)
Training agent 0 (29) with agent 2 fixed (pbt 8/10, sel 7/16)
Training agent 3 (31) with agent 0 fixed (pbt 8/10, sel 8/16)
Training agent 0 (30) with agent 0 fixed (pbt 8/10, sel 9/16)
Training agent 2 (31) with agent 3 fixed (pbt 8/10, sel 10/16)
Training agent 1 (31) with agent 1 fixed (pbt 8/10, sel 11/16)
Training agent 3 (32) with agent 1 fixed (pbt 8/10, sel 12/16)
Training agent 0 (31) with agent 1 fixed (pbt 8/10, sel 13/16)
Training agent 1 (32) with agent 0 fixed (pbt 8/10, sel 14/16)
Training agent 0 (32) with agent 3 fixed (pbt 8/10, sel 15/16)
Training agent 2 (32) with agent 0 fixed (pbt 8/10, sel 16/16)
Evaluated agent 0 and 0: dense_per_step=0.2357
Evaluated agent 0 and 1: dense_per_step=0.2061
Evaluated agent 0 and 2: dense_per_step=0.2192
Evaluated agent 0 and 3: dense_per_step=0.2489
Evaluated agent 1 and 1: dense_per_step=0.2603
Evaluated agent 1 and 2: dense_per_step=0.2083
Evaluated agent 1 and 3: dense_per_step=0.2600
Evaluated agent 2 and 2: dense_per_step=0.2592
Evaluated agent 2 and 3: dense_per_step=0.2163
Evaluated agent 3 and 3: dense_per_step=0.2172
--> Saved PBT population member 2 at step 8 to checkpoints/pbt/counter_circuit/baseline_seed_2_step_8.msgpack
--> Saved PBT population member 3 at step 8 to checkpoints/pbt/counter_circuit/baseline_seed_3_step_8.msgpack
Overwrote worst model 2 (0.2257) with best model 3 (0.2356); mutations={}

PBT ITERATION NUM 9
Training agent 3 (33) with agent 2 fixed (pbt 9/10, sel 1/16)
Training agent 0 (33) with agent 1 fixed (pbt 9/10, sel 2/16)
Training agent 1 (33) with agent 2 fixed (pbt 9/10, sel 3/16)
Training agent 3 (34) with agent 3 fixed (pbt 9/10, sel 4/16)
Training agent 2 (33) with agent 2 fixed (pbt 9/10, sel 5/16)
Training agent 2 (34) with agent 0 fixed (pbt 9/10, sel 6/16)
Training agent 0 (34) with agent 3 fixed (pbt 9/10, sel 7/16)
Training agent 0 (35) with agent 2 fixed (pbt 9/10, sel 8/16)
Training agent 3 (35) with agent 1 fixed (pbt 9/10, sel 9/16)
Training agent 0 (36) with agent 0 fixed (pbt 9/10, sel 10/16)
Training agent 2 (35) with agent 1 fixed (pbt 9/10, sel 11/16)
Training agent 1 (34) with agent 3 fixed (pbt 9/10, sel 12/16)
Training agent 1 (35) with agent 1 fixed (pbt 9/10, sel 13/16)
Training agent 1 (36) with agent 0 fixed (pbt 9/10, sel 14/16)
Training agent 2 (36) with agent 3 fixed (pbt 9/10, sel 15/16)
Training agent 3 (36) with agent 0 fixed (pbt 9/10, sel 16/16)
Evaluated agent 0 and 0: dense_per_step=0.2589
Evaluated agent 0 and 1: dense_per_step=0.2821
Evaluated agent 0 and 2: dense_per_step=0.2571
Evaluated agent 0 and 3: dense_per_step=0.2573
Evaluated agent 1 and 1: dense_per_step=0.2517
Evaluated agent 1 and 2: dense_per_step=0.2383
Evaluated agent 1 and 3: dense_per_step=0.2547
Evaluated agent 2 and 2: dense_per_step=0.2413
Evaluated agent 2 and 3: dense_per_step=0.2535
Evaluated agent 3 and 3: dense_per_step=0.2421
--> Saved PBT population member 0 at step 9 to checkpoints/pbt/counter_circuit/baseline_seed_0_step_9.msgpack
--> Saved PBT population member 1 at step 9 to checkpoints/pbt/counter_circuit/baseline_seed_1_step_9.msgpack
--> Saved PBT population member 2 at step 9 to checkpoints/pbt/counter_circuit/baseline_seed_2_step_9.msgpack
--> Saved PBT population member 3 at step 9 to checkpoints/pbt/counter_circuit/baseline_seed_3_step_9.msgpack
Overwrote worst model 2 (0.2476) with best model 0 (0.2638); mutations={'GAE_LAMBDA': (0.9249999999999999, 0.9624999999999999, 0.75), 'UPDATE_EPOCHS': (5, 4, 0.75)}

PBT ITERATION NUM 10
Training agent 1 (37) with agent 2 fixed (pbt 10/10, sel 1/16)
Training agent 3 (37) with agent 0 fixed (pbt 10/10, sel 2/16)
Training agent 3 (38) with agent 2 fixed (pbt 10/10, sel 3/16)
Training agent 2 (37) with agent 2 fixed (pbt 10/10, sel 4/16)
Training agent 3 (39) with agent 3 fixed (pbt 10/10, sel 5/16)
Training agent 3 (40) with agent 1 fixed (pbt 10/10, sel 6/16)
Training agent 0 (37) with agent 2 fixed (pbt 10/10, sel 7/16)
Training agent 0 (38) with agent 3 fixed (pbt 10/10, sel 8/16)
Training agent 1 (38) with agent 0 fixed (pbt 10/10, sel 9/16)
Training agent 1 (39) with agent 3 fixed (pbt 10/10, sel 10/16)
Training agent 0 (39) with agent 1 fixed (pbt 10/10, sel 11/16)
Training agent 2 (38) with agent 1 fixed (pbt 10/10, sel 12/16)
Training agent 0 (40) with agent 0 fixed (pbt 10/10, sel 13/16)
Training agent 2 (39) with agent 0 fixed (pbt 10/10, sel 14/16)
Training agent 1 (40) with agent 1 fixed (pbt 10/10, sel 15/16)
Training agent 2 (40) with agent 3 fixed (pbt 10/10, sel 16/16)
Evaluated agent 0 and 0: dense_per_step=0.3215
Evaluated agent 0 and 1: dense_per_step=0.3206
Evaluated agent 0 and 2: dense_per_step=0.3196
Evaluated agent 0 and 3: dense_per_step=0.2860
Evaluated agent 1 and 1: dense_per_step=0.2910
Evaluated agent 1 and 2: dense_per_step=0.3048
Evaluated agent 1 and 3: dense_per_step=0.2523
Evaluated agent 2 and 2: dense_per_step=0.3213
Evaluated agent 2 and 3: dense_per_step=0.2325
Evaluated agent 3 and 3: dense_per_step=0.2511
--> Saved PBT population member 0 at step 10 to checkpoints/pbt/counter_circuit/baseline_seed_0_step_10.msgpack
--> Saved PBT population member 1 at step 10 to checkpoints/pbt/counter_circuit/baseline_seed_1_step_10.msgpack
--> Saved PBT population member 2 at step 10 to checkpoints/pbt/counter_circuit/baseline_seed_2_step_10.msgpack
--> Saved PBT population member 3 at step 10 to checkpoints/pbt/counter_circuit/baseline_seed_3_step_10.msgpack
Final PBT iteration complete; skipped exploit so final population checkpoints are not duplicated by a last copy.
--> Saved PBT population member 0 at step 10 to checkpoints/pbt/counter_circuit/baseline_seed_0_step_10.msgpack
--> Saved PBT population member 1 at step 10 to checkpoints/pbt/counter_circuit/baseline_seed_1_step_10.msgpack
--> Saved PBT population member 2 at step 10 to checkpoints/pbt/counter_circuit/baseline_seed_2_step_10.msgpack
--> Saved PBT population member 3 at step 10 to checkpoints/pbt/counter_circuit/baseline_seed_3_step_10.msgpack
[1;34mwandb[0m: 
[1;34mwandb[0m: 🚀 View run [33mpbt_obsfront_counter_circuit[0m at: [34mhttps://wandb.ai/maytusp/prepare_fcp_partner/runs/t3mu77ix[0m
[1;34mwandb[0m: Find logs at: [1;35m../../../../../../../../net/scratch/n70579mp/tom/JaxMARL/wandb/run-20260630_100533-t3mu77ix/logs[0m
