Script directory: /mnt/iusers01/fatpou01/compsci01/n70579mp/scratch/JaxMARL
Evaluating XP partner matrix for ego_method=ph2v4, partner_method=sp, layout=cramped_room2
ego_prefix=checkpoints/ph2v4/, partner_prefix=checkpoints/sp/, result_name=ph2v4_ego_vs_sp_partner, ego_perspective_transform=true
Importing submoduled environments...
Submoduled environments not found. Skipping import.
2026-06-08 10:37:14.279494: E external/xla/xla/service/slow_operation_alarm.cc:73] Trying algorithm eng3{k11=0} for conv %cudnn-conv.18 = (f32[12800,4096,5,5]{3,2,1,0}, u8[0]{0}) custom-call(%bitcast.4610, %bitcast.4611), window={size=1x1}, dim_labels=bf01_oi01->bf01, feature_group_count=32, custom_call_target="__cudnn$convForward", metadata={op_name="jit(evaluate_one_order)/jit(main)/vmap(vmap(while))/body/TwoStreamActorCriticRNN/self_cnn/Conv_0/conv_general_dilated" source_file="/net/scratch/n70579mp/JaxMARL/baselines/overcookedv2/train_ph2_v4.py" source_line=72}, backend_config={"operation_queue_id":"0","wait_on_operation_queues":[],"cudnn_conv_backend_config":{"conv_result_scale":1,"activation_mode":"kNone","side_input_scale":0,"leakyrelu_alpha":0},"force_earliest_schedule":false,"reification_cost":[]} is taking a while...
2026-06-08 10:37:14.650477: E external/xla/xla/service/slow_operation_alarm.cc:140] The operation took 1.37103434s
Trying algorithm eng3{k11=0} for conv %cudnn-conv.18 = (f32[12800,4096,5,5]{3,2,1,0}, u8[0]{0}) custom-call(%bitcast.4610, %bitcast.4611), window={size=1x1}, dim_labels=bf01_oi01->bf01, feature_group_count=32, custom_call_target="__cudnn$convForward", metadata={op_name="jit(evaluate_one_order)/jit(main)/vmap(vmap(while))/body/TwoStreamActorCriticRNN/self_cnn/Conv_0/conv_general_dilated" source_file="/net/scratch/n70579mp/JaxMARL/baselines/overcookedv2/train_ph2_v4.py" source_line=72}, backend_config={"operation_queue_id":"0","wait_on_operation_queues":[],"cudnn_conv_backend_config":{"conv_result_scale":1,"activation_mode":"kNone","side_input_scale":0,"leakyrelu_alpha":0},"force_earliest_schedule":false,"reification_cost":[]} is taking a while...
2026-06-08 10:37:16.644336: E external/xla/xla/service/slow_operation_alarm.cc:73] Trying algorithm eng0{} for conv %cudnn-conv.19 = (f32[12800,4096,5,5]{3,2,1,0}, u8[0]{0}) custom-call(%bitcast.4629, %bitcast.4630), window={size=1x1}, dim_labels=bf01_oi01->bf01, feature_group_count=32, custom_call_target="__cudnn$convForward", metadata={op_name="jit(evaluate_one_order)/jit(main)/vmap(vmap(while))/body/TwoStreamActorCriticRNN/self_cnn/Conv_1/conv_general_dilated" source_file="/net/scratch/n70579mp/JaxMARL/baselines/overcookedv2/train_ph2_v4.py" source_line=79}, backend_config={"operation_queue_id":"0","wait_on_operation_queues":[],"cudnn_conv_backend_config":{"conv_result_scale":1,"activation_mode":"kNone","side_input_scale":0,"leakyrelu_alpha":0},"force_earliest_schedule":false,"reification_cost":[]} is taking a while...
2026-06-08 10:37:18.486919: E external/xla/xla/service/slow_operation_alarm.cc:140] The operation took 2.842650604s
Trying algorithm eng0{} for conv %cudnn-conv.19 = (f32[12800,4096,5,5]{3,2,1,0}, u8[0]{0}) custom-call(%bitcast.4629, %bitcast.4630), window={size=1x1}, dim_labels=bf01_oi01->bf01, feature_group_count=32, custom_call_target="__cudnn$convForward", metadata={op_name="jit(evaluate_one_order)/jit(main)/vmap(vmap(while))/body/TwoStreamActorCriticRNN/self_cnn/Conv_1/conv_general_dilated" source_file="/net/scratch/n70579mp/JaxMARL/baselines/overcookedv2/train_ph2_v4.py" source_line=79}, backend_config={"operation_queue_id":"0","wait_on_operation_queues":[],"cudnn_conv_backend_config":{"conv_result_scale":1,"activation_mode":"kNone","side_input_scale":0,"leakyrelu_alpha":0},"force_earliest_schedule":false,"reification_cost":[]} is taking a while...
2026-06-08 10:37:20.155345: E external/xla/xla/service/slow_operation_alarm.cc:73] Trying algorithm eng3{k11=0} for conv %cudnn-conv.19 = (f32[12800,4096,5,5]{3,2,1,0}, u8[0]{0}) custom-call(%bitcast.4629, %bitcast.4630), window={size=1x1}, dim_labels=bf01_oi01->bf01, feature_group_count=32, custom_call_target="__cudnn$convForward", metadata={op_name="jit(evaluate_one_order)/jit(main)/vmap(vmap(while))/body/TwoStreamActorCriticRNN/self_cnn/Conv_1/conv_general_dilated" source_file="/net/scratch/n70579mp/JaxMARL/baselines/overcookedv2/train_ph2_v4.py" source_line=79}, backend_config={"operation_queue_id":"0","wait_on_operation_queues":[],"cudnn_conv_backend_config":{"conv_result_scale":1,"activation_mode":"kNone","side_input_scale":0,"leakyrelu_alpha":0},"force_earliest_schedule":false,"reification_cost":[]} is taking a while...
2026-06-08 10:37:21.749759: E external/xla/xla/service/slow_operation_alarm.cc:140] The operation took 2.594433687s
Trying algorithm eng3{k11=0} for conv %cudnn-conv.19 = (f32[12800,4096,5,5]{3,2,1,0}, u8[0]{0}) custom-call(%bitcast.4629, %bitcast.4630), window={size=1x1}, dim_labels=bf01_oi01->bf01, feature_group_count=32, custom_call_target="__cudnn$convForward", metadata={op_name="jit(evaluate_one_order)/jit(main)/vmap(vmap(while))/body/TwoStreamActorCriticRNN/self_cnn/Conv_1/conv_general_dilated" source_file="/net/scratch/n70579mp/JaxMARL/baselines/overcookedv2/train_ph2_v4.py" source_line=79}, backend_config={"operation_queue_id":"0","wait_on_operation_queues":[],"cudnn_conv_backend_config":{"conv_result_scale":1,"activation_mode":"kNone","side_input_scale":0,"leakyrelu_alpha":0},"force_earliest_schedule":false,"reification_cost":[]} is taking a while...
2026-06-08 10:37:23.499104: E external/xla/xla/service/slow_operation_alarm.cc:73] Trying algorithm eng3{k11=0} for conv %cudnn-conv.20 = (f32[12800,256,5,5]{3,2,1,0}, u8[0]{0}) custom-call(%bitcast.4647, %bitcast.4648), window={size=1x1}, dim_labels=bf01_oi01->bf01, feature_group_count=32, custom_call_target="__cudnn$convForward", metadata={op_name="jit(evaluate_one_order)/jit(main)/vmap(vmap(while))/body/TwoStreamActorCriticRNN/self_cnn/Conv_2/conv_general_dilated" source_file="/net/scratch/n70579mp/JaxMARL/baselines/overcookedv2/train_ph2_v4.py" source_line=86}, backend_config={"operation_queue_id":"0","wait_on_operation_queues":[],"cudnn_conv_backend_config":{"conv_result_scale":1,"activation_mode":"kNone","side_input_scale":0,"leakyrelu_alpha":0},"force_earliest_schedule":false,"reification_cost":[]} is taking a while...
2026-06-08 10:37:23.864199: E external/xla/xla/service/slow_operation_alarm.cc:140] The operation took 1.365128132s
Trying algorithm eng3{k11=0} for conv %cudnn-conv.20 = (f32[12800,256,5,5]{3,2,1,0}, u8[0]{0}) custom-call(%bitcast.4647, %bitcast.4648), window={size=1x1}, dim_labels=bf01_oi01->bf01, feature_group_count=32, custom_call_target="__cudnn$convForward", metadata={op_name="jit(evaluate_one_order)/jit(main)/vmap(vmap(while))/body/TwoStreamActorCriticRNN/self_cnn/Conv_2/conv_general_dilated" source_file="/net/scratch/n70579mp/JaxMARL/baselines/overcookedv2/train_ph2_v4.py" source_line=86}, backend_config={"operation_queue_id":"0","wait_on_operation_queues":[],"cudnn_conv_backend_config":{"conv_result_scale":1,"activation_mode":"kNone","side_input_scale":0,"leakyrelu_alpha":0},"force_earliest_schedule":false,"reification_cost":[]} is taking a while...
2026-06-08 10:37:30.411738: E external/xla/xla/service/slow_operation_alarm.cc:73] Trying algorithm eng4{} for conv %cudnn-conv.23 = (f32[12800,1024,5,5]{3,2,1,0}, u8[0]{0}) custom-call(%bitcast.4704, %bitcast.4705), window={size=3x3 pad=1_1x1_1}, dim_labels=bf01_oi01->bf01, feature_group_count=32, custom_call_target="__cudnn$convForward", metadata={op_name="jit(evaluate_one_order)/jit(main)/vmap(vmap(while))/body/TwoStreamActorCriticRNN/self_cnn/Conv_5/conv_general_dilated" source_file="/net/scratch/n70579mp/JaxMARL/baselines/overcookedv2/train_ph2_v4.py" source_line=110}, backend_config={"operation_queue_id":"0","wait_on_operation_queues":[],"cudnn_conv_backend_config":{"conv_result_scale":1,"activation_mode":"kNone","side_input_scale":0,"leakyrelu_alpha":0},"force_earliest_schedule":false,"reification_cost":[]} is taking a while...
2026-06-08 10:37:30.622087: E external/xla/xla/service/slow_operation_alarm.cc:140] The operation took 1.210379682s
Trying algorithm eng4{} for conv %cudnn-conv.23 = (f32[12800,1024,5,5]{3,2,1,0}, u8[0]{0}) custom-call(%bitcast.4704, %bitcast.4705), window={size=3x3 pad=1_1x1_1}, dim_labels=bf01_oi01->bf01, feature_group_count=32, custom_call_target="__cudnn$convForward", metadata={op_name="jit(evaluate_one_order)/jit(main)/vmap(vmap(while))/body/TwoStreamActorCriticRNN/self_cnn/Conv_5/conv_general_dilated" source_file="/net/scratch/n70579mp/JaxMARL/baselines/overcookedv2/train_ph2_v4.py" source_line=110}, backend_config={"operation_queue_id":"0","wait_on_operation_queues":[],"cudnn_conv_backend_config":{"conv_result_scale":1,"activation_mode":"kNone","side_input_scale":0,"leakyrelu_alpha":0},"force_earliest_schedule":false,"reification_cost":[]} is taking a while...
2026-06-08 10:45:14.441154: W external/xla/xla/hlo/transforms/simplifiers/hlo_rematerialization.cc:3023] Can't reduce memory use below 760.07MiB (796989390 bytes) by rematerialization; only reduced to 119.20GiB (127993566741 bytes), down from 119.33GiB (128133764009 bytes) originally
2026-06-08 10:45:29.040437: W external/xla/xla/tsl/framework/bfc_allocator.cc:501] Allocator (GPU_0_bfc) ran out of memory trying to allocate 40.28GiB (rounded to 43254752000)requested by op 
If the cause is memory fragmentation maybe the environment variable 'TF_GPU_ALLOCATOR=cuda_malloc_async' will improve the situation. 
Current allocation summary follows.
Current allocation summary follows.
2026-06-08 10:45:29.041178: W external/xla/xla/tsl/framework/bfc_allocator.cc:512] ***************************************************************************************************_
E0608 10:45:29.041226 3984555 pjrt_stream_executor_client.cc:2916] Execution of replica 0 failed: RESOURCE_EXHAUSTED: Out of memory while trying to allocate 43254751984 bytes. [tf-allocator-allocation-error='']
LOADED: checkpoints/ph2v4/cramped_room2/baseline_seed_0_step_220.msgpack
LOADED: checkpoints/ph2v4/cramped_room2/baseline_seed_1_step_220.msgpack
LOADED: checkpoints/ph2v4/cramped_room2/baseline_seed_2_step_220.msgpack
LOADED: checkpoints/ph2v4/cramped_room2/baseline_seed_3_step_220.msgpack
LOADED: checkpoints/ph2v4/cramped_room2/baseline_seed_4_step_220.msgpack
LOADED: checkpoints/sp/cramped_room2/baseline_seed_0_step_220.msgpack
LOADED: checkpoints/sp/cramped_room2/baseline_seed_1_step_220.msgpack
LOADED: checkpoints/sp/cramped_room2/baseline_seed_2_step_220.msgpack
LOADED: checkpoints/sp/cramped_room2/baseline_seed_3_step_220.msgpack
LOADED: checkpoints/sp/cramped_room2/baseline_seed_4_step_220.msgpack
LOADED: checkpoints/sp/cramped_room2/baseline_seed_5_step_220.msgpack
LOADED: checkpoints/sp/cramped_room2/baseline_seed_6_step_220.msgpack
LOADED: checkpoints/sp/cramped_room2/baseline_seed_7_step_220.msgpack
LOADED: checkpoints/sp/cramped_room2/baseline_seed_8_step_220.msgpack
LOADED: checkpoints/sp/cramped_room2/baseline_seed_9_step_220.msgpack
LOADED: checkpoints/sp/cramped_room2/baseline_seed_10_step_220.msgpack
LOADED: checkpoints/sp/cramped_room2/baseline_seed_11_step_220.msgpack
LOADED: checkpoints/sp/cramped_room2/baseline_seed_12_step_220.msgpack
LOADED: checkpoints/sp/cramped_room2/baseline_seed_13_step_220.msgpack
LOADED: checkpoints/sp/cramped_room2/baseline_seed_14_step_220.msgpack
XP ego[00] partner[00] = 157.700
XP ego[00] partner[01] = 163.009
XP ego[00] partner[02] = 128.250
XP ego[00] partner[03] = 120.692
XP ego[00] partner[04] = 90.627
XP ego[00] partner[05] = 139.316
XP ego[00] partner[06] = 140.091
XP ego[00] partner[07] = 172.953
XP ego[00] partner[08] = 75.569
XP ego[00] partner[09] = 110.000
XP ego[00] partner[10] = 102.895
XP ego[00] partner[11] = 123.155
XP ego[00] partner[12] = 84.319
XP ego[00] partner[13] = 121.983
XP ego[00] partner[14] = 182.628
XP ego[01] partner[00] = 114.983
XP ego[01] partner[01] = 167.758
XP ego[01] partner[02] = 135.870
XP ego[01] partner[03] = 124.248
XP ego[01] partner[04] = 106.969
XP ego[01] partner[05] = 136.708
XP ego[01] partner[06] = 142.228
XP ego[01] partner[07] = 103.575
XP ego[01] partner[08] = 72.667
XP ego[01] partner[09] = 93.611
XP ego[01] partner[10] = 149.977
XP ego[01] partner[11] = 117.487
XP ego[01] partner[12] = 112.181
XP ego[01] partner[13] = 136.727
XP ego[01] partner[14] = 140.777
XP ego[02] partner[00] = 45.250
XP ego[02] partner[01] = 152.420
XP ego[02] partner[02] = 135.131
XP ego[02] partner[03] = 92.944
XP ego[02] partner[04] = 90.536
XP ego[02] partner[05] = 126.097
XP ego[02] partner[06] = 98.144
XP ego[02] partner[07] = 122.777
XP ego[02] partner[08] = 55.331
XP ego[02] partner[09] = 142.947
XP ego[02] partner[10] = 153.280
XP ego[02] partner[11] = 107.684
XP ego[02] partner[12] = 80.281
XP ego[02] partner[13] = 35.952
XP ego[02] partner[14] = 134.261
XP ego[03] partner[00] = 75.986
XP ego[03] partner[01] = 162.070
XP ego[03] partner[02] = 112.231
XP ego[03] partner[03] = 100.431
XP ego[03] partner[04] = 70.478
XP ego[03] partner[05] = 107.652
XP ego[03] partner[06] = 154.292
XP ego[03] partner[07] = 147.784
XP ego[03] partner[08] = 47.817
XP ego[03] partner[09] = 159.950
XP ego[03] partner[10] = 157.836
XP ego[03] partner[11] = 139.577
XP ego[03] partner[12] = 84.394
XP ego[03] partner[13] = 180.455
XP ego[03] partner[14] = 154.017
XP ego[04] partner[00] = 137.464
XP ego[04] partner[01] = 172.720
XP ego[04] partner[02] = 106.484
XP ego[04] partner[03] = 121.220
XP ego[04] partner[04] = 81.689
XP ego[04] partner[05] = 122.714
XP ego[04] partner[06] = 155.714
XP ego[04] partner[07] = 156.094
XP ego[04] partner[08] = 64.372
XP ego[04] partner[09] = 127.292
XP ego[04] partner[10] = 81.002
XP ego[04] partner[11] = 139.252
XP ego[04] partner[12] = 93.259
XP ego[04] partner[13] = 144.613
XP ego[04] partner[14] = 179.153
Average ego-vs-partner performance: 121.067 +- 3.983 SE over 75 ordered pairs
Average diagonal performance: 128.542 +- 16.457 SE over 5 pairs
Average off-diagonal performance (only for square pools): nan +- nan SE over 0 ordered pairs
Saved XP results to xp_partner_results/ph2v4_ego_vs_sp_partner/cramped_room2
Saved XP heatmap to xp_partner_results/ph2v4_ego_vs_sp_partner/cramped_room2/xp_matrix.png
Error executing job with overrides: ['+ENV_KWARGS.front_obs=true', '++ENV_KWARGS.random_reset=false', '++TRAINING_METHOD=ph2v4', '++EGO_TRAINING_METHOD=ph2v4', '++EGO_CHECKPOINTS_PREFIX=checkpoints/ph2v4/', '++PARTNER_TRAINING_METHOD=sp', '++PARTNER_CHECKPOINTS_PREFIX=checkpoints/sp/', '++PERSPECTIVE_TRANSFORM=true', '++EGO_XP_LATEST_PER_SEED=true', '++EGO_XP_SEEDS=[0,1,2,3,4]', '++PARTNER_XP_LATEST_PER_SEED=true', '++XP_RESULT_NAME=ph2v4_ego_vs_sp_partner', '++XP_SAVE_DIR=xp_partner_results', '++XP_EVAL_ALIGNMENT=true', '++EVAL_NUM_ENVS=128', '++EVAL_NUM_EPISODES=100', '++XP_PAIR_BATCH_SIZE=32', '++ALIGN_PAIR_BATCH_SIZE=4', '++ALIGN_RIDGE_LAMBDA=0.001', '++ALIGN_TRAIN_FRACTION=0.7']
jax.errors.SimplifiedTraceback: For simplicity, JAX has removed its internal frames from the traceback of the following exception. Set JAX_TRACEBACK_FILTERING=off to include these.

The above exception was the direct cause of the following exception:

Traceback (most recent call last):
  File "/net/scratch/n70579mp/JaxMARL/baselines/overcookedv2/eval_xp_partner.py", line 1249, in main
    alignment_results = evaluate_partner_alignment(
  File "/net/scratch/n70579mp/JaxMARL/baselines/overcookedv2/eval_xp_partner.py", line 701, in evaluate_partner_alignment
    traj_batch = collect_pair_batch_jit(pair_rngs, params_i, params_j)
jaxlib._jax.XlaRuntimeError: RESOURCE_EXHAUSTED: Out of memory while trying to allocate 43254751984 bytes.

Set the environment variable HYDRA_FULL_ERROR=1 for a complete stack trace.
Evaluating XP partner matrix for ego_method=ph2v4, partner_method=sp, layout=counter_circuit2
ego_prefix=checkpoints/ph2v4/, partner_prefix=checkpoints/sp/, result_name=ph2v4_ego_vs_sp_partner, ego_perspective_transform=true
Importing submoduled environments...
Submoduled environments not found. Skipping import.
2026-06-08 10:46:45.994498: E external/xla/xla/service/slow_operation_alarm.cc:73] Trying algorithm eng3{k11=0} for conv %cudnn-conv.18 = (f32[12800,4096,5,5]{3,2,1,0}, u8[0]{0}) custom-call(%bitcast.4609, %bitcast.4610), window={size=1x1}, dim_labels=bf01_oi01->bf01, feature_group_count=32, custom_call_target="__cudnn$convForward", metadata={op_name="jit(evaluate_one_order)/jit(main)/vmap(vmap(while))/body/TwoStreamActorCriticRNN/self_cnn/Conv_0/conv_general_dilated" source_file="/net/scratch/n70579mp/JaxMARL/baselines/overcookedv2/train_ph2_v4.py" source_line=72}, backend_config={"operation_queue_id":"0","wait_on_operation_queues":[],"cudnn_conv_backend_config":{"conv_result_scale":1,"activation_mode":"kNone","side_input_scale":0,"leakyrelu_alpha":0},"force_earliest_schedule":false,"reification_cost":[]} is taking a while...
2026-06-08 10:46:46.363890: E external/xla/xla/service/slow_operation_alarm.cc:140] The operation took 1.3696266s
Trying algorithm eng3{k11=0} for conv %cudnn-conv.18 = (f32[12800,4096,5,5]{3,2,1,0}, u8[0]{0}) custom-call(%bitcast.4609, %bitcast.4610), window={size=1x1}, dim_labels=bf01_oi01->bf01, feature_group_count=32, custom_call_target="__cudnn$convForward", metadata={op_name="jit(evaluate_one_order)/jit(main)/vmap(vmap(while))/body/TwoStreamActorCriticRNN/self_cnn/Conv_0/conv_general_dilated" source_file="/net/scratch/n70579mp/JaxMARL/baselines/overcookedv2/train_ph2_v4.py" source_line=72}, backend_config={"operation_queue_id":"0","wait_on_operation_queues":[],"cudnn_conv_backend_config":{"conv_result_scale":1,"activation_mode":"kNone","side_input_scale":0,"leakyrelu_alpha":0},"force_earliest_schedule":false,"reification_cost":[]} is taking a while...
2026-06-08 10:46:48.356766: E external/xla/xla/service/slow_operation_alarm.cc:73] Trying algorithm eng0{} for conv %cudnn-conv.19 = (f32[12800,4096,5,5]{3,2,1,0}, u8[0]{0}) custom-call(%bitcast.4628, %bitcast.4629), window={size=1x1}, dim_labels=bf01_oi01->bf01, feature_group_count=32, custom_call_target="__cudnn$convForward", metadata={op_name="jit(evaluate_one_order)/jit(main)/vmap(vmap(while))/body/TwoStreamActorCriticRNN/self_cnn/Conv_1/conv_general_dilated" source_file="/net/scratch/n70579mp/JaxMARL/baselines/overcookedv2/train_ph2_v4.py" source_line=79}, backend_config={"operation_queue_id":"0","wait_on_operation_queues":[],"cudnn_conv_backend_config":{"conv_result_scale":1,"activation_mode":"kNone","side_input_scale":0,"leakyrelu_alpha":0},"force_earliest_schedule":false,"reification_cost":[]} is taking a while...
2026-06-08 10:46:50.199563: E external/xla/xla/service/slow_operation_alarm.cc:140] The operation took 2.842845015s
Trying algorithm eng0{} for conv %cudnn-conv.19 = (f32[12800,4096,5,5]{3,2,1,0}, u8[0]{0}) custom-call(%bitcast.4628, %bitcast.4629), window={size=1x1}, dim_labels=bf01_oi01->bf01, feature_group_count=32, custom_call_target="__cudnn$convForward", metadata={op_name="jit(evaluate_one_order)/jit(main)/vmap(vmap(while))/body/TwoStreamActorCriticRNN/self_cnn/Conv_1/conv_general_dilated" source_file="/net/scratch/n70579mp/JaxMARL/baselines/overcookedv2/train_ph2_v4.py" source_line=79}, backend_config={"operation_queue_id":"0","wait_on_operation_queues":[],"cudnn_conv_backend_config":{"conv_result_scale":1,"activation_mode":"kNone","side_input_scale":0,"leakyrelu_alpha":0},"force_earliest_schedule":false,"reification_cost":[]} is taking a while...
2026-06-08 10:46:51.868234: E external/xla/xla/service/slow_operation_alarm.cc:73] Trying algorithm eng3{k11=0} for conv %cudnn-conv.19 = (f32[12800,4096,5,5]{3,2,1,0}, u8[0]{0}) custom-call(%bitcast.4628, %bitcast.4629), window={size=1x1}, dim_labels=bf01_oi01->bf01, feature_group_count=32, custom_call_target="__cudnn$convForward", metadata={op_name="jit(evaluate_one_order)/jit(main)/vmap(vmap(while))/body/TwoStreamActorCriticRNN/self_cnn/Conv_1/conv_general_dilated" source_file="/net/scratch/n70579mp/JaxMARL/baselines/overcookedv2/train_ph2_v4.py" source_line=79}, backend_config={"operation_queue_id":"0","wait_on_operation_queues":[],"cudnn_conv_backend_config":{"conv_result_scale":1,"activation_mode":"kNone","side_input_scale":0,"leakyrelu_alpha":0},"force_earliest_schedule":false,"reification_cost":[]} is taking a while...
2026-06-08 10:46:53.459123: E external/xla/xla/service/slow_operation_alarm.cc:140] The operation took 2.590935468s
Trying algorithm eng3{k11=0} for conv %cudnn-conv.19 = (f32[12800,4096,5,5]{3,2,1,0}, u8[0]{0}) custom-call(%bitcast.4628, %bitcast.4629), window={size=1x1}, dim_labels=bf01_oi01->bf01, feature_group_count=32, custom_call_target="__cudnn$convForward", metadata={op_name="jit(evaluate_one_order)/jit(main)/vmap(vmap(while))/body/TwoStreamActorCriticRNN/self_cnn/Conv_1/conv_general_dilated" source_file="/net/scratch/n70579mp/JaxMARL/baselines/overcookedv2/train_ph2_v4.py" source_line=79}, backend_config={"operation_queue_id":"0","wait_on_operation_queues":[],"cudnn_conv_backend_config":{"conv_result_scale":1,"activation_mode":"kNone","side_input_scale":0,"leakyrelu_alpha":0},"force_earliest_schedule":false,"reification_cost":[]} is taking a while...
2026-06-08 10:46:55.208462: E external/xla/xla/service/slow_operation_alarm.cc:73] Trying algorithm eng3{k11=0} for conv %cudnn-conv.20 = (f32[12800,256,5,5]{3,2,1,0}, u8[0]{0}) custom-call(%bitcast.4646, %bitcast.4647), window={size=1x1}, dim_labels=bf01_oi01->bf01, feature_group_count=32, custom_call_target="__cudnn$convForward", metadata={op_name="jit(evaluate_one_order)/jit(main)/vmap(vmap(while))/body/TwoStreamActorCriticRNN/self_cnn/Conv_2/conv_general_dilated" source_file="/net/scratch/n70579mp/JaxMARL/baselines/overcookedv2/train_ph2_v4.py" source_line=86}, backend_config={"operation_queue_id":"0","wait_on_operation_queues":[],"cudnn_conv_backend_config":{"conv_result_scale":1,"activation_mode":"kNone","side_input_scale":0,"leakyrelu_alpha":0},"force_earliest_schedule":false,"reification_cost":[]} is taking a while...
2026-06-08 10:46:55.572196: E external/xla/xla/service/slow_operation_alarm.cc:140] The operation took 1.363803288s
Trying algorithm eng3{k11=0} for conv %cudnn-conv.20 = (f32[12800,256,5,5]{3,2,1,0}, u8[0]{0}) custom-call(%bitcast.4646, %bitcast.4647), window={size=1x1}, dim_labels=bf01_oi01->bf01, feature_group_count=32, custom_call_target="__cudnn$convForward", metadata={op_name="jit(evaluate_one_order)/jit(main)/vmap(vmap(while))/body/TwoStreamActorCriticRNN/self_cnn/Conv_2/conv_general_dilated" source_file="/net/scratch/n70579mp/JaxMARL/baselines/overcookedv2/train_ph2_v4.py" source_line=86}, backend_config={"operation_queue_id":"0","wait_on_operation_queues":[],"cudnn_conv_backend_config":{"conv_result_scale":1,"activation_mode":"kNone","side_input_scale":0,"leakyrelu_alpha":0},"force_earliest_schedule":false,"reification_cost":[]} is taking a while...
2026-06-08 10:47:02.116225: E external/xla/xla/service/slow_operation_alarm.cc:73] Trying algorithm eng4{} for conv %cudnn-conv.23 = (f32[12800,1024,5,5]{3,2,1,0}, u8[0]{0}) custom-call(%bitcast.4703, %bitcast.4704), window={size=3x3 pad=1_1x1_1}, dim_labels=bf01_oi01->bf01, feature_group_count=32, custom_call_target="__cudnn$convForward", metadata={op_name="jit(evaluate_one_order)/jit(main)/vmap(vmap(while))/body/TwoStreamActorCriticRNN/self_cnn/Conv_5/conv_general_dilated" source_file="/net/scratch/n70579mp/JaxMARL/baselines/overcookedv2/train_ph2_v4.py" source_line=110}, backend_config={"operation_queue_id":"0","wait_on_operation_queues":[],"cudnn_conv_backend_config":{"conv_result_scale":1,"activation_mode":"kNone","side_input_scale":0,"leakyrelu_alpha":0},"force_earliest_schedule":false,"reification_cost":[]} is taking a while...
2026-06-08 10:47:02.327361: E external/xla/xla/service/slow_operation_alarm.cc:140] The operation took 1.211302559s
Trying algorithm eng4{} for conv %cudnn-conv.23 = (f32[12800,1024,5,5]{3,2,1,0}, u8[0]{0}) custom-call(%bitcast.4703, %bitcast.4704), window={size=3x3 pad=1_1x1_1}, dim_labels=bf01_oi01->bf01, feature_group_count=32, custom_call_target="__cudnn$convForward", metadata={op_name="jit(evaluate_one_order)/jit(main)/vmap(vmap(while))/body/TwoStreamActorCriticRNN/self_cnn/Conv_5/conv_general_dilated" source_file="/net/scratch/n70579mp/JaxMARL/baselines/overcookedv2/train_ph2_v4.py" source_line=110}, backend_config={"operation_queue_id":"0","wait_on_operation_queues":[],"cudnn_conv_backend_config":{"conv_result_scale":1,"activation_mode":"kNone","side_input_scale":0,"leakyrelu_alpha":0},"force_earliest_schedule":false,"reification_cost":[]} is taking a while...
[2026-06-08T10:48:19.933] error: *** JOB 15954327 ON node864 CANCELLED AT 2026-06-08T10:48:19 DUE to SIGNAL Terminated ***
