Script directory: /mnt/iusers01/fatpou01/compsci01/n70579mp/scratch/JaxMARL
Failed to import warp: No module named 'warp'
Failed to import mujoco_warp: No module named 'warp'
Importing submoduled environments...
Submoduled environments not found. Skipping import.
wandb: Currently logged in as: maytusp to https://api.wandb.ai. Use `wandb login --relogin` to force relogin
wandb: Tracking run with wandb version 0.21.1
wandb: Run data is saved locally in /net/scratch/n70579mp/JaxMARL/wandb/run-20260515_182221-h6ow96rm
wandb: Run `wandb offline` to turn off syncing.
wandb: Syncing run e3tlm_obsfront_coord_ring2
wandb: ⭐️ View project at https://wandb.ai/maytusp/oc-extended
wandb: 🚀 View run at https://wandb.ai/maytusp/oc-extended/runs/h6ow96rm
CHECKPOINTS DISCOVERED FOR SEED  0 :  ['baseline_seed_0_step_88.msgpack', 'baseline_seed_0_step_66.msgpack', 'baseline_seed_0_step_22.msgpack', 'baseline_seed_0_step_44.msgpack', 'baseline_seed_0_step_110.msgpack', 'baseline_seed_0_step_1.msgpack', 'baseline_seed_0_step_132.msgpack', 'baseline_seed_0_step_176.msgpack', 'baseline_seed_0_step_220.msgpack', 'baseline_seed_0_step_154.msgpack', 'baseline_seed_0_step_198.msgpack']
Loaded 11 old self checkpoints for seed 0 from checkpoints/single/coord_ring2
CHECKPOINTS DISCOVERED FOR SEED  1 :  ['baseline_seed_1_step_88.msgpack', 'baseline_seed_1_step_22.msgpack', 'baseline_seed_1_step_132.msgpack', 'baseline_seed_1_step_154.msgpack', 'baseline_seed_1_step_176.msgpack', 'baseline_seed_1_step_66.msgpack', 'baseline_seed_1_step_198.msgpack', 'baseline_seed_1_step_220.msgpack', 'baseline_seed_1_step_1.msgpack', 'baseline_seed_1_step_44.msgpack', 'baseline_seed_1_step_110.msgpack']
Loaded 11 old self checkpoints for seed 1 from checkpoints/single/coord_ring2
CHECKPOINTS DISCOVERED FOR SEED  2 :  ['baseline_seed_2_step_22.msgpack', 'baseline_seed_2_step_1.msgpack', 'baseline_seed_2_step_88.msgpack', 'baseline_seed_2_step_220.msgpack', 'baseline_seed_2_step_132.msgpack', 'baseline_seed_2_step_44.msgpack', 'baseline_seed_2_step_66.msgpack', 'baseline_seed_2_step_110.msgpack', 'baseline_seed_2_step_154.msgpack', 'baseline_seed_2_step_198.msgpack', 'baseline_seed_2_step_176.msgpack']
Loaded 11 old self checkpoints for seed 2 from checkpoints/single/coord_ring2
CHECKPOINTS DISCOVERED FOR SEED  3 :  ['baseline_seed_3_step_22.msgpack', 'baseline_seed_3_step_110.msgpack', 'baseline_seed_3_step_1.msgpack', 'baseline_seed_3_step_88.msgpack', 'baseline_seed_3_step_132.msgpack', 'baseline_seed_3_step_176.msgpack', 'baseline_seed_3_step_66.msgpack', 'baseline_seed_3_step_154.msgpack', 'baseline_seed_3_step_220.msgpack', 'baseline_seed_3_step_198.msgpack', 'baseline_seed_3_step_44.msgpack']
Loaded 11 old self checkpoints for seed 3 from checkpoints/single/coord_ring2
CHECKPOINTS DISCOVERED FOR SEED  4 :  ['baseline_seed_4_step_66.msgpack', 'baseline_seed_4_step_154.msgpack', 'baseline_seed_4_step_1.msgpack', 'baseline_seed_4_step_44.msgpack', 'baseline_seed_4_step_198.msgpack', 'baseline_seed_4_step_176.msgpack', 'baseline_seed_4_step_22.msgpack', 'baseline_seed_4_step_220.msgpack', 'baseline_seed_4_step_132.msgpack', 'baseline_seed_4_step_88.msgpack', 'baseline_seed_4_step_110.msgpack']
Loaded 11 old self checkpoints for seed 4 from checkpoints/single/coord_ring2
Update steps:  381.0
Warmup epochs:  19
Cosine epochs:  362.0
--> Saved seed 4 checkpoint at step 1 to checkpoints/e3tlm/coord_ring2/baseline_seed_4_step_1.msgpack
--> Saved seed 0 checkpoint at step 1 to checkpoints/e3tlm/coord_ring2/baseline_seed_0_step_1.msgpack
--> Saved seed 3 checkpoint at step 1 to checkpoints/e3tlm/coord_ring2/baseline_seed_3_step_1.msgpack
--> Saved seed 2 checkpoint at step 1 to checkpoints/e3tlm/coord_ring2/baseline_seed_2_step_1.msgpack
--> Saved seed 1 checkpoint at step 1 to checkpoints/e3tlm/coord_ring2/baseline_seed_1_step_1.msgpack
--> Saved seed 4 checkpoint at step 38 to checkpoints/e3tlm/coord_ring2/baseline_seed_4_step_38.msgpack
--> Saved seed 0 checkpoint at step 38 to checkpoints/e3tlm/coord_ring2/baseline_seed_0_step_38.msgpack
--> Saved seed 3 checkpoint at step 38 to checkpoints/e3tlm/coord_ring2/baseline_seed_3_step_38.msgpack
--> Saved seed 2 checkpoint at step 38 to checkpoints/e3tlm/coord_ring2/baseline_seed_2_step_38.msgpack
--> Saved seed 1 checkpoint at step 38 to checkpoints/e3tlm/coord_ring2/baseline_seed_1_step_38.msgpack
--> Saved seed 4 checkpoint at step 76 to checkpoints/e3tlm/coord_ring2/baseline_seed_4_step_76.msgpack
--> Saved seed 0 checkpoint at step 76 to checkpoints/e3tlm/coord_ring2/baseline_seed_0_step_76.msgpack
--> Saved seed 3 checkpoint at step 76 to checkpoints/e3tlm/coord_ring2/baseline_seed_3_step_76.msgpack
--> Saved seed 2 checkpoint at step 76 to checkpoints/e3tlm/coord_ring2/baseline_seed_2_step_76.msgpack
--> Saved seed 1 checkpoint at step 76 to checkpoints/e3tlm/coord_ring2/baseline_seed_1_step_76.msgpack
--> Saved seed 4 checkpoint at step 114 to checkpoints/e3tlm/coord_ring2/baseline_seed_4_step_114.msgpack
--> Saved seed 0 checkpoint at step 114 to checkpoints/e3tlm/coord_ring2/baseline_seed_0_step_114.msgpack
--> Saved seed 3 checkpoint at step 114 to checkpoints/e3tlm/coord_ring2/baseline_seed_3_step_114.msgpack
--> Saved seed 2 checkpoint at step 114 to checkpoints/e3tlm/coord_ring2/baseline_seed_2_step_114.msgpack
--> Saved seed 1 checkpoint at step 114 to checkpoints/e3tlm/coord_ring2/baseline_seed_1_step_114.msgpack
--> Saved seed 4 checkpoint at step 152 to checkpoints/e3tlm/coord_ring2/baseline_seed_4_step_152.msgpack
--> Saved seed 0 checkpoint at step 152 to checkpoints/e3tlm/coord_ring2/baseline_seed_0_step_152.msgpack
--> Saved seed 3 checkpoint at step 152 to checkpoints/e3tlm/coord_ring2/baseline_seed_3_step_152.msgpack
--> Saved seed 2 checkpoint at step 152 to checkpoints/e3tlm/coord_ring2/baseline_seed_2_step_152.msgpack
--> Saved seed 1 checkpoint at step 152 to checkpoints/e3tlm/coord_ring2/baseline_seed_1_step_152.msgpack
--> Saved seed 4 checkpoint at step 190 to checkpoints/e3tlm/coord_ring2/baseline_seed_4_step_190.msgpack
--> Saved seed 0 checkpoint at step 190 to checkpoints/e3tlm/coord_ring2/baseline_seed_0_step_190.msgpack
--> Saved seed 3 checkpoint at step 190 to checkpoints/e3tlm/coord_ring2/baseline_seed_3_step_190.msgpack
--> Saved seed 2 checkpoint at step 190 to checkpoints/e3tlm/coord_ring2/baseline_seed_2_step_190.msgpack
--> Saved seed 1 checkpoint at step 190 to checkpoints/e3tlm/coord_ring2/baseline_seed_1_step_190.msgpack
--> Saved seed 4 checkpoint at step 228 to checkpoints/e3tlm/coord_ring2/baseline_seed_4_step_228.msgpack
--> Saved seed 0 checkpoint at step 228 to checkpoints/e3tlm/coord_ring2/baseline_seed_0_step_228.msgpack
--> Saved seed 3 checkpoint at step 228 to checkpoints/e3tlm/coord_ring2/baseline_seed_3_step_228.msgpack
--> Saved seed 2 checkpoint at step 228 to checkpoints/e3tlm/coord_ring2/baseline_seed_2_step_228.msgpack
--> Saved seed 1 checkpoint at step 228 to checkpoints/e3tlm/coord_ring2/baseline_seed_1_step_228.msgpack
--> Saved seed 4 checkpoint at step 266 to checkpoints/e3tlm/coord_ring2/baseline_seed_4_step_266.msgpack
--> Saved seed 0 checkpoint at step 266 to checkpoints/e3tlm/coord_ring2/baseline_seed_0_step_266.msgpack
--> Saved seed 3 checkpoint at step 266 to checkpoints/e3tlm/coord_ring2/baseline_seed_3_step_266.msgpack
--> Saved seed 2 checkpoint at step 266 to checkpoints/e3tlm/coord_ring2/baseline_seed_2_step_266.msgpack
--> Saved seed 1 checkpoint at step 266 to checkpoints/e3tlm/coord_ring2/baseline_seed_1_step_266.msgpack
--> Saved seed 4 checkpoint at step 304 to checkpoints/e3tlm/coord_ring2/baseline_seed_4_step_304.msgpack
--> Saved seed 0 checkpoint at step 304 to checkpoints/e3tlm/coord_ring2/baseline_seed_0_step_304.msgpack
--> Saved seed 3 checkpoint at step 304 to checkpoints/e3tlm/coord_ring2/baseline_seed_3_step_304.msgpack
--> Saved seed 2 checkpoint at step 304 to checkpoints/e3tlm/coord_ring2/baseline_seed_2_step_304.msgpack
--> Saved seed 1 checkpoint at step 304 to checkpoints/e3tlm/coord_ring2/baseline_seed_1_step_304.msgpack
--> Saved seed 4 checkpoint at step 342 to checkpoints/e3tlm/coord_ring2/baseline_seed_4_step_342.msgpack
--> Saved seed 0 checkpoint at step 342 to checkpoints/e3tlm/coord_ring2/baseline_seed_0_step_342.msgpack
--> Saved seed 3 checkpoint at step 342 to checkpoints/e3tlm/coord_ring2/baseline_seed_3_step_342.msgpack
--> Saved seed 2 checkpoint at step 342 to checkpoints/e3tlm/coord_ring2/baseline_seed_2_step_342.msgpack
--> Saved seed 1 checkpoint at step 342 to checkpoints/e3tlm/coord_ring2/baseline_seed_1_step_342.msgpack
--> Saved seed 4 checkpoint at step 380 to checkpoints/e3tlm/coord_ring2/baseline_seed_4_step_380.msgpack
--> Saved seed 0 checkpoint at step 380 to checkpoints/e3tlm/coord_ring2/baseline_seed_0_step_380.msgpack
--> Saved seed 3 checkpoint at step 380 to checkpoints/e3tlm/coord_ring2/baseline_seed_3_step_380.msgpack
--> Saved seed 2 checkpoint at step 380 to checkpoints/e3tlm/coord_ring2/baseline_seed_2_step_380.msgpack
--> Saved seed 1 checkpoint at step 380 to checkpoints/e3tlm/coord_ring2/baseline_seed_1_step_380.msgpack
[1;34mwandb[0m: 
[1;34mwandb[0m: 🚀 View run [33me3tlm_obsfront_coord_ring2[0m at: [34mhttps://wandb.ai/maytusp/oc-extended/runs/h6ow96rm[0m
[1;34mwandb[0m: Find logs at: [1;35m../../../../../../../net/scratch/n70579mp/JaxMARL/wandb/run-20260515_182221-h6ow96rm/logs[0m
Failed to import warp: No module named 'warp'
Failed to import mujoco_warp: No module named 'warp'
Importing submoduled environments...
Submoduled environments not found. Skipping import.
wandb: Currently logged in as: maytusp to https://api.wandb.ai. Use `wandb login --relogin` to force relogin
wandb: Tracking run with wandb version 0.21.1
wandb: Run data is saved locally in /net/scratch/n70579mp/JaxMARL/wandb/run-20260515_203357-ft21se7d
wandb: Run `wandb offline` to turn off syncing.
wandb: Syncing run e3tlm_obsfront_counter_circuit2
wandb: ⭐️ View project at https://wandb.ai/maytusp/oc-extended
wandb: 🚀 View run at https://wandb.ai/maytusp/oc-extended/runs/ft21se7d
CHECKPOINTS DISCOVERED FOR SEED  0 :  ['baseline_seed_0_step_760.msgpack', 'baseline_seed_0_step_380.msgpack', 'baseline_seed_0_step_76.msgpack', 'baseline_seed_0_step_228.msgpack', 'baseline_seed_0_step_152.msgpack', 'baseline_seed_0_step_532.msgpack', 'baseline_seed_0_step_304.msgpack', 'baseline_seed_0_step_1.msgpack', 'baseline_seed_0_step_684.msgpack', 'baseline_seed_0_step_608.msgpack', 'baseline_seed_0_step_456.msgpack']
Loaded 11 old self checkpoints for seed 0 from checkpoints/single/counter_circuit2
CHECKPOINTS DISCOVERED FOR SEED  1 :  ['baseline_seed_1_step_152.msgpack', 'baseline_seed_1_step_684.msgpack', 'baseline_seed_1_step_456.msgpack', 'baseline_seed_1_step_380.msgpack', 'baseline_seed_1_step_760.msgpack', 'baseline_seed_1_step_304.msgpack', 'baseline_seed_1_step_532.msgpack', 'baseline_seed_1_step_76.msgpack', 'baseline_seed_1_step_228.msgpack', 'baseline_seed_1_step_1.msgpack', 'baseline_seed_1_step_608.msgpack']
Loaded 11 old self checkpoints for seed 1 from checkpoints/single/counter_circuit2
CHECKPOINTS DISCOVERED FOR SEED  2 :  ['baseline_seed_2_step_152.msgpack', 'baseline_seed_2_step_228.msgpack', 'baseline_seed_2_step_1.msgpack', 'baseline_seed_2_step_684.msgpack', 'baseline_seed_2_step_304.msgpack', 'baseline_seed_2_step_380.msgpack', 'baseline_seed_2_step_760.msgpack', 'baseline_seed_2_step_532.msgpack', 'baseline_seed_2_step_76.msgpack', 'baseline_seed_2_step_608.msgpack', 'baseline_seed_2_step_456.msgpack']
Loaded 11 old self checkpoints for seed 2 from checkpoints/single/counter_circuit2
CHECKPOINTS DISCOVERED FOR SEED  3 :  ['baseline_seed_3_step_532.msgpack', 'baseline_seed_3_step_684.msgpack', 'baseline_seed_3_step_1.msgpack', 'baseline_seed_3_step_76.msgpack', 'baseline_seed_3_step_380.msgpack', 'baseline_seed_3_step_608.msgpack', 'baseline_seed_3_step_456.msgpack', 'baseline_seed_3_step_152.msgpack', 'baseline_seed_3_step_304.msgpack', 'baseline_seed_3_step_228.msgpack', 'baseline_seed_3_step_760.msgpack']
Loaded 11 old self checkpoints for seed 3 from checkpoints/single/counter_circuit2
CHECKPOINTS DISCOVERED FOR SEED  4 :  ['baseline_seed_4_step_380.msgpack', 'baseline_seed_4_step_760.msgpack', 'baseline_seed_4_step_532.msgpack', 'baseline_seed_4_step_456.msgpack', 'baseline_seed_4_step_1.msgpack', 'baseline_seed_4_step_684.msgpack', 'baseline_seed_4_step_304.msgpack', 'baseline_seed_4_step_608.msgpack', 'baseline_seed_4_step_152.msgpack', 'baseline_seed_4_step_228.msgpack', 'baseline_seed_4_step_76.msgpack']
Loaded 11 old self checkpoints for seed 4 from checkpoints/single/counter_circuit2
Update steps:  534.0
Warmup epochs:  26
Cosine epochs:  508.0
--> Saved seed 4 checkpoint at step 1 to checkpoints/e3tlm/counter_circuit2/baseline_seed_4_step_1.msgpack
--> Saved seed 0 checkpoint at step 1 to checkpoints/e3tlm/counter_circuit2/baseline_seed_0_step_1.msgpack
--> Saved seed 3 checkpoint at step 1 to checkpoints/e3tlm/counter_circuit2/baseline_seed_3_step_1.msgpack
--> Saved seed 2 checkpoint at step 1 to checkpoints/e3tlm/counter_circuit2/baseline_seed_2_step_1.msgpack
--> Saved seed 1 checkpoint at step 1 to checkpoints/e3tlm/counter_circuit2/baseline_seed_1_step_1.msgpack
--> Saved seed 4 checkpoint at step 53 to checkpoints/e3tlm/counter_circuit2/baseline_seed_4_step_53.msgpack
--> Saved seed 0 checkpoint at step 53 to checkpoints/e3tlm/counter_circuit2/baseline_seed_0_step_53.msgpack
--> Saved seed 3 checkpoint at step 53 to checkpoints/e3tlm/counter_circuit2/baseline_seed_3_step_53.msgpack
--> Saved seed 2 checkpoint at step 53 to checkpoints/e3tlm/counter_circuit2/baseline_seed_2_step_53.msgpack
--> Saved seed 1 checkpoint at step 53 to checkpoints/e3tlm/counter_circuit2/baseline_seed_1_step_53.msgpack
--> Saved seed 4 checkpoint at step 106 to checkpoints/e3tlm/counter_circuit2/baseline_seed_4_step_106.msgpack
--> Saved seed 0 checkpoint at step 106 to checkpoints/e3tlm/counter_circuit2/baseline_seed_0_step_106.msgpack
--> Saved seed 3 checkpoint at step 106 to checkpoints/e3tlm/counter_circuit2/baseline_seed_3_step_106.msgpack
--> Saved seed 2 checkpoint at step 106 to checkpoints/e3tlm/counter_circuit2/baseline_seed_2_step_106.msgpack
--> Saved seed 1 checkpoint at step 106 to checkpoints/e3tlm/counter_circuit2/baseline_seed_1_step_106.msgpack
--> Saved seed 4 checkpoint at step 159 to checkpoints/e3tlm/counter_circuit2/baseline_seed_4_step_159.msgpack
--> Saved seed 0 checkpoint at step 159 to checkpoints/e3tlm/counter_circuit2/baseline_seed_0_step_159.msgpack
--> Saved seed 3 checkpoint at step 159 to checkpoints/e3tlm/counter_circuit2/baseline_seed_3_step_159.msgpack
--> Saved seed 2 checkpoint at step 159 to checkpoints/e3tlm/counter_circuit2/baseline_seed_2_step_159.msgpack
--> Saved seed 1 checkpoint at step 159 to checkpoints/e3tlm/counter_circuit2/baseline_seed_1_step_159.msgpack
--> Saved seed 4 checkpoint at step 212 to checkpoints/e3tlm/counter_circuit2/baseline_seed_4_step_212.msgpack
--> Saved seed 0 checkpoint at step 212 to checkpoints/e3tlm/counter_circuit2/baseline_seed_0_step_212.msgpack
--> Saved seed 3 checkpoint at step 212 to checkpoints/e3tlm/counter_circuit2/baseline_seed_3_step_212.msgpack
--> Saved seed 2 checkpoint at step 212 to checkpoints/e3tlm/counter_circuit2/baseline_seed_2_step_212.msgpack
--> Saved seed 1 checkpoint at step 212 to checkpoints/e3tlm/counter_circuit2/baseline_seed_1_step_212.msgpack
--> Saved seed 4 checkpoint at step 265 to checkpoints/e3tlm/counter_circuit2/baseline_seed_4_step_265.msgpack
--> Saved seed 0 checkpoint at step 265 to checkpoints/e3tlm/counter_circuit2/baseline_seed_0_step_265.msgpack
--> Saved seed 3 checkpoint at step 265 to checkpoints/e3tlm/counter_circuit2/baseline_seed_3_step_265.msgpack
--> Saved seed 2 checkpoint at step 265 to checkpoints/e3tlm/counter_circuit2/baseline_seed_2_step_265.msgpack
--> Saved seed 1 checkpoint at step 265 to checkpoints/e3tlm/counter_circuit2/baseline_seed_1_step_265.msgpack
--> Saved seed 4 checkpoint at step 318 to checkpoints/e3tlm/counter_circuit2/baseline_seed_4_step_318.msgpack
--> Saved seed 0 checkpoint at step 318 to checkpoints/e3tlm/counter_circuit2/baseline_seed_0_step_318.msgpack
--> Saved seed 3 checkpoint at step 318 to checkpoints/e3tlm/counter_circuit2/baseline_seed_3_step_318.msgpack
--> Saved seed 2 checkpoint at step 318 to checkpoints/e3tlm/counter_circuit2/baseline_seed_2_step_318.msgpack
--> Saved seed 1 checkpoint at step 318 to checkpoints/e3tlm/counter_circuit2/baseline_seed_1_step_318.msgpack
--> Saved seed 4 checkpoint at step 371 to checkpoints/e3tlm/counter_circuit2/baseline_seed_4_step_371.msgpack
--> Saved seed 0 checkpoint at step 371 to checkpoints/e3tlm/counter_circuit2/baseline_seed_0_step_371.msgpack
--> Saved seed 3 checkpoint at step 371 to checkpoints/e3tlm/counter_circuit2/baseline_seed_3_step_371.msgpack
--> Saved seed 2 checkpoint at step 371 to checkpoints/e3tlm/counter_circuit2/baseline_seed_2_step_371.msgpack
--> Saved seed 1 checkpoint at step 371 to checkpoints/e3tlm/counter_circuit2/baseline_seed_1_step_371.msgpack
--> Saved seed 4 checkpoint at step 424 to checkpoints/e3tlm/counter_circuit2/baseline_seed_4_step_424.msgpack
--> Saved seed 0 checkpoint at step 424 to checkpoints/e3tlm/counter_circuit2/baseline_seed_0_step_424.msgpack
--> Saved seed 3 checkpoint at step 424 to checkpoints/e3tlm/counter_circuit2/baseline_seed_3_step_424.msgpack
--> Saved seed 2 checkpoint at step 424 to checkpoints/e3tlm/counter_circuit2/baseline_seed_2_step_424.msgpack
--> Saved seed 1 checkpoint at step 424 to checkpoints/e3tlm/counter_circuit2/baseline_seed_1_step_424.msgpack
--> Saved seed 4 checkpoint at step 477 to checkpoints/e3tlm/counter_circuit2/baseline_seed_4_step_477.msgpack
--> Saved seed 0 checkpoint at step 477 to checkpoints/e3tlm/counter_circuit2/baseline_seed_0_step_477.msgpack
--> Saved seed 3 checkpoint at step 477 to checkpoints/e3tlm/counter_circuit2/baseline_seed_3_step_477.msgpack
--> Saved seed 2 checkpoint at step 477 to checkpoints/e3tlm/counter_circuit2/baseline_seed_2_step_477.msgpack
--> Saved seed 1 checkpoint at step 477 to checkpoints/e3tlm/counter_circuit2/baseline_seed_1_step_477.msgpack
--> Saved seed 4 checkpoint at step 530 to checkpoints/e3tlm/counter_circuit2/baseline_seed_4_step_530.msgpack
--> Saved seed 0 checkpoint at step 530 to checkpoints/e3tlm/counter_circuit2/baseline_seed_0_step_530.msgpack
--> Saved seed 3 checkpoint at step 530 to checkpoints/e3tlm/counter_circuit2/baseline_seed_3_step_530.msgpack
--> Saved seed 2 checkpoint at step 530 to checkpoints/e3tlm/counter_circuit2/baseline_seed_2_step_530.msgpack
--> Saved seed 1 checkpoint at step 530 to checkpoints/e3tlm/counter_circuit2/baseline_seed_1_step_530.msgpack
[1;34mwandb[0m: 
[1;34mwandb[0m: 🚀 View run [33me3tlm_obsfront_counter_circuit2[0m at: [34mhttps://wandb.ai/maytusp/oc-extended/runs/ft21se7d[0m
[1;34mwandb[0m: Find logs at: [1;35m../../../../../../../net/scratch/n70579mp/JaxMARL/wandb/run-20260515_203357-ft21se7d/logs[0m
Failed to import warp: No module named 'warp'
Failed to import mujoco_warp: No module named 'warp'
Importing submoduled environments...
Submoduled environments not found. Skipping import.
wandb: Currently logged in as: maytusp to https://api.wandb.ai. Use `wandb login --relogin` to force relogin
wandb: Tracking run with wandb version 0.21.1
wandb: Run data is saved locally in /net/scratch/n70579mp/JaxMARL/wandb/run-20260515_233541-izxbjj7e
wandb: Run `wandb offline` to turn off syncing.
wandb: Syncing run e3tlm_obsfront_cramped_room2
wandb: ⭐️ View project at https://wandb.ai/maytusp/oc-extended
wandb: 🚀 View run at https://wandb.ai/maytusp/oc-extended/runs/izxbjj7e
CHECKPOINTS DISCOVERED FOR SEED  0 :  ['baseline_seed_0_step_88.msgpack', 'baseline_seed_0_step_66.msgpack', 'baseline_seed_0_step_22.msgpack', 'baseline_seed_0_step_44.msgpack', 'baseline_seed_0_step_110.msgpack', 'baseline_seed_0_step_1.msgpack', 'baseline_seed_0_step_132.msgpack', 'baseline_seed_0_step_176.msgpack', 'baseline_seed_0_step_220.msgpack', 'baseline_seed_0_step_154.msgpack', 'baseline_seed_0_step_198.msgpack']
Loaded 11 old self checkpoints for seed 0 from checkpoints/single/cramped_room2
CHECKPOINTS DISCOVERED FOR SEED  1 :  ['baseline_seed_1_step_88.msgpack', 'baseline_seed_1_step_22.msgpack', 'baseline_seed_1_step_132.msgpack', 'baseline_seed_1_step_154.msgpack', 'baseline_seed_1_step_176.msgpack', 'baseline_seed_1_step_66.msgpack', 'baseline_seed_1_step_198.msgpack', 'baseline_seed_1_step_220.msgpack', 'baseline_seed_1_step_1.msgpack', 'baseline_seed_1_step_44.msgpack', 'baseline_seed_1_step_110.msgpack']
Loaded 11 old self checkpoints for seed 1 from checkpoints/single/cramped_room2
CHECKPOINTS DISCOVERED FOR SEED  2 :  ['baseline_seed_2_step_22.msgpack', 'baseline_seed_2_step_1.msgpack', 'baseline_seed_2_step_88.msgpack', 'baseline_seed_2_step_220.msgpack', 'baseline_seed_2_step_132.msgpack', 'baseline_seed_2_step_44.msgpack', 'baseline_seed_2_step_66.msgpack', 'baseline_seed_2_step_110.msgpack', 'baseline_seed_2_step_154.msgpack', 'baseline_seed_2_step_198.msgpack', 'baseline_seed_2_step_176.msgpack']
Loaded 11 old self checkpoints for seed 2 from checkpoints/single/cramped_room2
CHECKPOINTS DISCOVERED FOR SEED  3 :  ['baseline_seed_3_step_22.msgpack', 'baseline_seed_3_step_110.msgpack', 'baseline_seed_3_step_1.msgpack', 'baseline_seed_3_step_88.msgpack', 'baseline_seed_3_step_132.msgpack', 'baseline_seed_3_step_176.msgpack', 'baseline_seed_3_step_66.msgpack', 'baseline_seed_3_step_154.msgpack', 'baseline_seed_3_step_220.msgpack', 'baseline_seed_3_step_198.msgpack', 'baseline_seed_3_step_44.msgpack']
Loaded 11 old self checkpoints for seed 3 from checkpoints/single/cramped_room2
CHECKPOINTS DISCOVERED FOR SEED  4 :  ['baseline_seed_4_step_66.msgpack', 'baseline_seed_4_step_154.msgpack', 'baseline_seed_4_step_1.msgpack', 'baseline_seed_4_step_44.msgpack', 'baseline_seed_4_step_198.msgpack', 'baseline_seed_4_step_176.msgpack', 'baseline_seed_4_step_22.msgpack', 'baseline_seed_4_step_220.msgpack', 'baseline_seed_4_step_132.msgpack', 'baseline_seed_4_step_88.msgpack', 'baseline_seed_4_step_110.msgpack']
Loaded 11 old self checkpoints for seed 4 from checkpoints/single/cramped_room2
Update steps:  381.0
Warmup epochs:  19
Cosine epochs:  362.0
--> Saved seed 4 checkpoint at step 1 to checkpoints/e3tlm/cramped_room2/baseline_seed_4_step_1.msgpack
--> Saved seed 0 checkpoint at step 1 to checkpoints/e3tlm/cramped_room2/baseline_seed_0_step_1.msgpack
--> Saved seed 3 checkpoint at step 1 to checkpoints/e3tlm/cramped_room2/baseline_seed_3_step_1.msgpack
--> Saved seed 2 checkpoint at step 1 to checkpoints/e3tlm/cramped_room2/baseline_seed_2_step_1.msgpack
--> Saved seed 1 checkpoint at step 1 to checkpoints/e3tlm/cramped_room2/baseline_seed_1_step_1.msgpack
--> Saved seed 4 checkpoint at step 38 to checkpoints/e3tlm/cramped_room2/baseline_seed_4_step_38.msgpack
--> Saved seed 0 checkpoint at step 38 to checkpoints/e3tlm/cramped_room2/baseline_seed_0_step_38.msgpack
--> Saved seed 3 checkpoint at step 38 to checkpoints/e3tlm/cramped_room2/baseline_seed_3_step_38.msgpack
--> Saved seed 2 checkpoint at step 38 to checkpoints/e3tlm/cramped_room2/baseline_seed_2_step_38.msgpack
--> Saved seed 1 checkpoint at step 38 to checkpoints/e3tlm/cramped_room2/baseline_seed_1_step_38.msgpack
--> Saved seed 4 checkpoint at step 76 to checkpoints/e3tlm/cramped_room2/baseline_seed_4_step_76.msgpack
--> Saved seed 0 checkpoint at step 76 to checkpoints/e3tlm/cramped_room2/baseline_seed_0_step_76.msgpack
--> Saved seed 3 checkpoint at step 76 to checkpoints/e3tlm/cramped_room2/baseline_seed_3_step_76.msgpack
--> Saved seed 2 checkpoint at step 76 to checkpoints/e3tlm/cramped_room2/baseline_seed_2_step_76.msgpack
--> Saved seed 1 checkpoint at step 76 to checkpoints/e3tlm/cramped_room2/baseline_seed_1_step_76.msgpack
--> Saved seed 4 checkpoint at step 114 to checkpoints/e3tlm/cramped_room2/baseline_seed_4_step_114.msgpack
--> Saved seed 0 checkpoint at step 114 to checkpoints/e3tlm/cramped_room2/baseline_seed_0_step_114.msgpack
--> Saved seed 3 checkpoint at step 114 to checkpoints/e3tlm/cramped_room2/baseline_seed_3_step_114.msgpack
--> Saved seed 2 checkpoint at step 114 to checkpoints/e3tlm/cramped_room2/baseline_seed_2_step_114.msgpack
--> Saved seed 1 checkpoint at step 114 to checkpoints/e3tlm/cramped_room2/baseline_seed_1_step_114.msgpack
--> Saved seed 4 checkpoint at step 152 to checkpoints/e3tlm/cramped_room2/baseline_seed_4_step_152.msgpack
--> Saved seed 0 checkpoint at step 152 to checkpoints/e3tlm/cramped_room2/baseline_seed_0_step_152.msgpack
--> Saved seed 3 checkpoint at step 152 to checkpoints/e3tlm/cramped_room2/baseline_seed_3_step_152.msgpack
--> Saved seed 2 checkpoint at step 152 to checkpoints/e3tlm/cramped_room2/baseline_seed_2_step_152.msgpack
--> Saved seed 1 checkpoint at step 152 to checkpoints/e3tlm/cramped_room2/baseline_seed_1_step_152.msgpack
--> Saved seed 4 checkpoint at step 190 to checkpoints/e3tlm/cramped_room2/baseline_seed_4_step_190.msgpack
--> Saved seed 0 checkpoint at step 190 to checkpoints/e3tlm/cramped_room2/baseline_seed_0_step_190.msgpack
--> Saved seed 3 checkpoint at step 190 to checkpoints/e3tlm/cramped_room2/baseline_seed_3_step_190.msgpack
--> Saved seed 2 checkpoint at step 190 to checkpoints/e3tlm/cramped_room2/baseline_seed_2_step_190.msgpack
--> Saved seed 1 checkpoint at step 190 to checkpoints/e3tlm/cramped_room2/baseline_seed_1_step_190.msgpack
--> Saved seed 4 checkpoint at step 228 to checkpoints/e3tlm/cramped_room2/baseline_seed_4_step_228.msgpack
--> Saved seed 0 checkpoint at step 228 to checkpoints/e3tlm/cramped_room2/baseline_seed_0_step_228.msgpack
--> Saved seed 3 checkpoint at step 228 to checkpoints/e3tlm/cramped_room2/baseline_seed_3_step_228.msgpack
--> Saved seed 2 checkpoint at step 228 to checkpoints/e3tlm/cramped_room2/baseline_seed_2_step_228.msgpack
--> Saved seed 1 checkpoint at step 228 to checkpoints/e3tlm/cramped_room2/baseline_seed_1_step_228.msgpack
--> Saved seed 4 checkpoint at step 266 to checkpoints/e3tlm/cramped_room2/baseline_seed_4_step_266.msgpack
--> Saved seed 0 checkpoint at step 266 to checkpoints/e3tlm/cramped_room2/baseline_seed_0_step_266.msgpack
--> Saved seed 3 checkpoint at step 266 to checkpoints/e3tlm/cramped_room2/baseline_seed_3_step_266.msgpack
--> Saved seed 2 checkpoint at step 266 to checkpoints/e3tlm/cramped_room2/baseline_seed_2_step_266.msgpack
--> Saved seed 1 checkpoint at step 266 to checkpoints/e3tlm/cramped_room2/baseline_seed_1_step_266.msgpack
--> Saved seed 4 checkpoint at step 304 to checkpoints/e3tlm/cramped_room2/baseline_seed_4_step_304.msgpack
--> Saved seed 0 checkpoint at step 304 to checkpoints/e3tlm/cramped_room2/baseline_seed_0_step_304.msgpack
--> Saved seed 3 checkpoint at step 304 to checkpoints/e3tlm/cramped_room2/baseline_seed_3_step_304.msgpack
--> Saved seed 2 checkpoint at step 304 to checkpoints/e3tlm/cramped_room2/baseline_seed_2_step_304.msgpack
--> Saved seed 1 checkpoint at step 304 to checkpoints/e3tlm/cramped_room2/baseline_seed_1_step_304.msgpack
--> Saved seed 4 checkpoint at step 342 to checkpoints/e3tlm/cramped_room2/baseline_seed_4_step_342.msgpack
--> Saved seed 0 checkpoint at step 342 to checkpoints/e3tlm/cramped_room2/baseline_seed_0_step_342.msgpack
--> Saved seed 3 checkpoint at step 342 to checkpoints/e3tlm/cramped_room2/baseline_seed_3_step_342.msgpack
--> Saved seed 2 checkpoint at step 342 to checkpoints/e3tlm/cramped_room2/baseline_seed_2_step_342.msgpack
--> Saved seed 1 checkpoint at step 342 to checkpoints/e3tlm/cramped_room2/baseline_seed_1_step_342.msgpack
--> Saved seed 4 checkpoint at step 380 to checkpoints/e3tlm/cramped_room2/baseline_seed_4_step_380.msgpack
--> Saved seed 0 checkpoint at step 380 to checkpoints/e3tlm/cramped_room2/baseline_seed_0_step_380.msgpack
--> Saved seed 3 checkpoint at step 380 to checkpoints/e3tlm/cramped_room2/baseline_seed_3_step_380.msgpack
--> Saved seed 2 checkpoint at step 380 to checkpoints/e3tlm/cramped_room2/baseline_seed_2_step_380.msgpack
--> Saved seed 1 checkpoint at step 380 to checkpoints/e3tlm/cramped_room2/baseline_seed_1_step_380.msgpack
[1;34mwandb[0m: 
[1;34mwandb[0m: 🚀 View run [33me3tlm_obsfront_cramped_room2[0m at: [34mhttps://wandb.ai/maytusp/oc-extended/runs/izxbjj7e[0m
[1;34mwandb[0m: Find logs at: [1;35m../../../../../../../net/scratch/n70579mp/JaxMARL/wandb/run-20260515_233541-izxbjj7e/logs[0m
