Script directory: /mnt/iusers01/fatpou01/compsci01/n70579mp/scratch/tom/JaxMARL
Running ZSC evaluation: within-method generalisation with SP diagonal and XP off-diagonal performance.
Evaluating ZSC for method=ph2v4, layout=cramped_room5x5, prefix=checkpoints/ph2v4/, result_name=ph2v4, perspective_transform=true
Importing submoduled environments...
Submoduled environments not found. Skipping import.
/mnt/iusers01/fatpou01/compsci01/n70579mp/.conda/envs/jax/lib/python3.10/subprocess.py:1796: RuntimeWarning: os.fork() was called. os.fork() is incompatible with multithreaded code, and JAX is multithreaded, so this will likely lead to a deadlock.
  self.pid = _posixsubprocess.fork_exec(
LOADED: checkpoints/ph2v4/cramped_room5x5/baseline_seed_0_step_220.msgpack
LOADED: checkpoints/ph2v4/cramped_room5x5/baseline_seed_1_step_220.msgpack
LOADED: checkpoints/ph2v4/cramped_room5x5/baseline_seed_2_step_220.msgpack
LOADED: checkpoints/ph2v4/cramped_room5x5/baseline_seed_3_step_220.msgpack
LOADED: checkpoints/ph2v4/cramped_room5x5/baseline_seed_4_step_220.msgpack
ZSC[00, 00] = 218.739
ZSC[00, 01] = 234.130
ZSC[00, 02] = 235.031
ZSC[00, 03] = 213.902
ZSC[00, 04] = 215.902
ZSC[01, 00] = 234.058
ZSC[01, 01] = 243.087
ZSC[01, 02] = 235.503
ZSC[01, 03] = 231.844
ZSC[01, 04] = 66.192
ZSC[02, 00] = 234.253
ZSC[02, 01] = 235.175
ZSC[02, 02] = 238.727
ZSC[02, 03] = 234.036
ZSC[02, 04] = 183.294
ZSC[03, 00] = 215.017
ZSC[03, 01] = 231.930
ZSC[03, 02] = 234.592
ZSC[03, 03] = 238.625
ZSC[03, 04] = 226.031
ZSC[04, 00] = 215.202
ZSC[04, 01] = 65.275
ZSC[04, 02] = 182.631
ZSC[04, 03] = 225.694
ZSC[04, 04] = 219.023
Average SP performance (diagonal/self-copy): 231.640 +- 5.271 SE over 5 pairs
Average XP performance (off-diagonal/excluding self): 207.485 +- 11.398 SE over 20 ordered pairs
Saved ZSC results to zsc_results/ph2v4/cramped_room5x5
Saved ZSC heatmap to zsc_results/ph2v4/cramped_room5x5/xp_matrix.png
Saving best return video #1: pair (1, 1), matrix return 243.087
Saved mp4 to zsc_results/ph2v4/cramped_room5x5/vids/best_return_rank_01_pair_01_01_matrix_243.087.mp4
Video rollout return for pair (1, 1): 240.000
Saving best return video #2: pair (2, 2), matrix return 238.727
Saved mp4 to zsc_results/ph2v4/cramped_room5x5/vids/best_return_rank_02_pair_02_02_matrix_238.727.mp4
Video rollout return for pair (2, 2): 240.000
Saving best return video #3: pair (3, 3), matrix return 238.625
Saved mp4 to zsc_results/ph2v4/cramped_room5x5/vids/best_return_rank_03_pair_03_03_matrix_238.625.mp4
Video rollout return for pair (3, 3): 240.000
Saving best return video #4: pair (1, 2), matrix return 235.503
Saved mp4 to zsc_results/ph2v4/cramped_room5x5/vids/best_return_rank_04_pair_01_02_matrix_235.503.mp4
Video rollout return for pair (1, 2): 240.000
Saving best return video #5: pair (2, 1), matrix return 235.175
Saved mp4 to zsc_results/ph2v4/cramped_room5x5/vids/best_return_rank_05_pair_02_01_matrix_235.175.mp4
Video rollout return for pair (2, 1): 240.000
Saving worst return video #1: pair (4, 1), matrix return 65.275
Saved mp4 to zsc_results/ph2v4/cramped_room5x5/vids/worst_return_rank_01_pair_04_01_matrix_65.275.mp4
Video rollout return for pair (4, 1): 40.000
Saving worst return video #2: pair (1, 4), matrix return 66.192
Saved mp4 to zsc_results/ph2v4/cramped_room5x5/vids/worst_return_rank_02_pair_01_04_matrix_66.192.mp4
Video rollout return for pair (1, 4): 40.000
Saving worst return video #3: pair (4, 2), matrix return 182.631
Saved mp4 to zsc_results/ph2v4/cramped_room5x5/vids/worst_return_rank_03_pair_04_02_matrix_182.631.mp4
Video rollout return for pair (4, 2): 200.000
Saving worst return video #4: pair (2, 4), matrix return 183.294
Saved mp4 to zsc_results/ph2v4/cramped_room5x5/vids/worst_return_rank_04_pair_02_04_matrix_183.294.mp4
Video rollout return for pair (2, 4): 240.000
Saving worst return video #5: pair (0, 3), matrix return 213.902
Saved mp4 to zsc_results/ph2v4/cramped_room5x5/vids/worst_return_rank_05_pair_00_03_matrix_213.902.mp4
Video rollout return for pair (0, 3): 240.000
Evaluating ZSC for method=ph2v4, layout=counter_circuit, prefix=checkpoints/ph2v4/, result_name=ph2v4, perspective_transform=true
Importing submoduled environments...
Submoduled environments not found. Skipping import.
/mnt/iusers01/fatpou01/compsci01/n70579mp/.conda/envs/jax/lib/python3.10/subprocess.py:1796: RuntimeWarning: os.fork() was called. os.fork() is incompatible with multithreaded code, and JAX is multithreaded, so this will likely lead to a deadlock.
  self.pid = _posixsubprocess.fork_exec(
LOADED: checkpoints/ph2v4/counter_circuit/baseline_seed_0_step_380.msgpack
LOADED: checkpoints/ph2v4/counter_circuit/baseline_seed_1_step_380.msgpack
LOADED: checkpoints/ph2v4/counter_circuit/baseline_seed_2_step_380.msgpack
LOADED: checkpoints/ph2v4/counter_circuit/baseline_seed_3_step_380.msgpack
LOADED: checkpoints/ph2v4/counter_circuit/baseline_seed_4_step_380.msgpack
ZSC[00, 00] = 255.544
ZSC[00, 01] = 155.314
ZSC[00, 02] = 259.195
ZSC[00, 03] = 226.786
ZSC[00, 04] = 212.587
ZSC[01, 00] = 158.955
ZSC[01, 01] = 111.941
ZSC[01, 02] = 193.695
ZSC[01, 03] = 182.586
ZSC[01, 04] = 189.627
ZSC[02, 00] = 259.622
ZSC[02, 01] = 188.911
ZSC[02, 02] = 261.297
ZSC[02, 03] = 230.828
ZSC[02, 04] = 151.564
ZSC[03, 00] = 232.572
ZSC[03, 01] = 186.641
ZSC[03, 02] = 231.619
ZSC[03, 03] = 265.991
ZSC[03, 04] = 211.798
ZSC[04, 00] = 207.656
ZSC[04, 01] = 188.444
ZSC[04, 02] = 172.884
ZSC[04, 03] = 214.020
ZSC[04, 04] = 244.419
Average SP performance (diagonal/self-copy): 227.838 +- 29.197 SE over 5 pairs
Average XP performance (off-diagonal/excluding self): 202.765 +- 7.040 SE over 20 ordered pairs
Saved ZSC results to zsc_results/ph2v4/counter_circuit
Saved ZSC heatmap to zsc_results/ph2v4/counter_circuit/xp_matrix.png
Saving best return video #1: pair (3, 3), matrix return 265.991
Saved mp4 to zsc_results/ph2v4/counter_circuit/vids/best_return_rank_01_pair_03_03_matrix_265.991.mp4
Video rollout return for pair (3, 3): 280.000
Saving best return video #2: pair (2, 2), matrix return 261.297
Saved mp4 to zsc_results/ph2v4/counter_circuit/vids/best_return_rank_02_pair_02_02_matrix_261.297.mp4
Video rollout return for pair (2, 2): 240.000
Saving best return video #3: pair (2, 0), matrix return 259.622
Saved mp4 to zsc_results/ph2v4/counter_circuit/vids/best_return_rank_03_pair_02_00_matrix_259.622.mp4
Video rollout return for pair (2, 0): 240.000
Saving best return video #4: pair (0, 2), matrix return 259.195
Saved mp4 to zsc_results/ph2v4/counter_circuit/vids/best_return_rank_04_pair_00_02_matrix_259.195.mp4
Video rollout return for pair (0, 2): 260.000
Saving best return video #5: pair (0, 0), matrix return 255.544
Saved mp4 to zsc_results/ph2v4/counter_circuit/vids/best_return_rank_05_pair_00_00_matrix_255.544.mp4
Video rollout return for pair (0, 0): 280.000
Saving worst return video #1: pair (1, 1), matrix return 111.941
Saved mp4 to zsc_results/ph2v4/counter_circuit/vids/worst_return_rank_01_pair_01_01_matrix_111.941.mp4
Video rollout return for pair (1, 1): 0.000
Saving worst return video #2: pair (2, 4), matrix return 151.564
Saved mp4 to zsc_results/ph2v4/counter_circuit/vids/worst_return_rank_02_pair_02_04_matrix_151.564.mp4
Video rollout return for pair (2, 4): 180.000
Saving worst return video #3: pair (0, 1), matrix return 155.314
Saved mp4 to zsc_results/ph2v4/counter_circuit/vids/worst_return_rank_03_pair_00_01_matrix_155.314.mp4
Video rollout return for pair (0, 1): 180.000
Saving worst return video #4: pair (1, 0), matrix return 158.955
Saved mp4 to zsc_results/ph2v4/counter_circuit/vids/worst_return_rank_04_pair_01_00_matrix_158.955.mp4
Video rollout return for pair (1, 0): 220.000
Saving worst return video #5: pair (4, 2), matrix return 172.884
Saved mp4 to zsc_results/ph2v4/counter_circuit/vids/worst_return_rank_05_pair_04_02_matrix_172.884.mp4
Video rollout return for pair (4, 2): 200.000
Evaluating ZSC for method=ph2v4, layout=coord_ring, prefix=checkpoints/ph2v4/, result_name=ph2v4, perspective_transform=true
Importing submoduled environments...
Submoduled environments not found. Skipping import.
/mnt/iusers01/fatpou01/compsci01/n70579mp/.conda/envs/jax/lib/python3.10/subprocess.py:1796: RuntimeWarning: os.fork() was called. os.fork() is incompatible with multithreaded code, and JAX is multithreaded, so this will likely lead to a deadlock.
  self.pid = _posixsubprocess.fork_exec(
LOADED: checkpoints/ph2v4/coord_ring/baseline_seed_0_step_220.msgpack
LOADED: checkpoints/ph2v4/coord_ring/baseline_seed_1_step_220.msgpack
LOADED: checkpoints/ph2v4/coord_ring/baseline_seed_2_step_220.msgpack
LOADED: checkpoints/ph2v4/coord_ring/baseline_seed_3_step_220.msgpack
LOADED: checkpoints/ph2v4/coord_ring/baseline_seed_4_step_220.msgpack
ZSC[00, 00] = 278.381
ZSC[00, 01] = 260.542
ZSC[00, 02] = 275.570
ZSC[00, 03] = 251.769
ZSC[00, 04] = 195.519
ZSC[01, 00] = 260.959
ZSC[01, 01] = 269.773
ZSC[01, 02] = 280.119
ZSC[01, 03] = 245.731
ZSC[01, 04] = 245.858
ZSC[02, 00] = 274.673
ZSC[02, 01] = 279.647
ZSC[02, 02] = 307.612
ZSC[02, 03] = 265.520
ZSC[02, 04] = 128.611
ZSC[03, 00] = 251.992
ZSC[03, 01] = 246.148
ZSC[03, 02] = 265.447
ZSC[03, 03] = 243.181
ZSC[03, 04] = 222.133
ZSC[04, 00] = 196.363
ZSC[04, 01] = 245.841
ZSC[04, 02] = 126.569
ZSC[04, 03] = 222.162
ZSC[04, 04] = 280.630
Average SP performance (diagonal/self-copy): 275.916 +- 10.350 SE over 5 pairs
Average XP performance (off-diagonal/excluding self): 237.059 +- 9.980 SE over 20 ordered pairs
Saved ZSC results to zsc_results/ph2v4/coord_ring
Saved ZSC heatmap to zsc_results/ph2v4/coord_ring/xp_matrix.png
Saving best return video #1: pair (2, 2), matrix return 307.612
Saved mp4 to zsc_results/ph2v4/coord_ring/vids/best_return_rank_01_pair_02_02_matrix_307.612.mp4
Video rollout return for pair (2, 2): 320.000
Saving best return video #2: pair (4, 4), matrix return 280.630
Saved mp4 to zsc_results/ph2v4/coord_ring/vids/best_return_rank_02_pair_04_04_matrix_280.630.mp4
Video rollout return for pair (4, 4): 280.000
Saving best return video #3: pair (1, 2), matrix return 280.119
Saved mp4 to zsc_results/ph2v4/coord_ring/vids/best_return_rank_03_pair_01_02_matrix_280.119.mp4
Video rollout return for pair (1, 2): 320.000
Saving best return video #4: pair (2, 1), matrix return 279.647
Saved mp4 to zsc_results/ph2v4/coord_ring/vids/best_return_rank_04_pair_02_01_matrix_279.647.mp4
Video rollout return for pair (2, 1): 280.000
Saving best return video #5: pair (0, 0), matrix return 278.381
Saved mp4 to zsc_results/ph2v4/coord_ring/vids/best_return_rank_05_pair_00_00_matrix_278.381.mp4
Video rollout return for pair (0, 0): 240.000
Saving worst return video #1: pair (4, 2), matrix return 126.569
Saved mp4 to zsc_results/ph2v4/coord_ring/vids/worst_return_rank_01_pair_04_02_matrix_126.569.mp4
Video rollout return for pair (4, 2): 0.000
Saving worst return video #2: pair (2, 4), matrix return 128.611
Saved mp4 to zsc_results/ph2v4/coord_ring/vids/worst_return_rank_02_pair_02_04_matrix_128.611.mp4
Video rollout return for pair (2, 4): 0.000
Saving worst return video #3: pair (0, 4), matrix return 195.519
Saved mp4 to zsc_results/ph2v4/coord_ring/vids/worst_return_rank_03_pair_00_04_matrix_195.519.mp4
Video rollout return for pair (0, 4): 160.000
Saving worst return video #4: pair (4, 0), matrix return 196.363
Saved mp4 to zsc_results/ph2v4/coord_ring/vids/worst_return_rank_04_pair_04_00_matrix_196.363.mp4
Video rollout return for pair (4, 0): 180.000
Saving worst return video #5: pair (3, 4), matrix return 222.133
Saved mp4 to zsc_results/ph2v4/coord_ring/vids/worst_return_rank_05_pair_03_04_matrix_222.133.mp4
Video rollout return for pair (3, 4): 300.000
