Script directory: /mnt/iusers01/fatpou01/compsci01/n70579mp/scratch/JaxMARL
2026-05-12 11:06:47.701224: E external/xla/xla/service/slow_operation_alarm.cc:73] 
********************************
[Compiling module jit_convert_element_type] Very slow compile? If you want to file a bug, run with envvar XLA_FLAGS=--xla_dump_to=/tmp/foo and attach the results.
********************************
2026-05-12 11:07:07.226454: E external/xla/xla/service/slow_operation_alarm.cc:140] The operation took 2m19.525329897s

********************************
[Compiling module jit_convert_element_type] Very slow compile? If you want to file a bug, run with envvar XLA_FLAGS=--xla_dump_to=/tmp/foo and attach the results.
********************************
Failed to import warp: No module named 'warp'
Failed to import mujoco_warp: No module named 'warp'
Importing submoduled environments...
Submoduled environments not found. Skipping import.
wandb: Currently logged in as: maytusp to https://api.wandb.ai. Use `wandb login --relogin` to force relogin
wandb: Tracking run with wandb version 0.21.1
wandb: Run data is saved locally in /net/scratch/n70579mp/JaxMARL/wandb/run-20260512_114459-mnsyz4hn
wandb: Run `wandb offline` to turn off syncing.
wandb: Syncing run dual_obsfront_coord_ring2
wandb: ⭐️ View project at https://wandb.ai/maytusp/oc-extended
wandb: 🚀 View run at https://wandb.ai/maytusp/oc-extended/runs/mnsyz4hn
2026-05-12 11:56:25.519807: E external/xla/xla/service/slow_operation_alarm.cc:73] 
********************************
[Compiling module gemm_fusion_dot.95] Very slow compile? If you want to file a bug, run with envvar XLA_FLAGS=--xla_dump_to=/tmp/foo and attach the results.
********************************
2026-05-12 11:56:25.519923: E external/xla/xla/service/slow_operation_alarm.cc:73] 
********************************
[Compiling module gemm_fusion_dot.93] Very slow compile? If you want to file a bug, run with envvar XLA_FLAGS=--xla_dump_to=/tmp/foo and attach the results.
********************************
2026-05-12 11:56:25.519931: E external/xla/xla/service/slow_operation_alarm.cc:73] 
********************************
[Compiling module gemm_fusion_dot.172] Very slow compile? If you want to file a bug, run with envvar XLA_FLAGS=--xla_dump_to=/tmp/foo and attach the results.
********************************
2026-05-12 11:56:25.519936: E external/xla/xla/service/slow_operation_alarm.cc:73] 
********************************
[Compiling module gemm_fusion_dot.97] Very slow compile? If you want to file a bug, run with envvar XLA_FLAGS=--xla_dump_to=/tmp/foo and attach the results.
********************************
2026-05-12 11:56:25.519942: E external/xla/xla/service/slow_operation_alarm.cc:73] 
********************************
[Compiling module gemm_fusion_dot.95] Very slow compile? If you want to file a bug, run with envvar XLA_FLAGS=--xla_dump_to=/tmp/foo and attach the results.
********************************
2026-05-12 11:56:25.519948: E external/xla/xla/service/slow_operation_alarm.cc:73] 
********************************
[Compiling module gemm_fusion_dot.95] Very slow compile? If you want to file a bug, run with envvar XLA_FLAGS=--xla_dump_to=/tmp/foo and attach the results.
********************************
2026-05-12 11:56:25.520127: E external/xla/xla/service/slow_operation_alarm.cc:73] 
********************************
[Compiling module gemm_fusion_dot.93_computation] Very slow compile? If you want to file a bug, run with envvar XLA_FLAGS=--xla_dump_to=/tmp/foo and attach the results.
********************************
2026-05-12 11:56:25.520132: E external/xla/xla/service/slow_operation_alarm.cc:73] 
********************************
[Compiling module gemm_fusion_dot.97_computation] Very slow compile? If you want to file a bug, run with envvar XLA_FLAGS=--xla_dump_to=/tmp/foo and attach the results.
********************************
2026-05-12 11:56:25.520142: E external/xla/xla/service/slow_operation_alarm.cc:73] 
********************************
[Compiling module gemm_fusion_dot.95_computation] Very slow compile? If you want to file a bug, run with envvar XLA_FLAGS=--xla_dump_to=/tmp/foo and attach the results.
********************************
2026-05-12 11:56:25.520164: E external/xla/xla/service/slow_operation_alarm.cc:73] 
********************************
[Compiling module gemm_fusion_dot.131_computation] Very slow compile? If you want to file a bug, run with envvar XLA_FLAGS=--xla_dump_to=/tmp/foo and attach the results.
********************************
2026-05-12 11:56:32.015680: E external/xla/xla/service/slow_operation_alarm.cc:140] The operation took 2m6.495915286s

********************************
[Compiling module gemm_fusion_dot.172] Very slow compile? If you want to file a bug, run with envvar XLA_FLAGS=--xla_dump_to=/tmp/foo and attach the results.
********************************
2026-05-12 11:56:44.024043: E external/xla/xla/service/slow_operation_alarm.cc:140] The operation took 2m18.503962181s

********************************
[Compiling module gemm_fusion_dot.93_computation] Very slow compile? If you want to file a bug, run with envvar XLA_FLAGS=--xla_dump_to=/tmp/foo and attach the results.
********************************
2026-05-12 11:57:06.920700: E external/xla/xla/service/slow_operation_alarm.cc:140] The operation took 2m41.400586237s

********************************
[Compiling module gemm_fusion_dot.95_computation] Very slow compile? If you want to file a bug, run with envvar XLA_FLAGS=--xla_dump_to=/tmp/foo and attach the results.
********************************
2026-05-12 11:58:32.016024: E external/xla/xla/service/slow_operation_alarm.cc:73] 
********************************
[Compiling module gemm_fusion_dot.172] Very slow compile? If you want to file a bug, run with envvar XLA_FLAGS=--xla_dump_to=/tmp/foo and attach the results.
********************************
2026-05-12 11:59:04.158162: E external/xla/xla/service/slow_operation_alarm.cc:140] The operation took 4m38.638386359s

********************************
[Compiling module gemm_fusion_dot.97] Very slow compile? If you want to file a bug, run with envvar XLA_FLAGS=--xla_dump_to=/tmp/foo and attach the results.
********************************
2026-05-12 11:59:04.158258: E external/xla/xla/service/slow_operation_alarm.cc:140] The operation took 4m38.638488599s

********************************
[Compiling module gemm_fusion_dot.95] Very slow compile? If you want to file a bug, run with envvar XLA_FLAGS=--xla_dump_to=/tmp/foo and attach the results.
********************************
2026-05-12 11:59:25.586578: E external/xla/xla/service/slow_operation_alarm.cc:140] The operation took 5m0.066486954s

********************************
[Compiling module gemm_fusion_dot.97_computation] Very slow compile? If you want to file a bug, run with envvar XLA_FLAGS=--xla_dump_to=/tmp/foo and attach the results.
********************************
2026-05-12 11:59:25.586684: E external/xla/xla/service/slow_operation_alarm.cc:140] The operation took 5m0.066511061s

********************************
[Compiling module gemm_fusion_dot.131_computation] Very slow compile? If you want to file a bug, run with envvar XLA_FLAGS=--xla_dump_to=/tmp/foo and attach the results.
********************************
2026-05-12 11:59:25.586809: E external/xla/xla/service/slow_operation_alarm.cc:140] The operation took 5m0.067088713s

********************************
[Compiling module gemm_fusion_dot.95] Very slow compile? If you want to file a bug, run with envvar XLA_FLAGS=--xla_dump_to=/tmp/foo and attach the results.
********************************
2026-05-12 11:59:25.586926: E external/xla/xla/service/slow_operation_alarm.cc:140] The operation took 5m0.067185822s

********************************
[Compiling module gemm_fusion_dot.93] Very slow compile? If you want to file a bug, run with envvar XLA_FLAGS=--xla_dump_to=/tmp/foo and attach the results.
********************************
2026-05-12 11:59:25.587055: E external/xla/xla/service/slow_operation_alarm.cc:140] The operation took 5m0.067280095s

********************************
[Compiling module gemm_fusion_dot.95] Very slow compile? If you want to file a bug, run with envvar XLA_FLAGS=--xla_dump_to=/tmp/foo and attach the results.
********************************
2026-05-12 11:59:25.587944: E external/xla/xla/service/slow_operation_alarm.cc:140] The operation took 2m53.572003632s

********************************
[Compiling module gemm_fusion_dot.172] Very slow compile? If you want to file a bug, run with envvar XLA_FLAGS=--xla_dump_to=/tmp/foo and attach the results.
********************************
2026-05-12 11:59:43.502181: E external/xla/xla/service/slow_operation_alarm.cc:73] 
********************************
[Compiling module gemm_fusion_dot.101] Very slow compile? If you want to file a bug, run with envvar XLA_FLAGS=--xla_dump_to=/tmp/foo and attach the results.
********************************
2026-05-12 12:01:04.158514: E external/xla/xla/service/slow_operation_alarm.cc:73] 
********************************
[Compiling module gemm_fusion_dot.30] Very slow compile? If you want to file a bug, run with envvar XLA_FLAGS=--xla_dump_to=/tmp/foo and attach the results.
********************************
2026-05-12 12:01:04.158620: E external/xla/xla/service/slow_operation_alarm.cc:73] 
********************************
[Compiling module gemm_fusion_dot.131] Very slow compile? If you want to file a bug, run with envvar XLA_FLAGS=--xla_dump_to=/tmp/foo and attach the results.
********************************
2026-05-12 12:01:25.586998: E external/xla/xla/service/slow_operation_alarm.cc:73] 
********************************
[Compiling module gemm_fusion_dot.173] Very slow compile? If you want to file a bug, run with envvar XLA_FLAGS=--xla_dump_to=/tmp/foo and attach the results.
********************************
2026-05-12 12:01:25.587105: E external/xla/xla/service/slow_operation_alarm.cc:73] 
********************************
[Compiling module gemm_fusion_dot.173] Very slow compile? If you want to file a bug, run with envvar XLA_FLAGS=--xla_dump_to=/tmp/foo and attach the results.
********************************
2026-05-12 12:01:25.587121: E external/xla/xla/service/slow_operation_alarm.cc:73] 
********************************
[Compiling module gemm_fusion_dot.97] Very slow compile? If you want to file a bug, run with envvar XLA_FLAGS=--xla_dump_to=/tmp/foo and attach the results.
********************************
2026-05-12 12:01:25.587127: E external/xla/xla/service/slow_operation_alarm.cc:73] 
********************************
[Compiling module gemm_fusion_dot.97] Very slow compile? If you want to file a bug, run with envvar XLA_FLAGS=--xla_dump_to=/tmp/foo and attach the results.
********************************
2026-05-12 12:01:25.587260: E external/xla/xla/service/slow_operation_alarm.cc:73] 
********************************
[Compiling module gemm_fusion_dot.172] Very slow compile? If you want to file a bug, run with envvar XLA_FLAGS=--xla_dump_to=/tmp/foo and attach the results.
********************************
2026-05-12 12:01:25.587984: E external/xla/xla/service/slow_operation_alarm.cc:73] 
********************************
[Compiling module gemm_fusion_dot.101_computation] Very slow compile? If you want to file a bug, run with envvar XLA_FLAGS=--xla_dump_to=/tmp/foo and attach the results.
********************************
2026-05-12 12:01:25.588468: E external/xla/xla/service/slow_operation_alarm.cc:73] 
********************************
[Compiling module gemm_fusion_dot.173_computation] Very slow compile? If you want to file a bug, run with envvar XLA_FLAGS=--xla_dump_to=/tmp/foo and attach the results.
********************************
2026-05-12 12:01:25.654321: E external/xla/xla/service/slow_operation_alarm.cc:73] 
********************************
[Compiling module gemm_fusion_dot.172] Very slow compile? If you want to file a bug, run with envvar XLA_FLAGS=--xla_dump_to=/tmp/foo and attach the results.
********************************
2026-05-12 12:01:44.391951: E external/xla/xla/service/slow_operation_alarm.cc:140] The operation took 4m0.89758282s

********************************
[Compiling module gemm_fusion_dot.101] Very slow compile? If you want to file a bug, run with envvar XLA_FLAGS=--xla_dump_to=/tmp/foo and attach the results.
********************************
2026-05-12 12:01:49.902549: E external/xla/xla/service/slow_operation_alarm.cc:140] The operation took 2m24.315623156s

********************************
[Compiling module gemm_fusion_dot.173] Very slow compile? If you want to file a bug, run with envvar XLA_FLAGS=--xla_dump_to=/tmp/foo and attach the results.
********************************
2026-05-12 12:02:02.749028: E external/xla/xla/service/slow_operation_alarm.cc:140] The operation took 2m58.590585773s

********************************
[Compiling module gemm_fusion_dot.30] Very slow compile? If you want to file a bug, run with envvar XLA_FLAGS=--xla_dump_to=/tmp/foo and attach the results.
********************************
2026-05-12 12:02:02.749131: E external/xla/xla/service/slow_operation_alarm.cc:140] The operation took 2m58.590560142s

********************************
[Compiling module gemm_fusion_dot.131] Very slow compile? If you want to file a bug, run with envvar XLA_FLAGS=--xla_dump_to=/tmp/foo and attach the results.
********************************
2026-05-12 12:02:02.749183: E external/xla/xla/service/slow_operation_alarm.cc:140] The operation took 2m37.160729017s

********************************
[Compiling module gemm_fusion_dot.173_computation] Very slow compile? If you want to file a bug, run with envvar XLA_FLAGS=--xla_dump_to=/tmp/foo and attach the results.
********************************
2026-05-12 12:02:02.749313: E external/xla/xla/service/slow_operation_alarm.cc:140] The operation took 2m37.162221829s

********************************
[Compiling module gemm_fusion_dot.97] Very slow compile? If you want to file a bug, run with envvar XLA_FLAGS=--xla_dump_to=/tmp/foo and attach the results.
********************************
2026-05-12 12:03:44.406664: E external/xla/xla/service/slow_operation_alarm.cc:73] 
********************************
[Compiling module gemm_fusion_dot.131] Very slow compile? If you want to file a bug, run with envvar XLA_FLAGS=--xla_dump_to=/tmp/foo and attach the results.
********************************
2026-05-12 12:03:44.406776: E external/xla/xla/service/slow_operation_alarm.cc:73] 
********************************
[Compiling module gemm_fusion_dot.173] Very slow compile? If you want to file a bug, run with envvar XLA_FLAGS=--xla_dump_to=/tmp/foo and attach the results.
********************************
2026-05-12 12:03:49.902890: E external/xla/xla/service/slow_operation_alarm.cc:73] 
********************************
[Compiling module gemm_fusion_dot.129] Very slow compile? If you want to file a bug, run with envvar XLA_FLAGS=--xla_dump_to=/tmp/foo and attach the results.
********************************
2026-05-12 12:04:02.757079: E external/xla/xla/service/slow_operation_alarm.cc:73] 
********************************
[Compiling module gemm_fusion_dot.131] Very slow compile? If you want to file a bug, run with envvar XLA_FLAGS=--xla_dump_to=/tmp/foo and attach the results.
********************************
2026-05-12 12:04:02.757177: E external/xla/xla/service/slow_operation_alarm.cc:73] 
********************************
[Compiling module gemm_fusion_dot.101] Very slow compile? If you want to file a bug, run with envvar XLA_FLAGS=--xla_dump_to=/tmp/foo and attach the results.
********************************
2026-05-12 12:04:02.873808: E external/xla/xla/service/slow_operation_alarm.cc:73] 
********************************
[Compiling module gemm_fusion_dot.172] Very slow compile? If you want to file a bug, run with envvar XLA_FLAGS=--xla_dump_to=/tmp/foo and attach the results.
********************************
2026-05-12 12:04:08.106061: E external/xla/xla/service/slow_operation_alarm.cc:140] The operation took 2m5.232307647s

********************************
[Compiling module gemm_fusion_dot.172] Very slow compile? If you want to file a bug, run with envvar XLA_FLAGS=--xla_dump_to=/tmp/foo and attach the results.
********************************
2026-05-12 12:04:26.405334: E external/xla/xla/service/slow_operation_alarm.cc:140] The operation took 5m0.81739475s

********************************
[Compiling module gemm_fusion_dot.101_computation] Very slow compile? If you want to file a bug, run with envvar XLA_FLAGS=--xla_dump_to=/tmp/foo and attach the results.
********************************
2026-05-12 12:04:26.405482: E external/xla/xla/service/slow_operation_alarm.cc:140] The operation took 5m0.818269912s

********************************
[Compiling module gemm_fusion_dot.172] Very slow compile? If you want to file a bug, run with envvar XLA_FLAGS=--xla_dump_to=/tmp/foo and attach the results.
********************************
2026-05-12 12:04:26.405547: E external/xla/xla/service/slow_operation_alarm.cc:140] The operation took 5m0.751284373s

********************************
[Compiling module gemm_fusion_dot.172] Very slow compile? If you want to file a bug, run with envvar XLA_FLAGS=--xla_dump_to=/tmp/foo and attach the results.
********************************
2026-05-12 12:04:33.499460: E external/xla/xla/service/slow_operation_alarm.cc:140] The operation took 5m7.912411013s

********************************
[Compiling module gemm_fusion_dot.97] Very slow compile? If you want to file a bug, run with envvar XLA_FLAGS=--xla_dump_to=/tmp/foo and attach the results.
********************************
2026-05-12 12:04:33.499793: E external/xla/xla/service/slow_operation_alarm.cc:140] The operation took 5m7.912843619s

********************************
[Compiling module gemm_fusion_dot.173] Very slow compile? If you want to file a bug, run with envvar XLA_FLAGS=--xla_dump_to=/tmp/foo and attach the results.
********************************
2026-05-12 12:04:40.645905: E external/xla/xla/service/slow_operation_alarm.cc:140] The operation took 2m56.253547826s

********************************
[Compiling module gemm_fusion_dot.173] Very slow compile? If you want to file a bug, run with envvar XLA_FLAGS=--xla_dump_to=/tmp/foo and attach the results.
********************************
2026-05-12 12:06:08.106396: E external/xla/xla/service/slow_operation_alarm.cc:73] 
********************************
[Compiling module gemm_fusion_dot.173] Very slow compile? If you want to file a bug, run with envvar XLA_FLAGS=--xla_dump_to=/tmp/foo and attach the results.
********************************
2026-05-12 12:06:12.731591: E external/xla/xla/service/slow_operation_alarm.cc:140] The operation took 4m9.982107916s

********************************
[Compiling module gemm_fusion_dot.101] Very slow compile? If you want to file a bug, run with envvar XLA_FLAGS=--xla_dump_to=/tmp/foo and attach the results.
********************************
2026-05-12 12:06:12.731686: E external/xla/xla/service/slow_operation_alarm.cc:140] The operation took 4m28.339377166s

********************************
[Compiling module gemm_fusion_dot.131] Very slow compile? If you want to file a bug, run with envvar XLA_FLAGS=--xla_dump_to=/tmp/foo and attach the results.
********************************
2026-05-12 12:06:26.405665: E external/xla/xla/service/slow_operation_alarm.cc:73] 
********************************
[Compiling module gemm_fusion_dot.131] Very slow compile? If you want to file a bug, run with envvar XLA_FLAGS=--xla_dump_to=/tmp/foo and attach the results.
********************************
2026-05-12 12:06:26.405771: E external/xla/xla/service/slow_operation_alarm.cc:73] 
********************************
[Compiling module gemm_fusion_dot.129] Very slow compile? If you want to file a bug, run with envvar XLA_FLAGS=--xla_dump_to=/tmp/foo and attach the results.
********************************
2026-05-12 12:06:26.405779: E external/xla/xla/service/slow_operation_alarm.cc:73] 
********************************
[Compiling module gemm_fusion_dot.172] Very slow compile? If you want to file a bug, run with envvar XLA_FLAGS=--xla_dump_to=/tmp/foo and attach the results.
********************************
2026-05-12 12:06:33.499789: E external/xla/xla/service/slow_operation_alarm.cc:73] 
********************************
[Compiling module gemm_fusion_dot.129] Very slow compile? If you want to file a bug, run with envvar XLA_FLAGS=--xla_dump_to=/tmp/foo and attach the results.
********************************
2026-05-12 12:06:33.500014: E external/xla/xla/service/slow_operation_alarm.cc:73] 
********************************
[Compiling module gemm_fusion_dot.163] Very slow compile? If you want to file a bug, run with envvar XLA_FLAGS=--xla_dump_to=/tmp/foo and attach the results.
********************************
2026-05-12 12:06:40.646220: E external/xla/xla/service/slow_operation_alarm.cc:73] 
********************************
[Compiling module gemm_fusion_dot.163] Very slow compile? If you want to file a bug, run with envvar XLA_FLAGS=--xla_dump_to=/tmp/foo and attach the results.
********************************
2026-05-12 12:07:08.822544: E external/xla/xla/service/slow_operation_alarm.cc:140] The operation took 5m18.919720922s

********************************
[Compiling module gemm_fusion_dot.129] Very slow compile? If you want to file a bug, run with envvar XLA_FLAGS=--xla_dump_to=/tmp/foo and attach the results.
********************************
2026-05-12 12:07:12.228709: E external/xla/xla/service/slow_operation_alarm.cc:140] The operation took 5m9.479433s

********************************
[Compiling module gemm_fusion_dot.131] Very slow compile? If you want to file a bug, run with envvar XLA_FLAGS=--xla_dump_to=/tmp/foo and attach the results.
********************************
2026-05-12 12:07:12.229056: E external/xla/xla/service/slow_operation_alarm.cc:140] The operation took 3m4.122736745s

********************************
[Compiling module gemm_fusion_dot.173] Very slow compile? If you want to file a bug, run with envvar XLA_FLAGS=--xla_dump_to=/tmp/foo and attach the results.
********************************
2026-05-12 12:08:12.731944: E external/xla/xla/service/slow_operation_alarm.cc:73] 
********************************
[Compiling module gemm_fusion_dot.163] Very slow compile? If you want to file a bug, run with envvar XLA_FLAGS=--xla_dump_to=/tmp/foo and attach the results.
********************************
2026-05-12 12:08:12.853739: E external/xla/xla/service/slow_operation_alarm.cc:73] 
********************************
[Compiling module gemm_fusion_dot.172] Very slow compile? If you want to file a bug, run with envvar XLA_FLAGS=--xla_dump_to=/tmp/foo and attach the results.
********************************
2026-05-12 12:08:52.450744: E external/xla/xla/service/slow_operation_alarm.cc:140] The operation took 4m18.951026191s

********************************
[Compiling module gemm_fusion_dot.129] Very slow compile? If you want to file a bug, run with envvar XLA_FLAGS=--xla_dump_to=/tmp/foo and attach the results.
********************************
2026-05-12 12:08:52.450856: E external/xla/xla/service/slow_operation_alarm.cc:140] The operation took 4m26.04519068s

********************************
[Compiling module gemm_fusion_dot.129] Very slow compile? If you want to file a bug, run with envvar XLA_FLAGS=--xla_dump_to=/tmp/foo and attach the results.
********************************
2026-05-12 12:08:52.451828: E external/xla/xla/service/slow_operation_alarm.cc:140] The operation took 4m26.046125609s

********************************
[Compiling module gemm_fusion_dot.172] Very slow compile? If you want to file a bug, run with envvar XLA_FLAGS=--xla_dump_to=/tmp/foo and attach the results.
********************************
2026-05-12 12:08:52.451868: E external/xla/xla/service/slow_operation_alarm.cc:140] The operation took 4m11.805693035s

********************************
[Compiling module gemm_fusion_dot.163] Very slow compile? If you want to file a bug, run with envvar XLA_FLAGS=--xla_dump_to=/tmp/foo and attach the results.
********************************
2026-05-12 12:08:52.451908: E external/xla/xla/service/slow_operation_alarm.cc:140] The operation took 4m26.046292053s

********************************
[Compiling module gemm_fusion_dot.131] Very slow compile? If you want to file a bug, run with envvar XLA_FLAGS=--xla_dump_to=/tmp/foo and attach the results.
********************************
2026-05-12 12:09:08.822905: E external/xla/xla/service/slow_operation_alarm.cc:73] 
********************************
[Compiling module gemm_fusion_dot.231] Very slow compile? If you want to file a bug, run with envvar XLA_FLAGS=--xla_dump_to=/tmp/foo and attach the results.
********************************
2026-05-12 12:09:08.823550: E external/xla/xla/service/slow_operation_alarm.cc:73] 
********************************
[Compiling module gemm_fusion_dot.231] Very slow compile? If you want to file a bug, run with envvar XLA_FLAGS=--xla_dump_to=/tmp/foo and attach the results.
********************************
2026-05-12 12:09:12.229334: E external/xla/xla/service/slow_operation_alarm.cc:73] 
********************************
[Compiling module gemm_fusion_dot.224] Very slow compile? If you want to file a bug, run with envvar XLA_FLAGS=--xla_dump_to=/tmp/foo and attach the results.
********************************
2026-05-12 12:09:12.314434: E external/xla/xla/service/slow_operation_alarm.cc:73] 
********************************
[Compiling module gemm_fusion_dot.173] Very slow compile? If you want to file a bug, run with envvar XLA_FLAGS=--xla_dump_to=/tmp/foo and attach the results.
********************************
2026-05-12 12:09:55.835005: E external/xla/xla/service/slow_operation_alarm.cc:140] The operation took 3m42.981314353s

********************************
[Compiling module gemm_fusion_dot.172] Very slow compile? If you want to file a bug, run with envvar XLA_FLAGS=--xla_dump_to=/tmp/foo and attach the results.
********************************
2026-05-12 12:09:55.835277: E external/xla/xla/service/slow_operation_alarm.cc:140] The operation took 5m22.335312367s

********************************
[Compiling module gemm_fusion_dot.163] Very slow compile? If you want to file a bug, run with envvar XLA_FLAGS=--xla_dump_to=/tmp/foo and attach the results.
********************************
2026-05-12 12:09:55.835385: E external/xla/xla/service/slow_operation_alarm.cc:140] The operation took 3m43.103526264s

********************************
[Compiling module gemm_fusion_dot.163] Very slow compile? If you want to file a bug, run with envvar XLA_FLAGS=--xla_dump_to=/tmp/foo and attach the results.
********************************
2026-05-12 12:10:52.451090: E external/xla/xla/service/slow_operation_alarm.cc:73] 
********************************
[Compiling module gemm_fusion_dot.224] Very slow compile? If you want to file a bug, run with envvar XLA_FLAGS=--xla_dump_to=/tmp/foo and attach the results.
********************************
2026-05-12 12:10:52.451188: E external/xla/xla/service/slow_operation_alarm.cc:73] 
********************************
[Compiling module gemm_fusion_dot.224] Very slow compile? If you want to file a bug, run with envvar XLA_FLAGS=--xla_dump_to=/tmp/foo and attach the results.
********************************
2026-05-12 12:10:52.452082: E external/xla/xla/service/slow_operation_alarm.cc:73] 
********************************
[Compiling module gemm_fusion_dot.231] Very slow compile? If you want to file a bug, run with envvar XLA_FLAGS=--xla_dump_to=/tmp/foo and attach the results.
********************************
2026-05-12 12:10:52.452450: E external/xla/xla/service/slow_operation_alarm.cc:73] 
********************************
[Compiling module gemm_fusion_dot.129_computation] Very slow compile? If you want to file a bug, run with envvar XLA_FLAGS=--xla_dump_to=/tmp/foo and attach the results.
********************************
2026-05-12 12:10:52.452455: E external/xla/xla/service/slow_operation_alarm.cc:73] 
********************************
[Compiling module gemm_fusion_dot.172_computation] Very slow compile? If you want to file a bug, run with envvar XLA_FLAGS=--xla_dump_to=/tmp/foo and attach the results.
********************************
2026-05-12 12:11:18.811818: E external/xla/xla/service/slow_operation_alarm.cc:140] The operation took 4m9.988988081s

********************************
[Compiling module gemm_fusion_dot.231] Very slow compile? If you want to file a bug, run with envvar XLA_FLAGS=--xla_dump_to=/tmp/foo and attach the results.
********************************
2026-05-12 12:11:18.811928: E external/xla/xla/service/slow_operation_alarm.cc:140] The operation took 4m6.582609372s

********************************
[Compiling module gemm_fusion_dot.224] Very slow compile? If you want to file a bug, run with envvar XLA_FLAGS=--xla_dump_to=/tmp/foo and attach the results.
********************************
2026-05-12 12:11:18.812125: E external/xla/xla/service/slow_operation_alarm.cc:140] The operation took 4m6.497746934s

********************************
[Compiling module gemm_fusion_dot.173] Very slow compile? If you want to file a bug, run with envvar XLA_FLAGS=--xla_dump_to=/tmp/foo and attach the results.
********************************
2026-05-12 12:11:18.812530: E external/xla/xla/service/slow_operation_alarm.cc:140] The operation took 4m9.989032967s

********************************
[Compiling module gemm_fusion_dot.231] Very slow compile? If you want to file a bug, run with envvar XLA_FLAGS=--xla_dump_to=/tmp/foo and attach the results.
********************************
2026-05-12 12:11:55.835333: E external/xla/xla/service/slow_operation_alarm.cc:73] 
********************************
[Compiling module gemm_fusion_dot.173] Very slow compile? If you want to file a bug, run with envvar XLA_FLAGS=--xla_dump_to=/tmp/foo and attach the results.
********************************
2026-05-12 12:11:55.835594: E external/xla/xla/service/slow_operation_alarm.cc:73] 
********************************
[Compiling module gemm_fusion_dot.163] Very slow compile? If you want to file a bug, run with envvar XLA_FLAGS=--xla_dump_to=/tmp/foo and attach the results.
********************************
2026-05-12 12:11:55.917302: E external/xla/xla/service/slow_operation_alarm.cc:73] 
********************************
[Compiling module gemm_fusion_dot.230_computation] Very slow compile? If you want to file a bug, run with envvar XLA_FLAGS=--xla_dump_to=/tmp/foo and attach the results.
********************************
2026-05-12 12:12:33.283695: E external/xla/xla/service/slow_operation_alarm.cc:140] The operation took 3m40.831289696s

********************************
[Compiling module gemm_fusion_dot.129_computation] Very slow compile? If you want to file a bug, run with envvar XLA_FLAGS=--xla_dump_to=/tmp/foo and attach the results.
********************************
2026-05-12 12:12:33.283795: E external/xla/xla/service/slow_operation_alarm.cc:140] The operation took 3m40.831283047s

********************************
[Compiling module gemm_fusion_dot.172_computation] Very slow compile? If you want to file a bug, run with envvar XLA_FLAGS=--xla_dump_to=/tmp/foo and attach the results.
********************************
2026-05-12 12:12:33.283863: E external/xla/xla/service/slow_operation_alarm.cc:140] The operation took 3m40.832823475s

********************************
[Compiling module gemm_fusion_dot.224] Very slow compile? If you want to file a bug, run with envvar XLA_FLAGS=--xla_dump_to=/tmp/foo and attach the results.
********************************
2026-05-12 12:12:33.283902: E external/xla/xla/service/slow_operation_alarm.cc:140] The operation took 3m40.832849506s

********************************
[Compiling module gemm_fusion_dot.224] Very slow compile? If you want to file a bug, run with envvar XLA_FLAGS=--xla_dump_to=/tmp/foo and attach the results.
********************************
2026-05-12 12:12:33.284024: E external/xla/xla/service/slow_operation_alarm.cc:140] The operation took 3m40.831994045s

********************************
[Compiling module gemm_fusion_dot.231] Very slow compile? If you want to file a bug, run with envvar XLA_FLAGS=--xla_dump_to=/tmp/foo and attach the results.
********************************
2026-05-12 12:13:18.812199: E external/xla/xla/service/slow_operation_alarm.cc:73] 
********************************
[Compiling module gemm_fusion_dot.229] Very slow compile? If you want to file a bug, run with envvar XLA_FLAGS=--xla_dump_to=/tmp/foo and attach the results.
********************************
2026-05-12 12:13:18.812333: E external/xla/xla/service/slow_operation_alarm.cc:73] 
********************************
[Compiling module gemm_fusion_dot.163] Very slow compile? If you want to file a bug, run with envvar XLA_FLAGS=--xla_dump_to=/tmp/foo and attach the results.
********************************
2026-05-12 12:13:18.812422: E external/xla/xla/service/slow_operation_alarm.cc:73] 
********************************
[Compiling module gemm_fusion_dot.231] Very slow compile? If you want to file a bug, run with envvar XLA_FLAGS=--xla_dump_to=/tmp/foo and attach the results.
********************************
2026-05-12 12:13:18.813021: E external/xla/xla/service/slow_operation_alarm.cc:73] 
********************************
[Compiling module gemm_fusion_dot.232] Very slow compile? If you want to file a bug, run with envvar XLA_FLAGS=--xla_dump_to=/tmp/foo and attach the results.
********************************
2026-05-12 12:14:01.857820: E external/xla/xla/service/slow_operation_alarm.cc:140] The operation took 4m5.940568477s

********************************
[Compiling module gemm_fusion_dot.230_computation] Very slow compile? If you want to file a bug, run with envvar XLA_FLAGS=--xla_dump_to=/tmp/foo and attach the results.
********************************
2026-05-12 12:14:01.857997: E external/xla/xla/service/slow_operation_alarm.cc:140] The operation took 4m6.022451878s

********************************
[Compiling module gemm_fusion_dot.163] Very slow compile? If you want to file a bug, run with envvar XLA_FLAGS=--xla_dump_to=/tmp/foo and attach the results.
********************************
2026-05-12 12:14:01.858259: E external/xla/xla/service/slow_operation_alarm.cc:140] The operation took 4m6.023005547s

********************************
[Compiling module gemm_fusion_dot.173] Very slow compile? If you want to file a bug, run with envvar XLA_FLAGS=--xla_dump_to=/tmp/foo and attach the results.
********************************
2026-05-12 12:14:33.284055: E external/xla/xla/service/slow_operation_alarm.cc:73] 
********************************
[Compiling module gemm_fusion_dot.173] Very slow compile? If you want to file a bug, run with envvar XLA_FLAGS=--xla_dump_to=/tmp/foo and attach the results.
********************************
2026-05-12 12:14:33.284168: E external/xla/xla/service/slow_operation_alarm.cc:73] 
********************************
[Compiling module gemm_fusion_dot.224] Very slow compile? If you want to file a bug, run with envvar XLA_FLAGS=--xla_dump_to=/tmp/foo and attach the results.
********************************
2026-05-12 12:14:33.284183: E external/xla/xla/service/slow_operation_alarm.cc:73] 
********************************
[Compiling module gemm_fusion_dot.229] Very slow compile? If you want to file a bug, run with envvar XLA_FLAGS=--xla_dump_to=/tmp/foo and attach the results.
********************************
2026-05-12 12:14:33.284506: E external/xla/xla/service/slow_operation_alarm.cc:73] 
********************************
[Compiling module gemm_fusion_dot.232] Very slow compile? If you want to file a bug, run with envvar XLA_FLAGS=--xla_dump_to=/tmp/foo and attach the results.
********************************
2026-05-12 12:15:14.050924: E external/xla/xla/service/slow_operation_alarm.cc:140] The operation took 3m55.237946435s

********************************
[Compiling module gemm_fusion_dot.232] Very slow compile? If you want to file a bug, run with envvar XLA_FLAGS=--xla_dump_to=/tmp/foo and attach the results.
********************************
2026-05-12 12:15:14.051022: E external/xla/xla/service/slow_operation_alarm.cc:140] The operation took 3m55.238694335s

********************************
[Compiling module gemm_fusion_dot.163] Very slow compile? If you want to file a bug, run with envvar XLA_FLAGS=--xla_dump_to=/tmp/foo and attach the results.
********************************
2026-05-12 12:15:14.051071: E external/xla/xla/service/slow_operation_alarm.cc:140] The operation took 3m55.238612115s

********************************
[Compiling module gemm_fusion_dot.231] Very slow compile? If you want to file a bug, run with envvar XLA_FLAGS=--xla_dump_to=/tmp/foo and attach the results.
********************************
2026-05-12 12:15:14.051184: E external/xla/xla/service/slow_operation_alarm.cc:140] The operation took 3m55.239065301s

********************************
[Compiling module gemm_fusion_dot.229] Very slow compile? If you want to file a bug, run with envvar XLA_FLAGS=--xla_dump_to=/tmp/foo and attach the results.
********************************
2026-05-12 12:16:01.858141: E external/xla/xla/service/slow_operation_alarm.cc:73] 
********************************
[Compiling module gemm_fusion_dot.236] Very slow compile? If you want to file a bug, run with envvar XLA_FLAGS=--xla_dump_to=/tmp/foo and attach the results.
********************************
2026-05-12 12:16:01.858257: E external/xla/xla/service/slow_operation_alarm.cc:73] 
********************************
[Compiling module gemm_fusion_dot.168] Very slow compile? If you want to file a bug, run with envvar XLA_FLAGS=--xla_dump_to=/tmp/foo and attach the results.
********************************
2026-05-12 12:16:01.858818: E external/xla/xla/service/slow_operation_alarm.cc:73] 
********************************
[Compiling module gemm_fusion_dot.163_computation] Very slow compile? If you want to file a bug, run with envvar XLA_FLAGS=--xla_dump_to=/tmp/foo and attach the results.
********************************
2026-05-12 12:16:43.695658: E external/xla/xla/service/slow_operation_alarm.cc:140] The operation took 4m10.411194245s

********************************
[Compiling module gemm_fusion_dot.232] Very slow compile? If you want to file a bug, run with envvar XLA_FLAGS=--xla_dump_to=/tmp/foo and attach the results.
********************************
2026-05-12 12:16:43.695759: E external/xla/xla/service/slow_operation_alarm.cc:140] The operation took 4m10.411638477s

********************************
[Compiling module gemm_fusion_dot.229] Very slow compile? If you want to file a bug, run with envvar XLA_FLAGS=--xla_dump_to=/tmp/foo and attach the results.
********************************
2026-05-12 12:16:43.695824: E external/xla/xla/service/slow_operation_alarm.cc:140] The operation took 4m10.411794792s

********************************
[Compiling module gemm_fusion_dot.224] Very slow compile? If you want to file a bug, run with envvar XLA_FLAGS=--xla_dump_to=/tmp/foo and attach the results.
********************************
2026-05-12 12:16:43.695931: E external/xla/xla/service/slow_operation_alarm.cc:140] The operation took 4m10.411950646s

********************************
[Compiling module gemm_fusion_dot.173] Very slow compile? If you want to file a bug, run with envvar XLA_FLAGS=--xla_dump_to=/tmp/foo and attach the results.
********************************
2026-05-12 12:17:14.051277: E external/xla/xla/service/slow_operation_alarm.cc:73] 
********************************
[Compiling module gemm_fusion_dot.237] Very slow compile? If you want to file a bug, run with envvar XLA_FLAGS=--xla_dump_to=/tmp/foo and attach the results.
********************************
2026-05-12 12:17:14.051384: E external/xla/xla/service/slow_operation_alarm.cc:73] 
********************************
[Compiling module gemm_fusion_dot.230] Very slow compile? If you want to file a bug, run with envvar XLA_FLAGS=--xla_dump_to=/tmp/foo and attach the results.
********************************
2026-05-12 12:17:14.051588: E external/xla/xla/service/slow_operation_alarm.cc:73] 
********************************
[Compiling module gemm_fusion_dot.232] Very slow compile? If you want to file a bug, run with envvar XLA_FLAGS=--xla_dump_to=/tmp/foo and attach the results.
********************************
2026-05-12 12:17:14.113815: E external/xla/xla/service/slow_operation_alarm.cc:73] 
********************************
[Compiling module gemm_fusion_dot.230] Very slow compile? If you want to file a bug, run with envvar XLA_FLAGS=--xla_dump_to=/tmp/foo and attach the results.
********************************
2026-05-12 12:17:56.983428: E external/xla/xla/service/slow_operation_alarm.cc:140] The operation took 3m55.124654561s

********************************
[Compiling module gemm_fusion_dot.163_computation] Very slow compile? If you want to file a bug, run with envvar XLA_FLAGS=--xla_dump_to=/tmp/foo and attach the results.
********************************
2026-05-12 12:17:56.983535: E external/xla/xla/service/slow_operation_alarm.cc:140] The operation took 3m55.125407061s

********************************
[Compiling module gemm_fusion_dot.236] Very slow compile? If you want to file a bug, run with envvar XLA_FLAGS=--xla_dump_to=/tmp/foo and attach the results.
********************************
2026-05-12 12:17:56.983734: E external/xla/xla/service/slow_operation_alarm.cc:140] The operation took 3m55.125555509s

********************************
[Compiling module gemm_fusion_dot.168] Very slow compile? If you want to file a bug, run with envvar XLA_FLAGS=--xla_dump_to=/tmp/foo and attach the results.
********************************
2026-05-12 12:18:43.695824: E external/xla/xla/service/slow_operation_alarm.cc:73] 
********************************
[Compiling module gemm_fusion_dot.236] Very slow compile? If you want to file a bug, run with envvar XLA_FLAGS=--xla_dump_to=/tmp/foo and attach the results.
********************************
2026-05-12 12:18:43.695985: E external/xla/xla/service/slow_operation_alarm.cc:73] 
********************************
[Compiling module gemm_fusion_dot.229] Very slow compile? If you want to file a bug, run with envvar XLA_FLAGS=--xla_dump_to=/tmp/foo and attach the results.
********************************
2026-05-12 12:18:43.695993: E external/xla/xla/service/slow_operation_alarm.cc:73] 
********************************
[Compiling module gemm_fusion_dot.229] Very slow compile? If you want to file a bug, run with envvar XLA_FLAGS=--xla_dump_to=/tmp/foo and attach the results.
********************************
2026-05-12 12:18:43.696733: E external/xla/xla/service/slow_operation_alarm.cc:73] 
********************************
[Compiling module gemm_fusion_dot.237] Very slow compile? If you want to file a bug, run with envvar XLA_FLAGS=--xla_dump_to=/tmp/foo and attach the results.
********************************
2026-05-12 12:18:43.696917: E external/xla/xla/service/slow_operation_alarm.cc:73] 
********************************
[Compiling module gemm_fusion_dot.229] Very slow compile? If you want to file a bug, run with envvar XLA_FLAGS=--xla_dump_to=/tmp/foo and attach the results.
********************************
2026-05-12 12:19:11.727217: E external/xla/xla/service/slow_operation_alarm.cc:140] The operation took 3m57.675887158s

********************************
[Compiling module gemm_fusion_dot.230] Very slow compile? If you want to file a bug, run with envvar XLA_FLAGS=--xla_dump_to=/tmp/foo and attach the results.
********************************
2026-05-12 12:19:11.727316: E external/xla/xla/service/slow_operation_alarm.cc:140] The operation took 3m57.61350041s

********************************
[Compiling module gemm_fusion_dot.230] Very slow compile? If you want to file a bug, run with envvar XLA_FLAGS=--xla_dump_to=/tmp/foo and attach the results.
********************************
2026-05-12 12:19:11.727363: E external/xla/xla/service/slow_operation_alarm.cc:140] The operation took 3m57.676147358s

********************************
[Compiling module gemm_fusion_dot.237] Very slow compile? If you want to file a bug, run with envvar XLA_FLAGS=--xla_dump_to=/tmp/foo and attach the results.
********************************
2026-05-12 12:19:11.727432: E external/xla/xla/service/slow_operation_alarm.cc:140] The operation took 3m57.675897245s

********************************
[Compiling module gemm_fusion_dot.232] Very slow compile? If you want to file a bug, run with envvar XLA_FLAGS=--xla_dump_to=/tmp/foo and attach the results.
********************************
2026-05-12 12:19:56.983807: E external/xla/xla/service/slow_operation_alarm.cc:73] 
********************************
[Compiling module gemm_fusion_dot.226] Very slow compile? If you want to file a bug, run with envvar XLA_FLAGS=--xla_dump_to=/tmp/foo and attach the results.
********************************
2026-05-12 12:19:56.983917: E external/xla/xla/service/slow_operation_alarm.cc:73] 
********************************
[Compiling module gemm_fusion_dot.163] Very slow compile? If you want to file a bug, run with envvar XLA_FLAGS=--xla_dump_to=/tmp/foo and attach the results.
********************************
2026-05-12 12:19:56.984200: E external/xla/xla/service/slow_operation_alarm.cc:73] 
********************************
[Compiling module gemm_fusion_dot.234] Very slow compile? If you want to file a bug, run with envvar XLA_FLAGS=--xla_dump_to=/tmp/foo and attach the results.
********************************
2026-05-12 12:20:37.803286: E external/xla/xla/service/slow_operation_alarm.cc:140] The operation took 3m54.107537105s

********************************
[Compiling module gemm_fusion_dot.236] Very slow compile? If you want to file a bug, run with envvar XLA_FLAGS=--xla_dump_to=/tmp/foo and attach the results.
********************************
2026-05-12 12:20:37.803394: E external/xla/xla/service/slow_operation_alarm.cc:140] The operation took 3m54.106524864s

********************************
[Compiling module gemm_fusion_dot.229] Very slow compile? If you want to file a bug, run with envvar XLA_FLAGS=--xla_dump_to=/tmp/foo and attach the results.
********************************
2026-05-12 12:20:37.803443: E external/xla/xla/service/slow_operation_alarm.cc:140] The operation took 3m54.107433183s

********************************
[Compiling module gemm_fusion_dot.229] Very slow compile? If you want to file a bug, run with envvar XLA_FLAGS=--xla_dump_to=/tmp/foo and attach the results.
********************************
2026-05-12 12:20:37.803537: E external/xla/xla/service/slow_operation_alarm.cc:140] The operation took 3m54.10685628s

********************************
[Compiling module gemm_fusion_dot.237] Very slow compile? If you want to file a bug, run with envvar XLA_FLAGS=--xla_dump_to=/tmp/foo and attach the results.
********************************
2026-05-12 12:20:37.803735: E external/xla/xla/service/slow_operation_alarm.cc:140] The operation took 3m54.107801503s

********************************
[Compiling module gemm_fusion_dot.229] Very slow compile? If you want to file a bug, run with envvar XLA_FLAGS=--xla_dump_to=/tmp/foo and attach the results.
********************************
2026-05-12 12:21:11.727595: E external/xla/xla/service/slow_operation_alarm.cc:73] 
********************************
[Compiling module gemm_fusion_dot.226] Very slow compile? If you want to file a bug, run with envvar XLA_FLAGS=--xla_dump_to=/tmp/foo and attach the results.
********************************
2026-05-12 12:21:11.727697: E external/xla/xla/service/slow_operation_alarm.cc:73] 
********************************
[Compiling module gemm_fusion_dot.231] Very slow compile? If you want to file a bug, run with envvar XLA_FLAGS=--xla_dump_to=/tmp/foo and attach the results.
********************************
2026-05-12 12:21:11.727871: E external/xla/xla/service/slow_operation_alarm.cc:73] 
********************************
[Compiling module gemm_fusion_dot.232] Very slow compile? If you want to file a bug, run with envvar XLA_FLAGS=--xla_dump_to=/tmp/foo and attach the results.
********************************
2026-05-12 12:21:11.727877: E external/xla/xla/service/slow_operation_alarm.cc:73] 
********************************
[Compiling module gemm_fusion_dot.232] Very slow compile? If you want to file a bug, run with envvar XLA_FLAGS=--xla_dump_to=/tmp/foo and attach the results.
********************************
2026-05-12 12:21:52.409755: E external/xla/xla/service/slow_operation_alarm.cc:140] The operation took 3m55.426025388s

********************************
[Compiling module gemm_fusion_dot.226] Very slow compile? If you want to file a bug, run with envvar XLA_FLAGS=--xla_dump_to=/tmp/foo and attach the results.
********************************
2026-05-12 12:21:52.409860: E external/xla/xla/service/slow_operation_alarm.cc:140] The operation took 3m55.426050505s

********************************
[Compiling module gemm_fusion_dot.163] Very slow compile? If you want to file a bug, run with envvar XLA_FLAGS=--xla_dump_to=/tmp/foo and attach the results.
********************************
2026-05-12 12:21:52.410127: E external/xla/xla/service/slow_operation_alarm.cc:140] The operation took 3m55.42598012s

********************************
[Compiling module gemm_fusion_dot.234] Very slow compile? If you want to file a bug, run with envvar XLA_FLAGS=--xla_dump_to=/tmp/foo and attach the results.
********************************
2026-05-12 12:22:37.803650: E external/xla/xla/service/slow_operation_alarm.cc:73] 
********************************
[Compiling module gemm_fusion_dot.229] Very slow compile? If you want to file a bug, run with envvar XLA_FLAGS=--xla_dump_to=/tmp/foo and attach the results.
********************************
2026-05-12 12:22:37.803746: E external/xla/xla/service/slow_operation_alarm.cc:73] 
********************************
[Compiling module gemm_fusion_dot.229] Very slow compile? If you want to file a bug, run with envvar XLA_FLAGS=--xla_dump_to=/tmp/foo and attach the results.
********************************
2026-05-12 12:22:37.803761: E external/xla/xla/service/slow_operation_alarm.cc:73] 
********************************
[Compiling module gemm_fusion_dot.237] Very slow compile? If you want to file a bug, run with envvar XLA_FLAGS=--xla_dump_to=/tmp/foo and attach the results.
********************************
2026-05-12 12:22:37.803883: E external/xla/xla/service/slow_operation_alarm.cc:73] 
********************************
[Compiling module gemm_fusion_dot.231] Very slow compile? If you want to file a bug, run with envvar XLA_FLAGS=--xla_dump_to=/tmp/foo and attach the results.
********************************
2026-05-12 12:22:37.803952: E external/xla/xla/service/slow_operation_alarm.cc:73] 
********************************
[Compiling module gemm_fusion_dot.230] Very slow compile? If you want to file a bug, run with envvar XLA_FLAGS=--xla_dump_to=/tmp/foo and attach the results.
********************************
2026-05-12 12:23:18.037537: E external/xla/xla/service/slow_operation_alarm.cc:140] The operation took 4m6.310000686s

********************************
[Compiling module gemm_fusion_dot.231] Very slow compile? If you want to file a bug, run with envvar XLA_FLAGS=--xla_dump_to=/tmp/foo and attach the results.
********************************
2026-05-12 12:23:18.037646: E external/xla/xla/service/slow_operation_alarm.cc:140] The operation took 4m6.310029267s

********************************
[Compiling module gemm_fusion_dot.226] Very slow compile? If you want to file a bug, run with envvar XLA_FLAGS=--xla_dump_to=/tmp/foo and attach the results.
********************************
2026-05-12 12:23:18.037702: E external/xla/xla/service/slow_operation_alarm.cc:140] The operation took 4m6.309765992s

********************************
[Compiling module gemm_fusion_dot.232] Very slow compile? If you want to file a bug, run with envvar XLA_FLAGS=--xla_dump_to=/tmp/foo and attach the results.
********************************
2026-05-12 12:23:18.037741: E external/xla/xla/service/slow_operation_alarm.cc:140] The operation took 4m6.309886056s

********************************
[Compiling module gemm_fusion_dot.232] Very slow compile? If you want to file a bug, run with envvar XLA_FLAGS=--xla_dump_to=/tmp/foo and attach the results.
********************************
2026-05-12 12:23:52.438069: E external/xla/xla/service/slow_operation_alarm.cc:73] 
********************************
[Compiling module gemm_fusion_dot.234] Very slow compile? If you want to file a bug, run with envvar XLA_FLAGS=--xla_dump_to=/tmp/foo and attach the results.
********************************
2026-05-12 12:23:52.438168: E external/xla/xla/service/slow_operation_alarm.cc:73] 
********************************
[Compiling module gemm_fusion_dot.230] Very slow compile? If you want to file a bug, run with envvar XLA_FLAGS=--xla_dump_to=/tmp/foo and attach the results.
********************************
2026-05-12 12:23:52.438189: E external/xla/xla/service/slow_operation_alarm.cc:73] 
********************************
[Compiling module gemm_fusion_dot.168] Very slow compile? If you want to file a bug, run with envvar XLA_FLAGS=--xla_dump_to=/tmp/foo and attach the results.
********************************
2026-05-12 12:24:15.052968: E external/xla/xla/service/slow_operation_alarm.cc:140] The operation took 3m37.249061161s

********************************
[Compiling module gemm_fusion_dot.230] Very slow compile? If you want to file a bug, run with envvar XLA_FLAGS=--xla_dump_to=/tmp/foo and attach the results.
********************************
2026-05-12 12:24:15.053077: E external/xla/xla/service/slow_operation_alarm.cc:140] The operation took 3m37.249372709s

********************************
[Compiling module gemm_fusion_dot.229] Very slow compile? If you want to file a bug, run with envvar XLA_FLAGS=--xla_dump_to=/tmp/foo and attach the results.
********************************
2026-05-12 12:24:15.053128: E external/xla/xla/service/slow_operation_alarm.cc:140] The operation took 3m37.249246563s

********************************
[Compiling module gemm_fusion_dot.231] Very slow compile? If you want to file a bug, run with envvar XLA_FLAGS=--xla_dump_to=/tmp/foo and attach the results.
********************************
2026-05-12 12:24:15.053165: E external/xla/xla/service/slow_operation_alarm.cc:140] The operation took 3m37.249595197s

********************************
[Compiling module gemm_fusion_dot.229] Very slow compile? If you want to file a bug, run with envvar XLA_FLAGS=--xla_dump_to=/tmp/foo and attach the results.
********************************
2026-05-12 12:24:15.053201: E external/xla/xla/service/slow_operation_alarm.cc:140] The operation took 3m37.249501005s

********************************
[Compiling module gemm_fusion_dot.237] Very slow compile? If you want to file a bug, run with envvar XLA_FLAGS=--xla_dump_to=/tmp/foo and attach the results.
********************************
2026-05-12 12:25:18.037916: E external/xla/xla/service/slow_operation_alarm.cc:73] 
********************************
[Compiling module gemm_fusion_dot.226] Very slow compile? If you want to file a bug, run with envvar XLA_FLAGS=--xla_dump_to=/tmp/foo and attach the results.
********************************
2026-05-12 12:25:18.038016: E external/xla/xla/service/slow_operation_alarm.cc:73] 
********************************
[Compiling module gemm_fusion_dot.234] Very slow compile? If you want to file a bug, run with envvar XLA_FLAGS=--xla_dump_to=/tmp/foo and attach the results.
********************************
2026-05-12 12:25:18.038025: E external/xla/xla/service/slow_operation_alarm.cc:73] 
********************************
[Compiling module gemm_fusion_dot.226] Very slow compile? If you want to file a bug, run with envvar XLA_FLAGS=--xla_dump_to=/tmp/foo and attach the results.
********************************
2026-05-12 12:25:18.038344: E external/xla/xla/service/slow_operation_alarm.cc:73] 
********************************
[Compiling module gemm_fusion_dot.232_computation] Very slow compile? If you want to file a bug, run with envvar XLA_FLAGS=--xla_dump_to=/tmp/foo and attach the results.
********************************
2026-05-12 12:25:58.471237: E external/xla/xla/service/slow_operation_alarm.cc:140] The operation took 4m6.06122732s

********************************
[Compiling module gemm_fusion_dot.234] Very slow compile? If you want to file a bug, run with envvar XLA_FLAGS=--xla_dump_to=/tmp/foo and attach the results.
********************************
2026-05-12 12:25:58.471341: E external/xla/xla/service/slow_operation_alarm.cc:140] The operation took 4m6.061182882s

********************************
[Compiling module gemm_fusion_dot.230] Very slow compile? If you want to file a bug, run with envvar XLA_FLAGS=--xla_dump_to=/tmp/foo and attach the results.
********************************
2026-05-12 12:25:58.471817: E external/xla/xla/service/slow_operation_alarm.cc:140] The operation took 4m6.061523942s

********************************
[Compiling module gemm_fusion_dot.168] Very slow compile? If you want to file a bug, run with envvar XLA_FLAGS=--xla_dump_to=/tmp/foo and attach the results.
********************************
2026-05-12 12:26:15.053315: E external/xla/xla/service/slow_operation_alarm.cc:73] 
********************************
[Compiling module gemm_fusion_dot.231] Very slow compile? If you want to file a bug, run with envvar XLA_FLAGS=--xla_dump_to=/tmp/foo and attach the results.
********************************
2026-05-12 12:26:15.053420: E external/xla/xla/service/slow_operation_alarm.cc:73] 
********************************
[Compiling module gemm_fusion_dot.230] Very slow compile? If you want to file a bug, run with envvar XLA_FLAGS=--xla_dump_to=/tmp/foo and attach the results.
********************************
2026-05-12 12:26:15.053448: E external/xla/xla/service/slow_operation_alarm.cc:73] 
********************************
[Compiling module gemm_fusion_dot.230] Very slow compile? If you want to file a bug, run with envvar XLA_FLAGS=--xla_dump_to=/tmp/foo and attach the results.
********************************
2026-05-12 12:26:15.053624: E external/xla/xla/service/slow_operation_alarm.cc:73] 
********************************
[Compiling module gemm_fusion_dot.232] Very slow compile? If you want to file a bug, run with envvar XLA_FLAGS=--xla_dump_to=/tmp/foo and attach the results.
********************************
2026-05-12 12:26:15.053787: E external/xla/xla/service/slow_operation_alarm.cc:73] 
********************************
[Compiling module gemm_fusion_dot.169_computation] Very slow compile? If you want to file a bug, run with envvar XLA_FLAGS=--xla_dump_to=/tmp/foo and attach the results.
********************************
2026-05-12 12:26:53.572366: E external/xla/xla/service/slow_operation_alarm.cc:140] The operation took 3m35.534067177s

********************************
[Compiling module gemm_fusion_dot.232_computation] Very slow compile? If you want to file a bug, run with envvar XLA_FLAGS=--xla_dump_to=/tmp/foo and attach the results.
********************************
2026-05-12 12:26:53.572492: E external/xla/xla/service/slow_operation_alarm.cc:140] The operation took 3m35.53460462s

********************************
[Compiling module gemm_fusion_dot.226] Very slow compile? If you want to file a bug, run with envvar XLA_FLAGS=--xla_dump_to=/tmp/foo and attach the results.
********************************
2026-05-12 12:26:53.572565: E external/xla/xla/service/slow_operation_alarm.cc:140] The operation took 3m35.534695217s

********************************
[Compiling module gemm_fusion_dot.234] Very slow compile? If you want to file a bug, run with envvar XLA_FLAGS=--xla_dump_to=/tmp/foo and attach the results.
********************************
2026-05-12 12:26:53.572810: E external/xla/xla/service/slow_operation_alarm.cc:140] The operation took 3m35.534971615s

********************************
[Compiling module gemm_fusion_dot.226] Very slow compile? If you want to file a bug, run with envvar XLA_FLAGS=--xla_dump_to=/tmp/foo and attach the results.
********************************
2026-05-12 12:27:58.471621: E external/xla/xla/service/slow_operation_alarm.cc:73] 
********************************
[Compiling module gemm_fusion_dot.230] Very slow compile? If you want to file a bug, run with envvar XLA_FLAGS=--xla_dump_to=/tmp/foo and attach the results.
********************************
2026-05-12 12:27:58.471834: E external/xla/xla/service/slow_operation_alarm.cc:73] 
********************************
[Compiling module gemm_fusion_dot.234] Very slow compile? If you want to file a bug, run with envvar XLA_FLAGS=--xla_dump_to=/tmp/foo and attach the results.
********************************
2026-05-12 12:27:58.472301: E external/xla/xla/service/slow_operation_alarm.cc:73] 
********************************
[Compiling module gemm_fusion_dot.232] Very slow compile? If you want to file a bug, run with envvar XLA_FLAGS=--xla_dump_to=/tmp/foo and attach the results.
********************************
2026-05-12 12:28:34.047784: E external/xla/xla/service/slow_operation_alarm.cc:140] The operation took 4m18.994039932s

********************************
[Compiling module gemm_fusion_dot.169_computation] Very slow compile? If you want to file a bug, run with envvar XLA_FLAGS=--xla_dump_to=/tmp/foo and attach the results.
********************************
2026-05-12 12:28:34.047892: E external/xla/xla/service/slow_operation_alarm.cc:140] The operation took 4m18.994560018s

********************************
[Compiling module gemm_fusion_dot.230] Very slow compile? If you want to file a bug, run with envvar XLA_FLAGS=--xla_dump_to=/tmp/foo and attach the results.
********************************
2026-05-12 12:28:34.047942: E external/xla/xla/service/slow_operation_alarm.cc:140] The operation took 4m18.994260824s

********************************
[Compiling module gemm_fusion_dot.232] Very slow compile? If you want to file a bug, run with envvar XLA_FLAGS=--xla_dump_to=/tmp/foo and attach the results.
********************************
2026-05-12 12:28:34.048009: E external/xla/xla/service/slow_operation_alarm.cc:140] The operation took 4m18.994699294s

********************************
[Compiling module gemm_fusion_dot.230] Very slow compile? If you want to file a bug, run with envvar XLA_FLAGS=--xla_dump_to=/tmp/foo and attach the results.
********************************
2026-05-12 12:28:34.048166: E external/xla/xla/service/slow_operation_alarm.cc:140] The operation took 4m18.994932039s

********************************
[Compiling module gemm_fusion_dot.231] Very slow compile? If you want to file a bug, run with envvar XLA_FLAGS=--xla_dump_to=/tmp/foo and attach the results.
********************************
2026-05-12 12:28:53.572671: E external/xla/xla/service/slow_operation_alarm.cc:73] 
********************************
[Compiling module gemm_fusion_dot.237] Very slow compile? If you want to file a bug, run with envvar XLA_FLAGS=--xla_dump_to=/tmp/foo and attach the results.
********************************
2026-05-12 12:28:53.572791: E external/xla/xla/service/slow_operation_alarm.cc:73] 
********************************
[Compiling module gemm_fusion_dot.169] Very slow compile? If you want to file a bug, run with envvar XLA_FLAGS=--xla_dump_to=/tmp/foo and attach the results.
********************************
2026-05-12 12:28:53.573002: E external/xla/xla/service/slow_operation_alarm.cc:73] 
********************************
[Compiling module gemm_fusion_dot.168] Very slow compile? If you want to file a bug, run with envvar XLA_FLAGS=--xla_dump_to=/tmp/foo and attach the results.
********************************
2026-05-12 12:28:53.636370: E external/xla/xla/service/slow_operation_alarm.cc:73] 
********************************
[Compiling module gemm_fusion_dot.234] Very slow compile? If you want to file a bug, run with envvar XLA_FLAGS=--xla_dump_to=/tmp/foo and attach the results.
********************************
2026-05-12 12:29:30.383519: E external/xla/xla/service/slow_operation_alarm.cc:140] The operation took 3m31.911971897s

********************************
[Compiling module gemm_fusion_dot.230] Very slow compile? If you want to file a bug, run with envvar XLA_FLAGS=--xla_dump_to=/tmp/foo and attach the results.
********************************
2026-05-12 12:29:30.383656: E external/xla/xla/service/slow_operation_alarm.cc:140] The operation took 3m31.911873845s

********************************
[Compiling module gemm_fusion_dot.234] Very slow compile? If you want to file a bug, run with envvar XLA_FLAGS=--xla_dump_to=/tmp/foo and attach the results.
********************************
2026-05-12 12:29:30.383824: E external/xla/xla/service/slow_operation_alarm.cc:140] The operation took 3m31.911576735s

********************************
[Compiling module gemm_fusion_dot.232] Very slow compile? If you want to file a bug, run with envvar XLA_FLAGS=--xla_dump_to=/tmp/foo and attach the results.
********************************
2026-05-12 12:30:34.048121: E external/xla/xla/service/slow_operation_alarm.cc:73] 
********************************
[Compiling module gemm_fusion_dot.237] Very slow compile? If you want to file a bug, run with envvar XLA_FLAGS=--xla_dump_to=/tmp/foo and attach the results.
********************************
2026-05-12 12:30:34.048235: E external/xla/xla/service/slow_operation_alarm.cc:73] 
********************************
[Compiling module gemm_fusion_dot.230] Very slow compile? If you want to file a bug, run with envvar XLA_FLAGS=--xla_dump_to=/tmp/foo and attach the results.
********************************
2026-05-12 12:30:34.048242: E external/xla/xla/service/slow_operation_alarm.cc:73] 
********************************
[Compiling module gemm_fusion_dot.168] Very slow compile? If you want to file a bug, run with envvar XLA_FLAGS=--xla_dump_to=/tmp/foo and attach the results.
********************************
2026-05-12 12:30:34.048256: E external/xla/xla/service/slow_operation_alarm.cc:73] 
********************************
[Compiling module gemm_fusion_dot.230] Very slow compile? If you want to file a bug, run with envvar XLA_FLAGS=--xla_dump_to=/tmp/foo and attach the results.
********************************
2026-05-12 12:30:34.048643: E external/xla/xla/service/slow_operation_alarm.cc:73] 
********************************
[Compiling module gemm_fusion_dot.232] Very slow compile? If you want to file a bug, run with envvar XLA_FLAGS=--xla_dump_to=/tmp/foo and attach the results.
********************************
2026-05-12 12:31:11.253933: E external/xla/xla/service/slow_operation_alarm.cc:140] The operation took 4m17.681296527s

********************************
[Compiling module gemm_fusion_dot.237] Very slow compile? If you want to file a bug, run with envvar XLA_FLAGS=--xla_dump_to=/tmp/foo and attach the results.
********************************
2026-05-12 12:31:11.254043: E external/xla/xla/service/slow_operation_alarm.cc:140] The operation took 4m17.681234876s

********************************
[Compiling module gemm_fusion_dot.169] Very slow compile? If you want to file a bug, run with envvar XLA_FLAGS=--xla_dump_to=/tmp/foo and attach the results.
********************************
2026-05-12 12:31:11.254096: E external/xla/xla/service/slow_operation_alarm.cc:140] The operation took 4m17.680993042s

********************************
[Compiling module gemm_fusion_dot.168] Very slow compile? If you want to file a bug, run with envvar XLA_FLAGS=--xla_dump_to=/tmp/foo and attach the results.
********************************
2026-05-12 12:31:11.254411: E external/xla/xla/service/slow_operation_alarm.cc:140] The operation took 4m17.618116148s

********************************
[Compiling module gemm_fusion_dot.234] Very slow compile? If you want to file a bug, run with envvar XLA_FLAGS=--xla_dump_to=/tmp/foo and attach the results.
********************************
2026-05-12 12:31:30.383846: E external/xla/xla/service/slow_operation_alarm.cc:73] 
********************************
[Compiling module gemm_fusion_dot.236] Very slow compile? If you want to file a bug, run with envvar XLA_FLAGS=--xla_dump_to=/tmp/foo and attach the results.
********************************
2026-05-12 12:31:30.384041: E external/xla/xla/service/slow_operation_alarm.cc:73] 
********************************
[Compiling module gemm_fusion_dot.226] Very slow compile? If you want to file a bug, run with envvar XLA_FLAGS=--xla_dump_to=/tmp/foo and attach the results.
********************************
2026-05-12 12:31:30.384146: E external/xla/xla/service/slow_operation_alarm.cc:73] 
********************************
[Compiling module gemm_fusion_dot.234] Very slow compile? If you want to file a bug, run with envvar XLA_FLAGS=--xla_dump_to=/tmp/foo and attach the results.
********************************
2026-05-12 12:31:46.681645: E external/xla/xla/service/slow_operation_alarm.cc:140] The operation took 3m12.633481872s

********************************
[Compiling module gemm_fusion_dot.230] Very slow compile? If you want to file a bug, run with envvar XLA_FLAGS=--xla_dump_to=/tmp/foo and attach the results.
********************************
2026-05-12 12:31:46.681746: E external/xla/xla/service/slow_operation_alarm.cc:140] The operation took 3m12.633143282s

********************************
[Compiling module gemm_fusion_dot.232] Very slow compile? If you want to file a bug, run with envvar XLA_FLAGS=--xla_dump_to=/tmp/foo and attach the results.
********************************
2026-05-12 12:31:46.681795: E external/xla/xla/service/slow_operation_alarm.cc:140] The operation took 3m12.633584209s

********************************
[Compiling module gemm_fusion_dot.230] Very slow compile? If you want to file a bug, run with envvar XLA_FLAGS=--xla_dump_to=/tmp/foo and attach the results.
********************************
2026-05-12 12:31:46.681936: E external/xla/xla/service/slow_operation_alarm.cc:140] The operation took 3m12.633845497s

********************************
[Compiling module gemm_fusion_dot.168] Very slow compile? If you want to file a bug, run with envvar XLA_FLAGS=--xla_dump_to=/tmp/foo and attach the results.
********************************
2026-05-12 12:31:46.682000: E external/xla/xla/service/slow_operation_alarm.cc:140] The operation took 3m12.633955782s

********************************
[Compiling module gemm_fusion_dot.237] Very slow compile? If you want to file a bug, run with envvar XLA_FLAGS=--xla_dump_to=/tmp/foo and attach the results.
********************************
2026-05-12 12:33:11.254271: E external/xla/xla/service/slow_operation_alarm.cc:73] 
********************************
[Compiling module gemm_fusion_dot.226] Very slow compile? If you want to file a bug, run with envvar XLA_FLAGS=--xla_dump_to=/tmp/foo and attach the results.
********************************
2026-05-12 12:33:11.254622: E external/xla/xla/service/slow_operation_alarm.cc:73] 
********************************
[Compiling module gemm_fusion_dot.231] Very slow compile? If you want to file a bug, run with envvar XLA_FLAGS=--xla_dump_to=/tmp/foo and attach the results.
********************************
2026-05-12 12:33:11.310471: E external/xla/xla/service/slow_operation_alarm.cc:73] 
********************************
[Compiling module gemm_fusion_dot.169] Very slow compile? If you want to file a bug, run with envvar XLA_FLAGS=--xla_dump_to=/tmp/foo and attach the results.
********************************
2026-05-12 12:33:11.334414: E external/xla/xla/service/slow_operation_alarm.cc:73] 
********************************
[Compiling module gemm_fusion_dot.168] Very slow compile? If you want to file a bug, run with envvar XLA_FLAGS=--xla_dump_to=/tmp/foo and attach the results.
********************************
2026-05-12 12:33:46.681997: E external/xla/xla/service/slow_operation_alarm.cc:73] 
********************************
[Compiling module gemm_fusion_dot.234] Very slow compile? If you want to file a bug, run with envvar XLA_FLAGS=--xla_dump_to=/tmp/foo and attach the results.
********************************
2026-05-12 12:33:46.682130: E external/xla/xla/service/slow_operation_alarm.cc:73] 
********************************
[Compiling module gemm_fusion_dot.168] Very slow compile? If you want to file a bug, run with envvar XLA_FLAGS=--xla_dump_to=/tmp/foo and attach the results.
********************************
2026-05-12 12:33:46.682193: E external/xla/xla/service/slow_operation_alarm.cc:73] 
********************************
[Compiling module gemm_fusion_dot.169] Very slow compile? If you want to file a bug, run with envvar XLA_FLAGS=--xla_dump_to=/tmp/foo and attach the results.
********************************
2026-05-12 12:33:46.682199: E external/xla/xla/service/slow_operation_alarm.cc:73] 
********************************
[Compiling module gemm_fusion_dot.232] Very slow compile? If you want to file a bug, run with envvar XLA_FLAGS=--xla_dump_to=/tmp/foo and attach the results.
********************************
2026-05-12 12:33:46.682464: E external/xla/xla/service/slow_operation_alarm.cc:73] 
********************************
[Compiling module gemm_fusion_dot.231_computation] Very slow compile? If you want to file a bug, run with envvar XLA_FLAGS=--xla_dump_to=/tmp/foo and attach the results.
********************************
2026-05-12 12:33:49.616375: E external/xla/xla/service/slow_operation_alarm.cc:140] The operation took 4m19.23260435s

********************************
[Compiling module gemm_fusion_dot.236] Very slow compile? If you want to file a bug, run with envvar XLA_FLAGS=--xla_dump_to=/tmp/foo and attach the results.
********************************
2026-05-12 12:33:49.616490: E external/xla/xla/service/slow_operation_alarm.cc:140] The operation took 4m19.232501434s

********************************
[Compiling module gemm_fusion_dot.226] Very slow compile? If you want to file a bug, run with envvar XLA_FLAGS=--xla_dump_to=/tmp/foo and attach the results.
********************************
2026-05-12 12:33:49.616543: E external/xla/xla/service/slow_operation_alarm.cc:140] The operation took 4m19.232426825s

********************************
[Compiling module gemm_fusion_dot.234] Very slow compile? If you want to file a bug, run with envvar XLA_FLAGS=--xla_dump_to=/tmp/foo and attach the results.
********************************
2026-05-12 12:34:24.470295: E external/xla/xla/service/slow_operation_alarm.cc:140] The operation took 3m13.21609846s

********************************
[Compiling module gemm_fusion_dot.226] Very slow compile? If you want to file a bug, run with envvar XLA_FLAGS=--xla_dump_to=/tmp/foo and attach the results.
********************************
2026-05-12 12:34:24.470481: E external/xla/xla/service/slow_operation_alarm.cc:140] The operation took 3m13.160087756s

********************************
[Compiling module gemm_fusion_dot.169] Very slow compile? If you want to file a bug, run with envvar XLA_FLAGS=--xla_dump_to=/tmp/foo and attach the results.
********************************
2026-05-12 12:34:24.470527: E external/xla/xla/service/slow_operation_alarm.cc:140] The operation took 3m13.136161267s

********************************
[Compiling module gemm_fusion_dot.168] Very slow compile? If you want to file a bug, run with envvar XLA_FLAGS=--xla_dump_to=/tmp/foo and attach the results.
********************************
2026-05-12 12:34:24.470676: E external/xla/xla/service/slow_operation_alarm.cc:140] The operation took 3m13.216106801s

********************************
[Compiling module gemm_fusion_dot.231] Very slow compile? If you want to file a bug, run with envvar XLA_FLAGS=--xla_dump_to=/tmp/foo and attach the results.
********************************
2026-05-12 12:35:49.616679: E external/xla/xla/service/slow_operation_alarm.cc:73] 
********************************
[Compiling module gemm_fusion_dot.234] Very slow compile? If you want to file a bug, run with envvar XLA_FLAGS=--xla_dump_to=/tmp/foo and attach the results.
********************************
2026-05-12 12:35:49.617544: E external/xla/xla/service/slow_operation_alarm.cc:73] 
********************************
[Compiling module gemm_fusion_dot.237] Very slow compile? If you want to file a bug, run with envvar XLA_FLAGS=--xla_dump_to=/tmp/foo and attach the results.
********************************
2026-05-12 12:35:49.727933: E external/xla/xla/service/slow_operation_alarm.cc:73] 
********************************
[Compiling module gemm_fusion_dot.169] Very slow compile? If you want to file a bug, run with envvar XLA_FLAGS=--xla_dump_to=/tmp/foo and attach the results.
********************************
2026-05-12 12:36:24.471062: E external/xla/xla/service/slow_operation_alarm.cc:73] 
********************************
[Compiling module gemm_fusion_dot.232] Very slow compile? If you want to file a bug, run with envvar XLA_FLAGS=--xla_dump_to=/tmp/foo and attach the results.
********************************
2026-05-12 12:36:24.471169: E external/xla/xla/service/slow_operation_alarm.cc:73] 
********************************
[Compiling module gemm_fusion_dot.168_computation] Very slow compile? If you want to file a bug, run with envvar XLA_FLAGS=--xla_dump_to=/tmp/foo and attach the results.
********************************
2026-05-12 12:36:24.835653: E external/xla/xla/service/slow_operation_alarm.cc:140] The operation took 4m38.153238259s

********************************
[Compiling module gemm_fusion_dot.231_computation] Very slow compile? If you want to file a bug, run with envvar XLA_FLAGS=--xla_dump_to=/tmp/foo and attach the results.
********************************
2026-05-12 12:36:24.835820: E external/xla/xla/service/slow_operation_alarm.cc:140] The operation took 4m38.153669876s

********************************
[Compiling module gemm_fusion_dot.169] Very slow compile? If you want to file a bug, run with envvar XLA_FLAGS=--xla_dump_to=/tmp/foo and attach the results.
********************************
2026-05-12 12:36:24.835908: E external/xla/xla/service/slow_operation_alarm.cc:140] The operation took 4m38.153625917s

********************************
[Compiling module gemm_fusion_dot.232] Very slow compile? If you want to file a bug, run with envvar XLA_FLAGS=--xla_dump_to=/tmp/foo and attach the results.
********************************
2026-05-12 12:36:24.835946: E external/xla/xla/service/slow_operation_alarm.cc:140] The operation took 4m38.153791547s

********************************
[Compiling module gemm_fusion_dot.168] Very slow compile? If you want to file a bug, run with envvar XLA_FLAGS=--xla_dump_to=/tmp/foo and attach the results.
********************************
2026-05-12 12:36:24.835985: E external/xla/xla/service/slow_operation_alarm.cc:140] The operation took 4m38.154038473s

********************************
[Compiling module gemm_fusion_dot.234] Very slow compile? If you want to file a bug, run with envvar XLA_FLAGS=--xla_dump_to=/tmp/foo and attach the results.
********************************
2026-05-12 12:36:39.108679: E external/xla/xla/service/slow_operation_alarm.cc:140] The operation took 2m14.63767257s

********************************
[Compiling module gemm_fusion_dot.232] Very slow compile? If you want to file a bug, run with envvar XLA_FLAGS=--xla_dump_to=/tmp/foo and attach the results.
********************************
2026-05-12 12:36:47.555481: E external/xla/xla/service/slow_operation_alarm.cc:140] The operation took 2m57.93798156s

********************************
[Compiling module gemm_fusion_dot.237] Very slow compile? If you want to file a bug, run with envvar XLA_FLAGS=--xla_dump_to=/tmp/foo and attach the results.
********************************
2026-05-12 12:36:47.555565: E external/xla/xla/service/slow_operation_alarm.cc:140] The operation took 2m57.938847327s

********************************
[Compiling module gemm_fusion_dot.234] Very slow compile? If you want to file a bug, run with envvar XLA_FLAGS=--xla_dump_to=/tmp/foo and attach the results.
********************************
2026-05-12 12:36:47.555618: E external/xla/xla/service/slow_operation_alarm.cc:140] The operation took 2m57.827687253s

********************************
[Compiling module gemm_fusion_dot.169] Very slow compile? If you want to file a bug, run with envvar XLA_FLAGS=--xla_dump_to=/tmp/foo and attach the results.
********************************
2026-05-12 12:36:47.569414: E external/xla/xla/service/slow_operation_alarm.cc:140] The operation took 2m23.098356124s

********************************
[Compiling module gemm_fusion_dot.168_computation] Very slow compile? If you want to file a bug, run with envvar XLA_FLAGS=--xla_dump_to=/tmp/foo and attach the results.
********************************
2026-05-12 12:37:26.141981: E external/xla/xla/service/slow_operation_alarm.cc:73] Trying algorithm eng28{k2=0,k3=0} for conv %cudnn-conv.92 = (f32[1024,640,5,5]{3,2,1,0}, u8[0]{0}) custom-call(%bitcast.8196, %bitcast.8197), window={size=1x1}, dim_labels=bf01_oi01->bf01, feature_group_count=5, custom_call_target="__cudnn$convForward", metadata={op_name="jit(train)/jit(main)/while/body/while/body/TwoStreamActorCriticRNN/shared_cnn/Conv_0/conv_general_dilated" source_file="/net/scratch/n70579mp/JaxMARL/baselines/overcookedv2/train_dual.py" source_line=66}, backend_config={"operation_queue_id":"0","wait_on_operation_queues":[],"cudnn_conv_backend_config":{"conv_result_scale":1,"activation_mode":"kNone","side_input_scale":0,"leakyrelu_alpha":0},"force_earliest_schedule":false,"reification_cost":[]} is taking a while...
2026-05-12 12:37:26.143312: E external/xla/xla/service/slow_operation_alarm.cc:140] The operation took 1.001391724s
Trying algorithm eng28{k2=0,k3=0} for conv %cudnn-conv.92 = (f32[1024,640,5,5]{3,2,1,0}, u8[0]{0}) custom-call(%bitcast.8196, %bitcast.8197), window={size=1x1}, dim_labels=bf01_oi01->bf01, feature_group_count=5, custom_call_target="__cudnn$convForward", metadata={op_name="jit(train)/jit(main)/while/body/while/body/TwoStreamActorCriticRNN/shared_cnn/Conv_0/conv_general_dilated" source_file="/net/scratch/n70579mp/JaxMARL/baselines/overcookedv2/train_dual.py" source_line=66}, backend_config={"operation_queue_id":"0","wait_on_operation_queues":[],"cudnn_conv_backend_config":{"conv_result_scale":1,"activation_mode":"kNone","side_input_scale":0,"leakyrelu_alpha":0},"force_earliest_schedule":false,"reification_cost":[]} is taking a while...
2026-05-12 12:37:27.143530: E external/xla/xla/service/slow_operation_alarm.cc:73] Trying algorithm eng53{k2=0,k13=0,k14=2,k18=0,k23=0} for conv %cudnn-conv.92 = (f32[1024,640,5,5]{3,2,1,0}, u8[0]{0}) custom-call(%bitcast.8196, %bitcast.8197), window={size=1x1}, dim_labels=bf01_oi01->bf01, feature_group_count=5, custom_call_target="__cudnn$convForward", metadata={op_name="jit(train)/jit(main)/while/body/while/body/TwoStreamActorCriticRNN/shared_cnn/Conv_0/conv_general_dilated" source_file="/net/scratch/n70579mp/JaxMARL/baselines/overcookedv2/train_dual.py" source_line=66}, backend_config={"operation_queue_id":"0","wait_on_operation_queues":[],"cudnn_conv_backend_config":{"conv_result_scale":1,"activation_mode":"kNone","side_input_scale":0,"leakyrelu_alpha":0},"force_earliest_schedule":false,"reification_cost":[]} is taking a while...
2026-05-12 12:37:27.479584: E external/xla/xla/service/slow_operation_alarm.cc:140] The operation took 1.336120984s
Trying algorithm eng53{k2=0,k13=0,k14=2,k18=0,k23=0} for conv %cudnn-conv.92 = (f32[1024,640,5,5]{3,2,1,0}, u8[0]{0}) custom-call(%bitcast.8196, %bitcast.8197), window={size=1x1}, dim_labels=bf01_oi01->bf01, feature_group_count=5, custom_call_target="__cudnn$convForward", metadata={op_name="jit(train)/jit(main)/while/body/while/body/TwoStreamActorCriticRNN/shared_cnn/Conv_0/conv_general_dilated" source_file="/net/scratch/n70579mp/JaxMARL/baselines/overcookedv2/train_dual.py" source_line=66}, backend_config={"operation_queue_id":"0","wait_on_operation_queues":[],"cudnn_conv_backend_config":{"conv_result_scale":1,"activation_mode":"kNone","side_input_scale":0,"leakyrelu_alpha":0},"force_earliest_schedule":false,"reification_cost":[]} is taking a while...
2026-05-12 12:37:31.337106: E external/xla/xla/service/slow_operation_alarm.cc:73] Trying algorithm eng53{k2=0,k13=0,k14=2,k18=0,k23=0} for conv %cudnn-conv.94 = (f32[1024,40,5,5]{3,2,1,0}, u8[0]{0}) custom-call(%bitcast.8233, %bitcast.8234), window={size=1x1}, dim_labels=bf01_oi01->bf01, feature_group_count=5, custom_call_target="__cudnn$convForward", metadata={op_name="jit(train)/jit(main)/while/body/while/body/TwoStreamActorCriticRNN/shared_cnn/Conv_2/conv_general_dilated" source_file="/net/scratch/n70579mp/JaxMARL/baselines/overcookedv2/train_dual.py" source_line=80}, backend_config={"operation_queue_id":"0","wait_on_operation_queues":[],"cudnn_conv_backend_config":{"conv_result_scale":1,"activation_mode":"kNone","side_input_scale":0,"leakyrelu_alpha":0},"force_earliest_schedule":false,"reification_cost":[]} is taking a while...
2026-05-12 12:37:31.556353: E external/xla/xla/service/slow_operation_alarm.cc:140] The operation took 1.219308803s
Trying algorithm eng53{k2=0,k13=0,k14=2,k18=0,k23=0} for conv %cudnn-conv.94 = (f32[1024,40,5,5]{3,2,1,0}, u8[0]{0}) custom-call(%bitcast.8233, %bitcast.8234), window={size=1x1}, dim_labels=bf01_oi01->bf01, feature_group_count=5, custom_call_target="__cudnn$convForward", metadata={op_name="jit(train)/jit(main)/while/body/while/body/TwoStreamActorCriticRNN/shared_cnn/Conv_2/conv_general_dilated" source_file="/net/scratch/n70579mp/JaxMARL/baselines/overcookedv2/train_dual.py" source_line=80}, backend_config={"operation_queue_id":"0","wait_on_operation_queues":[],"cudnn_conv_backend_config":{"conv_result_scale":1,"activation_mode":"kNone","side_input_scale":0,"leakyrelu_alpha":0},"force_earliest_schedule":false,"reification_cost":[]} is taking a while...
2026-05-12 12:37:33.268698: E external/xla/xla/service/slow_operation_alarm.cc:73] Trying algorithm eng3{k11=0} for conv %cudnn-conv.94 = (f32[1024,40,5,5]{3,2,1,0}, u8[0]{0}) custom-call(%bitcast.8233, %bitcast.8234), window={size=1x1}, dim_labels=bf01_oi01->bf01, feature_group_count=5, custom_call_target="__cudnn$convForward", metadata={op_name="jit(train)/jit(main)/while/body/while/body/TwoStreamActorCriticRNN/shared_cnn/Conv_2/conv_general_dilated" source_file="/net/scratch/n70579mp/JaxMARL/baselines/overcookedv2/train_dual.py" source_line=80}, backend_config={"operation_queue_id":"0","wait_on_operation_queues":[],"cudnn_conv_backend_config":{"conv_result_scale":1,"activation_mode":"kNone","side_input_scale":0,"leakyrelu_alpha":0},"force_earliest_schedule":false,"reification_cost":[]} is taking a while...
2026-05-12 12:37:33.858216: E external/xla/xla/service/slow_operation_alarm.cc:140] The operation took 1.58957771s
Trying algorithm eng3{k11=0} for conv %cudnn-conv.94 = (f32[1024,40,5,5]{3,2,1,0}, u8[0]{0}) custom-call(%bitcast.8233, %bitcast.8234), window={size=1x1}, dim_labels=bf01_oi01->bf01, feature_group_count=5, custom_call_target="__cudnn$convForward", metadata={op_name="jit(train)/jit(main)/while/body/while/body/TwoStreamActorCriticRNN/shared_cnn/Conv_2/conv_general_dilated" source_file="/net/scratch/n70579mp/JaxMARL/baselines/overcookedv2/train_dual.py" source_line=80}, backend_config={"operation_queue_id":"0","wait_on_operation_queues":[],"cudnn_conv_backend_config":{"conv_result_scale":1,"activation_mode":"kNone","side_input_scale":0,"leakyrelu_alpha":0},"force_earliest_schedule":false,"reification_cost":[]} is taking a while...
2026-05-12 12:37:35.272405: E external/xla/xla/service/slow_operation_alarm.cc:73] Trying algorithm eng53{k2=5,k13=1,k14=2,k18=0,k23=0} for conv %cudnn-conv.95 = (f32[1024,80,5,5]{3,2,1,0}, u8[0]{0}) custom-call(%bitcast.8252, %bitcast.8253), window={size=3x3 pad=1_1x1_1}, dim_labels=bf01_oi01->bf01, feature_group_count=5, custom_call_target="__cudnn$convForward", metadata={op_name="jit(train)/jit(main)/while/body/while/body/TwoStreamActorCriticRNN/shared_cnn/Conv_3/conv_general_dilated" source_file="/net/scratch/n70579mp/JaxMARL/baselines/overcookedv2/train_dual.py" source_line=88}, backend_config={"operation_queue_id":"0","wait_on_operation_queues":[],"cudnn_conv_backend_config":{"conv_result_scale":1,"activation_mode":"kNone","side_input_scale":0,"leakyrelu_alpha":0},"force_earliest_schedule":false,"reification_cost":[]} is taking a while...
2026-05-12 12:37:35.390908: E external/xla/xla/service/slow_operation_alarm.cc:140] The operation took 1.118560404s
Trying algorithm eng53{k2=5,k13=1,k14=2,k18=0,k23=0} for conv %cudnn-conv.95 = (f32[1024,80,5,5]{3,2,1,0}, u8[0]{0}) custom-call(%bitcast.8252, %bitcast.8253), window={size=3x3 pad=1_1x1_1}, dim_labels=bf01_oi01->bf01, feature_group_count=5, custom_call_target="__cudnn$convForward", metadata={op_name="jit(train)/jit(main)/while/body/while/body/TwoStreamActorCriticRNN/shared_cnn/Conv_3/conv_general_dilated" source_file="/net/scratch/n70579mp/JaxMARL/baselines/overcookedv2/train_dual.py" source_line=88}, backend_config={"operation_queue_id":"0","wait_on_operation_queues":[],"cudnn_conv_backend_config":{"conv_result_scale":1,"activation_mode":"kNone","side_input_scale":0,"leakyrelu_alpha":0},"force_earliest_schedule":false,"reification_cost":[]} is taking a while...
2026-05-12 14:31:07.790091: E external/xla/xla/service/slow_operation_alarm.cc:73] 
********************************
[Compiling module jit_broadcast_in_dim] Very slow compile? If you want to file a bug, run with envvar XLA_FLAGS=--xla_dump_to=/tmp/foo and attach the results.
********************************
2026-05-12 14:31:22.566442: E external/xla/xla/service/slow_operation_alarm.cc:140] The operation took 2m14.776439321s

********************************
[Compiling module jit_broadcast_in_dim] Very slow compile? If you want to file a bug, run with envvar XLA_FLAGS=--xla_dump_to=/tmp/foo and attach the results.
********************************
Update steps:  228.0
Warmup epochs:  11
Cosine epochs:  217.0
--> Saved seed 0 checkpoint at step 1 to checkpoints/dual/coord_ring2/baseline_seed_0_step_1.msgpack
--> Saved seed 1 checkpoint at step 1 to checkpoints/dual/coord_ring2/baseline_seed_1_step_1.msgpack
--> Saved seed 2 checkpoint at step 1 to checkpoints/dual/coord_ring2/baseline_seed_2_step_1.msgpack
--> Saved seed 3 checkpoint at step 1 to checkpoints/dual/coord_ring2/baseline_seed_3_step_1.msgpack
--> Saved seed 4 checkpoint at step 1 to checkpoints/dual/coord_ring2/baseline_seed_4_step_1.msgpack
--> Saved seed 0 checkpoint at step 22 to checkpoints/dual/coord_ring2/baseline_seed_0_step_22.msgpack
--> Saved seed 1 checkpoint at step 22 to checkpoints/dual/coord_ring2/baseline_seed_1_step_22.msgpack
--> Saved seed 2 checkpoint at step 22 to checkpoints/dual/coord_ring2/baseline_seed_2_step_22.msgpack
--> Saved seed 3 checkpoint at step 22 to checkpoints/dual/coord_ring2/baseline_seed_3_step_22.msgpack
--> Saved seed 4 checkpoint at step 22 to checkpoints/dual/coord_ring2/baseline_seed_4_step_22.msgpack
--> Saved seed 0 checkpoint at step 44 to checkpoints/dual/coord_ring2/baseline_seed_0_step_44.msgpack
--> Saved seed 1 checkpoint at step 44 to checkpoints/dual/coord_ring2/baseline_seed_1_step_44.msgpack
--> Saved seed 2 checkpoint at step 44 to checkpoints/dual/coord_ring2/baseline_seed_2_step_44.msgpack
--> Saved seed 3 checkpoint at step 44 to checkpoints/dual/coord_ring2/baseline_seed_3_step_44.msgpack
--> Saved seed 4 checkpoint at step 44 to checkpoints/dual/coord_ring2/baseline_seed_4_step_44.msgpack
--> Saved seed 0 checkpoint at step 66 to checkpoints/dual/coord_ring2/baseline_seed_0_step_66.msgpack
--> Saved seed 1 checkpoint at step 66 to checkpoints/dual/coord_ring2/baseline_seed_1_step_66.msgpack
--> Saved seed 2 checkpoint at step 66 to checkpoints/dual/coord_ring2/baseline_seed_2_step_66.msgpack
--> Saved seed 3 checkpoint at step 66 to checkpoints/dual/coord_ring2/baseline_seed_3_step_66.msgpack
--> Saved seed 4 checkpoint at step 66 to checkpoints/dual/coord_ring2/baseline_seed_4_step_66.msgpack
--> Saved seed 0 checkpoint at step 88 to checkpoints/dual/coord_ring2/baseline_seed_0_step_88.msgpack
--> Saved seed 1 checkpoint at step 88 to checkpoints/dual/coord_ring2/baseline_seed_1_step_88.msgpack
--> Saved seed 2 checkpoint at step 88 to checkpoints/dual/coord_ring2/baseline_seed_2_step_88.msgpack
--> Saved seed 3 checkpoint at step 88 to checkpoints/dual/coord_ring2/baseline_seed_3_step_88.msgpack
--> Saved seed 4 checkpoint at step 88 to checkpoints/dual/coord_ring2/baseline_seed_4_step_88.msgpack
--> Saved seed 0 checkpoint at step 110 to checkpoints/dual/coord_ring2/baseline_seed_0_step_110.msgpack
--> Saved seed 1 checkpoint at step 110 to checkpoints/dual/coord_ring2/baseline_seed_1_step_110.msgpack
--> Saved seed 2 checkpoint at step 110 to checkpoints/dual/coord_ring2/baseline_seed_2_step_110.msgpack
--> Saved seed 3 checkpoint at step 110 to checkpoints/dual/coord_ring2/baseline_seed_3_step_110.msgpack
--> Saved seed 4 checkpoint at step 110 to checkpoints/dual/coord_ring2/baseline_seed_4_step_110.msgpack
--> Saved seed 0 checkpoint at step 132 to checkpoints/dual/coord_ring2/baseline_seed_0_step_132.msgpack
--> Saved seed 1 checkpoint at step 132 to checkpoints/dual/coord_ring2/baseline_seed_1_step_132.msgpack
--> Saved seed 2 checkpoint at step 132 to checkpoints/dual/coord_ring2/baseline_seed_2_step_132.msgpack
--> Saved seed 3 checkpoint at step 132 to checkpoints/dual/coord_ring2/baseline_seed_3_step_132.msgpack
--> Saved seed 4 checkpoint at step 132 to checkpoints/dual/coord_ring2/baseline_seed_4_step_132.msgpack
--> Saved seed 0 checkpoint at step 154 to checkpoints/dual/coord_ring2/baseline_seed_0_step_154.msgpack
--> Saved seed 1 checkpoint at step 154 to checkpoints/dual/coord_ring2/baseline_seed_1_step_154.msgpack
--> Saved seed 2 checkpoint at step 154 to checkpoints/dual/coord_ring2/baseline_seed_2_step_154.msgpack
--> Saved seed 3 checkpoint at step 154 to checkpoints/dual/coord_ring2/baseline_seed_3_step_154.msgpack
--> Saved seed 4 checkpoint at step 154 to checkpoints/dual/coord_ring2/baseline_seed_4_step_154.msgpack
--> Saved seed 0 checkpoint at step 176 to checkpoints/dual/coord_ring2/baseline_seed_0_step_176.msgpack
--> Saved seed 1 checkpoint at step 176 to checkpoints/dual/coord_ring2/baseline_seed_1_step_176.msgpack
--> Saved seed 2 checkpoint at step 176 to checkpoints/dual/coord_ring2/baseline_seed_2_step_176.msgpack
--> Saved seed 3 checkpoint at step 176 to checkpoints/dual/coord_ring2/baseline_seed_3_step_176.msgpack
--> Saved seed 4 checkpoint at step 176 to checkpoints/dual/coord_ring2/baseline_seed_4_step_176.msgpack
--> Saved seed 0 checkpoint at step 198 to checkpoints/dual/coord_ring2/baseline_seed_0_step_198.msgpack
--> Saved seed 1 checkpoint at step 198 to checkpoints/dual/coord_ring2/baseline_seed_1_step_198.msgpack
--> Saved seed 2 checkpoint at step 198 to checkpoints/dual/coord_ring2/baseline_seed_2_step_198.msgpack
--> Saved seed 3 checkpoint at step 198 to checkpoints/dual/coord_ring2/baseline_seed_3_step_198.msgpack
--> Saved seed 4 checkpoint at step 198 to checkpoints/dual/coord_ring2/baseline_seed_4_step_198.msgpack
--> Saved seed 0 checkpoint at step 220 to checkpoints/dual/coord_ring2/baseline_seed_0_step_220.msgpack
--> Saved seed 1 checkpoint at step 220 to checkpoints/dual/coord_ring2/baseline_seed_1_step_220.msgpack
--> Saved seed 2 checkpoint at step 220 to checkpoints/dual/coord_ring2/baseline_seed_2_step_220.msgpack
--> Saved seed 3 checkpoint at step 220 to checkpoints/dual/coord_ring2/baseline_seed_3_step_220.msgpack
--> Saved seed 4 checkpoint at step 220 to checkpoints/dual/coord_ring2/baseline_seed_4_step_220.msgpack
[1;34mwandb[0m: 
[1;34mwandb[0m: 🚀 View run [33mdual_obsfront_coord_ring2[0m at: [34mhttps://wandb.ai/maytusp/oc-extended/runs/mnsyz4hn[0m
[1;34mwandb[0m: Find logs at: [1;35m../../../../../../../net/scratch/n70579mp/JaxMARL/wandb/run-20260512_114459-mnsyz4hn/logs[0m
Failed to import warp: No module named 'warp'
Failed to import mujoco_warp: No module named 'warp'
Importing submoduled environments...
Submoduled environments not found. Skipping import.
wandb: Currently logged in as: maytusp to https://api.wandb.ai. Use `wandb login --relogin` to force relogin
wandb: creating run
wandb: Tracking run with wandb version 0.21.1
wandb: Run data is saved locally in /net/scratch/n70579mp/JaxMARL/wandb/run-20260512_150818-3sn3emsr
wandb: Run `wandb offline` to turn off syncing.
wandb: Syncing run dual_obsfront_counter_circuit2
wandb: ⭐️ View project at https://wandb.ai/maytusp/oc-extended
wandb: 🚀 View run at https://wandb.ai/maytusp/oc-extended/runs/3sn3emsr
