Script directory: /mnt/iusers01/fatpou01/compsci01/n70579mp/scratch/tom/JaxMARL
Running ZSC evaluation: within-method generalisation with SP diagonal and XP off-diagonal performance.
Evaluating ZSC for method=ph2v4_ablate, layout=cramped_room5x5, prefix=checkpoints/ph2v4_ablate/, result_name=ph2v4_ablate, perspective_transform=false
Importing submoduled environments...
Submoduled environments not found. Skipping import.
/mnt/iusers01/fatpou01/compsci01/n70579mp/.conda/envs/jax/lib/python3.10/subprocess.py:1796: RuntimeWarning: os.fork() was called. os.fork() is incompatible with multithreaded code, and JAX is multithreaded, so this will likely lead to a deadlock.
  self.pid = _posixsubprocess.fork_exec(
LOADED: checkpoints/ph2v4_ablate/cramped_room5x5/baseline_seed_0_step_220.msgpack
LOADED: checkpoints/ph2v4_ablate/cramped_room5x5/baseline_seed_1_step_220.msgpack
LOADED: checkpoints/ph2v4_ablate/cramped_room5x5/baseline_seed_2_step_220.msgpack
LOADED: checkpoints/ph2v4_ablate/cramped_room5x5/baseline_seed_3_step_220.msgpack
LOADED: checkpoints/ph2v4_ablate/cramped_room5x5/baseline_seed_4_step_220.msgpack
ZSC[00, 00] = 239.628
ZSC[00, 01] = 239.700
ZSC[00, 02] = 220.089
ZSC[00, 03] = 233.164
ZSC[00, 04] = 202.791
ZSC[01, 00] = 239.869
ZSC[01, 01] = 148.997
ZSC[01, 02] = 208.222
ZSC[01, 03] = 220.041
ZSC[01, 04] = 217.995
ZSC[02, 00] = 220.031
ZSC[02, 01] = 208.417
ZSC[02, 02] = 221.045
ZSC[02, 03] = 219.239
ZSC[02, 04] = 92.637
ZSC[03, 00] = 233.020
ZSC[03, 01] = 220.725
ZSC[03, 02] = 219.367
ZSC[03, 03] = 209.253
ZSC[03, 04] = 203.766
ZSC[04, 00] = 202.600
ZSC[04, 01] = 218.397
ZSC[04, 02] = 93.136
ZSC[04, 03] = 203.600
ZSC[04, 04] = 241.078
Average SP performance (diagonal/self-copy): 212.000 +- 16.834 SE over 5 pairs
Average XP performance (off-diagonal/excluding self): 205.840 +- 9.009 SE over 20 ordered pairs
Saved ZSC results to zsc_results/ph2v4_ablate/cramped_room5x5
Saved ZSC heatmap to zsc_results/ph2v4_ablate/cramped_room5x5/xp_matrix.png
Saving best return video #1: pair (4, 4), matrix return 241.078
Saved mp4 to zsc_results/ph2v4_ablate/cramped_room5x5/vids/best_return_rank_01_pair_04_04_matrix_241.078.mp4
Video rollout return for pair (4, 4): 240.000
Saving best return video #2: pair (1, 0), matrix return 239.869
Saved mp4 to zsc_results/ph2v4_ablate/cramped_room5x5/vids/best_return_rank_02_pair_01_00_matrix_239.869.mp4
Video rollout return for pair (1, 0): 240.000
Saving best return video #3: pair (0, 1), matrix return 239.700
Saved mp4 to zsc_results/ph2v4_ablate/cramped_room5x5/vids/best_return_rank_03_pair_00_01_matrix_239.700.mp4
Video rollout return for pair (0, 1): 240.000
Saving best return video #4: pair (0, 0), matrix return 239.628
Saved mp4 to zsc_results/ph2v4_ablate/cramped_room5x5/vids/best_return_rank_04_pair_00_00_matrix_239.628.mp4
Video rollout return for pair (0, 0): 240.000
Saving best return video #5: pair (0, 3), matrix return 233.164
Saved mp4 to zsc_results/ph2v4_ablate/cramped_room5x5/vids/best_return_rank_05_pair_00_03_matrix_233.164.mp4
Video rollout return for pair (0, 3): 240.000
Saving worst return video #1: pair (2, 4), matrix return 92.637
Saved mp4 to zsc_results/ph2v4_ablate/cramped_room5x5/vids/worst_return_rank_01_pair_02_04_matrix_92.637.mp4
Video rollout return for pair (2, 4): 180.000
Saving worst return video #2: pair (4, 2), matrix return 93.136
Saved mp4 to zsc_results/ph2v4_ablate/cramped_room5x5/vids/worst_return_rank_02_pair_04_02_matrix_93.136.mp4
Video rollout return for pair (4, 2): 0.000
Saving worst return video #3: pair (1, 1), matrix return 148.997
Saved mp4 to zsc_results/ph2v4_ablate/cramped_room5x5/vids/worst_return_rank_03_pair_01_01_matrix_148.997.mp4
Video rollout return for pair (1, 1): 80.000
Saving worst return video #4: pair (4, 0), matrix return 202.600
Saved mp4 to zsc_results/ph2v4_ablate/cramped_room5x5/vids/worst_return_rank_04_pair_04_00_matrix_202.600.mp4
Video rollout return for pair (4, 0): 220.000
Saving worst return video #5: pair (0, 4), matrix return 202.791
Saved mp4 to zsc_results/ph2v4_ablate/cramped_room5x5/vids/worst_return_rank_05_pair_00_04_matrix_202.791.mp4
Video rollout return for pair (0, 4): 240.000
Evaluating ZSC for method=ph2v4_ablate, layout=counter_circuit, prefix=checkpoints/ph2v4_ablate/, result_name=ph2v4_ablate, perspective_transform=false
Importing submoduled environments...
Submoduled environments not found. Skipping import.
/mnt/iusers01/fatpou01/compsci01/n70579mp/.conda/envs/jax/lib/python3.10/subprocess.py:1796: RuntimeWarning: os.fork() was called. os.fork() is incompatible with multithreaded code, and JAX is multithreaded, so this will likely lead to a deadlock.
  self.pid = _posixsubprocess.fork_exec(
LOADED: checkpoints/ph2v4_ablate/counter_circuit/baseline_seed_0_step_380.msgpack
LOADED: checkpoints/ph2v4_ablate/counter_circuit/baseline_seed_1_step_380.msgpack
LOADED: checkpoints/ph2v4_ablate/counter_circuit/baseline_seed_2_step_380.msgpack
LOADED: checkpoints/ph2v4_ablate/counter_circuit/baseline_seed_3_step_380.msgpack
LOADED: checkpoints/ph2v4_ablate/counter_circuit/baseline_seed_4_step_380.msgpack
ZSC[00, 00] = 166.709
ZSC[00, 01] = 147.203
ZSC[00, 02] = 171.936
ZSC[00, 03] = 191.297
ZSC[00, 04] = 166.892
ZSC[01, 00] = 144.688
ZSC[01, 01] = 117.175
ZSC[01, 02] = 135.989
ZSC[01, 03] = 201.984
ZSC[01, 04] = 86.327
ZSC[02, 00] = 171.177
ZSC[02, 01] = 136.703
ZSC[02, 02] = 236.805
ZSC[02, 03] = 191.677
ZSC[02, 04] = 118.430
ZSC[03, 00] = 191.742
ZSC[03, 01] = 202.562
ZSC[03, 02] = 189.841
ZSC[03, 03] = 241.933
ZSC[03, 04] = 158.694
ZSC[04, 00] = 163.695
ZSC[04, 01] = 87.825
ZSC[04, 02] = 119.470
ZSC[04, 03] = 154.850
ZSC[04, 04] = 209.061
Average SP performance (diagonal/self-copy): 194.337 +- 23.455 SE over 5 pairs
Average XP performance (off-diagonal/excluding self): 156.649 +- 7.799 SE over 20 ordered pairs
Saved ZSC results to zsc_results/ph2v4_ablate/counter_circuit
Saved ZSC heatmap to zsc_results/ph2v4_ablate/counter_circuit/xp_matrix.png
Saving best return video #1: pair (3, 3), matrix return 241.933
Saved mp4 to zsc_results/ph2v4_ablate/counter_circuit/vids/best_return_rank_01_pair_03_03_matrix_241.933.mp4
Video rollout return for pair (3, 3): 260.000
Saving best return video #2: pair (2, 2), matrix return 236.805
Saved mp4 to zsc_results/ph2v4_ablate/counter_circuit/vids/best_return_rank_02_pair_02_02_matrix_236.805.mp4
Video rollout return for pair (2, 2): 240.000
Saving best return video #3: pair (4, 4), matrix return 209.061
Saved mp4 to zsc_results/ph2v4_ablate/counter_circuit/vids/best_return_rank_03_pair_04_04_matrix_209.061.mp4
Video rollout return for pair (4, 4): 160.000
Saving best return video #4: pair (3, 1), matrix return 202.562
Saved mp4 to zsc_results/ph2v4_ablate/counter_circuit/vids/best_return_rank_04_pair_03_01_matrix_202.562.mp4
Video rollout return for pair (3, 1): 220.000
Saving best return video #5: pair (1, 3), matrix return 201.984
Saved mp4 to zsc_results/ph2v4_ablate/counter_circuit/vids/best_return_rank_05_pair_01_03_matrix_201.984.mp4
Video rollout return for pair (1, 3): 100.000
Saving worst return video #1: pair (1, 4), matrix return 86.327
Saved mp4 to zsc_results/ph2v4_ablate/counter_circuit/vids/worst_return_rank_01_pair_01_04_matrix_86.327.mp4
Video rollout return for pair (1, 4): 0.000
Saving worst return video #2: pair (4, 1), matrix return 87.825
Saved mp4 to zsc_results/ph2v4_ablate/counter_circuit/vids/worst_return_rank_02_pair_04_01_matrix_87.825.mp4
Video rollout return for pair (4, 1): 140.000
Saving worst return video #3: pair (1, 1), matrix return 117.175
Saved mp4 to zsc_results/ph2v4_ablate/counter_circuit/vids/worst_return_rank_03_pair_01_01_matrix_117.175.mp4
Video rollout return for pair (1, 1): 200.000
Saving worst return video #4: pair (2, 4), matrix return 118.430
Saved mp4 to zsc_results/ph2v4_ablate/counter_circuit/vids/worst_return_rank_04_pair_02_04_matrix_118.430.mp4
Video rollout return for pair (2, 4): 140.000
Saving worst return video #5: pair (4, 2), matrix return 119.470
Saved mp4 to zsc_results/ph2v4_ablate/counter_circuit/vids/worst_return_rank_05_pair_04_02_matrix_119.470.mp4
Video rollout return for pair (4, 2): 180.000
Evaluating ZSC for method=ph2v4_ablate, layout=coord_ring, prefix=checkpoints/ph2v4_ablate/, result_name=ph2v4_ablate, perspective_transform=false
Importing submoduled environments...
Submoduled environments not found. Skipping import.
/mnt/iusers01/fatpou01/compsci01/n70579mp/.conda/envs/jax/lib/python3.10/subprocess.py:1796: RuntimeWarning: os.fork() was called. os.fork() is incompatible with multithreaded code, and JAX is multithreaded, so this will likely lead to a deadlock.
  self.pid = _posixsubprocess.fork_exec(
LOADED: checkpoints/ph2v4_ablate/coord_ring/baseline_seed_0_step_220.msgpack
LOADED: checkpoints/ph2v4_ablate/coord_ring/baseline_seed_1_step_220.msgpack
LOADED: checkpoints/ph2v4_ablate/coord_ring/baseline_seed_2_step_220.msgpack
LOADED: checkpoints/ph2v4_ablate/coord_ring/baseline_seed_3_step_220.msgpack
LOADED: checkpoints/ph2v4_ablate/coord_ring/baseline_seed_4_step_220.msgpack
ZSC[00, 00] = 297.344
ZSC[00, 01] = 270.933
ZSC[00, 02] = 278.398
ZSC[00, 03] = 185.878
ZSC[00, 04] = 237.923
ZSC[01, 00] = 269.709
ZSC[01, 01] = 252.316
ZSC[01, 02] = 240.495
ZSC[01, 03] = 189.570
ZSC[01, 04] = 213.653
ZSC[02, 00] = 278.839
ZSC[02, 01] = 239.959
ZSC[02, 02] = 315.906
ZSC[02, 03] = 185.645
ZSC[02, 04] = 223.422
ZSC[03, 00] = 185.605
ZSC[03, 01] = 190.383
ZSC[03, 02] = 185.783
ZSC[03, 03] = 238.862
ZSC[03, 04] = 175.267
ZSC[04, 00] = 236.850
ZSC[04, 01] = 214.856
ZSC[04, 02] = 223.755
ZSC[04, 03] = 175.228
ZSC[04, 04] = 292.806
Average SP performance (diagonal/self-copy): 279.447 +- 14.511 SE over 5 pairs
Average XP performance (off-diagonal/excluding self): 220.108 +- 7.941 SE over 20 ordered pairs
Saved ZSC results to zsc_results/ph2v4_ablate/coord_ring
Saved ZSC heatmap to zsc_results/ph2v4_ablate/coord_ring/xp_matrix.png
Saving best return video #1: pair (2, 2), matrix return 315.906
Saved mp4 to zsc_results/ph2v4_ablate/coord_ring/vids/best_return_rank_01_pair_02_02_matrix_315.906.mp4
Video rollout return for pair (2, 2): 320.000
Saving best return video #2: pair (0, 0), matrix return 297.344
Saved mp4 to zsc_results/ph2v4_ablate/coord_ring/vids/best_return_rank_02_pair_00_00_matrix_297.344.mp4
Video rollout return for pair (0, 0): 300.000
Saving best return video #3: pair (4, 4), matrix return 292.806
Saved mp4 to zsc_results/ph2v4_ablate/coord_ring/vids/best_return_rank_03_pair_04_04_matrix_292.806.mp4
Video rollout return for pair (4, 4): 300.000
Saving best return video #4: pair (2, 0), matrix return 278.839
Saved mp4 to zsc_results/ph2v4_ablate/coord_ring/vids/best_return_rank_04_pair_02_00_matrix_278.839.mp4
Video rollout return for pair (2, 0): 0.000
Saving best return video #5: pair (0, 2), matrix return 278.398
Saved mp4 to zsc_results/ph2v4_ablate/coord_ring/vids/best_return_rank_05_pair_00_02_matrix_278.398.mp4
Video rollout return for pair (0, 2): 260.000
Saving worst return video #1: pair (4, 3), matrix return 175.228
Saved mp4 to zsc_results/ph2v4_ablate/coord_ring/vids/worst_return_rank_01_pair_04_03_matrix_175.228.mp4
Video rollout return for pair (4, 3): 160.000
Saving worst return video #2: pair (3, 4), matrix return 175.267
Saved mp4 to zsc_results/ph2v4_ablate/coord_ring/vids/worst_return_rank_02_pair_03_04_matrix_175.267.mp4
Video rollout return for pair (3, 4): 160.000
Saving worst return video #3: pair (3, 0), matrix return 185.605
Saved mp4 to zsc_results/ph2v4_ablate/coord_ring/vids/worst_return_rank_03_pair_03_00_matrix_185.605.mp4
Video rollout return for pair (3, 0): 240.000
Saving worst return video #4: pair (2, 3), matrix return 185.645
Saved mp4 to zsc_results/ph2v4_ablate/coord_ring/vids/worst_return_rank_04_pair_02_03_matrix_185.645.mp4
Video rollout return for pair (2, 3): 100.000
Saving worst return video #5: pair (3, 2), matrix return 185.783
Saved mp4 to zsc_results/ph2v4_ablate/coord_ring/vids/worst_return_rank_05_pair_03_02_matrix_185.783.mp4
Video rollout return for pair (3, 2): 100.000
