Script directory: /mnt/iusers01/fatpou01/compsci01/n70579mp/scratch/tom/JaxMARL
Importing submoduled environments...
Submoduled environments not found. Skipping import.
wandb: [wandb.login()] Loaded credentials for https://api.wandb.ai from /mnt/iusers01/fatpou01/compsci01/n70579mp/.netrc.
wandb: Currently logged in as: maytusp to https://api.wandb.ai. Use `wandb login --relogin` to force relogin
wandb: setting up run a6nxwcte
wandb: Tracking run with wandb version 0.27.2
wandb: Run data is saved locally in /net/scratch/n70579mp/tom/JaxMARL/wandb/run-20260630_100551-a6nxwcte
wandb: Run `wandb offline` to turn off syncing.
wandb: Syncing run pbt_obsfront_cramped_room5x5
wandb: ⭐️ View project at https://wandb.ai/maytusp/prepare_fcp_partner
wandb: 🚀 View run at https://wandb.ai/maytusp/prepare_fcp_partner/runs/a6nxwcte

PBT ITERATION NUM 1
Training agent 3 (1) with agent 3 fixed (pbt 1/10, sel 1/16)
Training agent 0 (1) with agent 1 fixed (pbt 1/10, sel 2/16)
Training agent 0 (2) with agent 3 fixed (pbt 1/10, sel 3/16)
Training agent 3 (2) with agent 1 fixed (pbt 1/10, sel 4/16)
Training agent 3 (3) with agent 0 fixed (pbt 1/10, sel 5/16)
Training agent 1 (1) with agent 3 fixed (pbt 1/10, sel 6/16)
Training agent 1 (2) with agent 1 fixed (pbt 1/10, sel 7/16)
Training agent 3 (4) with agent 2 fixed (pbt 1/10, sel 8/16)
Training agent 2 (1) with agent 1 fixed (pbt 1/10, sel 9/16)
Training agent 1 (3) with agent 2 fixed (pbt 1/10, sel 10/16)
Training agent 1 (4) with agent 0 fixed (pbt 1/10, sel 11/16)
Training agent 2 (2) with agent 3 fixed (pbt 1/10, sel 12/16)
Training agent 0 (3) with agent 2 fixed (pbt 1/10, sel 13/16)
Training agent 0 (4) with agent 0 fixed (pbt 1/10, sel 14/16)
Training agent 2 (3) with agent 0 fixed (pbt 1/10, sel 15/16)
Training agent 2 (4) with agent 2 fixed (pbt 1/10, sel 16/16)
Evaluated agent 0 and 0: dense_per_step=0.1466
Evaluated agent 0 and 1: dense_per_step=0.0918
Evaluated agent 0 and 2: dense_per_step=0.0857
Evaluated agent 0 and 3: dense_per_step=0.1007
Evaluated agent 1 and 1: dense_per_step=0.0666
Evaluated agent 1 and 2: dense_per_step=0.0520
Evaluated agent 1 and 3: dense_per_step=0.1133
Evaluated agent 2 and 2: dense_per_step=0.1014
Evaluated agent 2 and 3: dense_per_step=0.0989
Evaluated agent 3 and 3: dense_per_step=0.0935
--> Saved PBT population member 0 at step 1 to checkpoints/pbt/cramped_room5x5/baseline_seed_0_step_1.msgpack
--> Saved PBT population member 1 at step 1 to checkpoints/pbt/cramped_room5x5/baseline_seed_1_step_1.msgpack
--> Saved PBT population member 2 at step 1 to checkpoints/pbt/cramped_room5x5/baseline_seed_2_step_1.msgpack
--> Saved PBT population member 3 at step 1 to checkpoints/pbt/cramped_room5x5/baseline_seed_3_step_1.msgpack
Overwrote worst model 1 (0.0809) with best model 0 (0.1062); mutations={}

PBT ITERATION NUM 2
Training agent 3 (5) with agent 3 fixed (pbt 2/10, sel 1/16)
Training agent 0 (5) with agent 2 fixed (pbt 2/10, sel 2/16)
Training agent 3 (6) with agent 0 fixed (pbt 2/10, sel 3/16)
Training agent 3 (7) with agent 2 fixed (pbt 2/10, sel 4/16)
Training agent 0 (6) with agent 1 fixed (pbt 2/10, sel 5/16)
Training agent 2 (5) with agent 1 fixed (pbt 2/10, sel 6/16)
Training agent 1 (5) with agent 1 fixed (pbt 2/10, sel 7/16)
Training agent 3 (8) with agent 1 fixed (pbt 2/10, sel 8/16)
Training agent 1 (6) with agent 2 fixed (pbt 2/10, sel 9/16)
Training agent 0 (7) with agent 0 fixed (pbt 2/10, sel 10/16)
Training agent 2 (6) with agent 3 fixed (pbt 2/10, sel 11/16)
Training agent 1 (7) with agent 0 fixed (pbt 2/10, sel 12/16)
Training agent 2 (7) with agent 2 fixed (pbt 2/10, sel 13/16)
Training agent 1 (8) with agent 3 fixed (pbt 2/10, sel 14/16)
Training agent 0 (8) with agent 3 fixed (pbt 2/10, sel 15/16)
Training agent 2 (8) with agent 0 fixed (pbt 2/10, sel 16/16)
Evaluated agent 0 and 0: dense_per_step=0.1884
Evaluated agent 0 and 1: dense_per_step=0.1555
Evaluated agent 0 and 2: dense_per_step=0.1903
Evaluated agent 0 and 3: dense_per_step=0.1670
Evaluated agent 1 and 1: dense_per_step=0.0945
Evaluated agent 1 and 2: dense_per_step=0.1801
Evaluated agent 1 and 3: dense_per_step=0.1469
Evaluated agent 2 and 2: dense_per_step=0.1076
Evaluated agent 2 and 3: dense_per_step=0.1019
Evaluated agent 3 and 3: dense_per_step=0.1499
--> Saved PBT population member 0 at step 2 to checkpoints/pbt/cramped_room5x5/baseline_seed_0_step_2.msgpack
--> Saved PBT population member 1 at step 2 to checkpoints/pbt/cramped_room5x5/baseline_seed_1_step_2.msgpack
--> Saved PBT population member 2 at step 2 to checkpoints/pbt/cramped_room5x5/baseline_seed_2_step_2.msgpack
--> Saved PBT population member 3 at step 2 to checkpoints/pbt/cramped_room5x5/baseline_seed_3_step_2.msgpack
Overwrote worst model 3 (0.1414) with best model 0 (0.1753); mutations={'GAE_LAMBDA': (0.95, 0.9249999999999999, 0.75)}

PBT ITERATION NUM 3
Training agent 0 (9) with agent 2 fixed (pbt 3/10, sel 1/16)
Training agent 2 (9) with agent 0 fixed (pbt 3/10, sel 2/16)
Training agent 2 (10) with agent 1 fixed (pbt 3/10, sel 3/16)
Training agent 3 (9) with agent 1 fixed (pbt 3/10, sel 4/16)
Training agent 3 (10) with agent 2 fixed (pbt 3/10, sel 5/16)
Training agent 0 (10) with agent 3 fixed (pbt 3/10, sel 6/16)
Training agent 2 (11) with agent 2 fixed (pbt 3/10, sel 7/16)
Training agent 1 (9) with agent 3 fixed (pbt 3/10, sel 8/16)
Training agent 2 (12) with agent 3 fixed (pbt 3/10, sel 9/16)
Training agent 3 (11) with agent 3 fixed (pbt 3/10, sel 10/16)
Training agent 0 (11) with agent 1 fixed (pbt 3/10, sel 11/16)
Training agent 1 (10) with agent 1 fixed (pbt 3/10, sel 12/16)
Training agent 0 (12) with agent 0 fixed (pbt 3/10, sel 13/16)
Training agent 1 (11) with agent 0 fixed (pbt 3/10, sel 14/16)
Training agent 1 (12) with agent 2 fixed (pbt 3/10, sel 15/16)
Training agent 3 (12) with agent 0 fixed (pbt 3/10, sel 16/16)
Evaluated agent 0 and 0: dense_per_step=0.2671
Evaluated agent 0 and 1: dense_per_step=0.3080
Evaluated agent 0 and 2: dense_per_step=0.2756
Evaluated agent 0 and 3: dense_per_step=0.2852
Evaluated agent 1 and 1: dense_per_step=0.3039
Evaluated agent 1 and 2: dense_per_step=0.2495
Evaluated agent 1 and 3: dense_per_step=0.2606
Evaluated agent 2 and 2: dense_per_step=0.1038
Evaluated agent 2 and 3: dense_per_step=0.1823
Evaluated agent 3 and 3: dense_per_step=0.1975
--> Saved PBT population member 0 at step 3 to checkpoints/pbt/cramped_room5x5/baseline_seed_0_step_3.msgpack
--> Saved PBT population member 1 at step 3 to checkpoints/pbt/cramped_room5x5/baseline_seed_1_step_3.msgpack
--> Saved PBT population member 2 at step 3 to checkpoints/pbt/cramped_room5x5/baseline_seed_2_step_3.msgpack
--> Saved PBT population member 3 at step 3 to checkpoints/pbt/cramped_room5x5/baseline_seed_3_step_3.msgpack
Overwrote worst model 2 (0.2028) with best model 0 (0.2840); mutations={}

PBT ITERATION NUM 4
Training agent 3 (13) with agent 0 fixed (pbt 4/10, sel 1/16)
Training agent 3 (14) with agent 1 fixed (pbt 4/10, sel 2/16)
Training agent 2 (13) with agent 1 fixed (pbt 4/10, sel 3/16)
Training agent 2 (14) with agent 3 fixed (pbt 4/10, sel 4/16)
Training agent 0 (13) with agent 0 fixed (pbt 4/10, sel 5/16)
Training agent 0 (14) with agent 3 fixed (pbt 4/10, sel 6/16)
Training agent 3 (15) with agent 2 fixed (pbt 4/10, sel 7/16)
Training agent 1 (13) with agent 3 fixed (pbt 4/10, sel 8/16)
Training agent 3 (16) with agent 3 fixed (pbt 4/10, sel 9/16)
Training agent 2 (15) with agent 2 fixed (pbt 4/10, sel 10/16)
Training agent 1 (14) with agent 1 fixed (pbt 4/10, sel 11/16)
Training agent 1 (15) with agent 0 fixed (pbt 4/10, sel 12/16)
Training agent 0 (15) with agent 2 fixed (pbt 4/10, sel 13/16)
Training agent 0 (16) with agent 1 fixed (pbt 4/10, sel 14/16)
Training agent 2 (16) with agent 0 fixed (pbt 4/10, sel 15/16)
Training agent 1 (16) with agent 2 fixed (pbt 4/10, sel 16/16)
Evaluated agent 0 and 0: dense_per_step=0.3949
Evaluated agent 0 and 1: dense_per_step=0.4175
Evaluated agent 0 and 2: dense_per_step=0.4117
Evaluated agent 0 and 3: dense_per_step=0.4215
Evaluated agent 1 and 1: dense_per_step=0.4128
Evaluated agent 1 and 2: dense_per_step=0.4110
Evaluated agent 1 and 3: dense_per_step=0.4776
Evaluated agent 2 and 2: dense_per_step=0.4152
Evaluated agent 2 and 3: dense_per_step=0.4089
Evaluated agent 3 and 3: dense_per_step=0.4325
--> Saved PBT population member 0 at step 4 to checkpoints/pbt/cramped_room5x5/baseline_seed_0_step_4.msgpack
--> Saved PBT population member 1 at step 4 to checkpoints/pbt/cramped_room5x5/baseline_seed_1_step_4.msgpack
--> Saved PBT population member 2 at step 4 to checkpoints/pbt/cramped_room5x5/baseline_seed_2_step_4.msgpack
--> Saved PBT population member 3 at step 4 to checkpoints/pbt/cramped_room5x5/baseline_seed_3_step_4.msgpack
Overwrote worst model 0 (0.4114) with best model 3 (0.4351); mutations={'UPDATE_EPOCHS': (4, 5, 1.25), 'ENT_COEF': (0.01, 0.0075, 0.75)}

PBT ITERATION NUM 5
Training agent 3 (17) with agent 3 fixed (pbt 5/10, sel 1/16)
Training agent 0 (17) with agent 2 fixed (pbt 5/10, sel 2/16)
Training agent 0 (18) with agent 3 fixed (pbt 5/10, sel 3/16)
Training agent 1 (17) with agent 0 fixed (pbt 5/10, sel 4/16)
Training agent 3 (18) with agent 1 fixed (pbt 5/10, sel 5/16)
Training agent 3 (19) with agent 2 fixed (pbt 5/10, sel 6/16)
Training agent 2 (17) with agent 0 fixed (pbt 5/10, sel 7/16)
Training agent 2 (18) with agent 1 fixed (pbt 5/10, sel 8/16)
Training agent 1 (18) with agent 1 fixed (pbt 5/10, sel 9/16)
Training agent 1 (19) with agent 3 fixed (pbt 5/10, sel 10/16)
Training agent 0 (19) with agent 0 fixed (pbt 5/10, sel 11/16)
Training agent 3 (20) with agent 0 fixed (pbt 5/10, sel 12/16)
Training agent 1 (20) with agent 2 fixed (pbt 5/10, sel 13/16)
Training agent 0 (20) with agent 1 fixed (pbt 5/10, sel 14/16)
Training agent 2 (19) with agent 3 fixed (pbt 5/10, sel 15/16)
Training agent 2 (20) with agent 2 fixed (pbt 5/10, sel 16/16)
Evaluated agent 0 and 0: dense_per_step=0.5230
Evaluated agent 0 and 1: dense_per_step=0.6116
Evaluated agent 0 and 2: dense_per_step=0.5351
Evaluated agent 0 and 3: dense_per_step=0.5065
Evaluated agent 1 and 1: dense_per_step=0.5388
Evaluated agent 1 and 2: dense_per_step=0.5132
Evaluated agent 1 and 3: dense_per_step=0.5015
Evaluated agent 2 and 2: dense_per_step=0.4342
Evaluated agent 2 and 3: dense_per_step=0.4792
Evaluated agent 3 and 3: dense_per_step=0.5270
--> Saved PBT population member 0 at step 5 to checkpoints/pbt/cramped_room5x5/baseline_seed_0_step_5.msgpack
--> Saved PBT population member 1 at step 5 to checkpoints/pbt/cramped_room5x5/baseline_seed_1_step_5.msgpack
--> Saved PBT population member 2 at step 5 to checkpoints/pbt/cramped_room5x5/baseline_seed_2_step_5.msgpack
--> Saved PBT population member 3 at step 5 to checkpoints/pbt/cramped_room5x5/baseline_seed_3_step_5.msgpack
Overwrote worst model 2 (0.4904) with best model 0 (0.5440); mutations={'UPDATE_EPOCHS': (5, 4, 0.75)}

PBT ITERATION NUM 6
Training agent 1 (21) with agent 0 fixed (pbt 6/10, sel 1/16)
Training agent 0 (21) with agent 3 fixed (pbt 6/10, sel 2/16)
Training agent 2 (21) with agent 0 fixed (pbt 6/10, sel 3/16)
Training agent 3 (21) with agent 1 fixed (pbt 6/10, sel 4/16)
Training agent 1 (22) with agent 3 fixed (pbt 6/10, sel 5/16)
Training agent 0 (22) with agent 0 fixed (pbt 6/10, sel 6/16)
Training agent 2 (22) with agent 2 fixed (pbt 6/10, sel 7/16)
Training agent 3 (22) with agent 0 fixed (pbt 6/10, sel 8/16)
Training agent 0 (23) with agent 2 fixed (pbt 6/10, sel 9/16)
Training agent 3 (23) with agent 2 fixed (pbt 6/10, sel 10/16)
Training agent 1 (23) with agent 1 fixed (pbt 6/10, sel 11/16)
Training agent 2 (23) with agent 3 fixed (pbt 6/10, sel 12/16)
Training agent 1 (24) with agent 2 fixed (pbt 6/10, sel 13/16)
Training agent 2 (24) with agent 1 fixed (pbt 6/10, sel 14/16)
Training agent 3 (24) with agent 3 fixed (pbt 6/10, sel 15/16)
Training agent 0 (24) with agent 1 fixed (pbt 6/10, sel 16/16)
Evaluated agent 0 and 0: dense_per_step=0.5831
Evaluated agent 0 and 1: dense_per_step=0.5435
Evaluated agent 0 and 2: dense_per_step=0.5783
Evaluated agent 0 and 3: dense_per_step=0.5505
Evaluated agent 1 and 1: dense_per_step=0.6218
Evaluated agent 1 and 2: dense_per_step=0.5785
Evaluated agent 1 and 3: dense_per_step=0.5697
Evaluated agent 2 and 2: dense_per_step=0.5865
Evaluated agent 2 and 3: dense_per_step=0.5567
Evaluated agent 3 and 3: dense_per_step=0.5415
--> Saved PBT population member 0 at step 6 to checkpoints/pbt/cramped_room5x5/baseline_seed_0_step_6.msgpack
--> Saved PBT population member 1 at step 6 to checkpoints/pbt/cramped_room5x5/baseline_seed_1_step_6.msgpack
--> Saved PBT population member 2 at step 6 to checkpoints/pbt/cramped_room5x5/baseline_seed_2_step_6.msgpack
--> Saved PBT population member 3 at step 6 to checkpoints/pbt/cramped_room5x5/baseline_seed_3_step_6.msgpack
Overwrote worst model 3 (0.5546) with best model 1 (0.5784); mutations={'ENT_COEF': (0.01, 0.0125, 1.25), 'VF_COEF': (0.5, 0.375, 0.75)}

PBT ITERATION NUM 7
Training agent 3 (25) with agent 2 fixed (pbt 7/10, sel 1/16)
Training agent 2 (25) with agent 3 fixed (pbt 7/10, sel 2/16)
Training agent 0 (25) with agent 0 fixed (pbt 7/10, sel 3/16)
Training agent 3 (26) with agent 3 fixed (pbt 7/10, sel 4/16)
Training agent 0 (26) with agent 3 fixed (pbt 7/10, sel 5/16)
Training agent 2 (26) with agent 1 fixed (pbt 7/10, sel 6/16)
Training agent 1 (25) with agent 1 fixed (pbt 7/10, sel 7/16)
Training agent 3 (27) with agent 1 fixed (pbt 7/10, sel 8/16)
Training agent 1 (26) with agent 0 fixed (pbt 7/10, sel 9/16)
Training agent 2 (27) with agent 0 fixed (pbt 7/10, sel 10/16)
Training agent 2 (28) with agent 2 fixed (pbt 7/10, sel 11/16)
Training agent 1 (27) with agent 2 fixed (pbt 7/10, sel 12/16)
Training agent 3 (28) with agent 0 fixed (pbt 7/10, sel 13/16)
Training agent 0 (27) with agent 2 fixed (pbt 7/10, sel 14/16)
Training agent 1 (28) with agent 3 fixed (pbt 7/10, sel 15/16)
Training agent 0 (28) with agent 1 fixed (pbt 7/10, sel 16/16)
Evaluated agent 0 and 0: dense_per_step=0.6119
Evaluated agent 0 and 1: dense_per_step=0.6123
Evaluated agent 0 and 2: dense_per_step=0.6309
Evaluated agent 0 and 3: dense_per_step=0.6627
Evaluated agent 1 and 1: dense_per_step=0.6132
Evaluated agent 1 and 2: dense_per_step=0.6645
Evaluated agent 1 and 3: dense_per_step=0.6588
Evaluated agent 2 and 2: dense_per_step=0.5985
Evaluated agent 2 and 3: dense_per_step=0.6598
Evaluated agent 3 and 3: dense_per_step=0.6318
--> Saved PBT population member 0 at step 7 to checkpoints/pbt/cramped_room5x5/baseline_seed_0_step_7.msgpack
--> Saved PBT population member 1 at step 7 to checkpoints/pbt/cramped_room5x5/baseline_seed_1_step_7.msgpack
--> Saved PBT population member 2 at step 7 to checkpoints/pbt/cramped_room5x5/baseline_seed_2_step_7.msgpack
--> Saved PBT population member 3 at step 7 to checkpoints/pbt/cramped_room5x5/baseline_seed_3_step_7.msgpack
Overwrote worst model 0 (0.6294) with best model 3 (0.6533); mutations={'LR': (0.00025, 0.0001875, 0.75)}

PBT ITERATION NUM 8
Training agent 1 (29) with agent 1 fixed (pbt 8/10, sel 1/16)
Training agent 3 (29) with agent 2 fixed (pbt 8/10, sel 2/16)
Training agent 2 (29) with agent 2 fixed (pbt 8/10, sel 3/16)
Training agent 1 (30) with agent 3 fixed (pbt 8/10, sel 4/16)
Training agent 0 (29) with agent 2 fixed (pbt 8/10, sel 5/16)
Training agent 3 (30) with agent 1 fixed (pbt 8/10, sel 6/16)
Training agent 2 (30) with agent 1 fixed (pbt 8/10, sel 7/16)
Training agent 1 (31) with agent 0 fixed (pbt 8/10, sel 8/16)
Training agent 0 (30) with agent 3 fixed (pbt 8/10, sel 9/16)
Training agent 3 (31) with agent 3 fixed (pbt 8/10, sel 10/16)
Training agent 3 (32) with agent 0 fixed (pbt 8/10, sel 11/16)
Training agent 2 (31) with agent 3 fixed (pbt 8/10, sel 12/16)
Training agent 2 (32) with agent 0 fixed (pbt 8/10, sel 13/16)
Training agent 0 (31) with agent 1 fixed (pbt 8/10, sel 14/16)
Training agent 0 (32) with agent 0 fixed (pbt 8/10, sel 15/16)
Training agent 1 (32) with agent 2 fixed (pbt 8/10, sel 16/16)
Evaluated agent 0 and 0: dense_per_step=0.6841
Evaluated agent 0 and 1: dense_per_step=0.6296
Evaluated agent 0 and 2: dense_per_step=0.6782
Evaluated agent 0 and 3: dense_per_step=0.7042
Evaluated agent 1 and 1: dense_per_step=0.6509
Evaluated agent 1 and 2: dense_per_step=0.6295
Evaluated agent 1 and 3: dense_per_step=0.6438
Evaluated agent 2 and 2: dense_per_step=0.6359
Evaluated agent 2 and 3: dense_per_step=0.6803
Evaluated agent 3 and 3: dense_per_step=0.6305
--> Saved PBT population member 0 at step 8 to checkpoints/pbt/cramped_room5x5/baseline_seed_0_step_8.msgpack
--> Saved PBT population member 1 at step 8 to checkpoints/pbt/cramped_room5x5/baseline_seed_1_step_8.msgpack
--> Saved PBT population member 2 at step 8 to checkpoints/pbt/cramped_room5x5/baseline_seed_2_step_8.msgpack
--> Saved PBT population member 3 at step 8 to checkpoints/pbt/cramped_room5x5/baseline_seed_3_step_8.msgpack
Overwrote worst model 1 (0.6384) with best model 0 (0.6740); mutations={'GAE_LAMBDA': (0.95, 0.975, 0.75), 'LR': (0.0001875, 0.000234375, 1.25)}

PBT ITERATION NUM 9
Training agent 0 (33) with agent 1 fixed (pbt 9/10, sel 1/16)
Training agent 2 (33) with agent 0 fixed (pbt 9/10, sel 2/16)
Training agent 3 (33) with agent 2 fixed (pbt 9/10, sel 3/16)
Training agent 0 (34) with agent 2 fixed (pbt 9/10, sel 4/16)
Training agent 3 (34) with agent 1 fixed (pbt 9/10, sel 5/16)
Training agent 2 (34) with agent 1 fixed (pbt 9/10, sel 6/16)
Training agent 0 (35) with agent 0 fixed (pbt 9/10, sel 7/16)
Training agent 2 (35) with agent 3 fixed (pbt 9/10, sel 8/16)
Training agent 3 (35) with agent 3 fixed (pbt 9/10, sel 9/16)
Training agent 0 (36) with agent 3 fixed (pbt 9/10, sel 10/16)
Training agent 3 (36) with agent 0 fixed (pbt 9/10, sel 11/16)
Training agent 1 (33) with agent 3 fixed (pbt 9/10, sel 12/16)
Training agent 1 (34) with agent 0 fixed (pbt 9/10, sel 13/16)
Training agent 1 (35) with agent 1 fixed (pbt 9/10, sel 14/16)
Training agent 2 (36) with agent 2 fixed (pbt 9/10, sel 15/16)
Training agent 1 (36) with agent 2 fixed (pbt 9/10, sel 16/16)
Evaluated agent 0 and 0: dense_per_step=0.7516
Evaluated agent 0 and 1: dense_per_step=0.7307
Evaluated agent 0 and 2: dense_per_step=0.7627
Evaluated agent 0 and 3: dense_per_step=0.7502
Evaluated agent 1 and 1: dense_per_step=0.7395
Evaluated agent 1 and 2: dense_per_step=0.7497
Evaluated agent 1 and 3: dense_per_step=0.6964
Evaluated agent 2 and 2: dense_per_step=0.7435
Evaluated agent 2 and 3: dense_per_step=0.7371
Evaluated agent 3 and 3: dense_per_step=0.7353
--> Saved PBT population member 0 at step 9 to checkpoints/pbt/cramped_room5x5/baseline_seed_0_step_9.msgpack
--> Saved PBT population member 1 at step 9 to checkpoints/pbt/cramped_room5x5/baseline_seed_1_step_9.msgpack
--> Saved PBT population member 2 at step 9 to checkpoints/pbt/cramped_room5x5/baseline_seed_2_step_9.msgpack
--> Saved PBT population member 3 at step 9 to checkpoints/pbt/cramped_room5x5/baseline_seed_3_step_9.msgpack
Overwrote worst model 1 (0.7291) with best model 0 (0.7488); mutations={}

PBT ITERATION NUM 10
Training agent 2 (37) with agent 1 fixed (pbt 10/10, sel 1/16)
Training agent 0 (37) with agent 3 fixed (pbt 10/10, sel 2/16)
Training agent 3 (37) with agent 1 fixed (pbt 10/10, sel 3/16)
Training agent 1 (37) with agent 2 fixed (pbt 10/10, sel 4/16)
Training agent 0 (38) with agent 2 fixed (pbt 10/10, sel 5/16)
Training agent 1 (38) with agent 0 fixed (pbt 10/10, sel 6/16)
Training agent 3 (38) with agent 2 fixed (pbt 10/10, sel 7/16)
Training agent 1 (39) with agent 1 fixed (pbt 10/10, sel 8/16)
Training agent 3 (39) with agent 3 fixed (pbt 10/10, sel 9/16)
Training agent 2 (38) with agent 2 fixed (pbt 10/10, sel 10/16)
Training agent 1 (40) with agent 3 fixed (pbt 10/10, sel 11/16)
Training agent 3 (40) with agent 0 fixed (pbt 10/10, sel 12/16)
Training agent 0 (39) with agent 0 fixed (pbt 10/10, sel 13/16)
Training agent 2 (39) with agent 0 fixed (pbt 10/10, sel 14/16)
Training agent 2 (40) with agent 3 fixed (pbt 10/10, sel 15/16)
Training agent 0 (40) with agent 1 fixed (pbt 10/10, sel 16/16)
Evaluated agent 0 and 0: dense_per_step=0.7595
Evaluated agent 0 and 1: dense_per_step=0.7182
Evaluated agent 0 and 2: dense_per_step=0.7767
Evaluated agent 0 and 3: dense_per_step=0.7566
Evaluated agent 1 and 1: dense_per_step=0.7381
Evaluated agent 1 and 2: dense_per_step=0.7747
Evaluated agent 1 and 3: dense_per_step=0.7541
Evaluated agent 2 and 2: dense_per_step=0.7438
Evaluated agent 2 and 3: dense_per_step=0.7373
Evaluated agent 3 and 3: dense_per_step=0.7461
--> Saved PBT population member 0 at step 10 to checkpoints/pbt/cramped_room5x5/baseline_seed_0_step_10.msgpack
--> Saved PBT population member 1 at step 10 to checkpoints/pbt/cramped_room5x5/baseline_seed_1_step_10.msgpack
--> Saved PBT population member 2 at step 10 to checkpoints/pbt/cramped_room5x5/baseline_seed_2_step_10.msgpack
--> Saved PBT population member 3 at step 10 to checkpoints/pbt/cramped_room5x5/baseline_seed_3_step_10.msgpack
Final PBT iteration complete; skipped exploit so final population checkpoints are not duplicated by a last copy.
--> Saved PBT population member 0 at step 10 to checkpoints/pbt/cramped_room5x5/baseline_seed_0_step_10.msgpack
--> Saved PBT population member 1 at step 10 to checkpoints/pbt/cramped_room5x5/baseline_seed_1_step_10.msgpack
--> Saved PBT population member 2 at step 10 to checkpoints/pbt/cramped_room5x5/baseline_seed_2_step_10.msgpack
--> Saved PBT population member 3 at step 10 to checkpoints/pbt/cramped_room5x5/baseline_seed_3_step_10.msgpack
[1;34mwandb[0m: 
[1;34mwandb[0m: 🚀 View run [33mpbt_obsfront_cramped_room5x5[0m at: [34mhttps://wandb.ai/maytusp/prepare_fcp_partner/runs/a6nxwcte[0m
[1;34mwandb[0m: Find logs at: [1;35m../../../../../../../../net/scratch/n70579mp/tom/JaxMARL/wandb/run-20260630_100551-a6nxwcte/logs[0m
