Script directory: /mnt/iusers01/fatpou01/compsci01/n70579mp/scratch/tom/JaxMARL
Running ZSC evaluation: within-method generalisation with SP diagonal and XP off-diagonal performance.
Evaluating ZSC for method=lmpred_ema_gamma0, layout=cramped_room5x5, prefix=checkpoints/lmpred_ema_gamma0/, result_name=lmpred_ema_gamma0, perspective_transform=true
Importing submoduled environments...
Submoduled environments not found. Skipping import.
/mnt/iusers01/fatpou01/compsci01/n70579mp/.conda/envs/jax/lib/python3.10/subprocess.py:1796: RuntimeWarning: os.fork() was called. os.fork() is incompatible with multithreaded code, and JAX is multithreaded, so this will likely lead to a deadlock.
  self.pid = _posixsubprocess.fork_exec(
LOADED: checkpoints/lmpred_ema_gamma0/cramped_room5x5/baseline_seed_0_step_220.msgpack
LOADED: checkpoints/lmpred_ema_gamma0/cramped_room5x5/baseline_seed_1_step_220.msgpack
LOADED: checkpoints/lmpred_ema_gamma0/cramped_room5x5/baseline_seed_2_step_220.msgpack
LOADED: checkpoints/lmpred_ema_gamma0/cramped_room5x5/baseline_seed_3_step_220.msgpack
LOADED: checkpoints/lmpred_ema_gamma0/cramped_room5x5/baseline_seed_4_step_220.msgpack
ZSC[00, 00] = 229.880
ZSC[00, 01] = 204.694
ZSC[00, 02] = 200.814
ZSC[00, 03] = 204.409
ZSC[00, 04] = 202.734
ZSC[01, 00] = 203.345
ZSC[01, 01] = 221.194
ZSC[01, 02] = 218.952
ZSC[01, 03] = 226.389
ZSC[01, 04] = 200.483
ZSC[02, 00] = 200.802
ZSC[02, 01] = 218.417
ZSC[02, 02] = 247.706
ZSC[02, 03] = 221.748
ZSC[02, 04] = 226.947
ZSC[03, 00] = 204.917
ZSC[03, 01] = 226.639
ZSC[03, 02] = 222.252
ZSC[03, 03] = 220.273
ZSC[03, 04] = 178.456
ZSC[04, 00] = 202.144
ZSC[04, 01] = 200.312
ZSC[04, 02] = 226.934
ZSC[04, 03] = 179.228
ZSC[04, 04] = 218.234
Average SP performance (diagonal/self-copy): 227.457 +- 5.440 SE over 5 pairs
Average XP performance (off-diagonal/excluding self): 208.531 +- 3.267 SE over 20 ordered pairs
Saved ZSC results to zsc_results/lmpred_ema_gamma0/cramped_room5x5
Saved ZSC heatmap to zsc_results/lmpred_ema_gamma0/cramped_room5x5/xp_matrix.png
Using alignment rollout scale: ALIGN_PAIR_BATCH_SIZE=1, ALIGN_EVAL_NUM_EPISODES=128, ALIGN_EVAL_NUM_STEPS=400
ALIGN ego[00] partner[00] R2=0.875439 NMSE=0.124561 shuffled_R2=-0.026153
ALIGN ego[00] partner[01] R2=0.845187 NMSE=0.154813 shuffled_R2=-0.033187
ALIGN ego[00] partner[02] R2=0.653020 NMSE=0.346980 shuffled_R2=-0.103305
ALIGN ego[00] partner[03] R2=0.925951 NMSE=0.074049 shuffled_R2=-0.016073
ALIGN ego[00] partner[04] R2=0.892625 NMSE=0.107375 shuffled_R2=-0.022479
ALIGN ego[01] partner[00] R2=0.899509 NMSE=0.100491 shuffled_R2=-0.024935
ALIGN ego[01] partner[01] R2=0.899414 NMSE=0.100586 shuffled_R2=-0.021010
ALIGN ego[01] partner[02] R2=0.927480 NMSE=0.072520 shuffled_R2=-0.017727
ALIGN ego[01] partner[03] R2=0.923591 NMSE=0.076409 shuffled_R2=-0.018594
ALIGN ego[01] partner[04] R2=0.916684 NMSE=0.083316 shuffled_R2=-0.015453
ALIGN ego[02] partner[00] R2=0.946239 NMSE=0.053761 shuffled_R2=-0.014692
ALIGN ego[02] partner[01] R2=0.931578 NMSE=0.068422 shuffled_R2=-0.014753
ALIGN ego[02] partner[02] R2=0.843718 NMSE=0.156282 shuffled_R2=-0.041934
ALIGN ego[02] partner[03] R2=0.849834 NMSE=0.150166 shuffled_R2=-0.037416
ALIGN ego[02] partner[04] R2=0.687146 NMSE=0.312854 shuffled_R2=-0.078558
ALIGN ego[03] partner[00] R2=0.872364 NMSE=0.127636 shuffled_R2=-0.031454
ALIGN ego[03] partner[01] R2=0.894318 NMSE=0.105682 shuffled_R2=-0.024952
ALIGN ego[03] partner[02] R2=0.946069 NMSE=0.053931 shuffled_R2=-0.019101
ALIGN ego[03] partner[03] R2=0.935221 NMSE=0.064779 shuffled_R2=-0.017513
ALIGN ego[03] partner[04] R2=0.942147 NMSE=0.057853 shuffled_R2=-0.019084
ALIGN ego[04] partner[00] R2=0.879529 NMSE=0.120471 shuffled_R2=-0.028053
ALIGN ego[04] partner[01] R2=0.931748 NMSE=0.068252 shuffled_R2=-0.014092
ALIGN ego[04] partner[02] R2=0.912493 NMSE=0.087507 shuffled_R2=-0.024632
ALIGN ego[04] partner[03] R2=0.874311 NMSE=0.125689 shuffled_R2=-0.033394
ALIGN ego[04] partner[04] R2=0.920372 NMSE=0.079628 shuffled_R2=-0.016289
Average ego-to-partner alignment R2: 0.885039 +- 0.014379 SE over 25 ego-partner pairs
Average alignment normalized MSE: 0.114961 +- 0.014379 SE
Average shuffled-control alignment R2: -0.028593 +- 0.004108 SE
Saved alignment results to zsc_results/lmpred_ema_gamma0/cramped_room5x5
Saving best return video #1: pair (2, 2), matrix return 247.706
Saved mp4 to zsc_results/lmpred_ema_gamma0/cramped_room5x5/vids/best_return_rank_01_pair_02_02_matrix_247.706.mp4
Video rollout return for pair (2, 2): 240.000
Saving best return video #2: pair (0, 0), matrix return 229.880
Saved mp4 to zsc_results/lmpred_ema_gamma0/cramped_room5x5/vids/best_return_rank_02_pair_00_00_matrix_229.880.mp4
Video rollout return for pair (0, 0): 240.000
Saving best return video #3: pair (2, 4), matrix return 226.947
Saved mp4 to zsc_results/lmpred_ema_gamma0/cramped_room5x5/vids/best_return_rank_03_pair_02_04_matrix_226.947.mp4
Video rollout return for pair (2, 4): 240.000
Saving best return video #4: pair (4, 2), matrix return 226.934
Saved mp4 to zsc_results/lmpred_ema_gamma0/cramped_room5x5/vids/best_return_rank_04_pair_04_02_matrix_226.934.mp4
Video rollout return for pair (4, 2): 240.000
Saving best return video #5: pair (3, 1), matrix return 226.639
Saved mp4 to zsc_results/lmpred_ema_gamma0/cramped_room5x5/vids/best_return_rank_05_pair_03_01_matrix_226.639.mp4
Video rollout return for pair (3, 1): 220.000
Saving worst return video #1: pair (3, 4), matrix return 178.456
Saved mp4 to zsc_results/lmpred_ema_gamma0/cramped_room5x5/vids/worst_return_rank_01_pair_03_04_matrix_178.456.mp4
Video rollout return for pair (3, 4): 220.000
Saving worst return video #2: pair (4, 3), matrix return 179.228
Saved mp4 to zsc_results/lmpred_ema_gamma0/cramped_room5x5/vids/worst_return_rank_02_pair_04_03_matrix_179.228.mp4
Video rollout return for pair (4, 3): 240.000
Saving worst return video #3: pair (4, 1), matrix return 200.312
Saved mp4 to zsc_results/lmpred_ema_gamma0/cramped_room5x5/vids/worst_return_rank_03_pair_04_01_matrix_200.312.mp4
Video rollout return for pair (4, 1): 200.000
Saving worst return video #4: pair (1, 4), matrix return 200.483
Saved mp4 to zsc_results/lmpred_ema_gamma0/cramped_room5x5/vids/worst_return_rank_04_pair_01_04_matrix_200.483.mp4
Video rollout return for pair (1, 4): 0.000
Saving worst return video #5: pair (2, 0), matrix return 200.802
Saved mp4 to zsc_results/lmpred_ema_gamma0/cramped_room5x5/vids/worst_return_rank_05_pair_02_00_matrix_200.802.mp4
Video rollout return for pair (2, 0): 220.000
Evaluating ZSC for method=lmpred_ema_gamma0, layout=counter_circuit, prefix=checkpoints/lmpred_ema_gamma0/, result_name=lmpred_ema_gamma0, perspective_transform=true
Importing submoduled environments...
Submoduled environments not found. Skipping import.
/mnt/iusers01/fatpou01/compsci01/n70579mp/.conda/envs/jax/lib/python3.10/subprocess.py:1796: RuntimeWarning: os.fork() was called. os.fork() is incompatible with multithreaded code, and JAX is multithreaded, so this will likely lead to a deadlock.
  self.pid = _posixsubprocess.fork_exec(
LOADED: checkpoints/lmpred_ema_gamma0/counter_circuit/baseline_seed_0_step_380.msgpack
LOADED: checkpoints/lmpred_ema_gamma0/counter_circuit/baseline_seed_1_step_380.msgpack
LOADED: checkpoints/lmpred_ema_gamma0/counter_circuit/baseline_seed_2_step_380.msgpack
LOADED: checkpoints/lmpred_ema_gamma0/counter_circuit/baseline_seed_3_step_380.msgpack
LOADED: checkpoints/lmpred_ema_gamma0/counter_circuit/baseline_seed_4_step_380.msgpack
ZSC[00, 00] = 233.597
ZSC[00, 01] = 188.805
ZSC[00, 02] = 176.044
ZSC[00, 03] = 234.061
ZSC[00, 04] = 249.094
ZSC[01, 00] = 194.227
ZSC[01, 01] = 263.989
ZSC[01, 02] = 232.948
ZSC[01, 03] = 184.030
ZSC[01, 04] = 219.169
ZSC[02, 00] = 175.114
ZSC[02, 01] = 246.047
ZSC[02, 02] = 184.073
ZSC[02, 03] = 209.923
ZSC[02, 04] = 208.438
ZSC[03, 00] = 233.128
ZSC[03, 01] = 194.238
ZSC[03, 02] = 210.792
ZSC[03, 03] = 217.122
ZSC[03, 04] = 222.964
ZSC[04, 00] = 249.423
ZSC[04, 01] = 215.612
ZSC[04, 02] = 207.678
ZSC[04, 03] = 221.822
ZSC[04, 04] = 268.384
Average SP performance (diagonal/self-copy): 233.433 +- 15.585 SE over 5 pairs
Average XP performance (off-diagonal/excluding self): 213.678 +- 5.175 SE over 20 ordered pairs
Saved ZSC results to zsc_results/lmpred_ema_gamma0/counter_circuit
Saved ZSC heatmap to zsc_results/lmpred_ema_gamma0/counter_circuit/xp_matrix.png
Using alignment rollout scale: ALIGN_PAIR_BATCH_SIZE=1, ALIGN_EVAL_NUM_EPISODES=128, ALIGN_EVAL_NUM_STEPS=400
ALIGN ego[00] partner[00] R2=0.812786 NMSE=0.187214 shuffled_R2=-0.018414
ALIGN ego[00] partner[01] R2=0.845980 NMSE=0.154020 shuffled_R2=-0.016047
ALIGN ego[00] partner[02] R2=0.723708 NMSE=0.276292 shuffled_R2=-0.022568
ALIGN ego[00] partner[03] R2=0.818028 NMSE=0.181972 shuffled_R2=-0.023657
ALIGN ego[00] partner[04] R2=0.861551 NMSE=0.138449 shuffled_R2=-0.016673
ALIGN ego[01] partner[00] R2=0.849335 NMSE=0.150665 shuffled_R2=-0.015693
ALIGN ego[01] partner[01] R2=0.860221 NMSE=0.139779 shuffled_R2=-0.014985
ALIGN ego[01] partner[02] R2=0.777983 NMSE=0.222017 shuffled_R2=-0.018862
ALIGN ego[01] partner[03] R2=0.860239 NMSE=0.139761 shuffled_R2=-0.016356
ALIGN ego[01] partner[04] R2=0.778961 NMSE=0.221039 shuffled_R2=-0.031287
ALIGN ego[02] partner[00] R2=0.781708 NMSE=0.218292 shuffled_R2=-0.016051
ALIGN ego[02] partner[01] R2=0.821677 NMSE=0.178323 shuffled_R2=-0.015920
ALIGN ego[02] partner[02] R2=0.820510 NMSE=0.179490 shuffled_R2=-0.013769
ALIGN ego[02] partner[03] R2=0.748002 NMSE=0.251998 shuffled_R2=-0.031445
ALIGN ego[02] partner[04] R2=0.666964 NMSE=0.333036 shuffled_R2=-0.036727
ALIGN ego[03] partner[00] R2=0.854965 NMSE=0.145035 shuffled_R2=-0.015121
ALIGN ego[03] partner[01] R2=0.866417 NMSE=0.133583 shuffled_R2=-0.016330
ALIGN ego[03] partner[02] R2=0.823537 NMSE=0.176463 shuffled_R2=-0.015877
ALIGN ego[03] partner[03] R2=0.841684 NMSE=0.158316 shuffled_R2=-0.018748
ALIGN ego[03] partner[04] R2=0.888719 NMSE=0.111281 shuffled_R2=-0.018402
ALIGN ego[04] partner[00] R2=0.871756 NMSE=0.128244 shuffled_R2=-0.016876
ALIGN ego[04] partner[01] R2=0.859332 NMSE=0.140668 shuffled_R2=-0.016884
ALIGN ego[04] partner[02] R2=0.790525 NMSE=0.209475 shuffled_R2=-0.016566
ALIGN ego[04] partner[03] R2=0.904040 NMSE=0.095960 shuffled_R2=-0.013666
ALIGN ego[04] partner[04] R2=0.922466 NMSE=0.077534 shuffled_R2=-0.014526
Average ego-to-partner alignment R2: 0.826044 +- 0.011524 SE over 25 ego-partner pairs
Average alignment normalized MSE: 0.173956 +- 0.011524 SE
Average shuffled-control alignment R2: -0.018858 +- 0.001186 SE
Saved alignment results to zsc_results/lmpred_ema_gamma0/counter_circuit
Saving best return video #1: pair (4, 4), matrix return 268.384
Saved mp4 to zsc_results/lmpred_ema_gamma0/counter_circuit/vids/best_return_rank_01_pair_04_04_matrix_268.384.mp4
Video rollout return for pair (4, 4): 280.000
Saving best return video #2: pair (1, 1), matrix return 263.989
Saved mp4 to zsc_results/lmpred_ema_gamma0/counter_circuit/vids/best_return_rank_02_pair_01_01_matrix_263.989.mp4
Video rollout return for pair (1, 1): 260.000
Saving best return video #3: pair (4, 0), matrix return 249.423
Saved mp4 to zsc_results/lmpred_ema_gamma0/counter_circuit/vids/best_return_rank_03_pair_04_00_matrix_249.423.mp4
Video rollout return for pair (4, 0): 240.000
Saving best return video #4: pair (0, 4), matrix return 249.094
Saved mp4 to zsc_results/lmpred_ema_gamma0/counter_circuit/vids/best_return_rank_04_pair_00_04_matrix_249.094.mp4
Video rollout return for pair (0, 4): 280.000
Saving best return video #5: pair (2, 1), matrix return 246.047
Saved mp4 to zsc_results/lmpred_ema_gamma0/counter_circuit/vids/best_return_rank_05_pair_02_01_matrix_246.047.mp4
Video rollout return for pair (2, 1): 240.000
Saving worst return video #1: pair (2, 0), matrix return 175.114
Saved mp4 to zsc_results/lmpred_ema_gamma0/counter_circuit/vids/worst_return_rank_01_pair_02_00_matrix_175.114.mp4
Video rollout return for pair (2, 0): 140.000
Saving worst return video #2: pair (0, 2), matrix return 176.044
Saved mp4 to zsc_results/lmpred_ema_gamma0/counter_circuit/vids/worst_return_rank_02_pair_00_02_matrix_176.044.mp4
Video rollout return for pair (0, 2): 220.000
Saving worst return video #3: pair (1, 3), matrix return 184.030
Saved mp4 to zsc_results/lmpred_ema_gamma0/counter_circuit/vids/worst_return_rank_03_pair_01_03_matrix_184.030.mp4
Video rollout return for pair (1, 3): 220.000
Saving worst return video #4: pair (2, 2), matrix return 184.073
Saved mp4 to zsc_results/lmpred_ema_gamma0/counter_circuit/vids/worst_return_rank_04_pair_02_02_matrix_184.073.mp4
Video rollout return for pair (2, 2): 0.000
Saving worst return video #5: pair (0, 1), matrix return 188.805
Saved mp4 to zsc_results/lmpred_ema_gamma0/counter_circuit/vids/worst_return_rank_05_pair_00_01_matrix_188.805.mp4
Video rollout return for pair (0, 1): 260.000
Evaluating ZSC for method=lmpred_ema_gamma0, layout=coord_ring, prefix=checkpoints/lmpred_ema_gamma0/, result_name=lmpred_ema_gamma0, perspective_transform=true
Importing submoduled environments...
Submoduled environments not found. Skipping import.
/mnt/iusers01/fatpou01/compsci01/n70579mp/.conda/envs/jax/lib/python3.10/subprocess.py:1796: RuntimeWarning: os.fork() was called. os.fork() is incompatible with multithreaded code, and JAX is multithreaded, so this will likely lead to a deadlock.
  self.pid = _posixsubprocess.fork_exec(
LOADED: checkpoints/lmpred_ema_gamma0/coord_ring/baseline_seed_0_step_220.msgpack
LOADED: checkpoints/lmpred_ema_gamma0/coord_ring/baseline_seed_1_step_220.msgpack
LOADED: checkpoints/lmpred_ema_gamma0/coord_ring/baseline_seed_2_step_220.msgpack
LOADED: checkpoints/lmpred_ema_gamma0/coord_ring/baseline_seed_3_step_220.msgpack
LOADED: checkpoints/lmpred_ema_gamma0/coord_ring/baseline_seed_4_step_220.msgpack
ZSC[00, 00] = 303.884
ZSC[00, 01] = 249.658
ZSC[00, 02] = 287.477
ZSC[00, 03] = 287.452
ZSC[00, 04] = 253.878
ZSC[01, 00] = 249.834
ZSC[01, 01] = 313.858
ZSC[01, 02] = 139.264
ZSC[01, 03] = 225.577
ZSC[01, 04] = 208.336
ZSC[02, 00] = 287.044
ZSC[02, 01] = 139.150
ZSC[02, 02] = 291.962
ZSC[02, 03] = 293.052
ZSC[02, 04] = 262.472
ZSC[03, 00] = 287.428
ZSC[03, 01] = 225.603
ZSC[03, 02] = 293.895
ZSC[03, 03] = 290.630
ZSC[03, 04] = 252.836
ZSC[04, 00] = 253.819
ZSC[04, 01] = 208.162
ZSC[04, 02] = 262.928
ZSC[04, 03] = 253.256
ZSC[04, 04] = 254.880
Average SP performance (diagonal/self-copy): 291.043 +- 9.986 SE over 5 pairs
Average XP performance (off-diagonal/excluding self): 246.056 +- 10.085 SE over 20 ordered pairs
Saved ZSC results to zsc_results/lmpred_ema_gamma0/coord_ring
Saved ZSC heatmap to zsc_results/lmpred_ema_gamma0/coord_ring/xp_matrix.png
Using alignment rollout scale: ALIGN_PAIR_BATCH_SIZE=1, ALIGN_EVAL_NUM_EPISODES=128, ALIGN_EVAL_NUM_STEPS=400
ALIGN ego[00] partner[00] R2=0.890977 NMSE=0.109023 shuffled_R2=-0.014715
ALIGN ego[00] partner[01] R2=0.835221 NMSE=0.164779 shuffled_R2=-0.017513
ALIGN ego[00] partner[02] R2=0.901319 NMSE=0.098681 shuffled_R2=-0.016302
ALIGN ego[00] partner[03] R2=0.901857 NMSE=0.098143 shuffled_R2=-0.013855
ALIGN ego[00] partner[04] R2=0.907692 NMSE=0.092308 shuffled_R2=-0.014716
ALIGN ego[01] partner[00] R2=0.838310 NMSE=0.161690 shuffled_R2=-0.017136
ALIGN ego[01] partner[01] R2=0.900051 NMSE=0.099949 shuffled_R2=-0.015457
ALIGN ego[01] partner[02] R2=0.885438 NMSE=0.114562 shuffled_R2=-0.014853
ALIGN ego[01] partner[03] R2=0.831453 NMSE=0.168547 shuffled_R2=-0.017061
ALIGN ego[01] partner[04] R2=0.891333 NMSE=0.108667 shuffled_R2=-0.016272
ALIGN ego[02] partner[00] R2=0.893893 NMSE=0.106107 shuffled_R2=-0.018529
ALIGN ego[02] partner[01] R2=0.872060 NMSE=0.127940 shuffled_R2=-0.015577
ALIGN ego[02] partner[02] R2=0.876817 NMSE=0.123183 shuffled_R2=-0.016897
ALIGN ego[02] partner[03] R2=0.761904 NMSE=0.238096 shuffled_R2=-0.030512
ALIGN ego[02] partner[04] R2=0.902680 NMSE=0.097320 shuffled_R2=-0.015118
ALIGN ego[03] partner[00] R2=0.918903 NMSE=0.081097 shuffled_R2=-0.012864
ALIGN ego[03] partner[01] R2=0.867595 NMSE=0.132405 shuffled_R2=-0.015784
ALIGN ego[03] partner[02] R2=0.866235 NMSE=0.133765 shuffled_R2=-0.016257
ALIGN ego[03] partner[03] R2=0.629368 NMSE=0.370632 shuffled_R2=-0.083159
ALIGN ego[03] partner[04] R2=0.883164 NMSE=0.116836 shuffled_R2=-0.020255
ALIGN ego[04] partner[00] R2=0.888826 NMSE=0.111174 shuffled_R2=-0.016050
ALIGN ego[04] partner[01] R2=0.822398 NMSE=0.177602 shuffled_R2=-0.025817
ALIGN ego[04] partner[02] R2=0.900161 NMSE=0.099839 shuffled_R2=-0.015512
ALIGN ego[04] partner[03] R2=0.748750 NMSE=0.251250 shuffled_R2=-0.053974
ALIGN ego[04] partner[04] R2=0.918074 NMSE=0.081926 shuffled_R2=-0.015439
Average ego-to-partner alignment R2: 0.861379 +- 0.013019 SE over 25 ego-partner pairs
Average alignment normalized MSE: 0.138621 +- 0.013019 SE
Average shuffled-control alignment R2: -0.021185 +- 0.003065 SE
Saved alignment results to zsc_results/lmpred_ema_gamma0/coord_ring
Saving best return video #1: pair (1, 1), matrix return 313.858
Saved mp4 to zsc_results/lmpred_ema_gamma0/coord_ring/vids/best_return_rank_01_pair_01_01_matrix_313.858.mp4
Video rollout return for pair (1, 1): 320.000
Saving best return video #2: pair (0, 0), matrix return 303.884
Saved mp4 to zsc_results/lmpred_ema_gamma0/coord_ring/vids/best_return_rank_02_pair_00_00_matrix_303.884.mp4
Video rollout return for pair (0, 0): 300.000
Saving best return video #3: pair (3, 2), matrix return 293.895
Saved mp4 to zsc_results/lmpred_ema_gamma0/coord_ring/vids/best_return_rank_03_pair_03_02_matrix_293.895.mp4
Video rollout return for pair (3, 2): 300.000
Saving best return video #4: pair (2, 3), matrix return 293.052
Saved mp4 to zsc_results/lmpred_ema_gamma0/coord_ring/vids/best_return_rank_04_pair_02_03_matrix_293.052.mp4
Video rollout return for pair (2, 3): 300.000
Saving best return video #5: pair (2, 2), matrix return 291.962
Saved mp4 to zsc_results/lmpred_ema_gamma0/coord_ring/vids/best_return_rank_05_pair_02_02_matrix_291.962.mp4
Video rollout return for pair (2, 2): 280.000
Saving worst return video #1: pair (2, 1), matrix return 139.150
Saved mp4 to zsc_results/lmpred_ema_gamma0/coord_ring/vids/worst_return_rank_01_pair_02_01_matrix_139.150.mp4
Video rollout return for pair (2, 1): 60.000
Saving worst return video #2: pair (1, 2), matrix return 139.264
Saved mp4 to zsc_results/lmpred_ema_gamma0/coord_ring/vids/worst_return_rank_02_pair_01_02_matrix_139.264.mp4
Video rollout return for pair (1, 2): 120.000
Saving worst return video #3: pair (4, 1), matrix return 208.162
Saved mp4 to zsc_results/lmpred_ema_gamma0/coord_ring/vids/worst_return_rank_03_pair_04_01_matrix_208.162.mp4
Video rollout return for pair (4, 1): 220.000
Saving worst return video #4: pair (1, 4), matrix return 208.336
Saved mp4 to zsc_results/lmpred_ema_gamma0/coord_ring/vids/worst_return_rank_04_pair_01_04_matrix_208.336.mp4
Video rollout return for pair (1, 4): 200.000
Saving worst return video #5: pair (1, 3), matrix return 225.577
Saved mp4 to zsc_results/lmpred_ema_gamma0/coord_ring/vids/worst_return_rank_05_pair_01_03_matrix_225.577.mp4
Video rollout return for pair (1, 3): 240.000
Evaluating ZSC for method=lmpred_ema_gamma09, layout=cramped_room5x5, prefix=checkpoints/lmpred_ema_gamma09/, result_name=lmpred_ema_gamma09, perspective_transform=true
Importing submoduled environments...
Submoduled environments not found. Skipping import.
/mnt/iusers01/fatpou01/compsci01/n70579mp/.conda/envs/jax/lib/python3.10/subprocess.py:1796: RuntimeWarning: os.fork() was called. os.fork() is incompatible with multithreaded code, and JAX is multithreaded, so this will likely lead to a deadlock.
  self.pid = _posixsubprocess.fork_exec(
LOADED: checkpoints/lmpred_ema_gamma09/cramped_room5x5/baseline_seed_0_step_66.msgpack
LOADED: checkpoints/lmpred_ema_gamma09/cramped_room5x5/baseline_seed_1_step_66.msgpack
LOADED: checkpoints/lmpred_ema_gamma09/cramped_room5x5/baseline_seed_2_step_66.msgpack
LOADED: checkpoints/lmpred_ema_gamma09/cramped_room5x5/baseline_seed_3_step_66.msgpack
LOADED: checkpoints/lmpred_ema_gamma09/cramped_room5x5/baseline_seed_4_step_66.msgpack
ZSC[00, 00] = 240.000
ZSC[00, 01] = 234.336
ZSC[00, 02] = 211.834
ZSC[00, 03] = 232.234
ZSC[00, 04] = 188.287
ZSC[01, 00] = 234.220
ZSC[01, 01] = 233.247
ZSC[01, 02] = 194.305
ZSC[01, 03] = 235.442
ZSC[01, 04] = 226.877
ZSC[02, 00] = 213.833
ZSC[02, 01] = 194.969
ZSC[02, 02] = 186.086
ZSC[02, 03] = 195.375
ZSC[02, 04] = 149.608
ZSC[03, 00] = 232.500
ZSC[03, 01] = 235.255
ZSC[03, 02] = 193.733
ZSC[03, 03] = 231.328
ZSC[03, 04] = 229.456
ZSC[04, 00] = 188.120
ZSC[04, 01] = 226.644
ZSC[04, 02] = 149.758
ZSC[04, 03] = 229.230
ZSC[04, 04] = 231.195
Average SP performance (diagonal/self-copy): 224.371 +- 9.705 SE over 5 pairs
Average XP performance (off-diagonal/excluding self): 209.801 +- 6.063 SE over 20 ordered pairs
Saved ZSC results to zsc_results/lmpred_ema_gamma09/cramped_room5x5
Saved ZSC heatmap to zsc_results/lmpred_ema_gamma09/cramped_room5x5/xp_matrix.png
Using alignment rollout scale: ALIGN_PAIR_BATCH_SIZE=1, ALIGN_EVAL_NUM_EPISODES=128, ALIGN_EVAL_NUM_STEPS=400
ALIGN ego[00] partner[00] R2=0.935088 NMSE=0.064912 shuffled_R2=-0.016170
ALIGN ego[00] partner[01] R2=0.869074 NMSE=0.130926 shuffled_R2=-0.027521
ALIGN ego[00] partner[02] R2=0.900766 NMSE=0.099234 shuffled_R2=-0.017494
ALIGN ego[00] partner[03] R2=0.911922 NMSE=0.088078 shuffled_R2=-0.016245
ALIGN ego[00] partner[04] R2=0.907204 NMSE=0.092796 shuffled_R2=-0.018066
ALIGN ego[01] partner[00] R2=0.702638 NMSE=0.297362 shuffled_R2=-0.052798
ALIGN ego[01] partner[01] R2=0.930463 NMSE=0.069537 shuffled_R2=-0.015175
ALIGN ego[01] partner[02] R2=0.907861 NMSE=0.092139 shuffled_R2=-0.020471
ALIGN ego[01] partner[03] R2=0.835195 NMSE=0.164805 shuffled_R2=-0.026982
ALIGN ego[01] partner[04] R2=0.889920 NMSE=0.110080 shuffled_R2=-0.015690
ALIGN ego[02] partner[00] R2=0.918341 NMSE=0.081659 shuffled_R2=-0.016706
ALIGN ego[02] partner[01] R2=0.853844 NMSE=0.146156 shuffled_R2=-0.039855
ALIGN ego[02] partner[02] R2=0.940825 NMSE=0.059175 shuffled_R2=-0.017297
ALIGN ego[02] partner[03] R2=0.863664 NMSE=0.136336 shuffled_R2=-0.039327
ALIGN ego[02] partner[04] R2=0.898259 NMSE=0.101741 shuffled_R2=-0.018791
ALIGN ego[03] partner[00] R2=0.903310 NMSE=0.096690 shuffled_R2=-0.015267
ALIGN ego[03] partner[01] R2=0.900200 NMSE=0.099800 shuffled_R2=-0.020386
ALIGN ego[03] partner[02] R2=0.805804 NMSE=0.194196 shuffled_R2=-0.051851
ALIGN ego[03] partner[03] R2=0.924536 NMSE=0.075464 shuffled_R2=-0.016978
ALIGN ego[03] partner[04] R2=0.865651 NMSE=0.134349 shuffled_R2=-0.023052
ALIGN ego[04] partner[00] R2=0.909572 NMSE=0.090428 shuffled_R2=-0.016279
ALIGN ego[04] partner[01] R2=0.818701 NMSE=0.181299 shuffled_R2=-0.018623
ALIGN ego[04] partner[02] R2=0.889276 NMSE=0.110724 shuffled_R2=-0.019705
ALIGN ego[04] partner[03] R2=0.904310 NMSE=0.095690 shuffled_R2=-0.014371
ALIGN ego[04] partner[04] R2=0.900415 NMSE=0.099585 shuffled_R2=-0.015587
Average ego-to-partner alignment R2: 0.883474 +- 0.010227 SE over 25 ego-partner pairs
Average alignment normalized MSE: 0.116526 +- 0.010227 SE
Average shuffled-control alignment R2: -0.022827 +- 0.002226 SE
Saved alignment results to zsc_results/lmpred_ema_gamma09/cramped_room5x5
Saving best return video #1: pair (0, 0), matrix return 240.000
Saved mp4 to zsc_results/lmpred_ema_gamma09/cramped_room5x5/vids/best_return_rank_01_pair_00_00_matrix_240.000.mp4
Video rollout return for pair (0, 0): 240.000
Saving best return video #2: pair (1, 3), matrix return 235.442
Saved mp4 to zsc_results/lmpred_ema_gamma09/cramped_room5x5/vids/best_return_rank_02_pair_01_03_matrix_235.442.mp4
Video rollout return for pair (1, 3): 240.000
Saving best return video #3: pair (3, 1), matrix return 235.255
Saved mp4 to zsc_results/lmpred_ema_gamma09/cramped_room5x5/vids/best_return_rank_03_pair_03_01_matrix_235.255.mp4
Video rollout return for pair (3, 1): 240.000
Saving best return video #4: pair (0, 1), matrix return 234.336
Saved mp4 to zsc_results/lmpred_ema_gamma09/cramped_room5x5/vids/best_return_rank_04_pair_00_01_matrix_234.336.mp4
Video rollout return for pair (0, 1): 240.000
Saving best return video #5: pair (1, 0), matrix return 234.220
Saved mp4 to zsc_results/lmpred_ema_gamma09/cramped_room5x5/vids/best_return_rank_05_pair_01_00_matrix_234.220.mp4
Video rollout return for pair (1, 0): 240.000
Saving worst return video #1: pair (2, 4), matrix return 149.608
Saved mp4 to zsc_results/lmpred_ema_gamma09/cramped_room5x5/vids/worst_return_rank_01_pair_02_04_matrix_149.608.mp4
Video rollout return for pair (2, 4): 220.000
Saving worst return video #2: pair (4, 2), matrix return 149.758
Saved mp4 to zsc_results/lmpred_ema_gamma09/cramped_room5x5/vids/worst_return_rank_02_pair_04_02_matrix_149.758.mp4
Video rollout return for pair (4, 2): 40.000
Saving worst return video #3: pair (2, 2), matrix return 186.086
Saved mp4 to zsc_results/lmpred_ema_gamma09/cramped_room5x5/vids/worst_return_rank_03_pair_02_02_matrix_186.086.mp4
Video rollout return for pair (2, 2): 240.000
Saving worst return video #4: pair (4, 0), matrix return 188.120
Saved mp4 to zsc_results/lmpred_ema_gamma09/cramped_room5x5/vids/worst_return_rank_04_pair_04_00_matrix_188.120.mp4
Video rollout return for pair (4, 0): 240.000
Saving worst return video #5: pair (0, 4), matrix return 188.287
Saved mp4 to zsc_results/lmpred_ema_gamma09/cramped_room5x5/vids/worst_return_rank_05_pair_00_04_matrix_188.287.mp4
Video rollout return for pair (0, 4): 140.000
Evaluating ZSC for method=lmpred_ema_gamma09, layout=counter_circuit, prefix=checkpoints/lmpred_ema_gamma09/, result_name=lmpred_ema_gamma09, perspective_transform=true
Importing submoduled environments...
Submoduled environments not found. Skipping import.
/mnt/iusers01/fatpou01/compsci01/n70579mp/.conda/envs/jax/lib/python3.10/subprocess.py:1796: RuntimeWarning: os.fork() was called. os.fork() is incompatible with multithreaded code, and JAX is multithreaded, so this will likely lead to a deadlock.
  self.pid = _posixsubprocess.fork_exec(
[2026-07-02T07:35:58.191] error: *** JOB 16660736 ON node888 CANCELLED AT 2026-07-02T07:35:58 DUE to SIGNAL Terminated ***
