Script directory: /mnt/iusers01/fatpou01/compsci01/n70579mp/scratch/JaxMARL
Importing submoduled environments...
Submoduled environments not found. Skipping import.
wandb: Currently logged in as: maytusp to https://api.wandb.ai. Use `wandb login --relogin` to force relogin
wandb: Tracking run with wandb version 0.21.1
wandb: Run data is saved locally in /net/scratch/n70579mp/JaxMARL/wandb/run-20260609_104908-vgvji4l1
wandb: Run `wandb offline` to turn off syncing.
wandb: Syncing run ph2v4_ablate_obsfront_sameinp_counter_circuit
wandb: ⭐️ View project at https://wandb.ai/maytusp/oc-extended
wandb: 🚀 View run at https://wandb.ai/maytusp/oc-extended/runs/vgvji4l1
pretrained_prefix checkpoints/single/
CHECKPOINTS DISCOVERED FOR SEED  0 :  ['baseline_seed_0_step_88.msgpack', 'baseline_seed_0_step_66.msgpack', 'baseline_seed_0_step_22.msgpack', 'baseline_seed_0_step_44.msgpack', 'baseline_seed_0_step_110.msgpack', 'baseline_seed_0_step_1.msgpack', 'baseline_seed_0_step_132.msgpack', 'baseline_seed_0_step_176.msgpack', 'baseline_seed_0_step_220.msgpack', 'baseline_seed_0_step_154.msgpack', 'baseline_seed_0_step_198.msgpack']
Loaded 11 old self checkpoints for seed 0 from checkpoints/single/counter_circuit
CHECKPOINTS DISCOVERED FOR SEED  1 :  ['baseline_seed_1_step_88.msgpack', 'baseline_seed_1_step_22.msgpack', 'baseline_seed_1_step_132.msgpack', 'baseline_seed_1_step_154.msgpack', 'baseline_seed_1_step_176.msgpack', 'baseline_seed_1_step_66.msgpack', 'baseline_seed_1_step_198.msgpack', 'baseline_seed_1_step_220.msgpack', 'baseline_seed_1_step_1.msgpack', 'baseline_seed_1_step_44.msgpack', 'baseline_seed_1_step_110.msgpack']
Loaded 11 old self checkpoints for seed 1 from checkpoints/single/counter_circuit
CHECKPOINTS DISCOVERED FOR SEED  2 :  ['baseline_seed_2_step_22.msgpack', 'baseline_seed_2_step_1.msgpack', 'baseline_seed_2_step_88.msgpack', 'baseline_seed_2_step_220.msgpack', 'baseline_seed_2_step_132.msgpack', 'baseline_seed_2_step_44.msgpack', 'baseline_seed_2_step_66.msgpack', 'baseline_seed_2_step_110.msgpack', 'baseline_seed_2_step_154.msgpack', 'baseline_seed_2_step_198.msgpack', 'baseline_seed_2_step_176.msgpack']
Loaded 11 old self checkpoints for seed 2 from checkpoints/single/counter_circuit
CHECKPOINTS DISCOVERED FOR SEED  3 :  ['baseline_seed_3_step_22.msgpack', 'baseline_seed_3_step_110.msgpack', 'baseline_seed_3_step_1.msgpack', 'baseline_seed_3_step_88.msgpack', 'baseline_seed_3_step_132.msgpack', 'baseline_seed_3_step_176.msgpack', 'baseline_seed_3_step_66.msgpack', 'baseline_seed_3_step_154.msgpack', 'baseline_seed_3_step_220.msgpack', 'baseline_seed_3_step_198.msgpack', 'baseline_seed_3_step_44.msgpack']
Loaded 11 old self checkpoints for seed 3 from checkpoints/single/counter_circuit
CHECKPOINTS DISCOVERED FOR SEED  4 :  ['baseline_seed_4_step_66.msgpack', 'baseline_seed_4_step_154.msgpack', 'baseline_seed_4_step_1.msgpack', 'baseline_seed_4_step_44.msgpack', 'baseline_seed_4_step_198.msgpack', 'baseline_seed_4_step_176.msgpack', 'baseline_seed_4_step_22.msgpack', 'baseline_seed_4_step_220.msgpack', 'baseline_seed_4_step_132.msgpack', 'baseline_seed_4_step_88.msgpack', 'baseline_seed_4_step_110.msgpack']
Loaded 11 old self checkpoints for seed 4 from checkpoints/single/counter_circuit
Update steps:  381.0
Warmup epochs:  19
Cosine epochs:  362.0
--> Saved seed 0 checkpoint at step 1 to checkpoints/ph2v4_ablate/counter_circuit/baseline_seed_0_step_1.msgpack
--> Saved seed 1 checkpoint at step 1 to checkpoints/ph2v4_ablate/counter_circuit/baseline_seed_1_step_1.msgpack
--> Saved seed 2 checkpoint at step 1 to checkpoints/ph2v4_ablate/counter_circuit/baseline_seed_2_step_1.msgpack
--> Saved seed 3 checkpoint at step 1 to checkpoints/ph2v4_ablate/counter_circuit/baseline_seed_3_step_1.msgpack
--> Saved seed 4 checkpoint at step 1 to checkpoints/ph2v4_ablate/counter_circuit/baseline_seed_4_step_1.msgpack
--> Saved seed 0 checkpoint at step 38 to checkpoints/ph2v4_ablate/counter_circuit/baseline_seed_0_step_38.msgpack
--> Saved seed 1 checkpoint at step 38 to checkpoints/ph2v4_ablate/counter_circuit/baseline_seed_1_step_38.msgpack
--> Saved seed 2 checkpoint at step 38 to checkpoints/ph2v4_ablate/counter_circuit/baseline_seed_2_step_38.msgpack
--> Saved seed 3 checkpoint at step 38 to checkpoints/ph2v4_ablate/counter_circuit/baseline_seed_3_step_38.msgpack
--> Saved seed 4 checkpoint at step 38 to checkpoints/ph2v4_ablate/counter_circuit/baseline_seed_4_step_38.msgpack
--> Saved seed 0 checkpoint at step 76 to checkpoints/ph2v4_ablate/counter_circuit/baseline_seed_0_step_76.msgpack
--> Saved seed 1 checkpoint at step 76 to checkpoints/ph2v4_ablate/counter_circuit/baseline_seed_1_step_76.msgpack
--> Saved seed 2 checkpoint at step 76 to checkpoints/ph2v4_ablate/counter_circuit/baseline_seed_2_step_76.msgpack
--> Saved seed 3 checkpoint at step 76 to checkpoints/ph2v4_ablate/counter_circuit/baseline_seed_3_step_76.msgpack
--> Saved seed 4 checkpoint at step 76 to checkpoints/ph2v4_ablate/counter_circuit/baseline_seed_4_step_76.msgpack
--> Saved seed 0 checkpoint at step 114 to checkpoints/ph2v4_ablate/counter_circuit/baseline_seed_0_step_114.msgpack
--> Saved seed 1 checkpoint at step 114 to checkpoints/ph2v4_ablate/counter_circuit/baseline_seed_1_step_114.msgpack
--> Saved seed 2 checkpoint at step 114 to checkpoints/ph2v4_ablate/counter_circuit/baseline_seed_2_step_114.msgpack
--> Saved seed 3 checkpoint at step 114 to checkpoints/ph2v4_ablate/counter_circuit/baseline_seed_3_step_114.msgpack
--> Saved seed 4 checkpoint at step 114 to checkpoints/ph2v4_ablate/counter_circuit/baseline_seed_4_step_114.msgpack
--> Saved seed 0 checkpoint at step 152 to checkpoints/ph2v4_ablate/counter_circuit/baseline_seed_0_step_152.msgpack
--> Saved seed 1 checkpoint at step 152 to checkpoints/ph2v4_ablate/counter_circuit/baseline_seed_1_step_152.msgpack
--> Saved seed 2 checkpoint at step 152 to checkpoints/ph2v4_ablate/counter_circuit/baseline_seed_2_step_152.msgpack
--> Saved seed 3 checkpoint at step 152 to checkpoints/ph2v4_ablate/counter_circuit/baseline_seed_3_step_152.msgpack
--> Saved seed 4 checkpoint at step 152 to checkpoints/ph2v4_ablate/counter_circuit/baseline_seed_4_step_152.msgpack
--> Saved seed 0 checkpoint at step 190 to checkpoints/ph2v4_ablate/counter_circuit/baseline_seed_0_step_190.msgpack
--> Saved seed 1 checkpoint at step 190 to checkpoints/ph2v4_ablate/counter_circuit/baseline_seed_1_step_190.msgpack
--> Saved seed 2 checkpoint at step 190 to checkpoints/ph2v4_ablate/counter_circuit/baseline_seed_2_step_190.msgpack
--> Saved seed 3 checkpoint at step 190 to checkpoints/ph2v4_ablate/counter_circuit/baseline_seed_3_step_190.msgpack
--> Saved seed 4 checkpoint at step 190 to checkpoints/ph2v4_ablate/counter_circuit/baseline_seed_4_step_190.msgpack
--> Saved seed 0 checkpoint at step 228 to checkpoints/ph2v4_ablate/counter_circuit/baseline_seed_0_step_228.msgpack
--> Saved seed 1 checkpoint at step 228 to checkpoints/ph2v4_ablate/counter_circuit/baseline_seed_1_step_228.msgpack
--> Saved seed 2 checkpoint at step 228 to checkpoints/ph2v4_ablate/counter_circuit/baseline_seed_2_step_228.msgpack
--> Saved seed 3 checkpoint at step 228 to checkpoints/ph2v4_ablate/counter_circuit/baseline_seed_3_step_228.msgpack
--> Saved seed 4 checkpoint at step 228 to checkpoints/ph2v4_ablate/counter_circuit/baseline_seed_4_step_228.msgpack
--> Saved seed 0 checkpoint at step 266 to checkpoints/ph2v4_ablate/counter_circuit/baseline_seed_0_step_266.msgpack
--> Saved seed 1 checkpoint at step 266 to checkpoints/ph2v4_ablate/counter_circuit/baseline_seed_1_step_266.msgpack
--> Saved seed 2 checkpoint at step 266 to checkpoints/ph2v4_ablate/counter_circuit/baseline_seed_2_step_266.msgpack
--> Saved seed 3 checkpoint at step 266 to checkpoints/ph2v4_ablate/counter_circuit/baseline_seed_3_step_266.msgpack
--> Saved seed 4 checkpoint at step 266 to checkpoints/ph2v4_ablate/counter_circuit/baseline_seed_4_step_266.msgpack
--> Saved seed 0 checkpoint at step 304 to checkpoints/ph2v4_ablate/counter_circuit/baseline_seed_0_step_304.msgpack
--> Saved seed 1 checkpoint at step 304 to checkpoints/ph2v4_ablate/counter_circuit/baseline_seed_1_step_304.msgpack
--> Saved seed 2 checkpoint at step 304 to checkpoints/ph2v4_ablate/counter_circuit/baseline_seed_2_step_304.msgpack
--> Saved seed 3 checkpoint at step 304 to checkpoints/ph2v4_ablate/counter_circuit/baseline_seed_3_step_304.msgpack
--> Saved seed 4 checkpoint at step 304 to checkpoints/ph2v4_ablate/counter_circuit/baseline_seed_4_step_304.msgpack
--> Saved seed 0 checkpoint at step 342 to checkpoints/ph2v4_ablate/counter_circuit/baseline_seed_0_step_342.msgpack
--> Saved seed 1 checkpoint at step 342 to checkpoints/ph2v4_ablate/counter_circuit/baseline_seed_1_step_342.msgpack
--> Saved seed 2 checkpoint at step 342 to checkpoints/ph2v4_ablate/counter_circuit/baseline_seed_2_step_342.msgpack
--> Saved seed 3 checkpoint at step 342 to checkpoints/ph2v4_ablate/counter_circuit/baseline_seed_3_step_342.msgpack
--> Saved seed 4 checkpoint at step 342 to checkpoints/ph2v4_ablate/counter_circuit/baseline_seed_4_step_342.msgpack
--> Saved seed 0 checkpoint at step 380 to checkpoints/ph2v4_ablate/counter_circuit/baseline_seed_0_step_380.msgpack
--> Saved seed 1 checkpoint at step 380 to checkpoints/ph2v4_ablate/counter_circuit/baseline_seed_1_step_380.msgpack
--> Saved seed 2 checkpoint at step 380 to checkpoints/ph2v4_ablate/counter_circuit/baseline_seed_2_step_380.msgpack
--> Saved seed 3 checkpoint at step 380 to checkpoints/ph2v4_ablate/counter_circuit/baseline_seed_3_step_380.msgpack
--> Saved seed 4 checkpoint at step 380 to checkpoints/ph2v4_ablate/counter_circuit/baseline_seed_4_step_380.msgpack
[1;34mwandb[0m: 
[1;34mwandb[0m: 🚀 View run [33mph2v4_ablate_obsfront_sameinp_counter_circuit[0m at: [34mhttps://wandb.ai/maytusp/oc-extended/runs/vgvji4l1[0m
[1;34mwandb[0m: Find logs at: [1;35m../../../../../../../net/scratch/n70579mp/JaxMARL/wandb/run-20260609_104908-vgvji4l1/logs[0m
Importing submoduled environments...
Submoduled environments not found. Skipping import.
wandb: Currently logged in as: maytusp to https://api.wandb.ai. Use `wandb login --relogin` to force relogin
wandb: Tracking run with wandb version 0.21.1
wandb: Run data is saved locally in /net/scratch/n70579mp/JaxMARL/wandb/run-20260609_130345-ecwn1bor
wandb: Run `wandb offline` to turn off syncing.
wandb: Syncing run ph2v4_ablate_obsfront_sameinp_coord_ring
wandb: ⭐️ View project at https://wandb.ai/maytusp/oc-extended
wandb: 🚀 View run at https://wandb.ai/maytusp/oc-extended/runs/ecwn1bor
pretrained_prefix checkpoints/single/
CHECKPOINTS DISCOVERED FOR SEED  0 :  ['baseline_seed_0_step_88.msgpack', 'baseline_seed_0_step_66.msgpack', 'baseline_seed_0_step_22.msgpack', 'baseline_seed_0_step_44.msgpack', 'baseline_seed_0_step_110.msgpack', 'baseline_seed_0_step_1.msgpack', 'baseline_seed_0_step_132.msgpack', 'baseline_seed_0_step_176.msgpack', 'baseline_seed_0_step_220.msgpack', 'baseline_seed_0_step_154.msgpack', 'baseline_seed_0_step_198.msgpack']
Loaded 11 old self checkpoints for seed 0 from checkpoints/single/coord_ring
CHECKPOINTS DISCOVERED FOR SEED  1 :  ['baseline_seed_1_step_88.msgpack', 'baseline_seed_1_step_22.msgpack', 'baseline_seed_1_step_132.msgpack', 'baseline_seed_1_step_154.msgpack', 'baseline_seed_1_step_176.msgpack', 'baseline_seed_1_step_66.msgpack', 'baseline_seed_1_step_198.msgpack', 'baseline_seed_1_step_220.msgpack', 'baseline_seed_1_step_1.msgpack', 'baseline_seed_1_step_44.msgpack', 'baseline_seed_1_step_110.msgpack']
Loaded 11 old self checkpoints for seed 1 from checkpoints/single/coord_ring
CHECKPOINTS DISCOVERED FOR SEED  2 :  ['baseline_seed_2_step_22.msgpack', 'baseline_seed_2_step_1.msgpack', 'baseline_seed_2_step_88.msgpack', 'baseline_seed_2_step_220.msgpack', 'baseline_seed_2_step_132.msgpack', 'baseline_seed_2_step_44.msgpack', 'baseline_seed_2_step_66.msgpack', 'baseline_seed_2_step_110.msgpack', 'baseline_seed_2_step_154.msgpack', 'baseline_seed_2_step_198.msgpack', 'baseline_seed_2_step_176.msgpack']
Loaded 11 old self checkpoints for seed 2 from checkpoints/single/coord_ring
CHECKPOINTS DISCOVERED FOR SEED  3 :  ['baseline_seed_3_step_22.msgpack', 'baseline_seed_3_step_110.msgpack', 'baseline_seed_3_step_1.msgpack', 'baseline_seed_3_step_88.msgpack', 'baseline_seed_3_step_132.msgpack', 'baseline_seed_3_step_176.msgpack', 'baseline_seed_3_step_66.msgpack', 'baseline_seed_3_step_154.msgpack', 'baseline_seed_3_step_220.msgpack', 'baseline_seed_3_step_198.msgpack', 'baseline_seed_3_step_44.msgpack']
Loaded 11 old self checkpoints for seed 3 from checkpoints/single/coord_ring
CHECKPOINTS DISCOVERED FOR SEED  4 :  ['baseline_seed_4_step_66.msgpack', 'baseline_seed_4_step_154.msgpack', 'baseline_seed_4_step_1.msgpack', 'baseline_seed_4_step_44.msgpack', 'baseline_seed_4_step_198.msgpack', 'baseline_seed_4_step_176.msgpack', 'baseline_seed_4_step_22.msgpack', 'baseline_seed_4_step_220.msgpack', 'baseline_seed_4_step_132.msgpack', 'baseline_seed_4_step_88.msgpack', 'baseline_seed_4_step_110.msgpack']
Loaded 11 old self checkpoints for seed 4 from checkpoints/single/coord_ring
Update steps:  228.0
Warmup epochs:  11
Cosine epochs:  217.0
--> Saved seed 0 checkpoint at step 1 to checkpoints/ph2v4_ablate/coord_ring/baseline_seed_0_step_1.msgpack
--> Saved seed 1 checkpoint at step 1 to checkpoints/ph2v4_ablate/coord_ring/baseline_seed_1_step_1.msgpack
--> Saved seed 2 checkpoint at step 1 to checkpoints/ph2v4_ablate/coord_ring/baseline_seed_2_step_1.msgpack
--> Saved seed 3 checkpoint at step 1 to checkpoints/ph2v4_ablate/coord_ring/baseline_seed_3_step_1.msgpack
--> Saved seed 4 checkpoint at step 1 to checkpoints/ph2v4_ablate/coord_ring/baseline_seed_4_step_1.msgpack
--> Saved seed 0 checkpoint at step 22 to checkpoints/ph2v4_ablate/coord_ring/baseline_seed_0_step_22.msgpack
--> Saved seed 1 checkpoint at step 22 to checkpoints/ph2v4_ablate/coord_ring/baseline_seed_1_step_22.msgpack
--> Saved seed 2 checkpoint at step 22 to checkpoints/ph2v4_ablate/coord_ring/baseline_seed_2_step_22.msgpack
--> Saved seed 3 checkpoint at step 22 to checkpoints/ph2v4_ablate/coord_ring/baseline_seed_3_step_22.msgpack
--> Saved seed 4 checkpoint at step 22 to checkpoints/ph2v4_ablate/coord_ring/baseline_seed_4_step_22.msgpack
--> Saved seed 0 checkpoint at step 44 to checkpoints/ph2v4_ablate/coord_ring/baseline_seed_0_step_44.msgpack
--> Saved seed 1 checkpoint at step 44 to checkpoints/ph2v4_ablate/coord_ring/baseline_seed_1_step_44.msgpack
--> Saved seed 2 checkpoint at step 44 to checkpoints/ph2v4_ablate/coord_ring/baseline_seed_2_step_44.msgpack
--> Saved seed 3 checkpoint at step 44 to checkpoints/ph2v4_ablate/coord_ring/baseline_seed_3_step_44.msgpack
--> Saved seed 4 checkpoint at step 44 to checkpoints/ph2v4_ablate/coord_ring/baseline_seed_4_step_44.msgpack
--> Saved seed 0 checkpoint at step 66 to checkpoints/ph2v4_ablate/coord_ring/baseline_seed_0_step_66.msgpack
--> Saved seed 1 checkpoint at step 66 to checkpoints/ph2v4_ablate/coord_ring/baseline_seed_1_step_66.msgpack
--> Saved seed 2 checkpoint at step 66 to checkpoints/ph2v4_ablate/coord_ring/baseline_seed_2_step_66.msgpack
--> Saved seed 3 checkpoint at step 66 to checkpoints/ph2v4_ablate/coord_ring/baseline_seed_3_step_66.msgpack
--> Saved seed 4 checkpoint at step 66 to checkpoints/ph2v4_ablate/coord_ring/baseline_seed_4_step_66.msgpack
--> Saved seed 0 checkpoint at step 88 to checkpoints/ph2v4_ablate/coord_ring/baseline_seed_0_step_88.msgpack
--> Saved seed 1 checkpoint at step 88 to checkpoints/ph2v4_ablate/coord_ring/baseline_seed_1_step_88.msgpack
--> Saved seed 2 checkpoint at step 88 to checkpoints/ph2v4_ablate/coord_ring/baseline_seed_2_step_88.msgpack
--> Saved seed 3 checkpoint at step 88 to checkpoints/ph2v4_ablate/coord_ring/baseline_seed_3_step_88.msgpack
--> Saved seed 4 checkpoint at step 88 to checkpoints/ph2v4_ablate/coord_ring/baseline_seed_4_step_88.msgpack
--> Saved seed 0 checkpoint at step 110 to checkpoints/ph2v4_ablate/coord_ring/baseline_seed_0_step_110.msgpack
--> Saved seed 1 checkpoint at step 110 to checkpoints/ph2v4_ablate/coord_ring/baseline_seed_1_step_110.msgpack
--> Saved seed 2 checkpoint at step 110 to checkpoints/ph2v4_ablate/coord_ring/baseline_seed_2_step_110.msgpack
--> Saved seed 3 checkpoint at step 110 to checkpoints/ph2v4_ablate/coord_ring/baseline_seed_3_step_110.msgpack
--> Saved seed 4 checkpoint at step 110 to checkpoints/ph2v4_ablate/coord_ring/baseline_seed_4_step_110.msgpack
--> Saved seed 0 checkpoint at step 132 to checkpoints/ph2v4_ablate/coord_ring/baseline_seed_0_step_132.msgpack
--> Saved seed 1 checkpoint at step 132 to checkpoints/ph2v4_ablate/coord_ring/baseline_seed_1_step_132.msgpack
--> Saved seed 2 checkpoint at step 132 to checkpoints/ph2v4_ablate/coord_ring/baseline_seed_2_step_132.msgpack
--> Saved seed 3 checkpoint at step 132 to checkpoints/ph2v4_ablate/coord_ring/baseline_seed_3_step_132.msgpack
--> Saved seed 4 checkpoint at step 132 to checkpoints/ph2v4_ablate/coord_ring/baseline_seed_4_step_132.msgpack
--> Saved seed 0 checkpoint at step 154 to checkpoints/ph2v4_ablate/coord_ring/baseline_seed_0_step_154.msgpack
--> Saved seed 1 checkpoint at step 154 to checkpoints/ph2v4_ablate/coord_ring/baseline_seed_1_step_154.msgpack
--> Saved seed 2 checkpoint at step 154 to checkpoints/ph2v4_ablate/coord_ring/baseline_seed_2_step_154.msgpack
--> Saved seed 3 checkpoint at step 154 to checkpoints/ph2v4_ablate/coord_ring/baseline_seed_3_step_154.msgpack
--> Saved seed 4 checkpoint at step 154 to checkpoints/ph2v4_ablate/coord_ring/baseline_seed_4_step_154.msgpack
--> Saved seed 0 checkpoint at step 176 to checkpoints/ph2v4_ablate/coord_ring/baseline_seed_0_step_176.msgpack
--> Saved seed 1 checkpoint at step 176 to checkpoints/ph2v4_ablate/coord_ring/baseline_seed_1_step_176.msgpack
--> Saved seed 2 checkpoint at step 176 to checkpoints/ph2v4_ablate/coord_ring/baseline_seed_2_step_176.msgpack
--> Saved seed 3 checkpoint at step 176 to checkpoints/ph2v4_ablate/coord_ring/baseline_seed_3_step_176.msgpack
--> Saved seed 4 checkpoint at step 176 to checkpoints/ph2v4_ablate/coord_ring/baseline_seed_4_step_176.msgpack
--> Saved seed 0 checkpoint at step 198 to checkpoints/ph2v4_ablate/coord_ring/baseline_seed_0_step_198.msgpack
--> Saved seed 1 checkpoint at step 198 to checkpoints/ph2v4_ablate/coord_ring/baseline_seed_1_step_198.msgpack
--> Saved seed 2 checkpoint at step 198 to checkpoints/ph2v4_ablate/coord_ring/baseline_seed_2_step_198.msgpack
--> Saved seed 3 checkpoint at step 198 to checkpoints/ph2v4_ablate/coord_ring/baseline_seed_3_step_198.msgpack
--> Saved seed 4 checkpoint at step 198 to checkpoints/ph2v4_ablate/coord_ring/baseline_seed_4_step_198.msgpack
--> Saved seed 0 checkpoint at step 220 to checkpoints/ph2v4_ablate/coord_ring/baseline_seed_0_step_220.msgpack
--> Saved seed 1 checkpoint at step 220 to checkpoints/ph2v4_ablate/coord_ring/baseline_seed_1_step_220.msgpack
--> Saved seed 2 checkpoint at step 220 to checkpoints/ph2v4_ablate/coord_ring/baseline_seed_2_step_220.msgpack
--> Saved seed 3 checkpoint at step 220 to checkpoints/ph2v4_ablate/coord_ring/baseline_seed_3_step_220.msgpack
--> Saved seed 4 checkpoint at step 220 to checkpoints/ph2v4_ablate/coord_ring/baseline_seed_4_step_220.msgpack
[1;34mwandb[0m: 
[1;34mwandb[0m: 🚀 View run [33mph2v4_ablate_obsfront_sameinp_coord_ring[0m at: [34mhttps://wandb.ai/maytusp/oc-extended/runs/ecwn1bor[0m
[1;34mwandb[0m: Find logs at: [1;35m../../../../../../../net/scratch/n70579mp/JaxMARL/wandb/run-20260609_130345-ecwn1bor/logs[0m
Importing submoduled environments...
Submoduled environments not found. Skipping import.
wandb: Currently logged in as: maytusp to https://api.wandb.ai. Use `wandb login --relogin` to force relogin
wandb: Tracking run with wandb version 0.21.1
wandb: Run data is saved locally in /net/scratch/n70579mp/JaxMARL/wandb/run-20260609_142520-ge2dt9d6
wandb: Run `wandb offline` to turn off syncing.
wandb: Syncing run ph2v4_ablate_obsfront_sameinp_cramped_room5x5
wandb: ⭐️ View project at https://wandb.ai/maytusp/oc-extended
wandb: 🚀 View run at https://wandb.ai/maytusp/oc-extended/runs/ge2dt9d6
pretrained_prefix checkpoints/single/
CHECKPOINTS DISCOVERED FOR SEED  0 :  ['baseline_seed_0_step_88.msgpack', 'baseline_seed_0_step_66.msgpack', 'baseline_seed_0_step_22.msgpack', 'baseline_seed_0_step_55.msgpack', 'baseline_seed_0_step_44.msgpack', 'baseline_seed_0_step_110.msgpack', 'baseline_seed_0_step_1.msgpack', 'baseline_seed_0_step_11.msgpack', 'baseline_seed_0_step_33.msgpack', 'baseline_seed_0_step_77.msgpack', 'baseline_seed_0_step_99.msgpack']
Loaded 11 old self checkpoints for seed 0 from checkpoints/single/cramped_room5x5
CHECKPOINTS DISCOVERED FOR SEED  1 :  ['baseline_seed_1_step_88.msgpack', 'baseline_seed_1_step_22.msgpack', 'baseline_seed_1_step_11.msgpack', 'baseline_seed_1_step_33.msgpack', 'baseline_seed_1_step_55.msgpack', 'baseline_seed_1_step_66.msgpack', 'baseline_seed_1_step_99.msgpack', 'baseline_seed_1_step_77.msgpack', 'baseline_seed_1_step_1.msgpack', 'baseline_seed_1_step_44.msgpack', 'baseline_seed_1_step_110.msgpack']
Loaded 11 old self checkpoints for seed 1 from checkpoints/single/cramped_room5x5
CHECKPOINTS DISCOVERED FOR SEED  2 :  ['baseline_seed_2_step_22.msgpack', 'baseline_seed_2_step_33.msgpack', 'baseline_seed_2_step_1.msgpack', 'baseline_seed_2_step_88.msgpack', 'baseline_seed_2_step_44.msgpack', 'baseline_seed_2_step_55.msgpack', 'baseline_seed_2_step_66.msgpack', 'baseline_seed_2_step_110.msgpack', 'baseline_seed_2_step_11.msgpack', 'baseline_seed_2_step_99.msgpack', 'baseline_seed_2_step_77.msgpack']
Loaded 11 old self checkpoints for seed 2 from checkpoints/single/cramped_room5x5
CHECKPOINTS DISCOVERED FOR SEED  3 :  ['baseline_seed_3_step_77.msgpack', 'baseline_seed_3_step_22.msgpack', 'baseline_seed_3_step_110.msgpack', 'baseline_seed_3_step_1.msgpack', 'baseline_seed_3_step_88.msgpack', 'baseline_seed_3_step_33.msgpack', 'baseline_seed_3_step_99.msgpack', 'baseline_seed_3_step_66.msgpack', 'baseline_seed_3_step_55.msgpack', 'baseline_seed_3_step_11.msgpack', 'baseline_seed_3_step_44.msgpack']
Loaded 11 old self checkpoints for seed 3 from checkpoints/single/cramped_room5x5
CHECKPOINTS DISCOVERED FOR SEED  4 :  ['baseline_seed_4_step_99.msgpack', 'baseline_seed_4_step_55.msgpack', 'baseline_seed_4_step_66.msgpack', 'baseline_seed_4_step_1.msgpack', 'baseline_seed_4_step_44.msgpack', 'baseline_seed_4_step_33.msgpack', 'baseline_seed_4_step_11.msgpack', 'baseline_seed_4_step_77.msgpack', 'baseline_seed_4_step_22.msgpack', 'baseline_seed_4_step_88.msgpack', 'baseline_seed_4_step_110.msgpack']
Loaded 11 old self checkpoints for seed 4 from checkpoints/single/cramped_room5x5
Update steps:  228.0
Warmup epochs:  11
Cosine epochs:  217.0
--> Saved seed 0 checkpoint at step 1 to checkpoints/ph2v4_ablate/cramped_room5x5/baseline_seed_0_step_1.msgpack
--> Saved seed 1 checkpoint at step 1 to checkpoints/ph2v4_ablate/cramped_room5x5/baseline_seed_1_step_1.msgpack
--> Saved seed 2 checkpoint at step 1 to checkpoints/ph2v4_ablate/cramped_room5x5/baseline_seed_2_step_1.msgpack
--> Saved seed 3 checkpoint at step 1 to checkpoints/ph2v4_ablate/cramped_room5x5/baseline_seed_3_step_1.msgpack
--> Saved seed 4 checkpoint at step 1 to checkpoints/ph2v4_ablate/cramped_room5x5/baseline_seed_4_step_1.msgpack
--> Saved seed 0 checkpoint at step 22 to checkpoints/ph2v4_ablate/cramped_room5x5/baseline_seed_0_step_22.msgpack
--> Saved seed 1 checkpoint at step 22 to checkpoints/ph2v4_ablate/cramped_room5x5/baseline_seed_1_step_22.msgpack
--> Saved seed 2 checkpoint at step 22 to checkpoints/ph2v4_ablate/cramped_room5x5/baseline_seed_2_step_22.msgpack
--> Saved seed 3 checkpoint at step 22 to checkpoints/ph2v4_ablate/cramped_room5x5/baseline_seed_3_step_22.msgpack
--> Saved seed 4 checkpoint at step 22 to checkpoints/ph2v4_ablate/cramped_room5x5/baseline_seed_4_step_22.msgpack
--> Saved seed 0 checkpoint at step 44 to checkpoints/ph2v4_ablate/cramped_room5x5/baseline_seed_0_step_44.msgpack
--> Saved seed 1 checkpoint at step 44 to checkpoints/ph2v4_ablate/cramped_room5x5/baseline_seed_1_step_44.msgpack
--> Saved seed 2 checkpoint at step 44 to checkpoints/ph2v4_ablate/cramped_room5x5/baseline_seed_2_step_44.msgpack
--> Saved seed 3 checkpoint at step 44 to checkpoints/ph2v4_ablate/cramped_room5x5/baseline_seed_3_step_44.msgpack
--> Saved seed 4 checkpoint at step 44 to checkpoints/ph2v4_ablate/cramped_room5x5/baseline_seed_4_step_44.msgpack
--> Saved seed 0 checkpoint at step 66 to checkpoints/ph2v4_ablate/cramped_room5x5/baseline_seed_0_step_66.msgpack
--> Saved seed 1 checkpoint at step 66 to checkpoints/ph2v4_ablate/cramped_room5x5/baseline_seed_1_step_66.msgpack
--> Saved seed 2 checkpoint at step 66 to checkpoints/ph2v4_ablate/cramped_room5x5/baseline_seed_2_step_66.msgpack
--> Saved seed 3 checkpoint at step 66 to checkpoints/ph2v4_ablate/cramped_room5x5/baseline_seed_3_step_66.msgpack
--> Saved seed 4 checkpoint at step 66 to checkpoints/ph2v4_ablate/cramped_room5x5/baseline_seed_4_step_66.msgpack
--> Saved seed 0 checkpoint at step 88 to checkpoints/ph2v4_ablate/cramped_room5x5/baseline_seed_0_step_88.msgpack
--> Saved seed 1 checkpoint at step 88 to checkpoints/ph2v4_ablate/cramped_room5x5/baseline_seed_1_step_88.msgpack
--> Saved seed 2 checkpoint at step 88 to checkpoints/ph2v4_ablate/cramped_room5x5/baseline_seed_2_step_88.msgpack
--> Saved seed 3 checkpoint at step 88 to checkpoints/ph2v4_ablate/cramped_room5x5/baseline_seed_3_step_88.msgpack
--> Saved seed 4 checkpoint at step 88 to checkpoints/ph2v4_ablate/cramped_room5x5/baseline_seed_4_step_88.msgpack
--> Saved seed 0 checkpoint at step 110 to checkpoints/ph2v4_ablate/cramped_room5x5/baseline_seed_0_step_110.msgpack
--> Saved seed 1 checkpoint at step 110 to checkpoints/ph2v4_ablate/cramped_room5x5/baseline_seed_1_step_110.msgpack
--> Saved seed 2 checkpoint at step 110 to checkpoints/ph2v4_ablate/cramped_room5x5/baseline_seed_2_step_110.msgpack
--> Saved seed 3 checkpoint at step 110 to checkpoints/ph2v4_ablate/cramped_room5x5/baseline_seed_3_step_110.msgpack
--> Saved seed 4 checkpoint at step 110 to checkpoints/ph2v4_ablate/cramped_room5x5/baseline_seed_4_step_110.msgpack
--> Saved seed 0 checkpoint at step 132 to checkpoints/ph2v4_ablate/cramped_room5x5/baseline_seed_0_step_132.msgpack
--> Saved seed 1 checkpoint at step 132 to checkpoints/ph2v4_ablate/cramped_room5x5/baseline_seed_1_step_132.msgpack
--> Saved seed 2 checkpoint at step 132 to checkpoints/ph2v4_ablate/cramped_room5x5/baseline_seed_2_step_132.msgpack
--> Saved seed 3 checkpoint at step 132 to checkpoints/ph2v4_ablate/cramped_room5x5/baseline_seed_3_step_132.msgpack
--> Saved seed 4 checkpoint at step 132 to checkpoints/ph2v4_ablate/cramped_room5x5/baseline_seed_4_step_132.msgpack
--> Saved seed 0 checkpoint at step 154 to checkpoints/ph2v4_ablate/cramped_room5x5/baseline_seed_0_step_154.msgpack
--> Saved seed 1 checkpoint at step 154 to checkpoints/ph2v4_ablate/cramped_room5x5/baseline_seed_1_step_154.msgpack
--> Saved seed 2 checkpoint at step 154 to checkpoints/ph2v4_ablate/cramped_room5x5/baseline_seed_2_step_154.msgpack
--> Saved seed 3 checkpoint at step 154 to checkpoints/ph2v4_ablate/cramped_room5x5/baseline_seed_3_step_154.msgpack
--> Saved seed 4 checkpoint at step 154 to checkpoints/ph2v4_ablate/cramped_room5x5/baseline_seed_4_step_154.msgpack
--> Saved seed 0 checkpoint at step 176 to checkpoints/ph2v4_ablate/cramped_room5x5/baseline_seed_0_step_176.msgpack
--> Saved seed 1 checkpoint at step 176 to checkpoints/ph2v4_ablate/cramped_room5x5/baseline_seed_1_step_176.msgpack
--> Saved seed 2 checkpoint at step 176 to checkpoints/ph2v4_ablate/cramped_room5x5/baseline_seed_2_step_176.msgpack
--> Saved seed 3 checkpoint at step 176 to checkpoints/ph2v4_ablate/cramped_room5x5/baseline_seed_3_step_176.msgpack
--> Saved seed 4 checkpoint at step 176 to checkpoints/ph2v4_ablate/cramped_room5x5/baseline_seed_4_step_176.msgpack
--> Saved seed 0 checkpoint at step 198 to checkpoints/ph2v4_ablate/cramped_room5x5/baseline_seed_0_step_198.msgpack
--> Saved seed 1 checkpoint at step 198 to checkpoints/ph2v4_ablate/cramped_room5x5/baseline_seed_1_step_198.msgpack
--> Saved seed 2 checkpoint at step 198 to checkpoints/ph2v4_ablate/cramped_room5x5/baseline_seed_2_step_198.msgpack
--> Saved seed 3 checkpoint at step 198 to checkpoints/ph2v4_ablate/cramped_room5x5/baseline_seed_3_step_198.msgpack
--> Saved seed 4 checkpoint at step 198 to checkpoints/ph2v4_ablate/cramped_room5x5/baseline_seed_4_step_198.msgpack
--> Saved seed 0 checkpoint at step 220 to checkpoints/ph2v4_ablate/cramped_room5x5/baseline_seed_0_step_220.msgpack
--> Saved seed 1 checkpoint at step 220 to checkpoints/ph2v4_ablate/cramped_room5x5/baseline_seed_1_step_220.msgpack
--> Saved seed 2 checkpoint at step 220 to checkpoints/ph2v4_ablate/cramped_room5x5/baseline_seed_2_step_220.msgpack
--> Saved seed 3 checkpoint at step 220 to checkpoints/ph2v4_ablate/cramped_room5x5/baseline_seed_3_step_220.msgpack
--> Saved seed 4 checkpoint at step 220 to checkpoints/ph2v4_ablate/cramped_room5x5/baseline_seed_4_step_220.msgpack
[1;34mwandb[0m: 
[1;34mwandb[0m: 🚀 View run [33mph2v4_ablate_obsfront_sameinp_cramped_room5x5[0m at: [34mhttps://wandb.ai/maytusp/oc-extended/runs/ge2dt9d6[0m
[1;34mwandb[0m: Find logs at: [1;35m../../../../../../../net/scratch/n70579mp/JaxMARL/wandb/run-20260609_142520-ge2dt9d6/logs[0m
