Script directory: /mnt/iusers01/fatpou01/compsci01/n70579mp/scratch/tom/JaxMARL
Importing submoduled environments...
Submoduled environments not found. Skipping import.
wandb: [wandb.login()] Loaded credentials for https://api.wandb.ai from /mnt/iusers01/fatpou01/compsci01/n70579mp/.netrc.
wandb: W&B API key is configured. Use `wandb login --relogin` to force relogin
wandb: setting up run 5opd0q1h
wandb: Tracking run with wandb version 0.27.2
wandb: Run data is saved locally in /net/scratch/n70579mp/tom/JaxMARL/wandb/run-20260630_100533-5opd0q1h
wandb: Run `wandb offline` to turn off syncing.
wandb: Syncing run pbt_obsfront_coord_ring
wandb: ⭐️ View project at https://wandb.ai/maytusp/prepare_fcp_partner
wandb: 🚀 View run at https://wandb.ai/maytusp/prepare_fcp_partner/runs/5opd0q1h

PBT ITERATION NUM 1
Training agent 0 (1) with agent 2 fixed (pbt 1/10, sel 1/16)
Training agent 3 (1) with agent 3 fixed (pbt 1/10, sel 2/16)
Training agent 2 (1) with agent 0 fixed (pbt 1/10, sel 3/16)
Training agent 3 (2) with agent 2 fixed (pbt 1/10, sel 4/16)
Training agent 2 (2) with agent 3 fixed (pbt 1/10, sel 5/16)
Training agent 3 (3) with agent 1 fixed (pbt 1/10, sel 6/16)
Training agent 0 (2) with agent 3 fixed (pbt 1/10, sel 7/16)
Training agent 0 (3) with agent 1 fixed (pbt 1/10, sel 8/16)
Training agent 3 (4) with agent 0 fixed (pbt 1/10, sel 9/16)
Training agent 2 (3) with agent 2 fixed (pbt 1/10, sel 10/16)
Training agent 1 (1) with agent 3 fixed (pbt 1/10, sel 11/16)
Training agent 1 (2) with agent 1 fixed (pbt 1/10, sel 12/16)
Training agent 1 (3) with agent 2 fixed (pbt 1/10, sel 13/16)
Training agent 2 (4) with agent 1 fixed (pbt 1/10, sel 14/16)
Training agent 0 (4) with agent 0 fixed (pbt 1/10, sel 15/16)
Training agent 1 (4) with agent 0 fixed (pbt 1/10, sel 16/16)
Evaluated agent 0 and 0: dense_per_step=0.0846
Evaluated agent 0 and 1: dense_per_step=0.0887
Evaluated agent 0 and 2: dense_per_step=0.0518
Evaluated agent 0 and 3: dense_per_step=0.0867
Evaluated agent 1 and 1: dense_per_step=0.0427
Evaluated agent 1 and 2: dense_per_step=0.0723
Evaluated agent 1 and 3: dense_per_step=0.0731
Evaluated agent 2 and 2: dense_per_step=0.1053
Evaluated agent 2 and 3: dense_per_step=0.0661
Evaluated agent 3 and 3: dense_per_step=0.0612
--> Saved PBT population member 0 at step 1 to checkpoints/pbt/coord_ring/baseline_seed_0_step_1.msgpack
--> Saved PBT population member 1 at step 1 to checkpoints/pbt/coord_ring/baseline_seed_1_step_1.msgpack
--> Saved PBT population member 2 at step 1 to checkpoints/pbt/coord_ring/baseline_seed_2_step_1.msgpack
--> Saved PBT population member 3 at step 1 to checkpoints/pbt/coord_ring/baseline_seed_3_step_1.msgpack
Overwrote worst model 1 (0.0692) with best model 0 (0.0780); mutations={'LR': (0.00025, 0.0003125, 1.25), 'ENT_COEF': (0.01, 0.0075, 0.75)}

PBT ITERATION NUM 2
Training agent 1 (5) with agent 2 fixed (pbt 2/10, sel 1/16)
Training agent 3 (5) with agent 1 fixed (pbt 2/10, sel 2/16)
Training agent 3 (6) with agent 0 fixed (pbt 2/10, sel 3/16)
Training agent 3 (7) with agent 3 fixed (pbt 2/10, sel 4/16)
Training agent 2 (5) with agent 2 fixed (pbt 2/10, sel 5/16)
Training agent 0 (5) with agent 1 fixed (pbt 2/10, sel 6/16)
Training agent 0 (6) with agent 2 fixed (pbt 2/10, sel 7/16)
Training agent 2 (6) with agent 1 fixed (pbt 2/10, sel 8/16)
Training agent 0 (7) with agent 3 fixed (pbt 2/10, sel 9/16)
Training agent 1 (6) with agent 1 fixed (pbt 2/10, sel 10/16)
Training agent 0 (8) with agent 0 fixed (pbt 2/10, sel 11/16)
Training agent 1 (7) with agent 0 fixed (pbt 2/10, sel 12/16)
Training agent 2 (7) with agent 0 fixed (pbt 2/10, sel 13/16)
Training agent 3 (8) with agent 2 fixed (pbt 2/10, sel 14/16)
Training agent 1 (8) with agent 3 fixed (pbt 2/10, sel 15/16)
Training agent 2 (8) with agent 3 fixed (pbt 2/10, sel 16/16)
Evaluated agent 0 and 0: dense_per_step=0.1674
Evaluated agent 0 and 1: dense_per_step=0.1731
Evaluated agent 0 and 2: dense_per_step=0.1639
Evaluated agent 0 and 3: dense_per_step=0.1448
Evaluated agent 1 and 1: dense_per_step=0.0994
Evaluated agent 1 and 2: dense_per_step=0.1655
Evaluated agent 1 and 3: dense_per_step=0.0868
Evaluated agent 2 and 2: dense_per_step=0.1002
Evaluated agent 2 and 3: dense_per_step=0.0971
Evaluated agent 3 and 3: dense_per_step=0.1038
--> Saved PBT population member 0 at step 2 to checkpoints/pbt/coord_ring/baseline_seed_0_step_2.msgpack
--> Saved PBT population member 1 at step 2 to checkpoints/pbt/coord_ring/baseline_seed_1_step_2.msgpack
--> Saved PBT population member 2 at step 2 to checkpoints/pbt/coord_ring/baseline_seed_2_step_2.msgpack
--> Saved PBT population member 3 at step 2 to checkpoints/pbt/coord_ring/baseline_seed_3_step_2.msgpack
Overwrote worst model 3 (0.1082) with best model 0 (0.1623); mutations={'LR': (0.00025, 0.0001875, 0.75)}

PBT ITERATION NUM 3
Training agent 0 (9) with agent 0 fixed (pbt 3/10, sel 1/16)
Training agent 1 (9) with agent 1 fixed (pbt 3/10, sel 2/16)
Training agent 0 (10) with agent 3 fixed (pbt 3/10, sel 3/16)
Training agent 3 (9) with agent 0 fixed (pbt 3/10, sel 4/16)
Training agent 0 (11) with agent 1 fixed (pbt 3/10, sel 5/16)
Training agent 2 (9) with agent 0 fixed (pbt 3/10, sel 6/16)
Training agent 1 (10) with agent 0 fixed (pbt 3/10, sel 7/16)
Training agent 3 (10) with agent 2 fixed (pbt 3/10, sel 8/16)
Training agent 1 (11) with agent 2 fixed (pbt 3/10, sel 9/16)
Training agent 3 (11) with agent 1 fixed (pbt 3/10, sel 10/16)
Training agent 0 (12) with agent 2 fixed (pbt 3/10, sel 11/16)
Training agent 3 (12) with agent 3 fixed (pbt 3/10, sel 12/16)
Training agent 2 (10) with agent 3 fixed (pbt 3/10, sel 13/16)
Training agent 1 (12) with agent 3 fixed (pbt 3/10, sel 14/16)
Training agent 2 (11) with agent 2 fixed (pbt 3/10, sel 15/16)
Training agent 2 (12) with agent 1 fixed (pbt 3/10, sel 16/16)
Evaluated agent 0 and 0: dense_per_step=0.1907
Evaluated agent 0 and 1: dense_per_step=0.1859
Evaluated agent 0 and 2: dense_per_step=0.1948
Evaluated agent 0 and 3: dense_per_step=0.2253
Evaluated agent 1 and 1: dense_per_step=0.2308
Evaluated agent 1 and 2: dense_per_step=0.1516
Evaluated agent 1 and 3: dense_per_step=0.1569
Evaluated agent 2 and 2: dense_per_step=0.1301
Evaluated agent 2 and 3: dense_per_step=0.1960
Evaluated agent 3 and 3: dense_per_step=0.1800
--> Saved PBT population member 0 at step 3 to checkpoints/pbt/coord_ring/baseline_seed_0_step_3.msgpack
--> Saved PBT population member 1 at step 3 to checkpoints/pbt/coord_ring/baseline_seed_1_step_3.msgpack
--> Saved PBT population member 2 at step 3 to checkpoints/pbt/coord_ring/baseline_seed_2_step_3.msgpack
--> Saved PBT population member 3 at step 3 to checkpoints/pbt/coord_ring/baseline_seed_3_step_3.msgpack
Overwrote worst model 2 (0.1681) with best model 0 (0.1992); mutations={'CLIP_EPS': (0.2, 0.15000000000000002, 0.75), 'LR': (0.00025, 0.0001875, 0.75), 'VF_COEF': (0.5, 0.375, 0.75)}

PBT ITERATION NUM 4
Training agent 1 (13) with agent 0 fixed (pbt 4/10, sel 1/16)
Training agent 1 (14) with agent 2 fixed (pbt 4/10, sel 2/16)
Training agent 3 (13) with agent 0 fixed (pbt 4/10, sel 3/16)
Training agent 1 (15) with agent 3 fixed (pbt 4/10, sel 4/16)
Training agent 0 (13) with agent 0 fixed (pbt 4/10, sel 5/16)
Training agent 2 (13) with agent 2 fixed (pbt 4/10, sel 6/16)
Training agent 0 (14) with agent 1 fixed (pbt 4/10, sel 7/16)
Training agent 0 (15) with agent 3 fixed (pbt 4/10, sel 8/16)
Training agent 2 (14) with agent 3 fixed (pbt 4/10, sel 9/16)
Training agent 2 (15) with agent 1 fixed (pbt 4/10, sel 10/16)
Training agent 3 (14) with agent 3 fixed (pbt 4/10, sel 11/16)
Training agent 3 (15) with agent 1 fixed (pbt 4/10, sel 12/16)
Training agent 0 (16) with agent 2 fixed (pbt 4/10, sel 13/16)
Training agent 3 (16) with agent 2 fixed (pbt 4/10, sel 14/16)
Training agent 2 (16) with agent 0 fixed (pbt 4/10, sel 15/16)
Training agent 1 (16) with agent 1 fixed (pbt 4/10, sel 16/16)
Evaluated agent 0 and 0: dense_per_step=0.1832
Evaluated agent 0 and 1: dense_per_step=0.2786
Evaluated agent 0 and 2: dense_per_step=0.1919
Evaluated agent 0 and 3: dense_per_step=0.2508
Evaluated agent 1 and 1: dense_per_step=0.2526
Evaluated agent 1 and 2: dense_per_step=0.2400
Evaluated agent 1 and 3: dense_per_step=0.2889
Evaluated agent 2 and 2: dense_per_step=0.2095
Evaluated agent 2 and 3: dense_per_step=0.2287
Evaluated agent 3 and 3: dense_per_step=0.2024
--> Saved PBT population member 0 at step 4 to checkpoints/pbt/coord_ring/baseline_seed_0_step_4.msgpack
--> Saved PBT population member 1 at step 4 to checkpoints/pbt/coord_ring/baseline_seed_1_step_4.msgpack
--> Saved PBT population member 2 at step 4 to checkpoints/pbt/coord_ring/baseline_seed_2_step_4.msgpack
--> Saved PBT population member 3 at step 4 to checkpoints/pbt/coord_ring/baseline_seed_3_step_4.msgpack
Overwrote worst model 2 (0.2175) with best model 1 (0.2650); mutations={'UPDATE_EPOCHS': (4, 5, 1.25), 'ENT_COEF': (0.0075, 0.005625, 0.75)}

PBT ITERATION NUM 5
Training agent 2 (17) with agent 2 fixed (pbt 5/10, sel 1/16)
Training agent 2 (18) with agent 0 fixed (pbt 5/10, sel 2/16)
Training agent 3 (17) with agent 2 fixed (pbt 5/10, sel 3/16)
Training agent 0 (17) with agent 1 fixed (pbt 5/10, sel 4/16)
Training agent 2 (19) with agent 3 fixed (pbt 5/10, sel 5/16)
Training agent 2 (20) with agent 1 fixed (pbt 5/10, sel 6/16)
Training agent 3 (18) with agent 1 fixed (pbt 5/10, sel 7/16)
Training agent 0 (18) with agent 2 fixed (pbt 5/10, sel 8/16)
Training agent 1 (17) with agent 2 fixed (pbt 5/10, sel 9/16)
Training agent 3 (19) with agent 0 fixed (pbt 5/10, sel 10/16)
Training agent 1 (18) with agent 3 fixed (pbt 5/10, sel 11/16)
Training agent 3 (20) with agent 3 fixed (pbt 5/10, sel 12/16)
Training agent 1 (19) with agent 1 fixed (pbt 5/10, sel 13/16)
Training agent 0 (19) with agent 3 fixed (pbt 5/10, sel 14/16)
Training agent 1 (20) with agent 0 fixed (pbt 5/10, sel 15/16)
Training agent 0 (20) with agent 0 fixed (pbt 5/10, sel 16/16)
Evaluated agent 0 and 0: dense_per_step=0.3240
Evaluated agent 0 and 1: dense_per_step=0.3121
Evaluated agent 0 and 2: dense_per_step=0.3094
Evaluated agent 0 and 3: dense_per_step=0.2786
Evaluated agent 1 and 1: dense_per_step=0.3559
Evaluated agent 1 and 2: dense_per_step=0.3682
Evaluated agent 1 and 3: dense_per_step=0.3069
Evaluated agent 2 and 2: dense_per_step=0.3505
Evaluated agent 2 and 3: dense_per_step=0.3105
Evaluated agent 3 and 3: dense_per_step=0.2967
--> Saved PBT population member 0 at step 5 to checkpoints/pbt/coord_ring/baseline_seed_0_step_5.msgpack
--> Saved PBT population member 1 at step 5 to checkpoints/pbt/coord_ring/baseline_seed_1_step_5.msgpack
--> Saved PBT population member 2 at step 5 to checkpoints/pbt/coord_ring/baseline_seed_2_step_5.msgpack
--> Saved PBT population member 3 at step 5 to checkpoints/pbt/coord_ring/baseline_seed_3_step_5.msgpack
Overwrote worst model 3 (0.2982) with best model 1 (0.3358); mutations={'UPDATE_EPOCHS': (4, 5, 1.25)}

PBT ITERATION NUM 6
Training agent 0 (21) with agent 3 fixed (pbt 6/10, sel 1/16)
Training agent 1 (21) with agent 0 fixed (pbt 6/10, sel 2/16)
Training agent 2 (21) with agent 3 fixed (pbt 6/10, sel 3/16)
Training agent 1 (22) with agent 2 fixed (pbt 6/10, sel 4/16)
Training agent 2 (22) with agent 0 fixed (pbt 6/10, sel 5/16)
Training agent 0 (22) with agent 2 fixed (pbt 6/10, sel 6/16)
Training agent 3 (21) with agent 3 fixed (pbt 6/10, sel 7/16)
Training agent 3 (22) with agent 1 fixed (pbt 6/10, sel 8/16)
Training agent 1 (23) with agent 3 fixed (pbt 6/10, sel 9/16)
Training agent 0 (23) with agent 1 fixed (pbt 6/10, sel 10/16)
Training agent 3 (23) with agent 0 fixed (pbt 6/10, sel 11/16)
Training agent 1 (24) with agent 1 fixed (pbt 6/10, sel 12/16)
Training agent 2 (23) with agent 2 fixed (pbt 6/10, sel 13/16)
Training agent 0 (24) with agent 0 fixed (pbt 6/10, sel 14/16)
Training agent 2 (24) with agent 1 fixed (pbt 6/10, sel 15/16)
Training agent 3 (24) with agent 2 fixed (pbt 6/10, sel 16/16)
Evaluated agent 0 and 0: dense_per_step=0.4227
Evaluated agent 0 and 1: dense_per_step=0.4187
Evaluated agent 0 and 2: dense_per_step=0.4201
Evaluated agent 0 and 3: dense_per_step=0.4173
Evaluated agent 1 and 1: dense_per_step=0.4515
Evaluated agent 1 and 2: dense_per_step=0.4361
Evaluated agent 1 and 3: dense_per_step=0.4533
Evaluated agent 2 and 2: dense_per_step=0.3837
Evaluated agent 2 and 3: dense_per_step=0.4247
Evaluated agent 3 and 3: dense_per_step=0.3851
--> Saved PBT population member 0 at step 6 to checkpoints/pbt/coord_ring/baseline_seed_0_step_6.msgpack
--> Saved PBT population member 1 at step 6 to checkpoints/pbt/coord_ring/baseline_seed_1_step_6.msgpack
--> Saved PBT population member 2 at step 6 to checkpoints/pbt/coord_ring/baseline_seed_2_step_6.msgpack
--> Saved PBT population member 3 at step 6 to checkpoints/pbt/coord_ring/baseline_seed_3_step_6.msgpack
Overwrote worst model 2 (0.4161) with best model 1 (0.4399); mutations={'LR': (0.0003125, 0.000234375, 0.75), 'ENT_COEF': (0.0075, 0.005625, 0.75), 'VF_COEF': (0.5, 0.375, 0.75)}

PBT ITERATION NUM 7
Training agent 0 (25) with agent 3 fixed (pbt 7/10, sel 1/16)
Training agent 2 (25) with agent 0 fixed (pbt 7/10, sel 2/16)
Training agent 0 (26) with agent 2 fixed (pbt 7/10, sel 3/16)
Training agent 3 (25) with agent 3 fixed (pbt 7/10, sel 4/16)
Training agent 1 (25) with agent 2 fixed (pbt 7/10, sel 5/16)
Training agent 3 (26) with agent 1 fixed (pbt 7/10, sel 6/16)
Training agent 1 (26) with agent 0 fixed (pbt 7/10, sel 7/16)
Training agent 2 (26) with agent 2 fixed (pbt 7/10, sel 8/16)
Training agent 0 (27) with agent 1 fixed (pbt 7/10, sel 9/16)
Training agent 2 (27) with agent 3 fixed (pbt 7/10, sel 10/16)
Training agent 1 (27) with agent 1 fixed (pbt 7/10, sel 11/16)
Training agent 2 (28) with agent 1 fixed (pbt 7/10, sel 12/16)
Training agent 0 (28) with agent 0 fixed (pbt 7/10, sel 13/16)
Training agent 1 (28) with agent 3 fixed (pbt 7/10, sel 14/16)
Training agent 3 (27) with agent 2 fixed (pbt 7/10, sel 15/16)
Training agent 3 (28) with agent 0 fixed (pbt 7/10, sel 16/16)
Evaluated agent 0 and 0: dense_per_step=0.4454
Evaluated agent 0 and 1: dense_per_step=0.4969
Evaluated agent 0 and 2: dense_per_step=0.5385
Evaluated agent 0 and 3: dense_per_step=0.4744
Evaluated agent 1 and 1: dense_per_step=0.5291
Evaluated agent 1 and 2: dense_per_step=0.5377
Evaluated agent 1 and 3: dense_per_step=0.5337
Evaluated agent 2 and 2: dense_per_step=0.5055
Evaluated agent 2 and 3: dense_per_step=0.4986
Evaluated agent 3 and 3: dense_per_step=0.4947
--> Saved PBT population member 0 at step 7 to checkpoints/pbt/coord_ring/baseline_seed_0_step_7.msgpack
--> Saved PBT population member 1 at step 7 to checkpoints/pbt/coord_ring/baseline_seed_1_step_7.msgpack
--> Saved PBT population member 2 at step 7 to checkpoints/pbt/coord_ring/baseline_seed_2_step_7.msgpack
--> Saved PBT population member 3 at step 7 to checkpoints/pbt/coord_ring/baseline_seed_3_step_7.msgpack
Overwrote worst model 0 (0.4888) with best model 1 (0.5244); mutations={'CLIP_EPS': (0.2, 0.15000000000000002, 0.75), 'LR': (0.0003125, 0.000234375, 0.75), 'ENT_COEF': (0.0075, 0.009375, 1.25)}

PBT ITERATION NUM 8
Training agent 0 (29) with agent 2 fixed (pbt 8/10, sel 1/16)
Training agent 0 (30) with agent 1 fixed (pbt 8/10, sel 2/16)
Training agent 0 (31) with agent 3 fixed (pbt 8/10, sel 3/16)
Training agent 1 (29) with agent 1 fixed (pbt 8/10, sel 4/16)
Training agent 1 (30) with agent 3 fixed (pbt 8/10, sel 5/16)
Training agent 3 (29) with agent 3 fixed (pbt 8/10, sel 6/16)
Training agent 2 (29) with agent 2 fixed (pbt 8/10, sel 7/16)
Training agent 2 (30) with agent 1 fixed (pbt 8/10, sel 8/16)
Training agent 2 (31) with agent 3 fixed (pbt 8/10, sel 9/16)
Training agent 3 (30) with agent 2 fixed (pbt 8/10, sel 10/16)
Training agent 0 (32) with agent 0 fixed (pbt 8/10, sel 11/16)
Training agent 3 (31) with agent 1 fixed (pbt 8/10, sel 12/16)
Training agent 1 (31) with agent 2 fixed (pbt 8/10, sel 13/16)
Training agent 1 (32) with agent 0 fixed (pbt 8/10, sel 14/16)
Training agent 3 (32) with agent 0 fixed (pbt 8/10, sel 15/16)
Training agent 2 (32) with agent 0 fixed (pbt 8/10, sel 16/16)
Evaluated agent 0 and 0: dense_per_step=0.5900
Evaluated agent 0 and 1: dense_per_step=0.5899
Evaluated agent 0 and 2: dense_per_step=0.5617
Evaluated agent 0 and 3: dense_per_step=0.5894
Evaluated agent 1 and 1: dense_per_step=0.6056
Evaluated agent 1 and 2: dense_per_step=0.5755
Evaluated agent 1 and 3: dense_per_step=0.5806
Evaluated agent 2 and 2: dense_per_step=0.6033
Evaluated agent 2 and 3: dense_per_step=0.5451
Evaluated agent 3 and 3: dense_per_step=0.5260
--> Saved PBT population member 0 at step 8 to checkpoints/pbt/coord_ring/baseline_seed_0_step_8.msgpack
--> Saved PBT population member 1 at step 8 to checkpoints/pbt/coord_ring/baseline_seed_1_step_8.msgpack
--> Saved PBT population member 2 at step 8 to checkpoints/pbt/coord_ring/baseline_seed_2_step_8.msgpack
--> Saved PBT population member 3 at step 8 to checkpoints/pbt/coord_ring/baseline_seed_3_step_8.msgpack
Overwrote worst model 3 (0.5603) with best model 1 (0.5879); mutations={'UPDATE_EPOCHS': (4, 5, 1.25), 'ENT_COEF': (0.0075, 0.005625, 0.75)}

PBT ITERATION NUM 9
Training agent 3 (33) with agent 0 fixed (pbt 9/10, sel 1/16)
Training agent 2 (33) with agent 2 fixed (pbt 9/10, sel 2/16)
Training agent 2 (34) with agent 1 fixed (pbt 9/10, sel 3/16)
Training agent 0 (33) with agent 0 fixed (pbt 9/10, sel 4/16)
Training agent 0 (34) with agent 2 fixed (pbt 9/10, sel 5/16)
Training agent 1 (33) with agent 3 fixed (pbt 9/10, sel 6/16)
Training agent 3 (34) with agent 1 fixed (pbt 9/10, sel 7/16)
Training agent 3 (35) with agent 2 fixed (pbt 9/10, sel 8/16)
Training agent 1 (34) with agent 1 fixed (pbt 9/10, sel 9/16)
Training agent 2 (35) with agent 3 fixed (pbt 9/10, sel 10/16)
Training agent 1 (35) with agent 2 fixed (pbt 9/10, sel 11/16)
Training agent 3 (36) with agent 3 fixed (pbt 9/10, sel 12/16)
Training agent 1 (36) with agent 0 fixed (pbt 9/10, sel 13/16)
Training agent 0 (35) with agent 1 fixed (pbt 9/10, sel 14/16)
Training agent 2 (36) with agent 0 fixed (pbt 9/10, sel 15/16)
Training agent 0 (36) with agent 3 fixed (pbt 9/10, sel 16/16)
Evaluated agent 0 and 0: dense_per_step=0.6734
Evaluated agent 0 and 1: dense_per_step=0.6846
Evaluated agent 0 and 2: dense_per_step=0.6577
Evaluated agent 0 and 3: dense_per_step=0.6437
Evaluated agent 1 and 1: dense_per_step=0.7088
Evaluated agent 1 and 2: dense_per_step=0.6789
Evaluated agent 1 and 3: dense_per_step=0.6585
Evaluated agent 2 and 2: dense_per_step=0.6912
Evaluated agent 2 and 3: dense_per_step=0.6911
Evaluated agent 3 and 3: dense_per_step=0.6777
--> Saved PBT population member 0 at step 9 to checkpoints/pbt/coord_ring/baseline_seed_0_step_9.msgpack
--> Saved PBT population member 1 at step 9 to checkpoints/pbt/coord_ring/baseline_seed_1_step_9.msgpack
--> Saved PBT population member 2 at step 9 to checkpoints/pbt/coord_ring/baseline_seed_2_step_9.msgpack
--> Saved PBT population member 3 at step 9 to checkpoints/pbt/coord_ring/baseline_seed_3_step_9.msgpack
Overwrote worst model 0 (0.6649) with best model 1 (0.6827); mutations={'LR': (0.0003125, 0.000390625, 1.25), 'VF_COEF': (0.5, 0.375, 0.75)}

PBT ITERATION NUM 10
Training agent 1 (37) with agent 1 fixed (pbt 10/10, sel 1/16)
Training agent 1 (38) with agent 2 fixed (pbt 10/10, sel 2/16)
Training agent 0 (37) with agent 1 fixed (pbt 10/10, sel 3/16)
Training agent 3 (37) with agent 1 fixed (pbt 10/10, sel 4/16)
Training agent 2 (37) with agent 2 fixed (pbt 10/10, sel 5/16)
Training agent 2 (38) with agent 1 fixed (pbt 10/10, sel 6/16)
Training agent 3 (38) with agent 0 fixed (pbt 10/10, sel 7/16)
Training agent 0 (38) with agent 0 fixed (pbt 10/10, sel 8/16)
Training agent 2 (39) with agent 0 fixed (pbt 10/10, sel 9/16)
Training agent 0 (39) with agent 2 fixed (pbt 10/10, sel 10/16)
Training agent 1 (39) with agent 3 fixed (pbt 10/10, sel 11/16)
Training agent 3 (39) with agent 2 fixed (pbt 10/10, sel 12/16)
Training agent 0 (40) with agent 3 fixed (pbt 10/10, sel 13/16)
Training agent 2 (40) with agent 3 fixed (pbt 10/10, sel 14/16)
Training agent 3 (40) with agent 3 fixed (pbt 10/10, sel 15/16)
Training agent 1 (40) with agent 0 fixed (pbt 10/10, sel 16/16)
Evaluated agent 0 and 0: dense_per_step=0.7446
Evaluated agent 0 and 1: dense_per_step=0.6848
Evaluated agent 0 and 2: dense_per_step=0.7262
Evaluated agent 0 and 3: dense_per_step=0.7195
Evaluated agent 1 and 1: dense_per_step=0.7330
Evaluated agent 1 and 2: dense_per_step=0.6853
Evaluated agent 1 and 3: dense_per_step=0.7414
Evaluated agent 2 and 2: dense_per_step=0.7248
Evaluated agent 2 and 3: dense_per_step=0.6950
Evaluated agent 3 and 3: dense_per_step=0.7406
--> Saved PBT population member 0 at step 10 to checkpoints/pbt/coord_ring/baseline_seed_0_step_10.msgpack
--> Saved PBT population member 1 at step 10 to checkpoints/pbt/coord_ring/baseline_seed_1_step_10.msgpack
--> Saved PBT population member 2 at step 10 to checkpoints/pbt/coord_ring/baseline_seed_2_step_10.msgpack
--> Saved PBT population member 3 at step 10 to checkpoints/pbt/coord_ring/baseline_seed_3_step_10.msgpack
Final PBT iteration complete; skipped exploit so final population checkpoints are not duplicated by a last copy.
--> Saved PBT population member 0 at step 10 to checkpoints/pbt/coord_ring/baseline_seed_0_step_10.msgpack
--> Saved PBT population member 1 at step 10 to checkpoints/pbt/coord_ring/baseline_seed_1_step_10.msgpack
--> Saved PBT population member 2 at step 10 to checkpoints/pbt/coord_ring/baseline_seed_2_step_10.msgpack
--> Saved PBT population member 3 at step 10 to checkpoints/pbt/coord_ring/baseline_seed_3_step_10.msgpack
[1;34mwandb[0m: 
[1;34mwandb[0m: 🚀 View run [33mpbt_obsfront_coord_ring[0m at: [34mhttps://wandb.ai/maytusp/prepare_fcp_partner/runs/5opd0q1h[0m
[1;34mwandb[0m: Find logs at: [1;35m../../../../../../../../net/scratch/n70579mp/tom/JaxMARL/wandb/run-20260630_100533-5opd0q1h/logs[0m
