Script directory: /mnt/iusers01/fatpou01/compsci01/n70579mp/scratch/JaxMARL
Importing submoduled environments...
Submoduled environments not found. Skipping import.
wandb: Currently logged in as: maytusp to https://api.wandb.ai. Use `wandb login --relogin` to force relogin
wandb: Tracking run with wandb version 0.21.1
wandb: Run data is saved locally in /net/scratch/n70579mp/JaxMARL/wandb/run-20260609_075717-rmy1xl4j
wandb: Run `wandb offline` to turn off syncing.
wandb: Syncing run ppo_single_obsfront_cramped_room5x5
wandb: ⭐️ View project at https://wandb.ai/maytusp/overcooked-single
wandb: 🚀 View run at https://wandb.ai/maytusp/overcooked-single/runs/rmy1xl4j
Update steps:  114.0
Warmup epochs:  5
Cosine epochs:  109.0
--> Saved seed 1 checkpoint at step 1 to checkpoints/single/cramped_room5x5/baseline_seed_1_step_1.msgpack
--> Saved seed 0 checkpoint at step 1 to checkpoints/single/cramped_room5x5/baseline_seed_0_step_1.msgpack
--> Saved seed 4 checkpoint at step 1 to checkpoints/single/cramped_room5x5/baseline_seed_4_step_1.msgpack
--> Saved seed 3 checkpoint at step 1 to checkpoints/single/cramped_room5x5/baseline_seed_3_step_1.msgpack
--> Saved seed 2 checkpoint at step 1 to checkpoints/single/cramped_room5x5/baseline_seed_2_step_1.msgpack
--> Saved seed 1 checkpoint at step 11 to checkpoints/single/cramped_room5x5/baseline_seed_1_step_11.msgpack
--> Saved seed 0 checkpoint at step 11 to checkpoints/single/cramped_room5x5/baseline_seed_0_step_11.msgpack
--> Saved seed 4 checkpoint at step 11 to checkpoints/single/cramped_room5x5/baseline_seed_4_step_11.msgpack
--> Saved seed 3 checkpoint at step 11 to checkpoints/single/cramped_room5x5/baseline_seed_3_step_11.msgpack
--> Saved seed 2 checkpoint at step 11 to checkpoints/single/cramped_room5x5/baseline_seed_2_step_11.msgpack
--> Saved seed 1 checkpoint at step 22 to checkpoints/single/cramped_room5x5/baseline_seed_1_step_22.msgpack
--> Saved seed 0 checkpoint at step 22 to checkpoints/single/cramped_room5x5/baseline_seed_0_step_22.msgpack
--> Saved seed 4 checkpoint at step 22 to checkpoints/single/cramped_room5x5/baseline_seed_4_step_22.msgpack
--> Saved seed 3 checkpoint at step 22 to checkpoints/single/cramped_room5x5/baseline_seed_3_step_22.msgpack
--> Saved seed 2 checkpoint at step 22 to checkpoints/single/cramped_room5x5/baseline_seed_2_step_22.msgpack
--> Saved seed 1 checkpoint at step 33 to checkpoints/single/cramped_room5x5/baseline_seed_1_step_33.msgpack
--> Saved seed 0 checkpoint at step 33 to checkpoints/single/cramped_room5x5/baseline_seed_0_step_33.msgpack
--> Saved seed 4 checkpoint at step 33 to checkpoints/single/cramped_room5x5/baseline_seed_4_step_33.msgpack
--> Saved seed 3 checkpoint at step 33 to checkpoints/single/cramped_room5x5/baseline_seed_3_step_33.msgpack
--> Saved seed 2 checkpoint at step 33 to checkpoints/single/cramped_room5x5/baseline_seed_2_step_33.msgpack
--> Saved seed 1 checkpoint at step 44 to checkpoints/single/cramped_room5x5/baseline_seed_1_step_44.msgpack
--> Saved seed 0 checkpoint at step 44 to checkpoints/single/cramped_room5x5/baseline_seed_0_step_44.msgpack
--> Saved seed 4 checkpoint at step 44 to checkpoints/single/cramped_room5x5/baseline_seed_4_step_44.msgpack
--> Saved seed 3 checkpoint at step 44 to checkpoints/single/cramped_room5x5/baseline_seed_3_step_44.msgpack
--> Saved seed 2 checkpoint at step 44 to checkpoints/single/cramped_room5x5/baseline_seed_2_step_44.msgpack
--> Saved seed 1 checkpoint at step 55 to checkpoints/single/cramped_room5x5/baseline_seed_1_step_55.msgpack
--> Saved seed 0 checkpoint at step 55 to checkpoints/single/cramped_room5x5/baseline_seed_0_step_55.msgpack
--> Saved seed 4 checkpoint at step 55 to checkpoints/single/cramped_room5x5/baseline_seed_4_step_55.msgpack
--> Saved seed 3 checkpoint at step 55 to checkpoints/single/cramped_room5x5/baseline_seed_3_step_55.msgpack
--> Saved seed 2 checkpoint at step 55 to checkpoints/single/cramped_room5x5/baseline_seed_2_step_55.msgpack
--> Saved seed 1 checkpoint at step 66 to checkpoints/single/cramped_room5x5/baseline_seed_1_step_66.msgpack
--> Saved seed 0 checkpoint at step 66 to checkpoints/single/cramped_room5x5/baseline_seed_0_step_66.msgpack
--> Saved seed 4 checkpoint at step 66 to checkpoints/single/cramped_room5x5/baseline_seed_4_step_66.msgpack
--> Saved seed 3 checkpoint at step 66 to checkpoints/single/cramped_room5x5/baseline_seed_3_step_66.msgpack
--> Saved seed 2 checkpoint at step 66 to checkpoints/single/cramped_room5x5/baseline_seed_2_step_66.msgpack
--> Saved seed 1 checkpoint at step 77 to checkpoints/single/cramped_room5x5/baseline_seed_1_step_77.msgpack
--> Saved seed 0 checkpoint at step 77 to checkpoints/single/cramped_room5x5/baseline_seed_0_step_77.msgpack
--> Saved seed 4 checkpoint at step 77 to checkpoints/single/cramped_room5x5/baseline_seed_4_step_77.msgpack
--> Saved seed 3 checkpoint at step 77 to checkpoints/single/cramped_room5x5/baseline_seed_3_step_77.msgpack
--> Saved seed 2 checkpoint at step 77 to checkpoints/single/cramped_room5x5/baseline_seed_2_step_77.msgpack
--> Saved seed 1 checkpoint at step 88 to checkpoints/single/cramped_room5x5/baseline_seed_1_step_88.msgpack
--> Saved seed 0 checkpoint at step 88 to checkpoints/single/cramped_room5x5/baseline_seed_0_step_88.msgpack
--> Saved seed 4 checkpoint at step 88 to checkpoints/single/cramped_room5x5/baseline_seed_4_step_88.msgpack
--> Saved seed 3 checkpoint at step 88 to checkpoints/single/cramped_room5x5/baseline_seed_3_step_88.msgpack
--> Saved seed 2 checkpoint at step 88 to checkpoints/single/cramped_room5x5/baseline_seed_2_step_88.msgpack
--> Saved seed 1 checkpoint at step 99 to checkpoints/single/cramped_room5x5/baseline_seed_1_step_99.msgpack
--> Saved seed 0 checkpoint at step 99 to checkpoints/single/cramped_room5x5/baseline_seed_0_step_99.msgpack
--> Saved seed 4 checkpoint at step 99 to checkpoints/single/cramped_room5x5/baseline_seed_4_step_99.msgpack
--> Saved seed 3 checkpoint at step 99 to checkpoints/single/cramped_room5x5/baseline_seed_3_step_99.msgpack
--> Saved seed 2 checkpoint at step 99 to checkpoints/single/cramped_room5x5/baseline_seed_2_step_99.msgpack
--> Saved seed 1 checkpoint at step 110 to checkpoints/single/cramped_room5x5/baseline_seed_1_step_110.msgpack
--> Saved seed 0 checkpoint at step 110 to checkpoints/single/cramped_room5x5/baseline_seed_0_step_110.msgpack
--> Saved seed 4 checkpoint at step 110 to checkpoints/single/cramped_room5x5/baseline_seed_4_step_110.msgpack
--> Saved seed 3 checkpoint at step 110 to checkpoints/single/cramped_room5x5/baseline_seed_3_step_110.msgpack
--> Saved seed 2 checkpoint at step 110 to checkpoints/single/cramped_room5x5/baseline_seed_2_step_110.msgpack
[1;34mwandb[0m: 
[1;34mwandb[0m: 🚀 View run [33mppo_single_obsfront_cramped_room5x5[0m at: [34mhttps://wandb.ai/maytusp/overcooked-single/runs/rmy1xl4j[0m
[1;34mwandb[0m: Find logs at: [1;35m../../../../../../../net/scratch/n70579mp/JaxMARL/wandb/run-20260609_075717-rmy1xl4j/logs[0m
Importing submoduled environments...
Submoduled environments not found. Skipping import.
wandb: Currently logged in as: maytusp to https://api.wandb.ai. Use `wandb login --relogin` to force relogin
wandb: Tracking run with wandb version 0.21.1
wandb: Run data is saved locally in /net/scratch/n70579mp/JaxMARL/wandb/run-20260609_081651-s2pmadi7
wandb: Run `wandb offline` to turn off syncing.
wandb: Syncing run ppo_single_obsfront_coord_ring
wandb: ⭐️ View project at https://wandb.ai/maytusp/overcooked-single
wandb: 🚀 View run at https://wandb.ai/maytusp/overcooked-single/runs/s2pmadi7
Update steps:  228.0
Warmup epochs:  11
Cosine epochs:  217.0
--> Saved seed 1 checkpoint at step 1 to checkpoints/single/coord_ring/baseline_seed_1_step_1.msgpack
--> Saved seed 0 checkpoint at step 1 to checkpoints/single/coord_ring/baseline_seed_0_step_1.msgpack
--> Saved seed 4 checkpoint at step 1 to checkpoints/single/coord_ring/baseline_seed_4_step_1.msgpack
--> Saved seed 3 checkpoint at step 1 to checkpoints/single/coord_ring/baseline_seed_3_step_1.msgpack
--> Saved seed 2 checkpoint at step 1 to checkpoints/single/coord_ring/baseline_seed_2_step_1.msgpack
--> Saved seed 1 checkpoint at step 22 to checkpoints/single/coord_ring/baseline_seed_1_step_22.msgpack
--> Saved seed 0 checkpoint at step 22 to checkpoints/single/coord_ring/baseline_seed_0_step_22.msgpack
--> Saved seed 4 checkpoint at step 22 to checkpoints/single/coord_ring/baseline_seed_4_step_22.msgpack
--> Saved seed 3 checkpoint at step 22 to checkpoints/single/coord_ring/baseline_seed_3_step_22.msgpack
--> Saved seed 2 checkpoint at step 22 to checkpoints/single/coord_ring/baseline_seed_2_step_22.msgpack
--> Saved seed 1 checkpoint at step 44 to checkpoints/single/coord_ring/baseline_seed_1_step_44.msgpack
--> Saved seed 0 checkpoint at step 44 to checkpoints/single/coord_ring/baseline_seed_0_step_44.msgpack
--> Saved seed 4 checkpoint at step 44 to checkpoints/single/coord_ring/baseline_seed_4_step_44.msgpack
--> Saved seed 3 checkpoint at step 44 to checkpoints/single/coord_ring/baseline_seed_3_step_44.msgpack
--> Saved seed 2 checkpoint at step 44 to checkpoints/single/coord_ring/baseline_seed_2_step_44.msgpack
--> Saved seed 1 checkpoint at step 66 to checkpoints/single/coord_ring/baseline_seed_1_step_66.msgpack
--> Saved seed 0 checkpoint at step 66 to checkpoints/single/coord_ring/baseline_seed_0_step_66.msgpack
--> Saved seed 4 checkpoint at step 66 to checkpoints/single/coord_ring/baseline_seed_4_step_66.msgpack
--> Saved seed 3 checkpoint at step 66 to checkpoints/single/coord_ring/baseline_seed_3_step_66.msgpack
--> Saved seed 2 checkpoint at step 66 to checkpoints/single/coord_ring/baseline_seed_2_step_66.msgpack
--> Saved seed 1 checkpoint at step 88 to checkpoints/single/coord_ring/baseline_seed_1_step_88.msgpack
--> Saved seed 0 checkpoint at step 88 to checkpoints/single/coord_ring/baseline_seed_0_step_88.msgpack
--> Saved seed 4 checkpoint at step 88 to checkpoints/single/coord_ring/baseline_seed_4_step_88.msgpack
--> Saved seed 3 checkpoint at step 88 to checkpoints/single/coord_ring/baseline_seed_3_step_88.msgpack
--> Saved seed 2 checkpoint at step 88 to checkpoints/single/coord_ring/baseline_seed_2_step_88.msgpack
--> Saved seed 1 checkpoint at step 110 to checkpoints/single/coord_ring/baseline_seed_1_step_110.msgpack
--> Saved seed 0 checkpoint at step 110 to checkpoints/single/coord_ring/baseline_seed_0_step_110.msgpack
--> Saved seed 4 checkpoint at step 110 to checkpoints/single/coord_ring/baseline_seed_4_step_110.msgpack
--> Saved seed 3 checkpoint at step 110 to checkpoints/single/coord_ring/baseline_seed_3_step_110.msgpack
--> Saved seed 2 checkpoint at step 110 to checkpoints/single/coord_ring/baseline_seed_2_step_110.msgpack
--> Saved seed 1 checkpoint at step 132 to checkpoints/single/coord_ring/baseline_seed_1_step_132.msgpack
--> Saved seed 0 checkpoint at step 132 to checkpoints/single/coord_ring/baseline_seed_0_step_132.msgpack
--> Saved seed 4 checkpoint at step 132 to checkpoints/single/coord_ring/baseline_seed_4_step_132.msgpack
--> Saved seed 3 checkpoint at step 132 to checkpoints/single/coord_ring/baseline_seed_3_step_132.msgpack
--> Saved seed 2 checkpoint at step 132 to checkpoints/single/coord_ring/baseline_seed_2_step_132.msgpack
--> Saved seed 1 checkpoint at step 154 to checkpoints/single/coord_ring/baseline_seed_1_step_154.msgpack
--> Saved seed 0 checkpoint at step 154 to checkpoints/single/coord_ring/baseline_seed_0_step_154.msgpack
--> Saved seed 4 checkpoint at step 154 to checkpoints/single/coord_ring/baseline_seed_4_step_154.msgpack
--> Saved seed 3 checkpoint at step 154 to checkpoints/single/coord_ring/baseline_seed_3_step_154.msgpack
--> Saved seed 2 checkpoint at step 154 to checkpoints/single/coord_ring/baseline_seed_2_step_154.msgpack
--> Saved seed 1 checkpoint at step 176 to checkpoints/single/coord_ring/baseline_seed_1_step_176.msgpack
--> Saved seed 0 checkpoint at step 176 to checkpoints/single/coord_ring/baseline_seed_0_step_176.msgpack
--> Saved seed 4 checkpoint at step 176 to checkpoints/single/coord_ring/baseline_seed_4_step_176.msgpack
--> Saved seed 3 checkpoint at step 176 to checkpoints/single/coord_ring/baseline_seed_3_step_176.msgpack
--> Saved seed 2 checkpoint at step 176 to checkpoints/single/coord_ring/baseline_seed_2_step_176.msgpack
--> Saved seed 1 checkpoint at step 198 to checkpoints/single/coord_ring/baseline_seed_1_step_198.msgpack
--> Saved seed 0 checkpoint at step 198 to checkpoints/single/coord_ring/baseline_seed_0_step_198.msgpack
--> Saved seed 4 checkpoint at step 198 to checkpoints/single/coord_ring/baseline_seed_4_step_198.msgpack
--> Saved seed 3 checkpoint at step 198 to checkpoints/single/coord_ring/baseline_seed_3_step_198.msgpack
--> Saved seed 2 checkpoint at step 198 to checkpoints/single/coord_ring/baseline_seed_2_step_198.msgpack
--> Saved seed 1 checkpoint at step 220 to checkpoints/single/coord_ring/baseline_seed_1_step_220.msgpack
--> Saved seed 0 checkpoint at step 220 to checkpoints/single/coord_ring/baseline_seed_0_step_220.msgpack
--> Saved seed 4 checkpoint at step 220 to checkpoints/single/coord_ring/baseline_seed_4_step_220.msgpack
--> Saved seed 3 checkpoint at step 220 to checkpoints/single/coord_ring/baseline_seed_3_step_220.msgpack
--> Saved seed 2 checkpoint at step 220 to checkpoints/single/coord_ring/baseline_seed_2_step_220.msgpack
[1;34mwandb[0m: 
[1;34mwandb[0m: 🚀 View run [33mppo_single_obsfront_coord_ring[0m at: [34mhttps://wandb.ai/maytusp/overcooked-single/runs/s2pmadi7[0m
[1;34mwandb[0m: Find logs at: [1;35m../../../../../../../net/scratch/n70579mp/JaxMARL/wandb/run-20260609_081651-s2pmadi7/logs[0m
Importing submoduled environments...
Submoduled environments not found. Skipping import.
wandb: Currently logged in as: maytusp to https://api.wandb.ai. Use `wandb login --relogin` to force relogin
wandb: Tracking run with wandb version 0.21.1
wandb: Run data is saved locally in /net/scratch/n70579mp/JaxMARL/wandb/run-20260609_085416-egbhx5r1
wandb: Run `wandb offline` to turn off syncing.
wandb: Syncing run ppo_single_obsfront_counter_circuit
wandb: ⭐️ View project at https://wandb.ai/maytusp/overcooked-single
wandb: 🚀 View run at https://wandb.ai/maytusp/overcooked-single/runs/egbhx5r1
Update steps:  228.0
Warmup epochs:  11
Cosine epochs:  217.0
--> Saved seed 1 checkpoint at step 1 to checkpoints/single/counter_circuit/baseline_seed_1_step_1.msgpack
--> Saved seed 0 checkpoint at step 1 to checkpoints/single/counter_circuit/baseline_seed_0_step_1.msgpack
--> Saved seed 4 checkpoint at step 1 to checkpoints/single/counter_circuit/baseline_seed_4_step_1.msgpack
--> Saved seed 3 checkpoint at step 1 to checkpoints/single/counter_circuit/baseline_seed_3_step_1.msgpack
--> Saved seed 2 checkpoint at step 1 to checkpoints/single/counter_circuit/baseline_seed_2_step_1.msgpack
--> Saved seed 1 checkpoint at step 22 to checkpoints/single/counter_circuit/baseline_seed_1_step_22.msgpack
--> Saved seed 0 checkpoint at step 22 to checkpoints/single/counter_circuit/baseline_seed_0_step_22.msgpack
--> Saved seed 4 checkpoint at step 22 to checkpoints/single/counter_circuit/baseline_seed_4_step_22.msgpack
--> Saved seed 3 checkpoint at step 22 to checkpoints/single/counter_circuit/baseline_seed_3_step_22.msgpack
--> Saved seed 2 checkpoint at step 22 to checkpoints/single/counter_circuit/baseline_seed_2_step_22.msgpack
--> Saved seed 1 checkpoint at step 44 to checkpoints/single/counter_circuit/baseline_seed_1_step_44.msgpack
--> Saved seed 0 checkpoint at step 44 to checkpoints/single/counter_circuit/baseline_seed_0_step_44.msgpack
--> Saved seed 4 checkpoint at step 44 to checkpoints/single/counter_circuit/baseline_seed_4_step_44.msgpack
--> Saved seed 3 checkpoint at step 44 to checkpoints/single/counter_circuit/baseline_seed_3_step_44.msgpack
--> Saved seed 2 checkpoint at step 44 to checkpoints/single/counter_circuit/baseline_seed_2_step_44.msgpack
--> Saved seed 1 checkpoint at step 66 to checkpoints/single/counter_circuit/baseline_seed_1_step_66.msgpack
--> Saved seed 0 checkpoint at step 66 to checkpoints/single/counter_circuit/baseline_seed_0_step_66.msgpack
--> Saved seed 4 checkpoint at step 66 to checkpoints/single/counter_circuit/baseline_seed_4_step_66.msgpack
--> Saved seed 3 checkpoint at step 66 to checkpoints/single/counter_circuit/baseline_seed_3_step_66.msgpack
--> Saved seed 2 checkpoint at step 66 to checkpoints/single/counter_circuit/baseline_seed_2_step_66.msgpack
--> Saved seed 1 checkpoint at step 88 to checkpoints/single/counter_circuit/baseline_seed_1_step_88.msgpack
--> Saved seed 0 checkpoint at step 88 to checkpoints/single/counter_circuit/baseline_seed_0_step_88.msgpack
--> Saved seed 4 checkpoint at step 88 to checkpoints/single/counter_circuit/baseline_seed_4_step_88.msgpack
--> Saved seed 3 checkpoint at step 88 to checkpoints/single/counter_circuit/baseline_seed_3_step_88.msgpack
--> Saved seed 2 checkpoint at step 88 to checkpoints/single/counter_circuit/baseline_seed_2_step_88.msgpack
--> Saved seed 1 checkpoint at step 110 to checkpoints/single/counter_circuit/baseline_seed_1_step_110.msgpack
--> Saved seed 0 checkpoint at step 110 to checkpoints/single/counter_circuit/baseline_seed_0_step_110.msgpack
--> Saved seed 4 checkpoint at step 110 to checkpoints/single/counter_circuit/baseline_seed_4_step_110.msgpack
--> Saved seed 3 checkpoint at step 110 to checkpoints/single/counter_circuit/baseline_seed_3_step_110.msgpack
--> Saved seed 2 checkpoint at step 110 to checkpoints/single/counter_circuit/baseline_seed_2_step_110.msgpack
--> Saved seed 1 checkpoint at step 132 to checkpoints/single/counter_circuit/baseline_seed_1_step_132.msgpack
--> Saved seed 0 checkpoint at step 132 to checkpoints/single/counter_circuit/baseline_seed_0_step_132.msgpack
--> Saved seed 4 checkpoint at step 132 to checkpoints/single/counter_circuit/baseline_seed_4_step_132.msgpack
--> Saved seed 3 checkpoint at step 132 to checkpoints/single/counter_circuit/baseline_seed_3_step_132.msgpack
--> Saved seed 2 checkpoint at step 132 to checkpoints/single/counter_circuit/baseline_seed_2_step_132.msgpack
--> Saved seed 1 checkpoint at step 154 to checkpoints/single/counter_circuit/baseline_seed_1_step_154.msgpack
--> Saved seed 0 checkpoint at step 154 to checkpoints/single/counter_circuit/baseline_seed_0_step_154.msgpack
--> Saved seed 4 checkpoint at step 154 to checkpoints/single/counter_circuit/baseline_seed_4_step_154.msgpack
--> Saved seed 3 checkpoint at step 154 to checkpoints/single/counter_circuit/baseline_seed_3_step_154.msgpack
--> Saved seed 2 checkpoint at step 154 to checkpoints/single/counter_circuit/baseline_seed_2_step_154.msgpack
--> Saved seed 1 checkpoint at step 176 to checkpoints/single/counter_circuit/baseline_seed_1_step_176.msgpack
--> Saved seed 0 checkpoint at step 176 to checkpoints/single/counter_circuit/baseline_seed_0_step_176.msgpack
--> Saved seed 4 checkpoint at step 176 to checkpoints/single/counter_circuit/baseline_seed_4_step_176.msgpack
--> Saved seed 3 checkpoint at step 176 to checkpoints/single/counter_circuit/baseline_seed_3_step_176.msgpack
--> Saved seed 2 checkpoint at step 176 to checkpoints/single/counter_circuit/baseline_seed_2_step_176.msgpack
--> Saved seed 1 checkpoint at step 198 to checkpoints/single/counter_circuit/baseline_seed_1_step_198.msgpack
--> Saved seed 0 checkpoint at step 198 to checkpoints/single/counter_circuit/baseline_seed_0_step_198.msgpack
--> Saved seed 4 checkpoint at step 198 to checkpoints/single/counter_circuit/baseline_seed_4_step_198.msgpack
--> Saved seed 3 checkpoint at step 198 to checkpoints/single/counter_circuit/baseline_seed_3_step_198.msgpack
--> Saved seed 2 checkpoint at step 198 to checkpoints/single/counter_circuit/baseline_seed_2_step_198.msgpack
--> Saved seed 1 checkpoint at step 220 to checkpoints/single/counter_circuit/baseline_seed_1_step_220.msgpack
--> Saved seed 0 checkpoint at step 220 to checkpoints/single/counter_circuit/baseline_seed_0_step_220.msgpack
--> Saved seed 4 checkpoint at step 220 to checkpoints/single/counter_circuit/baseline_seed_4_step_220.msgpack
--> Saved seed 3 checkpoint at step 220 to checkpoints/single/counter_circuit/baseline_seed_3_step_220.msgpack
--> Saved seed 2 checkpoint at step 220 to checkpoints/single/counter_circuit/baseline_seed_2_step_220.msgpack
[1;34mwandb[0m: 
[1;34mwandb[0m: 🚀 View run [33mppo_single_obsfront_counter_circuit[0m at: [34mhttps://wandb.ai/maytusp/overcooked-single/runs/egbhx5r1[0m
[1;34mwandb[0m: Find logs at: [1;35m../../../../../../../net/scratch/n70579mp/JaxMARL/wandb/run-20260609_085416-egbhx5r1/logs[0m
