Script directory: /mnt/iusers01/fatpou01/compsci01/n70579mp/scratch/tom/JaxMARL
Importing submoduled environments...
Submoduled environments not found. Skipping import.
wandb: [wandb.login()] Loaded credentials for https://api.wandb.ai from /mnt/iusers01/fatpou01/compsci01/n70579mp/.netrc.
wandb: Currently logged in as: maytusp to https://api.wandb.ai. Use `wandb login --relogin` to force relogin
wandb: setting up run nfwvee46
wandb: Tracking run with wandb version 0.27.2
wandb: Run data is saved locally in /net/scratch/n70579mp/tom/JaxMARL/wandb/run-20260706_075257-nfwvee46
wandb: Run `wandb offline` to turn off syncing.
wandb: Syncing run lmpred_no_self_pred_obsfront_cpt_counter_circuit
wandb: ⭐️ View project at https://wandb.ai/maytusp/oc-extended
wandb: 🚀 View run at https://wandb.ai/maytusp/oc-extended/runs/nfwvee46
Update steps:  381.0
Warmup epochs:  19
Cosine epochs:  362.0
--> Saved seed 0 checkpoint at step 1 to checkpoints/lmpred_no_self_pred/counter_circuit/baseline_seed_0_step_1.msgpack
--> Saved seed 1 checkpoint at step 1 to checkpoints/lmpred_no_self_pred/counter_circuit/baseline_seed_1_step_1.msgpack
--> Saved seed 2 checkpoint at step 1 to checkpoints/lmpred_no_self_pred/counter_circuit/baseline_seed_2_step_1.msgpack
--> Saved seed 3 checkpoint at step 1 to checkpoints/lmpred_no_self_pred/counter_circuit/baseline_seed_3_step_1.msgpack
--> Saved seed 4 checkpoint at step 1 to checkpoints/lmpred_no_self_pred/counter_circuit/baseline_seed_4_step_1.msgpack
--> Saved seed 0 checkpoint at step 38 to checkpoints/lmpred_no_self_pred/counter_circuit/baseline_seed_0_step_38.msgpack
--> Saved seed 1 checkpoint at step 38 to checkpoints/lmpred_no_self_pred/counter_circuit/baseline_seed_1_step_38.msgpack
--> Saved seed 2 checkpoint at step 38 to checkpoints/lmpred_no_self_pred/counter_circuit/baseline_seed_2_step_38.msgpack
--> Saved seed 3 checkpoint at step 38 to checkpoints/lmpred_no_self_pred/counter_circuit/baseline_seed_3_step_38.msgpack
--> Saved seed 4 checkpoint at step 38 to checkpoints/lmpred_no_self_pred/counter_circuit/baseline_seed_4_step_38.msgpack
--> Saved seed 0 checkpoint at step 76 to checkpoints/lmpred_no_self_pred/counter_circuit/baseline_seed_0_step_76.msgpack
--> Saved seed 1 checkpoint at step 76 to checkpoints/lmpred_no_self_pred/counter_circuit/baseline_seed_1_step_76.msgpack
--> Saved seed 2 checkpoint at step 76 to checkpoints/lmpred_no_self_pred/counter_circuit/baseline_seed_2_step_76.msgpack
--> Saved seed 3 checkpoint at step 76 to checkpoints/lmpred_no_self_pred/counter_circuit/baseline_seed_3_step_76.msgpack
--> Saved seed 4 checkpoint at step 76 to checkpoints/lmpred_no_self_pred/counter_circuit/baseline_seed_4_step_76.msgpack
--> Saved seed 0 checkpoint at step 114 to checkpoints/lmpred_no_self_pred/counter_circuit/baseline_seed_0_step_114.msgpack
--> Saved seed 1 checkpoint at step 114 to checkpoints/lmpred_no_self_pred/counter_circuit/baseline_seed_1_step_114.msgpack
--> Saved seed 2 checkpoint at step 114 to checkpoints/lmpred_no_self_pred/counter_circuit/baseline_seed_2_step_114.msgpack
--> Saved seed 3 checkpoint at step 114 to checkpoints/lmpred_no_self_pred/counter_circuit/baseline_seed_3_step_114.msgpack
--> Saved seed 4 checkpoint at step 114 to checkpoints/lmpred_no_self_pred/counter_circuit/baseline_seed_4_step_114.msgpack
--> Saved seed 0 checkpoint at step 152 to checkpoints/lmpred_no_self_pred/counter_circuit/baseline_seed_0_step_152.msgpack
--> Saved seed 1 checkpoint at step 152 to checkpoints/lmpred_no_self_pred/counter_circuit/baseline_seed_1_step_152.msgpack
--> Saved seed 2 checkpoint at step 152 to checkpoints/lmpred_no_self_pred/counter_circuit/baseline_seed_2_step_152.msgpack
--> Saved seed 3 checkpoint at step 152 to checkpoints/lmpred_no_self_pred/counter_circuit/baseline_seed_3_step_152.msgpack
--> Saved seed 4 checkpoint at step 152 to checkpoints/lmpred_no_self_pred/counter_circuit/baseline_seed_4_step_152.msgpack
--> Saved seed 0 checkpoint at step 190 to checkpoints/lmpred_no_self_pred/counter_circuit/baseline_seed_0_step_190.msgpack
--> Saved seed 1 checkpoint at step 190 to checkpoints/lmpred_no_self_pred/counter_circuit/baseline_seed_1_step_190.msgpack
--> Saved seed 2 checkpoint at step 190 to checkpoints/lmpred_no_self_pred/counter_circuit/baseline_seed_2_step_190.msgpack
--> Saved seed 3 checkpoint at step 190 to checkpoints/lmpred_no_self_pred/counter_circuit/baseline_seed_3_step_190.msgpack
--> Saved seed 4 checkpoint at step 190 to checkpoints/lmpred_no_self_pred/counter_circuit/baseline_seed_4_step_190.msgpack
--> Saved seed 0 checkpoint at step 228 to checkpoints/lmpred_no_self_pred/counter_circuit/baseline_seed_0_step_228.msgpack
--> Saved seed 1 checkpoint at step 228 to checkpoints/lmpred_no_self_pred/counter_circuit/baseline_seed_1_step_228.msgpack
--> Saved seed 2 checkpoint at step 228 to checkpoints/lmpred_no_self_pred/counter_circuit/baseline_seed_2_step_228.msgpack
--> Saved seed 3 checkpoint at step 228 to checkpoints/lmpred_no_self_pred/counter_circuit/baseline_seed_3_step_228.msgpack
--> Saved seed 4 checkpoint at step 228 to checkpoints/lmpred_no_self_pred/counter_circuit/baseline_seed_4_step_228.msgpack
--> Saved seed 0 checkpoint at step 266 to checkpoints/lmpred_no_self_pred/counter_circuit/baseline_seed_0_step_266.msgpack
--> Saved seed 1 checkpoint at step 266 to checkpoints/lmpred_no_self_pred/counter_circuit/baseline_seed_1_step_266.msgpack
--> Saved seed 2 checkpoint at step 266 to checkpoints/lmpred_no_self_pred/counter_circuit/baseline_seed_2_step_266.msgpack
--> Saved seed 3 checkpoint at step 266 to checkpoints/lmpred_no_self_pred/counter_circuit/baseline_seed_3_step_266.msgpack
--> Saved seed 4 checkpoint at step 266 to checkpoints/lmpred_no_self_pred/counter_circuit/baseline_seed_4_step_266.msgpack
--> Saved seed 0 checkpoint at step 304 to checkpoints/lmpred_no_self_pred/counter_circuit/baseline_seed_0_step_304.msgpack
--> Saved seed 1 checkpoint at step 304 to checkpoints/lmpred_no_self_pred/counter_circuit/baseline_seed_1_step_304.msgpack
--> Saved seed 2 checkpoint at step 304 to checkpoints/lmpred_no_self_pred/counter_circuit/baseline_seed_2_step_304.msgpack
--> Saved seed 3 checkpoint at step 304 to checkpoints/lmpred_no_self_pred/counter_circuit/baseline_seed_3_step_304.msgpack
--> Saved seed 4 checkpoint at step 304 to checkpoints/lmpred_no_self_pred/counter_circuit/baseline_seed_4_step_304.msgpack
--> Saved seed 0 checkpoint at step 342 to checkpoints/lmpred_no_self_pred/counter_circuit/baseline_seed_0_step_342.msgpack
--> Saved seed 1 checkpoint at step 342 to checkpoints/lmpred_no_self_pred/counter_circuit/baseline_seed_1_step_342.msgpack
--> Saved seed 2 checkpoint at step 342 to checkpoints/lmpred_no_self_pred/counter_circuit/baseline_seed_2_step_342.msgpack
--> Saved seed 3 checkpoint at step 342 to checkpoints/lmpred_no_self_pred/counter_circuit/baseline_seed_3_step_342.msgpack
--> Saved seed 4 checkpoint at step 342 to checkpoints/lmpred_no_self_pred/counter_circuit/baseline_seed_4_step_342.msgpack
--> Saved seed 0 checkpoint at step 380 to checkpoints/lmpred_no_self_pred/counter_circuit/baseline_seed_0_step_380.msgpack
--> Saved seed 1 checkpoint at step 380 to checkpoints/lmpred_no_self_pred/counter_circuit/baseline_seed_1_step_380.msgpack
--> Saved seed 2 checkpoint at step 380 to checkpoints/lmpred_no_self_pred/counter_circuit/baseline_seed_2_step_380.msgpack
--> Saved seed 3 checkpoint at step 380 to checkpoints/lmpred_no_self_pred/counter_circuit/baseline_seed_3_step_380.msgpack
--> Saved seed 4 checkpoint at step 380 to checkpoints/lmpred_no_self_pred/counter_circuit/baseline_seed_4_step_380.msgpack
[1;34mwandb[0m: 
[1;34mwandb[0m: 🚀 View run [33mlmpred_no_self_pred_obsfront_cpt_counter_circuit[0m at: [34mhttps://wandb.ai/maytusp/oc-extended/runs/nfwvee46[0m
[1;34mwandb[0m: Find logs at: [1;35m../../../../../../../../net/scratch/n70579mp/tom/JaxMARL/wandb/run-20260706_075257-nfwvee46/logs[0m
Importing submoduled environments...
Submoduled environments not found. Skipping import.
wandb: [wandb.login()] Loaded credentials for https://api.wandb.ai from /mnt/iusers01/fatpou01/compsci01/n70579mp/.netrc.
wandb: Currently logged in as: maytusp to https://api.wandb.ai. Use `wandb login --relogin` to force relogin
wandb: Tracking run with wandb version 0.27.2
wandb: Run data is saved locally in /net/scratch/n70579mp/tom/JaxMARL/wandb/run-20260706_095325-dgdmx9md
wandb: Run `wandb offline` to turn off syncing.
wandb: Syncing run lmpred_no_self_pred_obsfront_cpt_coord_ring
wandb: ⭐️ View project at https://wandb.ai/maytusp/oc-extended
wandb: 🚀 View run at https://wandb.ai/maytusp/oc-extended/runs/dgdmx9md
Update steps:  228.0
Warmup epochs:  11
Cosine epochs:  217.0
--> Saved seed 0 checkpoint at step 1 to checkpoints/lmpred_no_self_pred/coord_ring/baseline_seed_0_step_1.msgpack
--> Saved seed 1 checkpoint at step 1 to checkpoints/lmpred_no_self_pred/coord_ring/baseline_seed_1_step_1.msgpack
--> Saved seed 2 checkpoint at step 1 to checkpoints/lmpred_no_self_pred/coord_ring/baseline_seed_2_step_1.msgpack
--> Saved seed 3 checkpoint at step 1 to checkpoints/lmpred_no_self_pred/coord_ring/baseline_seed_3_step_1.msgpack
--> Saved seed 4 checkpoint at step 1 to checkpoints/lmpred_no_self_pred/coord_ring/baseline_seed_4_step_1.msgpack
--> Saved seed 0 checkpoint at step 22 to checkpoints/lmpred_no_self_pred/coord_ring/baseline_seed_0_step_22.msgpack
--> Saved seed 1 checkpoint at step 22 to checkpoints/lmpred_no_self_pred/coord_ring/baseline_seed_1_step_22.msgpack
--> Saved seed 2 checkpoint at step 22 to checkpoints/lmpred_no_self_pred/coord_ring/baseline_seed_2_step_22.msgpack
--> Saved seed 3 checkpoint at step 22 to checkpoints/lmpred_no_self_pred/coord_ring/baseline_seed_3_step_22.msgpack
--> Saved seed 4 checkpoint at step 22 to checkpoints/lmpred_no_self_pred/coord_ring/baseline_seed_4_step_22.msgpack
--> Saved seed 0 checkpoint at step 44 to checkpoints/lmpred_no_self_pred/coord_ring/baseline_seed_0_step_44.msgpack
--> Saved seed 1 checkpoint at step 44 to checkpoints/lmpred_no_self_pred/coord_ring/baseline_seed_1_step_44.msgpack
--> Saved seed 2 checkpoint at step 44 to checkpoints/lmpred_no_self_pred/coord_ring/baseline_seed_2_step_44.msgpack
--> Saved seed 3 checkpoint at step 44 to checkpoints/lmpred_no_self_pred/coord_ring/baseline_seed_3_step_44.msgpack
--> Saved seed 4 checkpoint at step 44 to checkpoints/lmpred_no_self_pred/coord_ring/baseline_seed_4_step_44.msgpack
--> Saved seed 0 checkpoint at step 66 to checkpoints/lmpred_no_self_pred/coord_ring/baseline_seed_0_step_66.msgpack
--> Saved seed 1 checkpoint at step 66 to checkpoints/lmpred_no_self_pred/coord_ring/baseline_seed_1_step_66.msgpack
--> Saved seed 2 checkpoint at step 66 to checkpoints/lmpred_no_self_pred/coord_ring/baseline_seed_2_step_66.msgpack
--> Saved seed 3 checkpoint at step 66 to checkpoints/lmpred_no_self_pred/coord_ring/baseline_seed_3_step_66.msgpack
--> Saved seed 4 checkpoint at step 66 to checkpoints/lmpred_no_self_pred/coord_ring/baseline_seed_4_step_66.msgpack
--> Saved seed 0 checkpoint at step 88 to checkpoints/lmpred_no_self_pred/coord_ring/baseline_seed_0_step_88.msgpack
--> Saved seed 1 checkpoint at step 88 to checkpoints/lmpred_no_self_pred/coord_ring/baseline_seed_1_step_88.msgpack
--> Saved seed 2 checkpoint at step 88 to checkpoints/lmpred_no_self_pred/coord_ring/baseline_seed_2_step_88.msgpack
--> Saved seed 3 checkpoint at step 88 to checkpoints/lmpred_no_self_pred/coord_ring/baseline_seed_3_step_88.msgpack
--> Saved seed 4 checkpoint at step 88 to checkpoints/lmpred_no_self_pred/coord_ring/baseline_seed_4_step_88.msgpack
--> Saved seed 0 checkpoint at step 110 to checkpoints/lmpred_no_self_pred/coord_ring/baseline_seed_0_step_110.msgpack
--> Saved seed 1 checkpoint at step 110 to checkpoints/lmpred_no_self_pred/coord_ring/baseline_seed_1_step_110.msgpack
--> Saved seed 2 checkpoint at step 110 to checkpoints/lmpred_no_self_pred/coord_ring/baseline_seed_2_step_110.msgpack
--> Saved seed 3 checkpoint at step 110 to checkpoints/lmpred_no_self_pred/coord_ring/baseline_seed_3_step_110.msgpack
--> Saved seed 4 checkpoint at step 110 to checkpoints/lmpred_no_self_pred/coord_ring/baseline_seed_4_step_110.msgpack
--> Saved seed 0 checkpoint at step 132 to checkpoints/lmpred_no_self_pred/coord_ring/baseline_seed_0_step_132.msgpack
--> Saved seed 1 checkpoint at step 132 to checkpoints/lmpred_no_self_pred/coord_ring/baseline_seed_1_step_132.msgpack
--> Saved seed 2 checkpoint at step 132 to checkpoints/lmpred_no_self_pred/coord_ring/baseline_seed_2_step_132.msgpack
--> Saved seed 3 checkpoint at step 132 to checkpoints/lmpred_no_self_pred/coord_ring/baseline_seed_3_step_132.msgpack
--> Saved seed 4 checkpoint at step 132 to checkpoints/lmpred_no_self_pred/coord_ring/baseline_seed_4_step_132.msgpack
--> Saved seed 0 checkpoint at step 154 to checkpoints/lmpred_no_self_pred/coord_ring/baseline_seed_0_step_154.msgpack
--> Saved seed 1 checkpoint at step 154 to checkpoints/lmpred_no_self_pred/coord_ring/baseline_seed_1_step_154.msgpack
--> Saved seed 2 checkpoint at step 154 to checkpoints/lmpred_no_self_pred/coord_ring/baseline_seed_2_step_154.msgpack
--> Saved seed 3 checkpoint at step 154 to checkpoints/lmpred_no_self_pred/coord_ring/baseline_seed_3_step_154.msgpack
--> Saved seed 4 checkpoint at step 154 to checkpoints/lmpred_no_self_pred/coord_ring/baseline_seed_4_step_154.msgpack
--> Saved seed 0 checkpoint at step 176 to checkpoints/lmpred_no_self_pred/coord_ring/baseline_seed_0_step_176.msgpack
--> Saved seed 1 checkpoint at step 176 to checkpoints/lmpred_no_self_pred/coord_ring/baseline_seed_1_step_176.msgpack
--> Saved seed 2 checkpoint at step 176 to checkpoints/lmpred_no_self_pred/coord_ring/baseline_seed_2_step_176.msgpack
--> Saved seed 3 checkpoint at step 176 to checkpoints/lmpred_no_self_pred/coord_ring/baseline_seed_3_step_176.msgpack
--> Saved seed 4 checkpoint at step 176 to checkpoints/lmpred_no_self_pred/coord_ring/baseline_seed_4_step_176.msgpack
--> Saved seed 0 checkpoint at step 198 to checkpoints/lmpred_no_self_pred/coord_ring/baseline_seed_0_step_198.msgpack
--> Saved seed 1 checkpoint at step 198 to checkpoints/lmpred_no_self_pred/coord_ring/baseline_seed_1_step_198.msgpack
--> Saved seed 2 checkpoint at step 198 to checkpoints/lmpred_no_self_pred/coord_ring/baseline_seed_2_step_198.msgpack
--> Saved seed 3 checkpoint at step 198 to checkpoints/lmpred_no_self_pred/coord_ring/baseline_seed_3_step_198.msgpack
--> Saved seed 4 checkpoint at step 198 to checkpoints/lmpred_no_self_pred/coord_ring/baseline_seed_4_step_198.msgpack
--> Saved seed 0 checkpoint at step 220 to checkpoints/lmpred_no_self_pred/coord_ring/baseline_seed_0_step_220.msgpack
--> Saved seed 1 checkpoint at step 220 to checkpoints/lmpred_no_self_pred/coord_ring/baseline_seed_1_step_220.msgpack
--> Saved seed 2 checkpoint at step 220 to checkpoints/lmpred_no_self_pred/coord_ring/baseline_seed_2_step_220.msgpack
--> Saved seed 3 checkpoint at step 220 to checkpoints/lmpred_no_self_pred/coord_ring/baseline_seed_3_step_220.msgpack
--> Saved seed 4 checkpoint at step 220 to checkpoints/lmpred_no_self_pred/coord_ring/baseline_seed_4_step_220.msgpack
[1;34mwandb[0m: 
[1;34mwandb[0m: 🚀 View run [33mlmpred_no_self_pred_obsfront_cpt_coord_ring[0m at: [34mhttps://wandb.ai/maytusp/oc-extended/runs/dgdmx9md[0m
[1;34mwandb[0m: Find logs at: [1;35m../../../../../../../../net/scratch/n70579mp/tom/JaxMARL/wandb/run-20260706_095325-dgdmx9md/logs[0m
Importing submoduled environments...
Submoduled environments not found. Skipping import.
wandb: [wandb.login()] Loaded credentials for https://api.wandb.ai from /mnt/iusers01/fatpou01/compsci01/n70579mp/.netrc.
wandb: Currently logged in as: maytusp to https://api.wandb.ai. Use `wandb login --relogin` to force relogin
wandb: Tracking run with wandb version 0.27.2
wandb: Run data is saved locally in /net/scratch/n70579mp/tom/JaxMARL/wandb/run-20260706_110258-fm06uzh3
wandb: Run `wandb offline` to turn off syncing.
wandb: Syncing run lmpred_no_self_pred_obsfront_cpt_cramped_room5x5
wandb: ⭐️ View project at https://wandb.ai/maytusp/oc-extended
wandb: 🚀 View run at https://wandb.ai/maytusp/oc-extended/runs/fm06uzh3
Update steps:  228.0
Warmup epochs:  11
Cosine epochs:  217.0
--> Saved seed 0 checkpoint at step 1 to checkpoints/lmpred_no_self_pred/cramped_room5x5/baseline_seed_0_step_1.msgpack
--> Saved seed 1 checkpoint at step 1 to checkpoints/lmpred_no_self_pred/cramped_room5x5/baseline_seed_1_step_1.msgpack
--> Saved seed 2 checkpoint at step 1 to checkpoints/lmpred_no_self_pred/cramped_room5x5/baseline_seed_2_step_1.msgpack
--> Saved seed 3 checkpoint at step 1 to checkpoints/lmpred_no_self_pred/cramped_room5x5/baseline_seed_3_step_1.msgpack
--> Saved seed 4 checkpoint at step 1 to checkpoints/lmpred_no_self_pred/cramped_room5x5/baseline_seed_4_step_1.msgpack
--> Saved seed 0 checkpoint at step 22 to checkpoints/lmpred_no_self_pred/cramped_room5x5/baseline_seed_0_step_22.msgpack
--> Saved seed 1 checkpoint at step 22 to checkpoints/lmpred_no_self_pred/cramped_room5x5/baseline_seed_1_step_22.msgpack
--> Saved seed 2 checkpoint at step 22 to checkpoints/lmpred_no_self_pred/cramped_room5x5/baseline_seed_2_step_22.msgpack
--> Saved seed 3 checkpoint at step 22 to checkpoints/lmpred_no_self_pred/cramped_room5x5/baseline_seed_3_step_22.msgpack
--> Saved seed 4 checkpoint at step 22 to checkpoints/lmpred_no_self_pred/cramped_room5x5/baseline_seed_4_step_22.msgpack
--> Saved seed 0 checkpoint at step 44 to checkpoints/lmpred_no_self_pred/cramped_room5x5/baseline_seed_0_step_44.msgpack
--> Saved seed 1 checkpoint at step 44 to checkpoints/lmpred_no_self_pred/cramped_room5x5/baseline_seed_1_step_44.msgpack
--> Saved seed 2 checkpoint at step 44 to checkpoints/lmpred_no_self_pred/cramped_room5x5/baseline_seed_2_step_44.msgpack
--> Saved seed 3 checkpoint at step 44 to checkpoints/lmpred_no_self_pred/cramped_room5x5/baseline_seed_3_step_44.msgpack
--> Saved seed 4 checkpoint at step 44 to checkpoints/lmpred_no_self_pred/cramped_room5x5/baseline_seed_4_step_44.msgpack
--> Saved seed 0 checkpoint at step 66 to checkpoints/lmpred_no_self_pred/cramped_room5x5/baseline_seed_0_step_66.msgpack
--> Saved seed 1 checkpoint at step 66 to checkpoints/lmpred_no_self_pred/cramped_room5x5/baseline_seed_1_step_66.msgpack
--> Saved seed 2 checkpoint at step 66 to checkpoints/lmpred_no_self_pred/cramped_room5x5/baseline_seed_2_step_66.msgpack
--> Saved seed 3 checkpoint at step 66 to checkpoints/lmpred_no_self_pred/cramped_room5x5/baseline_seed_3_step_66.msgpack
--> Saved seed 4 checkpoint at step 66 to checkpoints/lmpred_no_self_pred/cramped_room5x5/baseline_seed_4_step_66.msgpack
--> Saved seed 0 checkpoint at step 88 to checkpoints/lmpred_no_self_pred/cramped_room5x5/baseline_seed_0_step_88.msgpack
--> Saved seed 1 checkpoint at step 88 to checkpoints/lmpred_no_self_pred/cramped_room5x5/baseline_seed_1_step_88.msgpack
--> Saved seed 2 checkpoint at step 88 to checkpoints/lmpred_no_self_pred/cramped_room5x5/baseline_seed_2_step_88.msgpack
--> Saved seed 3 checkpoint at step 88 to checkpoints/lmpred_no_self_pred/cramped_room5x5/baseline_seed_3_step_88.msgpack
--> Saved seed 4 checkpoint at step 88 to checkpoints/lmpred_no_self_pred/cramped_room5x5/baseline_seed_4_step_88.msgpack
--> Saved seed 0 checkpoint at step 110 to checkpoints/lmpred_no_self_pred/cramped_room5x5/baseline_seed_0_step_110.msgpack
--> Saved seed 1 checkpoint at step 110 to checkpoints/lmpred_no_self_pred/cramped_room5x5/baseline_seed_1_step_110.msgpack
--> Saved seed 2 checkpoint at step 110 to checkpoints/lmpred_no_self_pred/cramped_room5x5/baseline_seed_2_step_110.msgpack
--> Saved seed 3 checkpoint at step 110 to checkpoints/lmpred_no_self_pred/cramped_room5x5/baseline_seed_3_step_110.msgpack
--> Saved seed 4 checkpoint at step 110 to checkpoints/lmpred_no_self_pred/cramped_room5x5/baseline_seed_4_step_110.msgpack
--> Saved seed 0 checkpoint at step 132 to checkpoints/lmpred_no_self_pred/cramped_room5x5/baseline_seed_0_step_132.msgpack
--> Saved seed 1 checkpoint at step 132 to checkpoints/lmpred_no_self_pred/cramped_room5x5/baseline_seed_1_step_132.msgpack
--> Saved seed 2 checkpoint at step 132 to checkpoints/lmpred_no_self_pred/cramped_room5x5/baseline_seed_2_step_132.msgpack
--> Saved seed 3 checkpoint at step 132 to checkpoints/lmpred_no_self_pred/cramped_room5x5/baseline_seed_3_step_132.msgpack
--> Saved seed 4 checkpoint at step 132 to checkpoints/lmpred_no_self_pred/cramped_room5x5/baseline_seed_4_step_132.msgpack
--> Saved seed 0 checkpoint at step 154 to checkpoints/lmpred_no_self_pred/cramped_room5x5/baseline_seed_0_step_154.msgpack
--> Saved seed 1 checkpoint at step 154 to checkpoints/lmpred_no_self_pred/cramped_room5x5/baseline_seed_1_step_154.msgpack
--> Saved seed 2 checkpoint at step 154 to checkpoints/lmpred_no_self_pred/cramped_room5x5/baseline_seed_2_step_154.msgpack
--> Saved seed 3 checkpoint at step 154 to checkpoints/lmpred_no_self_pred/cramped_room5x5/baseline_seed_3_step_154.msgpack
--> Saved seed 4 checkpoint at step 154 to checkpoints/lmpred_no_self_pred/cramped_room5x5/baseline_seed_4_step_154.msgpack
--> Saved seed 0 checkpoint at step 176 to checkpoints/lmpred_no_self_pred/cramped_room5x5/baseline_seed_0_step_176.msgpack
--> Saved seed 1 checkpoint at step 176 to checkpoints/lmpred_no_self_pred/cramped_room5x5/baseline_seed_1_step_176.msgpack
--> Saved seed 2 checkpoint at step 176 to checkpoints/lmpred_no_self_pred/cramped_room5x5/baseline_seed_2_step_176.msgpack
--> Saved seed 3 checkpoint at step 176 to checkpoints/lmpred_no_self_pred/cramped_room5x5/baseline_seed_3_step_176.msgpack
--> Saved seed 4 checkpoint at step 176 to checkpoints/lmpred_no_self_pred/cramped_room5x5/baseline_seed_4_step_176.msgpack
--> Saved seed 0 checkpoint at step 198 to checkpoints/lmpred_no_self_pred/cramped_room5x5/baseline_seed_0_step_198.msgpack
--> Saved seed 1 checkpoint at step 198 to checkpoints/lmpred_no_self_pred/cramped_room5x5/baseline_seed_1_step_198.msgpack
--> Saved seed 2 checkpoint at step 198 to checkpoints/lmpred_no_self_pred/cramped_room5x5/baseline_seed_2_step_198.msgpack
--> Saved seed 3 checkpoint at step 198 to checkpoints/lmpred_no_self_pred/cramped_room5x5/baseline_seed_3_step_198.msgpack
--> Saved seed 4 checkpoint at step 198 to checkpoints/lmpred_no_self_pred/cramped_room5x5/baseline_seed_4_step_198.msgpack
--> Saved seed 0 checkpoint at step 220 to checkpoints/lmpred_no_self_pred/cramped_room5x5/baseline_seed_0_step_220.msgpack
--> Saved seed 1 checkpoint at step 220 to checkpoints/lmpred_no_self_pred/cramped_room5x5/baseline_seed_1_step_220.msgpack
--> Saved seed 2 checkpoint at step 220 to checkpoints/lmpred_no_self_pred/cramped_room5x5/baseline_seed_2_step_220.msgpack
--> Saved seed 3 checkpoint at step 220 to checkpoints/lmpred_no_self_pred/cramped_room5x5/baseline_seed_3_step_220.msgpack
--> Saved seed 4 checkpoint at step 220 to checkpoints/lmpred_no_self_pred/cramped_room5x5/baseline_seed_4_step_220.msgpack
[1;34mwandb[0m: 
[1;34mwandb[0m: 🚀 View run [33mlmpred_no_self_pred_obsfront_cpt_cramped_room5x5[0m at: [34mhttps://wandb.ai/maytusp/oc-extended/runs/fm06uzh3[0m
[1;34mwandb[0m: Find logs at: [1;35m../../../../../../../../net/scratch/n70579mp/tom/JaxMARL/wandb/run-20260706_110258-fm06uzh3/logs[0m
Importing submoduled environments...
Submoduled environments not found. Skipping import.
wandb: [wandb.login()] Loaded credentials for https://api.wandb.ai from /mnt/iusers01/fatpou01/compsci01/n70579mp/.netrc.
wandb: Currently logged in as: maytusp to https://api.wandb.ai. Use `wandb login --relogin` to force relogin
wandb: Tracking run with wandb version 0.27.2
wandb: Run data is saved locally in /net/scratch/n70579mp/tom/JaxMARL/wandb/run-20260706_121422-koe5wh9e
wandb: Run `wandb offline` to turn off syncing.
wandb: Syncing run lmpred_no_self_pred_obsfront_cpt_asymm_advantages
wandb: ⭐️ View project at https://wandb.ai/maytusp/oc-extended
wandb: 🚀 View run at https://wandb.ai/maytusp/oc-extended/runs/koe5wh9e
Update steps:  228.0
Warmup epochs:  11
Cosine epochs:  217.0
--> Saved seed 0 checkpoint at step 1 to checkpoints/lmpred_no_self_pred/asymm_advantages/baseline_seed_0_step_1.msgpack
--> Saved seed 1 checkpoint at step 1 to checkpoints/lmpred_no_self_pred/asymm_advantages/baseline_seed_1_step_1.msgpack
--> Saved seed 2 checkpoint at step 1 to checkpoints/lmpred_no_self_pred/asymm_advantages/baseline_seed_2_step_1.msgpack
--> Saved seed 3 checkpoint at step 1 to checkpoints/lmpred_no_self_pred/asymm_advantages/baseline_seed_3_step_1.msgpack
--> Saved seed 4 checkpoint at step 1 to checkpoints/lmpred_no_self_pred/asymm_advantages/baseline_seed_4_step_1.msgpack
--> Saved seed 0 checkpoint at step 22 to checkpoints/lmpred_no_self_pred/asymm_advantages/baseline_seed_0_step_22.msgpack
--> Saved seed 1 checkpoint at step 22 to checkpoints/lmpred_no_self_pred/asymm_advantages/baseline_seed_1_step_22.msgpack
--> Saved seed 2 checkpoint at step 22 to checkpoints/lmpred_no_self_pred/asymm_advantages/baseline_seed_2_step_22.msgpack
--> Saved seed 3 checkpoint at step 22 to checkpoints/lmpred_no_self_pred/asymm_advantages/baseline_seed_3_step_22.msgpack
--> Saved seed 4 checkpoint at step 22 to checkpoints/lmpred_no_self_pred/asymm_advantages/baseline_seed_4_step_22.msgpack
--> Saved seed 0 checkpoint at step 44 to checkpoints/lmpred_no_self_pred/asymm_advantages/baseline_seed_0_step_44.msgpack
--> Saved seed 1 checkpoint at step 44 to checkpoints/lmpred_no_self_pred/asymm_advantages/baseline_seed_1_step_44.msgpack
--> Saved seed 2 checkpoint at step 44 to checkpoints/lmpred_no_self_pred/asymm_advantages/baseline_seed_2_step_44.msgpack
--> Saved seed 3 checkpoint at step 44 to checkpoints/lmpred_no_self_pred/asymm_advantages/baseline_seed_3_step_44.msgpack
--> Saved seed 4 checkpoint at step 44 to checkpoints/lmpred_no_self_pred/asymm_advantages/baseline_seed_4_step_44.msgpack
--> Saved seed 0 checkpoint at step 66 to checkpoints/lmpred_no_self_pred/asymm_advantages/baseline_seed_0_step_66.msgpack
--> Saved seed 1 checkpoint at step 66 to checkpoints/lmpred_no_self_pred/asymm_advantages/baseline_seed_1_step_66.msgpack
--> Saved seed 2 checkpoint at step 66 to checkpoints/lmpred_no_self_pred/asymm_advantages/baseline_seed_2_step_66.msgpack
--> Saved seed 3 checkpoint at step 66 to checkpoints/lmpred_no_self_pred/asymm_advantages/baseline_seed_3_step_66.msgpack
--> Saved seed 4 checkpoint at step 66 to checkpoints/lmpred_no_self_pred/asymm_advantages/baseline_seed_4_step_66.msgpack
--> Saved seed 0 checkpoint at step 88 to checkpoints/lmpred_no_self_pred/asymm_advantages/baseline_seed_0_step_88.msgpack
--> Saved seed 1 checkpoint at step 88 to checkpoints/lmpred_no_self_pred/asymm_advantages/baseline_seed_1_step_88.msgpack
--> Saved seed 2 checkpoint at step 88 to checkpoints/lmpred_no_self_pred/asymm_advantages/baseline_seed_2_step_88.msgpack
--> Saved seed 3 checkpoint at step 88 to checkpoints/lmpred_no_self_pred/asymm_advantages/baseline_seed_3_step_88.msgpack
--> Saved seed 4 checkpoint at step 88 to checkpoints/lmpred_no_self_pred/asymm_advantages/baseline_seed_4_step_88.msgpack
--> Saved seed 0 checkpoint at step 110 to checkpoints/lmpred_no_self_pred/asymm_advantages/baseline_seed_0_step_110.msgpack
--> Saved seed 1 checkpoint at step 110 to checkpoints/lmpred_no_self_pred/asymm_advantages/baseline_seed_1_step_110.msgpack
--> Saved seed 2 checkpoint at step 110 to checkpoints/lmpred_no_self_pred/asymm_advantages/baseline_seed_2_step_110.msgpack
--> Saved seed 3 checkpoint at step 110 to checkpoints/lmpred_no_self_pred/asymm_advantages/baseline_seed_3_step_110.msgpack
--> Saved seed 4 checkpoint at step 110 to checkpoints/lmpred_no_self_pred/asymm_advantages/baseline_seed_4_step_110.msgpack
--> Saved seed 0 checkpoint at step 132 to checkpoints/lmpred_no_self_pred/asymm_advantages/baseline_seed_0_step_132.msgpack
--> Saved seed 1 checkpoint at step 132 to checkpoints/lmpred_no_self_pred/asymm_advantages/baseline_seed_1_step_132.msgpack
--> Saved seed 2 checkpoint at step 132 to checkpoints/lmpred_no_self_pred/asymm_advantages/baseline_seed_2_step_132.msgpack
--> Saved seed 3 checkpoint at step 132 to checkpoints/lmpred_no_self_pred/asymm_advantages/baseline_seed_3_step_132.msgpack
--> Saved seed 4 checkpoint at step 132 to checkpoints/lmpred_no_self_pred/asymm_advantages/baseline_seed_4_step_132.msgpack
--> Saved seed 0 checkpoint at step 154 to checkpoints/lmpred_no_self_pred/asymm_advantages/baseline_seed_0_step_154.msgpack
--> Saved seed 1 checkpoint at step 154 to checkpoints/lmpred_no_self_pred/asymm_advantages/baseline_seed_1_step_154.msgpack
--> Saved seed 2 checkpoint at step 154 to checkpoints/lmpred_no_self_pred/asymm_advantages/baseline_seed_2_step_154.msgpack
--> Saved seed 3 checkpoint at step 154 to checkpoints/lmpred_no_self_pred/asymm_advantages/baseline_seed_3_step_154.msgpack
--> Saved seed 4 checkpoint at step 154 to checkpoints/lmpred_no_self_pred/asymm_advantages/baseline_seed_4_step_154.msgpack
--> Saved seed 0 checkpoint at step 176 to checkpoints/lmpred_no_self_pred/asymm_advantages/baseline_seed_0_step_176.msgpack
--> Saved seed 1 checkpoint at step 176 to checkpoints/lmpred_no_self_pred/asymm_advantages/baseline_seed_1_step_176.msgpack
--> Saved seed 2 checkpoint at step 176 to checkpoints/lmpred_no_self_pred/asymm_advantages/baseline_seed_2_step_176.msgpack
--> Saved seed 3 checkpoint at step 176 to checkpoints/lmpred_no_self_pred/asymm_advantages/baseline_seed_3_step_176.msgpack
--> Saved seed 4 checkpoint at step 176 to checkpoints/lmpred_no_self_pred/asymm_advantages/baseline_seed_4_step_176.msgpack
--> Saved seed 0 checkpoint at step 198 to checkpoints/lmpred_no_self_pred/asymm_advantages/baseline_seed_0_step_198.msgpack
--> Saved seed 1 checkpoint at step 198 to checkpoints/lmpred_no_self_pred/asymm_advantages/baseline_seed_1_step_198.msgpack
--> Saved seed 2 checkpoint at step 198 to checkpoints/lmpred_no_self_pred/asymm_advantages/baseline_seed_2_step_198.msgpack
--> Saved seed 3 checkpoint at step 198 to checkpoints/lmpred_no_self_pred/asymm_advantages/baseline_seed_3_step_198.msgpack
--> Saved seed 4 checkpoint at step 198 to checkpoints/lmpred_no_self_pred/asymm_advantages/baseline_seed_4_step_198.msgpack
--> Saved seed 0 checkpoint at step 220 to checkpoints/lmpred_no_self_pred/asymm_advantages/baseline_seed_0_step_220.msgpack
--> Saved seed 1 checkpoint at step 220 to checkpoints/lmpred_no_self_pred/asymm_advantages/baseline_seed_1_step_220.msgpack
--> Saved seed 2 checkpoint at step 220 to checkpoints/lmpred_no_self_pred/asymm_advantages/baseline_seed_2_step_220.msgpack
--> Saved seed 3 checkpoint at step 220 to checkpoints/lmpred_no_self_pred/asymm_advantages/baseline_seed_3_step_220.msgpack
--> Saved seed 4 checkpoint at step 220 to checkpoints/lmpred_no_self_pred/asymm_advantages/baseline_seed_4_step_220.msgpack
[1;34mwandb[0m: 
[1;34mwandb[0m: 🚀 View run [33mlmpred_no_self_pred_obsfront_cpt_asymm_advantages[0m at: [34mhttps://wandb.ai/maytusp/oc-extended/runs/koe5wh9e[0m
[1;34mwandb[0m: Find logs at: [1;35m../../../../../../../../net/scratch/n70579mp/tom/JaxMARL/wandb/run-20260706_121422-koe5wh9e/logs[0m
Importing submoduled environments...
Submoduled environments not found. Skipping import.
wandb: [wandb.login()] Loaded credentials for https://api.wandb.ai from /mnt/iusers01/fatpou01/compsci01/n70579mp/.netrc.
wandb: Currently logged in as: maytusp to https://api.wandb.ai. Use `wandb login --relogin` to force relogin
wandb: Tracking run with wandb version 0.27.2
wandb: Run data is saved locally in /net/scratch/n70579mp/tom/JaxMARL/wandb/run-20260706_132725-c15ah51a
wandb: Run `wandb offline` to turn off syncing.
wandb: Syncing run lmpred_no_self_pred_obsfront_cpt_forced_coord
wandb: ⭐️ View project at https://wandb.ai/maytusp/oc-extended
wandb: 🚀 View run at https://wandb.ai/maytusp/oc-extended/runs/c15ah51a
Update steps:  228.0
Warmup epochs:  11
Cosine epochs:  217.0
--> Saved seed 0 checkpoint at step 1 to checkpoints/lmpred_no_self_pred/forced_coord/baseline_seed_0_step_1.msgpack
--> Saved seed 1 checkpoint at step 1 to checkpoints/lmpred_no_self_pred/forced_coord/baseline_seed_1_step_1.msgpack
--> Saved seed 2 checkpoint at step 1 to checkpoints/lmpred_no_self_pred/forced_coord/baseline_seed_2_step_1.msgpack
--> Saved seed 3 checkpoint at step 1 to checkpoints/lmpred_no_self_pred/forced_coord/baseline_seed_3_step_1.msgpack
--> Saved seed 4 checkpoint at step 1 to checkpoints/lmpred_no_self_pred/forced_coord/baseline_seed_4_step_1.msgpack
--> Saved seed 0 checkpoint at step 22 to checkpoints/lmpred_no_self_pred/forced_coord/baseline_seed_0_step_22.msgpack
--> Saved seed 1 checkpoint at step 22 to checkpoints/lmpred_no_self_pred/forced_coord/baseline_seed_1_step_22.msgpack
--> Saved seed 2 checkpoint at step 22 to checkpoints/lmpred_no_self_pred/forced_coord/baseline_seed_2_step_22.msgpack
--> Saved seed 3 checkpoint at step 22 to checkpoints/lmpred_no_self_pred/forced_coord/baseline_seed_3_step_22.msgpack
--> Saved seed 4 checkpoint at step 22 to checkpoints/lmpred_no_self_pred/forced_coord/baseline_seed_4_step_22.msgpack
--> Saved seed 0 checkpoint at step 44 to checkpoints/lmpred_no_self_pred/forced_coord/baseline_seed_0_step_44.msgpack
--> Saved seed 1 checkpoint at step 44 to checkpoints/lmpred_no_self_pred/forced_coord/baseline_seed_1_step_44.msgpack
--> Saved seed 2 checkpoint at step 44 to checkpoints/lmpred_no_self_pred/forced_coord/baseline_seed_2_step_44.msgpack
--> Saved seed 3 checkpoint at step 44 to checkpoints/lmpred_no_self_pred/forced_coord/baseline_seed_3_step_44.msgpack
--> Saved seed 4 checkpoint at step 44 to checkpoints/lmpred_no_self_pred/forced_coord/baseline_seed_4_step_44.msgpack
--> Saved seed 0 checkpoint at step 66 to checkpoints/lmpred_no_self_pred/forced_coord/baseline_seed_0_step_66.msgpack
--> Saved seed 1 checkpoint at step 66 to checkpoints/lmpred_no_self_pred/forced_coord/baseline_seed_1_step_66.msgpack
--> Saved seed 2 checkpoint at step 66 to checkpoints/lmpred_no_self_pred/forced_coord/baseline_seed_2_step_66.msgpack
--> Saved seed 3 checkpoint at step 66 to checkpoints/lmpred_no_self_pred/forced_coord/baseline_seed_3_step_66.msgpack
--> Saved seed 4 checkpoint at step 66 to checkpoints/lmpred_no_self_pred/forced_coord/baseline_seed_4_step_66.msgpack
--> Saved seed 0 checkpoint at step 88 to checkpoints/lmpred_no_self_pred/forced_coord/baseline_seed_0_step_88.msgpack
--> Saved seed 1 checkpoint at step 88 to checkpoints/lmpred_no_self_pred/forced_coord/baseline_seed_1_step_88.msgpack
--> Saved seed 2 checkpoint at step 88 to checkpoints/lmpred_no_self_pred/forced_coord/baseline_seed_2_step_88.msgpack
--> Saved seed 3 checkpoint at step 88 to checkpoints/lmpred_no_self_pred/forced_coord/baseline_seed_3_step_88.msgpack
--> Saved seed 4 checkpoint at step 88 to checkpoints/lmpred_no_self_pred/forced_coord/baseline_seed_4_step_88.msgpack
--> Saved seed 0 checkpoint at step 110 to checkpoints/lmpred_no_self_pred/forced_coord/baseline_seed_0_step_110.msgpack
--> Saved seed 1 checkpoint at step 110 to checkpoints/lmpred_no_self_pred/forced_coord/baseline_seed_1_step_110.msgpack
--> Saved seed 2 checkpoint at step 110 to checkpoints/lmpred_no_self_pred/forced_coord/baseline_seed_2_step_110.msgpack
--> Saved seed 3 checkpoint at step 110 to checkpoints/lmpred_no_self_pred/forced_coord/baseline_seed_3_step_110.msgpack
--> Saved seed 4 checkpoint at step 110 to checkpoints/lmpred_no_self_pred/forced_coord/baseline_seed_4_step_110.msgpack
--> Saved seed 0 checkpoint at step 132 to checkpoints/lmpred_no_self_pred/forced_coord/baseline_seed_0_step_132.msgpack
--> Saved seed 1 checkpoint at step 132 to checkpoints/lmpred_no_self_pred/forced_coord/baseline_seed_1_step_132.msgpack
--> Saved seed 2 checkpoint at step 132 to checkpoints/lmpred_no_self_pred/forced_coord/baseline_seed_2_step_132.msgpack
--> Saved seed 3 checkpoint at step 132 to checkpoints/lmpred_no_self_pred/forced_coord/baseline_seed_3_step_132.msgpack
--> Saved seed 4 checkpoint at step 132 to checkpoints/lmpred_no_self_pred/forced_coord/baseline_seed_4_step_132.msgpack
--> Saved seed 0 checkpoint at step 154 to checkpoints/lmpred_no_self_pred/forced_coord/baseline_seed_0_step_154.msgpack
--> Saved seed 1 checkpoint at step 154 to checkpoints/lmpred_no_self_pred/forced_coord/baseline_seed_1_step_154.msgpack
--> Saved seed 2 checkpoint at step 154 to checkpoints/lmpred_no_self_pred/forced_coord/baseline_seed_2_step_154.msgpack
--> Saved seed 3 checkpoint at step 154 to checkpoints/lmpred_no_self_pred/forced_coord/baseline_seed_3_step_154.msgpack
--> Saved seed 4 checkpoint at step 154 to checkpoints/lmpred_no_self_pred/forced_coord/baseline_seed_4_step_154.msgpack
--> Saved seed 0 checkpoint at step 176 to checkpoints/lmpred_no_self_pred/forced_coord/baseline_seed_0_step_176.msgpack
--> Saved seed 1 checkpoint at step 176 to checkpoints/lmpred_no_self_pred/forced_coord/baseline_seed_1_step_176.msgpack
--> Saved seed 2 checkpoint at step 176 to checkpoints/lmpred_no_self_pred/forced_coord/baseline_seed_2_step_176.msgpack
--> Saved seed 3 checkpoint at step 176 to checkpoints/lmpred_no_self_pred/forced_coord/baseline_seed_3_step_176.msgpack
--> Saved seed 4 checkpoint at step 176 to checkpoints/lmpred_no_self_pred/forced_coord/baseline_seed_4_step_176.msgpack
--> Saved seed 0 checkpoint at step 198 to checkpoints/lmpred_no_self_pred/forced_coord/baseline_seed_0_step_198.msgpack
--> Saved seed 1 checkpoint at step 198 to checkpoints/lmpred_no_self_pred/forced_coord/baseline_seed_1_step_198.msgpack
--> Saved seed 2 checkpoint at step 198 to checkpoints/lmpred_no_self_pred/forced_coord/baseline_seed_2_step_198.msgpack
--> Saved seed 3 checkpoint at step 198 to checkpoints/lmpred_no_self_pred/forced_coord/baseline_seed_3_step_198.msgpack
--> Saved seed 4 checkpoint at step 198 to checkpoints/lmpred_no_self_pred/forced_coord/baseline_seed_4_step_198.msgpack
--> Saved seed 0 checkpoint at step 220 to checkpoints/lmpred_no_self_pred/forced_coord/baseline_seed_0_step_220.msgpack
--> Saved seed 1 checkpoint at step 220 to checkpoints/lmpred_no_self_pred/forced_coord/baseline_seed_1_step_220.msgpack
--> Saved seed 2 checkpoint at step 220 to checkpoints/lmpred_no_self_pred/forced_coord/baseline_seed_2_step_220.msgpack
--> Saved seed 3 checkpoint at step 220 to checkpoints/lmpred_no_self_pred/forced_coord/baseline_seed_3_step_220.msgpack
--> Saved seed 4 checkpoint at step 220 to checkpoints/lmpred_no_self_pred/forced_coord/baseline_seed_4_step_220.msgpack
[1;34mwandb[0m: 
[1;34mwandb[0m: 🚀 View run [33mlmpred_no_self_pred_obsfront_cpt_forced_coord[0m at: [34mhttps://wandb.ai/maytusp/oc-extended/runs/c15ah51a[0m
[1;34mwandb[0m: Find logs at: [1;35m../../../../../../../../net/scratch/n70579mp/tom/JaxMARL/wandb/run-20260706_132725-c15ah51a/logs[0m
Importing submoduled environments...
Submoduled environments not found. Skipping import.
wandb: [wandb.login()] Loaded credentials for https://api.wandb.ai from /mnt/iusers01/fatpou01/compsci01/n70579mp/.netrc.
wandb: Currently logged in as: maytusp to https://api.wandb.ai. Use `wandb login --relogin` to force relogin
wandb: Tracking run with wandb version 0.27.2
wandb: Run data is saved locally in /net/scratch/n70579mp/tom/JaxMARL/wandb/run-20260706_143841-uj9zavzq
wandb: Run `wandb offline` to turn off syncing.
wandb: Syncing run lmpred_no_self_pred_obsfront_sameinp_counter_circuit
wandb: ⭐️ View project at https://wandb.ai/maytusp/oc-extended
wandb: 🚀 View run at https://wandb.ai/maytusp/oc-extended/runs/uj9zavzq
Update steps:  381.0
Warmup epochs:  19
Cosine epochs:  362.0
--> Saved seed 0 checkpoint at step 1 to checkpoints/lmpred_ablate_no_self_pred/counter_circuit/baseline_seed_0_step_1.msgpack
--> Saved seed 1 checkpoint at step 1 to checkpoints/lmpred_ablate_no_self_pred/counter_circuit/baseline_seed_1_step_1.msgpack
--> Saved seed 2 checkpoint at step 1 to checkpoints/lmpred_ablate_no_self_pred/counter_circuit/baseline_seed_2_step_1.msgpack
--> Saved seed 3 checkpoint at step 1 to checkpoints/lmpred_ablate_no_self_pred/counter_circuit/baseline_seed_3_step_1.msgpack
--> Saved seed 4 checkpoint at step 1 to checkpoints/lmpred_ablate_no_self_pred/counter_circuit/baseline_seed_4_step_1.msgpack
--> Saved seed 0 checkpoint at step 38 to checkpoints/lmpred_ablate_no_self_pred/counter_circuit/baseline_seed_0_step_38.msgpack
--> Saved seed 1 checkpoint at step 38 to checkpoints/lmpred_ablate_no_self_pred/counter_circuit/baseline_seed_1_step_38.msgpack
--> Saved seed 2 checkpoint at step 38 to checkpoints/lmpred_ablate_no_self_pred/counter_circuit/baseline_seed_2_step_38.msgpack
--> Saved seed 3 checkpoint at step 38 to checkpoints/lmpred_ablate_no_self_pred/counter_circuit/baseline_seed_3_step_38.msgpack
--> Saved seed 4 checkpoint at step 38 to checkpoints/lmpred_ablate_no_self_pred/counter_circuit/baseline_seed_4_step_38.msgpack
--> Saved seed 0 checkpoint at step 76 to checkpoints/lmpred_ablate_no_self_pred/counter_circuit/baseline_seed_0_step_76.msgpack
--> Saved seed 1 checkpoint at step 76 to checkpoints/lmpred_ablate_no_self_pred/counter_circuit/baseline_seed_1_step_76.msgpack
--> Saved seed 2 checkpoint at step 76 to checkpoints/lmpred_ablate_no_self_pred/counter_circuit/baseline_seed_2_step_76.msgpack
--> Saved seed 3 checkpoint at step 76 to checkpoints/lmpred_ablate_no_self_pred/counter_circuit/baseline_seed_3_step_76.msgpack
--> Saved seed 4 checkpoint at step 76 to checkpoints/lmpred_ablate_no_self_pred/counter_circuit/baseline_seed_4_step_76.msgpack
--> Saved seed 0 checkpoint at step 114 to checkpoints/lmpred_ablate_no_self_pred/counter_circuit/baseline_seed_0_step_114.msgpack
--> Saved seed 1 checkpoint at step 114 to checkpoints/lmpred_ablate_no_self_pred/counter_circuit/baseline_seed_1_step_114.msgpack
--> Saved seed 2 checkpoint at step 114 to checkpoints/lmpred_ablate_no_self_pred/counter_circuit/baseline_seed_2_step_114.msgpack
--> Saved seed 3 checkpoint at step 114 to checkpoints/lmpred_ablate_no_self_pred/counter_circuit/baseline_seed_3_step_114.msgpack
--> Saved seed 4 checkpoint at step 114 to checkpoints/lmpred_ablate_no_self_pred/counter_circuit/baseline_seed_4_step_114.msgpack
--> Saved seed 0 checkpoint at step 152 to checkpoints/lmpred_ablate_no_self_pred/counter_circuit/baseline_seed_0_step_152.msgpack
--> Saved seed 1 checkpoint at step 152 to checkpoints/lmpred_ablate_no_self_pred/counter_circuit/baseline_seed_1_step_152.msgpack
--> Saved seed 2 checkpoint at step 152 to checkpoints/lmpred_ablate_no_self_pred/counter_circuit/baseline_seed_2_step_152.msgpack
--> Saved seed 3 checkpoint at step 152 to checkpoints/lmpred_ablate_no_self_pred/counter_circuit/baseline_seed_3_step_152.msgpack
--> Saved seed 4 checkpoint at step 152 to checkpoints/lmpred_ablate_no_self_pred/counter_circuit/baseline_seed_4_step_152.msgpack
--> Saved seed 0 checkpoint at step 190 to checkpoints/lmpred_ablate_no_self_pred/counter_circuit/baseline_seed_0_step_190.msgpack
--> Saved seed 1 checkpoint at step 190 to checkpoints/lmpred_ablate_no_self_pred/counter_circuit/baseline_seed_1_step_190.msgpack
--> Saved seed 2 checkpoint at step 190 to checkpoints/lmpred_ablate_no_self_pred/counter_circuit/baseline_seed_2_step_190.msgpack
--> Saved seed 3 checkpoint at step 190 to checkpoints/lmpred_ablate_no_self_pred/counter_circuit/baseline_seed_3_step_190.msgpack
--> Saved seed 4 checkpoint at step 190 to checkpoints/lmpred_ablate_no_self_pred/counter_circuit/baseline_seed_4_step_190.msgpack
--> Saved seed 0 checkpoint at step 228 to checkpoints/lmpred_ablate_no_self_pred/counter_circuit/baseline_seed_0_step_228.msgpack
--> Saved seed 1 checkpoint at step 228 to checkpoints/lmpred_ablate_no_self_pred/counter_circuit/baseline_seed_1_step_228.msgpack
--> Saved seed 2 checkpoint at step 228 to checkpoints/lmpred_ablate_no_self_pred/counter_circuit/baseline_seed_2_step_228.msgpack
--> Saved seed 3 checkpoint at step 228 to checkpoints/lmpred_ablate_no_self_pred/counter_circuit/baseline_seed_3_step_228.msgpack
--> Saved seed 4 checkpoint at step 228 to checkpoints/lmpred_ablate_no_self_pred/counter_circuit/baseline_seed_4_step_228.msgpack
--> Saved seed 0 checkpoint at step 266 to checkpoints/lmpred_ablate_no_self_pred/counter_circuit/baseline_seed_0_step_266.msgpack
--> Saved seed 1 checkpoint at step 266 to checkpoints/lmpred_ablate_no_self_pred/counter_circuit/baseline_seed_1_step_266.msgpack
--> Saved seed 2 checkpoint at step 266 to checkpoints/lmpred_ablate_no_self_pred/counter_circuit/baseline_seed_2_step_266.msgpack
--> Saved seed 3 checkpoint at step 266 to checkpoints/lmpred_ablate_no_self_pred/counter_circuit/baseline_seed_3_step_266.msgpack
--> Saved seed 4 checkpoint at step 266 to checkpoints/lmpred_ablate_no_self_pred/counter_circuit/baseline_seed_4_step_266.msgpack
--> Saved seed 0 checkpoint at step 304 to checkpoints/lmpred_ablate_no_self_pred/counter_circuit/baseline_seed_0_step_304.msgpack
--> Saved seed 1 checkpoint at step 304 to checkpoints/lmpred_ablate_no_self_pred/counter_circuit/baseline_seed_1_step_304.msgpack
--> Saved seed 2 checkpoint at step 304 to checkpoints/lmpred_ablate_no_self_pred/counter_circuit/baseline_seed_2_step_304.msgpack
--> Saved seed 3 checkpoint at step 304 to checkpoints/lmpred_ablate_no_self_pred/counter_circuit/baseline_seed_3_step_304.msgpack
--> Saved seed 4 checkpoint at step 304 to checkpoints/lmpred_ablate_no_self_pred/counter_circuit/baseline_seed_4_step_304.msgpack
--> Saved seed 0 checkpoint at step 342 to checkpoints/lmpred_ablate_no_self_pred/counter_circuit/baseline_seed_0_step_342.msgpack
--> Saved seed 1 checkpoint at step 342 to checkpoints/lmpred_ablate_no_self_pred/counter_circuit/baseline_seed_1_step_342.msgpack
--> Saved seed 2 checkpoint at step 342 to checkpoints/lmpred_ablate_no_self_pred/counter_circuit/baseline_seed_2_step_342.msgpack
--> Saved seed 3 checkpoint at step 342 to checkpoints/lmpred_ablate_no_self_pred/counter_circuit/baseline_seed_3_step_342.msgpack
--> Saved seed 4 checkpoint at step 342 to checkpoints/lmpred_ablate_no_self_pred/counter_circuit/baseline_seed_4_step_342.msgpack
--> Saved seed 0 checkpoint at step 380 to checkpoints/lmpred_ablate_no_self_pred/counter_circuit/baseline_seed_0_step_380.msgpack
--> Saved seed 1 checkpoint at step 380 to checkpoints/lmpred_ablate_no_self_pred/counter_circuit/baseline_seed_1_step_380.msgpack
--> Saved seed 2 checkpoint at step 380 to checkpoints/lmpred_ablate_no_self_pred/counter_circuit/baseline_seed_2_step_380.msgpack
--> Saved seed 3 checkpoint at step 380 to checkpoints/lmpred_ablate_no_self_pred/counter_circuit/baseline_seed_3_step_380.msgpack
--> Saved seed 4 checkpoint at step 380 to checkpoints/lmpred_ablate_no_self_pred/counter_circuit/baseline_seed_4_step_380.msgpack
[1;34mwandb[0m: 
[1;34mwandb[0m: 🚀 View run [33mlmpred_no_self_pred_obsfront_sameinp_counter_circuit[0m at: [34mhttps://wandb.ai/maytusp/oc-extended/runs/uj9zavzq[0m
[1;34mwandb[0m: Find logs at: [1;35m../../../../../../../../net/scratch/n70579mp/tom/JaxMARL/wandb/run-20260706_143841-uj9zavzq/logs[0m
Importing submoduled environments...
Submoduled environments not found. Skipping import.
wandb: [wandb.login()] Loaded credentials for https://api.wandb.ai from /mnt/iusers01/fatpou01/compsci01/n70579mp/.netrc.
wandb: Currently logged in as: maytusp to https://api.wandb.ai. Use `wandb login --relogin` to force relogin
wandb: Tracking run with wandb version 0.27.2
wandb: Run data is saved locally in /net/scratch/n70579mp/tom/JaxMARL/wandb/run-20260706_163642-9jiptugl
wandb: Run `wandb offline` to turn off syncing.
wandb: Syncing run lmpred_no_self_pred_obsfront_sameinp_coord_ring
wandb: ⭐️ View project at https://wandb.ai/maytusp/oc-extended
wandb: 🚀 View run at https://wandb.ai/maytusp/oc-extended/runs/9jiptugl
Update steps:  228.0
Warmup epochs:  11
Cosine epochs:  217.0
--> Saved seed 0 checkpoint at step 1 to checkpoints/lmpred_ablate_no_self_pred/coord_ring/baseline_seed_0_step_1.msgpack
--> Saved seed 1 checkpoint at step 1 to checkpoints/lmpred_ablate_no_self_pred/coord_ring/baseline_seed_1_step_1.msgpack
--> Saved seed 2 checkpoint at step 1 to checkpoints/lmpred_ablate_no_self_pred/coord_ring/baseline_seed_2_step_1.msgpack
--> Saved seed 3 checkpoint at step 1 to checkpoints/lmpred_ablate_no_self_pred/coord_ring/baseline_seed_3_step_1.msgpack
--> Saved seed 4 checkpoint at step 1 to checkpoints/lmpred_ablate_no_self_pred/coord_ring/baseline_seed_4_step_1.msgpack
--> Saved seed 0 checkpoint at step 22 to checkpoints/lmpred_ablate_no_self_pred/coord_ring/baseline_seed_0_step_22.msgpack
--> Saved seed 1 checkpoint at step 22 to checkpoints/lmpred_ablate_no_self_pred/coord_ring/baseline_seed_1_step_22.msgpack
--> Saved seed 2 checkpoint at step 22 to checkpoints/lmpred_ablate_no_self_pred/coord_ring/baseline_seed_2_step_22.msgpack
--> Saved seed 3 checkpoint at step 22 to checkpoints/lmpred_ablate_no_self_pred/coord_ring/baseline_seed_3_step_22.msgpack
--> Saved seed 4 checkpoint at step 22 to checkpoints/lmpred_ablate_no_self_pred/coord_ring/baseline_seed_4_step_22.msgpack
--> Saved seed 0 checkpoint at step 44 to checkpoints/lmpred_ablate_no_self_pred/coord_ring/baseline_seed_0_step_44.msgpack
--> Saved seed 1 checkpoint at step 44 to checkpoints/lmpred_ablate_no_self_pred/coord_ring/baseline_seed_1_step_44.msgpack
--> Saved seed 2 checkpoint at step 44 to checkpoints/lmpred_ablate_no_self_pred/coord_ring/baseline_seed_2_step_44.msgpack
--> Saved seed 3 checkpoint at step 44 to checkpoints/lmpred_ablate_no_self_pred/coord_ring/baseline_seed_3_step_44.msgpack
--> Saved seed 4 checkpoint at step 44 to checkpoints/lmpred_ablate_no_self_pred/coord_ring/baseline_seed_4_step_44.msgpack
--> Saved seed 0 checkpoint at step 66 to checkpoints/lmpred_ablate_no_self_pred/coord_ring/baseline_seed_0_step_66.msgpack
--> Saved seed 1 checkpoint at step 66 to checkpoints/lmpred_ablate_no_self_pred/coord_ring/baseline_seed_1_step_66.msgpack
--> Saved seed 2 checkpoint at step 66 to checkpoints/lmpred_ablate_no_self_pred/coord_ring/baseline_seed_2_step_66.msgpack
--> Saved seed 3 checkpoint at step 66 to checkpoints/lmpred_ablate_no_self_pred/coord_ring/baseline_seed_3_step_66.msgpack
--> Saved seed 4 checkpoint at step 66 to checkpoints/lmpred_ablate_no_self_pred/coord_ring/baseline_seed_4_step_66.msgpack
--> Saved seed 0 checkpoint at step 88 to checkpoints/lmpred_ablate_no_self_pred/coord_ring/baseline_seed_0_step_88.msgpack
--> Saved seed 1 checkpoint at step 88 to checkpoints/lmpred_ablate_no_self_pred/coord_ring/baseline_seed_1_step_88.msgpack
--> Saved seed 2 checkpoint at step 88 to checkpoints/lmpred_ablate_no_self_pred/coord_ring/baseline_seed_2_step_88.msgpack
--> Saved seed 3 checkpoint at step 88 to checkpoints/lmpred_ablate_no_self_pred/coord_ring/baseline_seed_3_step_88.msgpack
--> Saved seed 4 checkpoint at step 88 to checkpoints/lmpred_ablate_no_self_pred/coord_ring/baseline_seed_4_step_88.msgpack
--> Saved seed 0 checkpoint at step 110 to checkpoints/lmpred_ablate_no_self_pred/coord_ring/baseline_seed_0_step_110.msgpack
--> Saved seed 1 checkpoint at step 110 to checkpoints/lmpred_ablate_no_self_pred/coord_ring/baseline_seed_1_step_110.msgpack
--> Saved seed 2 checkpoint at step 110 to checkpoints/lmpred_ablate_no_self_pred/coord_ring/baseline_seed_2_step_110.msgpack
--> Saved seed 3 checkpoint at step 110 to checkpoints/lmpred_ablate_no_self_pred/coord_ring/baseline_seed_3_step_110.msgpack
--> Saved seed 4 checkpoint at step 110 to checkpoints/lmpred_ablate_no_self_pred/coord_ring/baseline_seed_4_step_110.msgpack
--> Saved seed 0 checkpoint at step 132 to checkpoints/lmpred_ablate_no_self_pred/coord_ring/baseline_seed_0_step_132.msgpack
--> Saved seed 1 checkpoint at step 132 to checkpoints/lmpred_ablate_no_self_pred/coord_ring/baseline_seed_1_step_132.msgpack
--> Saved seed 2 checkpoint at step 132 to checkpoints/lmpred_ablate_no_self_pred/coord_ring/baseline_seed_2_step_132.msgpack
--> Saved seed 3 checkpoint at step 132 to checkpoints/lmpred_ablate_no_self_pred/coord_ring/baseline_seed_3_step_132.msgpack
--> Saved seed 4 checkpoint at step 132 to checkpoints/lmpred_ablate_no_self_pred/coord_ring/baseline_seed_4_step_132.msgpack
--> Saved seed 0 checkpoint at step 154 to checkpoints/lmpred_ablate_no_self_pred/coord_ring/baseline_seed_0_step_154.msgpack
--> Saved seed 1 checkpoint at step 154 to checkpoints/lmpred_ablate_no_self_pred/coord_ring/baseline_seed_1_step_154.msgpack
--> Saved seed 2 checkpoint at step 154 to checkpoints/lmpred_ablate_no_self_pred/coord_ring/baseline_seed_2_step_154.msgpack
--> Saved seed 3 checkpoint at step 154 to checkpoints/lmpred_ablate_no_self_pred/coord_ring/baseline_seed_3_step_154.msgpack
--> Saved seed 4 checkpoint at step 154 to checkpoints/lmpred_ablate_no_self_pred/coord_ring/baseline_seed_4_step_154.msgpack
--> Saved seed 0 checkpoint at step 176 to checkpoints/lmpred_ablate_no_self_pred/coord_ring/baseline_seed_0_step_176.msgpack
--> Saved seed 1 checkpoint at step 176 to checkpoints/lmpred_ablate_no_self_pred/coord_ring/baseline_seed_1_step_176.msgpack
--> Saved seed 2 checkpoint at step 176 to checkpoints/lmpred_ablate_no_self_pred/coord_ring/baseline_seed_2_step_176.msgpack
--> Saved seed 3 checkpoint at step 176 to checkpoints/lmpred_ablate_no_self_pred/coord_ring/baseline_seed_3_step_176.msgpack
--> Saved seed 4 checkpoint at step 176 to checkpoints/lmpred_ablate_no_self_pred/coord_ring/baseline_seed_4_step_176.msgpack
--> Saved seed 0 checkpoint at step 198 to checkpoints/lmpred_ablate_no_self_pred/coord_ring/baseline_seed_0_step_198.msgpack
--> Saved seed 1 checkpoint at step 198 to checkpoints/lmpred_ablate_no_self_pred/coord_ring/baseline_seed_1_step_198.msgpack
--> Saved seed 2 checkpoint at step 198 to checkpoints/lmpred_ablate_no_self_pred/coord_ring/baseline_seed_2_step_198.msgpack
--> Saved seed 3 checkpoint at step 198 to checkpoints/lmpred_ablate_no_self_pred/coord_ring/baseline_seed_3_step_198.msgpack
--> Saved seed 4 checkpoint at step 198 to checkpoints/lmpred_ablate_no_self_pred/coord_ring/baseline_seed_4_step_198.msgpack
--> Saved seed 0 checkpoint at step 220 to checkpoints/lmpred_ablate_no_self_pred/coord_ring/baseline_seed_0_step_220.msgpack
--> Saved seed 1 checkpoint at step 220 to checkpoints/lmpred_ablate_no_self_pred/coord_ring/baseline_seed_1_step_220.msgpack
--> Saved seed 2 checkpoint at step 220 to checkpoints/lmpred_ablate_no_self_pred/coord_ring/baseline_seed_2_step_220.msgpack
--> Saved seed 3 checkpoint at step 220 to checkpoints/lmpred_ablate_no_self_pred/coord_ring/baseline_seed_3_step_220.msgpack
--> Saved seed 4 checkpoint at step 220 to checkpoints/lmpred_ablate_no_self_pred/coord_ring/baseline_seed_4_step_220.msgpack
[1;34mwandb[0m: 
[1;34mwandb[0m: 🚀 View run [33mlmpred_no_self_pred_obsfront_sameinp_coord_ring[0m at: [34mhttps://wandb.ai/maytusp/oc-extended/runs/9jiptugl[0m
[1;34mwandb[0m: Find logs at: [1;35m../../../../../../../../net/scratch/n70579mp/tom/JaxMARL/wandb/run-20260706_163642-9jiptugl/logs[0m
Importing submoduled environments...
Submoduled environments not found. Skipping import.
wandb: [wandb.login()] Loaded credentials for https://api.wandb.ai from /mnt/iusers01/fatpou01/compsci01/n70579mp/.netrc.
wandb: Currently logged in as: maytusp to https://api.wandb.ai. Use `wandb login --relogin` to force relogin
wandb: setting up run n24lte8w
wandb: Tracking run with wandb version 0.27.2
wandb: Run data is saved locally in /net/scratch/n70579mp/tom/JaxMARL/wandb/run-20260706_174630-n24lte8w
wandb: Run `wandb offline` to turn off syncing.
wandb: Syncing run lmpred_no_self_pred_obsfront_sameinp_cramped_room5x5
wandb: ⭐️ View project at https://wandb.ai/maytusp/oc-extended
wandb: 🚀 View run at https://wandb.ai/maytusp/oc-extended/runs/n24lte8w
Update steps:  228.0
Warmup epochs:  11
Cosine epochs:  217.0
--> Saved seed 0 checkpoint at step 1 to checkpoints/lmpred_ablate_no_self_pred/cramped_room5x5/baseline_seed_0_step_1.msgpack
--> Saved seed 1 checkpoint at step 1 to checkpoints/lmpred_ablate_no_self_pred/cramped_room5x5/baseline_seed_1_step_1.msgpack
--> Saved seed 2 checkpoint at step 1 to checkpoints/lmpred_ablate_no_self_pred/cramped_room5x5/baseline_seed_2_step_1.msgpack
--> Saved seed 3 checkpoint at step 1 to checkpoints/lmpred_ablate_no_self_pred/cramped_room5x5/baseline_seed_3_step_1.msgpack
--> Saved seed 4 checkpoint at step 1 to checkpoints/lmpred_ablate_no_self_pred/cramped_room5x5/baseline_seed_4_step_1.msgpack
--> Saved seed 0 checkpoint at step 22 to checkpoints/lmpred_ablate_no_self_pred/cramped_room5x5/baseline_seed_0_step_22.msgpack
--> Saved seed 1 checkpoint at step 22 to checkpoints/lmpred_ablate_no_self_pred/cramped_room5x5/baseline_seed_1_step_22.msgpack
--> Saved seed 2 checkpoint at step 22 to checkpoints/lmpred_ablate_no_self_pred/cramped_room5x5/baseline_seed_2_step_22.msgpack
--> Saved seed 3 checkpoint at step 22 to checkpoints/lmpred_ablate_no_self_pred/cramped_room5x5/baseline_seed_3_step_22.msgpack
--> Saved seed 4 checkpoint at step 22 to checkpoints/lmpred_ablate_no_self_pred/cramped_room5x5/baseline_seed_4_step_22.msgpack
--> Saved seed 0 checkpoint at step 44 to checkpoints/lmpred_ablate_no_self_pred/cramped_room5x5/baseline_seed_0_step_44.msgpack
--> Saved seed 1 checkpoint at step 44 to checkpoints/lmpred_ablate_no_self_pred/cramped_room5x5/baseline_seed_1_step_44.msgpack
--> Saved seed 2 checkpoint at step 44 to checkpoints/lmpred_ablate_no_self_pred/cramped_room5x5/baseline_seed_2_step_44.msgpack
--> Saved seed 3 checkpoint at step 44 to checkpoints/lmpred_ablate_no_self_pred/cramped_room5x5/baseline_seed_3_step_44.msgpack
--> Saved seed 4 checkpoint at step 44 to checkpoints/lmpred_ablate_no_self_pred/cramped_room5x5/baseline_seed_4_step_44.msgpack
--> Saved seed 0 checkpoint at step 66 to checkpoints/lmpred_ablate_no_self_pred/cramped_room5x5/baseline_seed_0_step_66.msgpack
--> Saved seed 1 checkpoint at step 66 to checkpoints/lmpred_ablate_no_self_pred/cramped_room5x5/baseline_seed_1_step_66.msgpack
--> Saved seed 2 checkpoint at step 66 to checkpoints/lmpred_ablate_no_self_pred/cramped_room5x5/baseline_seed_2_step_66.msgpack
--> Saved seed 3 checkpoint at step 66 to checkpoints/lmpred_ablate_no_self_pred/cramped_room5x5/baseline_seed_3_step_66.msgpack
--> Saved seed 4 checkpoint at step 66 to checkpoints/lmpred_ablate_no_self_pred/cramped_room5x5/baseline_seed_4_step_66.msgpack
--> Saved seed 0 checkpoint at step 88 to checkpoints/lmpred_ablate_no_self_pred/cramped_room5x5/baseline_seed_0_step_88.msgpack
--> Saved seed 1 checkpoint at step 88 to checkpoints/lmpred_ablate_no_self_pred/cramped_room5x5/baseline_seed_1_step_88.msgpack
--> Saved seed 2 checkpoint at step 88 to checkpoints/lmpred_ablate_no_self_pred/cramped_room5x5/baseline_seed_2_step_88.msgpack
--> Saved seed 3 checkpoint at step 88 to checkpoints/lmpred_ablate_no_self_pred/cramped_room5x5/baseline_seed_3_step_88.msgpack
--> Saved seed 4 checkpoint at step 88 to checkpoints/lmpred_ablate_no_self_pred/cramped_room5x5/baseline_seed_4_step_88.msgpack
--> Saved seed 0 checkpoint at step 110 to checkpoints/lmpred_ablate_no_self_pred/cramped_room5x5/baseline_seed_0_step_110.msgpack
--> Saved seed 1 checkpoint at step 110 to checkpoints/lmpred_ablate_no_self_pred/cramped_room5x5/baseline_seed_1_step_110.msgpack
--> Saved seed 2 checkpoint at step 110 to checkpoints/lmpred_ablate_no_self_pred/cramped_room5x5/baseline_seed_2_step_110.msgpack
--> Saved seed 3 checkpoint at step 110 to checkpoints/lmpred_ablate_no_self_pred/cramped_room5x5/baseline_seed_3_step_110.msgpack
--> Saved seed 4 checkpoint at step 110 to checkpoints/lmpred_ablate_no_self_pred/cramped_room5x5/baseline_seed_4_step_110.msgpack
--> Saved seed 0 checkpoint at step 132 to checkpoints/lmpred_ablate_no_self_pred/cramped_room5x5/baseline_seed_0_step_132.msgpack
--> Saved seed 1 checkpoint at step 132 to checkpoints/lmpred_ablate_no_self_pred/cramped_room5x5/baseline_seed_1_step_132.msgpack
--> Saved seed 2 checkpoint at step 132 to checkpoints/lmpred_ablate_no_self_pred/cramped_room5x5/baseline_seed_2_step_132.msgpack
--> Saved seed 3 checkpoint at step 132 to checkpoints/lmpred_ablate_no_self_pred/cramped_room5x5/baseline_seed_3_step_132.msgpack
--> Saved seed 4 checkpoint at step 132 to checkpoints/lmpred_ablate_no_self_pred/cramped_room5x5/baseline_seed_4_step_132.msgpack
--> Saved seed 0 checkpoint at step 154 to checkpoints/lmpred_ablate_no_self_pred/cramped_room5x5/baseline_seed_0_step_154.msgpack
--> Saved seed 1 checkpoint at step 154 to checkpoints/lmpred_ablate_no_self_pred/cramped_room5x5/baseline_seed_1_step_154.msgpack
--> Saved seed 2 checkpoint at step 154 to checkpoints/lmpred_ablate_no_self_pred/cramped_room5x5/baseline_seed_2_step_154.msgpack
--> Saved seed 3 checkpoint at step 154 to checkpoints/lmpred_ablate_no_self_pred/cramped_room5x5/baseline_seed_3_step_154.msgpack
--> Saved seed 4 checkpoint at step 154 to checkpoints/lmpred_ablate_no_self_pred/cramped_room5x5/baseline_seed_4_step_154.msgpack
--> Saved seed 0 checkpoint at step 176 to checkpoints/lmpred_ablate_no_self_pred/cramped_room5x5/baseline_seed_0_step_176.msgpack
--> Saved seed 1 checkpoint at step 176 to checkpoints/lmpred_ablate_no_self_pred/cramped_room5x5/baseline_seed_1_step_176.msgpack
--> Saved seed 2 checkpoint at step 176 to checkpoints/lmpred_ablate_no_self_pred/cramped_room5x5/baseline_seed_2_step_176.msgpack
--> Saved seed 3 checkpoint at step 176 to checkpoints/lmpred_ablate_no_self_pred/cramped_room5x5/baseline_seed_3_step_176.msgpack
--> Saved seed 4 checkpoint at step 176 to checkpoints/lmpred_ablate_no_self_pred/cramped_room5x5/baseline_seed_4_step_176.msgpack
--> Saved seed 0 checkpoint at step 198 to checkpoints/lmpred_ablate_no_self_pred/cramped_room5x5/baseline_seed_0_step_198.msgpack
--> Saved seed 1 checkpoint at step 198 to checkpoints/lmpred_ablate_no_self_pred/cramped_room5x5/baseline_seed_1_step_198.msgpack
--> Saved seed 2 checkpoint at step 198 to checkpoints/lmpred_ablate_no_self_pred/cramped_room5x5/baseline_seed_2_step_198.msgpack
--> Saved seed 3 checkpoint at step 198 to checkpoints/lmpred_ablate_no_self_pred/cramped_room5x5/baseline_seed_3_step_198.msgpack
--> Saved seed 4 checkpoint at step 198 to checkpoints/lmpred_ablate_no_self_pred/cramped_room5x5/baseline_seed_4_step_198.msgpack
--> Saved seed 0 checkpoint at step 220 to checkpoints/lmpred_ablate_no_self_pred/cramped_room5x5/baseline_seed_0_step_220.msgpack
--> Saved seed 1 checkpoint at step 220 to checkpoints/lmpred_ablate_no_self_pred/cramped_room5x5/baseline_seed_1_step_220.msgpack
--> Saved seed 2 checkpoint at step 220 to checkpoints/lmpred_ablate_no_self_pred/cramped_room5x5/baseline_seed_2_step_220.msgpack
--> Saved seed 3 checkpoint at step 220 to checkpoints/lmpred_ablate_no_self_pred/cramped_room5x5/baseline_seed_3_step_220.msgpack
--> Saved seed 4 checkpoint at step 220 to checkpoints/lmpred_ablate_no_self_pred/cramped_room5x5/baseline_seed_4_step_220.msgpack
[1;34mwandb[0m: 
[1;34mwandb[0m: 🚀 View run [33mlmpred_no_self_pred_obsfront_sameinp_cramped_room5x5[0m at: [34mhttps://wandb.ai/maytusp/oc-extended/runs/n24lte8w[0m
[1;34mwandb[0m: Find logs at: [1;35m../../../../../../../../net/scratch/n70579mp/tom/JaxMARL/wandb/run-20260706_174630-n24lte8w/logs[0m
Importing submoduled environments...
Submoduled environments not found. Skipping import.
wandb: [wandb.login()] Loaded credentials for https://api.wandb.ai from /mnt/iusers01/fatpou01/compsci01/n70579mp/.netrc.
wandb: Currently logged in as: maytusp to https://api.wandb.ai. Use `wandb login --relogin` to force relogin
wandb: setting up run a3i746kx
wandb: Tracking run with wandb version 0.27.2
wandb: Run data is saved locally in /net/scratch/n70579mp/tom/JaxMARL/wandb/run-20260706_185505-a3i746kx
wandb: Run `wandb offline` to turn off syncing.
wandb: Syncing run lmpred_no_self_pred_obsfront_sameinp_asymm_advantages
wandb: ⭐️ View project at https://wandb.ai/maytusp/oc-extended
wandb: 🚀 View run at https://wandb.ai/maytusp/oc-extended/runs/a3i746kx
Update steps:  228.0
Warmup epochs:  11
Cosine epochs:  217.0
--> Saved seed 0 checkpoint at step 1 to checkpoints/lmpred_ablate_no_self_pred/asymm_advantages/baseline_seed_0_step_1.msgpack
--> Saved seed 1 checkpoint at step 1 to checkpoints/lmpred_ablate_no_self_pred/asymm_advantages/baseline_seed_1_step_1.msgpack
--> Saved seed 2 checkpoint at step 1 to checkpoints/lmpred_ablate_no_self_pred/asymm_advantages/baseline_seed_2_step_1.msgpack
--> Saved seed 3 checkpoint at step 1 to checkpoints/lmpred_ablate_no_self_pred/asymm_advantages/baseline_seed_3_step_1.msgpack
--> Saved seed 4 checkpoint at step 1 to checkpoints/lmpred_ablate_no_self_pred/asymm_advantages/baseline_seed_4_step_1.msgpack
--> Saved seed 0 checkpoint at step 22 to checkpoints/lmpred_ablate_no_self_pred/asymm_advantages/baseline_seed_0_step_22.msgpack
--> Saved seed 1 checkpoint at step 22 to checkpoints/lmpred_ablate_no_self_pred/asymm_advantages/baseline_seed_1_step_22.msgpack
--> Saved seed 2 checkpoint at step 22 to checkpoints/lmpred_ablate_no_self_pred/asymm_advantages/baseline_seed_2_step_22.msgpack
--> Saved seed 3 checkpoint at step 22 to checkpoints/lmpred_ablate_no_self_pred/asymm_advantages/baseline_seed_3_step_22.msgpack
--> Saved seed 4 checkpoint at step 22 to checkpoints/lmpred_ablate_no_self_pred/asymm_advantages/baseline_seed_4_step_22.msgpack
--> Saved seed 0 checkpoint at step 44 to checkpoints/lmpred_ablate_no_self_pred/asymm_advantages/baseline_seed_0_step_44.msgpack
--> Saved seed 1 checkpoint at step 44 to checkpoints/lmpred_ablate_no_self_pred/asymm_advantages/baseline_seed_1_step_44.msgpack
--> Saved seed 2 checkpoint at step 44 to checkpoints/lmpred_ablate_no_self_pred/asymm_advantages/baseline_seed_2_step_44.msgpack
--> Saved seed 3 checkpoint at step 44 to checkpoints/lmpred_ablate_no_self_pred/asymm_advantages/baseline_seed_3_step_44.msgpack
--> Saved seed 4 checkpoint at step 44 to checkpoints/lmpred_ablate_no_self_pred/asymm_advantages/baseline_seed_4_step_44.msgpack
--> Saved seed 0 checkpoint at step 66 to checkpoints/lmpred_ablate_no_self_pred/asymm_advantages/baseline_seed_0_step_66.msgpack
--> Saved seed 1 checkpoint at step 66 to checkpoints/lmpred_ablate_no_self_pred/asymm_advantages/baseline_seed_1_step_66.msgpack
--> Saved seed 2 checkpoint at step 66 to checkpoints/lmpred_ablate_no_self_pred/asymm_advantages/baseline_seed_2_step_66.msgpack
--> Saved seed 3 checkpoint at step 66 to checkpoints/lmpred_ablate_no_self_pred/asymm_advantages/baseline_seed_3_step_66.msgpack
--> Saved seed 4 checkpoint at step 66 to checkpoints/lmpred_ablate_no_self_pred/asymm_advantages/baseline_seed_4_step_66.msgpack
--> Saved seed 0 checkpoint at step 88 to checkpoints/lmpred_ablate_no_self_pred/asymm_advantages/baseline_seed_0_step_88.msgpack
--> Saved seed 1 checkpoint at step 88 to checkpoints/lmpred_ablate_no_self_pred/asymm_advantages/baseline_seed_1_step_88.msgpack
--> Saved seed 2 checkpoint at step 88 to checkpoints/lmpred_ablate_no_self_pred/asymm_advantages/baseline_seed_2_step_88.msgpack
--> Saved seed 3 checkpoint at step 88 to checkpoints/lmpred_ablate_no_self_pred/asymm_advantages/baseline_seed_3_step_88.msgpack
--> Saved seed 4 checkpoint at step 88 to checkpoints/lmpred_ablate_no_self_pred/asymm_advantages/baseline_seed_4_step_88.msgpack
--> Saved seed 0 checkpoint at step 110 to checkpoints/lmpred_ablate_no_self_pred/asymm_advantages/baseline_seed_0_step_110.msgpack
--> Saved seed 1 checkpoint at step 110 to checkpoints/lmpred_ablate_no_self_pred/asymm_advantages/baseline_seed_1_step_110.msgpack
--> Saved seed 2 checkpoint at step 110 to checkpoints/lmpred_ablate_no_self_pred/asymm_advantages/baseline_seed_2_step_110.msgpack
--> Saved seed 3 checkpoint at step 110 to checkpoints/lmpred_ablate_no_self_pred/asymm_advantages/baseline_seed_3_step_110.msgpack
--> Saved seed 4 checkpoint at step 110 to checkpoints/lmpred_ablate_no_self_pred/asymm_advantages/baseline_seed_4_step_110.msgpack
--> Saved seed 0 checkpoint at step 132 to checkpoints/lmpred_ablate_no_self_pred/asymm_advantages/baseline_seed_0_step_132.msgpack
--> Saved seed 1 checkpoint at step 132 to checkpoints/lmpred_ablate_no_self_pred/asymm_advantages/baseline_seed_1_step_132.msgpack
--> Saved seed 2 checkpoint at step 132 to checkpoints/lmpred_ablate_no_self_pred/asymm_advantages/baseline_seed_2_step_132.msgpack
--> Saved seed 3 checkpoint at step 132 to checkpoints/lmpred_ablate_no_self_pred/asymm_advantages/baseline_seed_3_step_132.msgpack
--> Saved seed 4 checkpoint at step 132 to checkpoints/lmpred_ablate_no_self_pred/asymm_advantages/baseline_seed_4_step_132.msgpack
--> Saved seed 0 checkpoint at step 154 to checkpoints/lmpred_ablate_no_self_pred/asymm_advantages/baseline_seed_0_step_154.msgpack
--> Saved seed 1 checkpoint at step 154 to checkpoints/lmpred_ablate_no_self_pred/asymm_advantages/baseline_seed_1_step_154.msgpack
--> Saved seed 2 checkpoint at step 154 to checkpoints/lmpred_ablate_no_self_pred/asymm_advantages/baseline_seed_2_step_154.msgpack
--> Saved seed 3 checkpoint at step 154 to checkpoints/lmpred_ablate_no_self_pred/asymm_advantages/baseline_seed_3_step_154.msgpack
--> Saved seed 4 checkpoint at step 154 to checkpoints/lmpred_ablate_no_self_pred/asymm_advantages/baseline_seed_4_step_154.msgpack
--> Saved seed 0 checkpoint at step 176 to checkpoints/lmpred_ablate_no_self_pred/asymm_advantages/baseline_seed_0_step_176.msgpack
--> Saved seed 1 checkpoint at step 176 to checkpoints/lmpred_ablate_no_self_pred/asymm_advantages/baseline_seed_1_step_176.msgpack
--> Saved seed 2 checkpoint at step 176 to checkpoints/lmpred_ablate_no_self_pred/asymm_advantages/baseline_seed_2_step_176.msgpack
--> Saved seed 3 checkpoint at step 176 to checkpoints/lmpred_ablate_no_self_pred/asymm_advantages/baseline_seed_3_step_176.msgpack
--> Saved seed 4 checkpoint at step 176 to checkpoints/lmpred_ablate_no_self_pred/asymm_advantages/baseline_seed_4_step_176.msgpack
--> Saved seed 0 checkpoint at step 198 to checkpoints/lmpred_ablate_no_self_pred/asymm_advantages/baseline_seed_0_step_198.msgpack
--> Saved seed 1 checkpoint at step 198 to checkpoints/lmpred_ablate_no_self_pred/asymm_advantages/baseline_seed_1_step_198.msgpack
--> Saved seed 2 checkpoint at step 198 to checkpoints/lmpred_ablate_no_self_pred/asymm_advantages/baseline_seed_2_step_198.msgpack
--> Saved seed 3 checkpoint at step 198 to checkpoints/lmpred_ablate_no_self_pred/asymm_advantages/baseline_seed_3_step_198.msgpack
--> Saved seed 4 checkpoint at step 198 to checkpoints/lmpred_ablate_no_self_pred/asymm_advantages/baseline_seed_4_step_198.msgpack
--> Saved seed 0 checkpoint at step 220 to checkpoints/lmpred_ablate_no_self_pred/asymm_advantages/baseline_seed_0_step_220.msgpack
--> Saved seed 1 checkpoint at step 220 to checkpoints/lmpred_ablate_no_self_pred/asymm_advantages/baseline_seed_1_step_220.msgpack
--> Saved seed 2 checkpoint at step 220 to checkpoints/lmpred_ablate_no_self_pred/asymm_advantages/baseline_seed_2_step_220.msgpack
--> Saved seed 3 checkpoint at step 220 to checkpoints/lmpred_ablate_no_self_pred/asymm_advantages/baseline_seed_3_step_220.msgpack
--> Saved seed 4 checkpoint at step 220 to checkpoints/lmpred_ablate_no_self_pred/asymm_advantages/baseline_seed_4_step_220.msgpack
[1;34mwandb[0m: 
[1;34mwandb[0m: 🚀 View run [33mlmpred_no_self_pred_obsfront_sameinp_asymm_advantages[0m at: [34mhttps://wandb.ai/maytusp/oc-extended/runs/a3i746kx[0m
[1;34mwandb[0m: Find logs at: [1;35m../../../../../../../../net/scratch/n70579mp/tom/JaxMARL/wandb/run-20260706_185505-a3i746kx/logs[0m
Importing submoduled environments...
Submoduled environments not found. Skipping import.
wandb: [wandb.login()] Loaded credentials for https://api.wandb.ai from /mnt/iusers01/fatpou01/compsci01/n70579mp/.netrc.
wandb: Currently logged in as: maytusp to https://api.wandb.ai. Use `wandb login --relogin` to force relogin
wandb: Tracking run with wandb version 0.27.2
wandb: Run data is saved locally in /net/scratch/n70579mp/tom/JaxMARL/wandb/run-20260706_200642-xjrlrn5d
wandb: Run `wandb offline` to turn off syncing.
wandb: Syncing run lmpred_no_self_pred_obsfront_sameinp_forced_coord
wandb: ⭐️ View project at https://wandb.ai/maytusp/oc-extended
wandb: 🚀 View run at https://wandb.ai/maytusp/oc-extended/runs/xjrlrn5d
Update steps:  228.0
Warmup epochs:  11
Cosine epochs:  217.0
--> Saved seed 0 checkpoint at step 1 to checkpoints/lmpred_ablate_no_self_pred/forced_coord/baseline_seed_0_step_1.msgpack
--> Saved seed 1 checkpoint at step 1 to checkpoints/lmpred_ablate_no_self_pred/forced_coord/baseline_seed_1_step_1.msgpack
--> Saved seed 2 checkpoint at step 1 to checkpoints/lmpred_ablate_no_self_pred/forced_coord/baseline_seed_2_step_1.msgpack
--> Saved seed 3 checkpoint at step 1 to checkpoints/lmpred_ablate_no_self_pred/forced_coord/baseline_seed_3_step_1.msgpack
--> Saved seed 4 checkpoint at step 1 to checkpoints/lmpred_ablate_no_self_pred/forced_coord/baseline_seed_4_step_1.msgpack
--> Saved seed 0 checkpoint at step 22 to checkpoints/lmpred_ablate_no_self_pred/forced_coord/baseline_seed_0_step_22.msgpack
--> Saved seed 1 checkpoint at step 22 to checkpoints/lmpred_ablate_no_self_pred/forced_coord/baseline_seed_1_step_22.msgpack
--> Saved seed 2 checkpoint at step 22 to checkpoints/lmpred_ablate_no_self_pred/forced_coord/baseline_seed_2_step_22.msgpack
--> Saved seed 3 checkpoint at step 22 to checkpoints/lmpred_ablate_no_self_pred/forced_coord/baseline_seed_3_step_22.msgpack
--> Saved seed 4 checkpoint at step 22 to checkpoints/lmpred_ablate_no_self_pred/forced_coord/baseline_seed_4_step_22.msgpack
--> Saved seed 0 checkpoint at step 44 to checkpoints/lmpred_ablate_no_self_pred/forced_coord/baseline_seed_0_step_44.msgpack
--> Saved seed 1 checkpoint at step 44 to checkpoints/lmpred_ablate_no_self_pred/forced_coord/baseline_seed_1_step_44.msgpack
--> Saved seed 2 checkpoint at step 44 to checkpoints/lmpred_ablate_no_self_pred/forced_coord/baseline_seed_2_step_44.msgpack
--> Saved seed 3 checkpoint at step 44 to checkpoints/lmpred_ablate_no_self_pred/forced_coord/baseline_seed_3_step_44.msgpack
--> Saved seed 4 checkpoint at step 44 to checkpoints/lmpred_ablate_no_self_pred/forced_coord/baseline_seed_4_step_44.msgpack
--> Saved seed 0 checkpoint at step 66 to checkpoints/lmpred_ablate_no_self_pred/forced_coord/baseline_seed_0_step_66.msgpack
--> Saved seed 1 checkpoint at step 66 to checkpoints/lmpred_ablate_no_self_pred/forced_coord/baseline_seed_1_step_66.msgpack
--> Saved seed 2 checkpoint at step 66 to checkpoints/lmpred_ablate_no_self_pred/forced_coord/baseline_seed_2_step_66.msgpack
--> Saved seed 3 checkpoint at step 66 to checkpoints/lmpred_ablate_no_self_pred/forced_coord/baseline_seed_3_step_66.msgpack
--> Saved seed 4 checkpoint at step 66 to checkpoints/lmpred_ablate_no_self_pred/forced_coord/baseline_seed_4_step_66.msgpack
--> Saved seed 0 checkpoint at step 88 to checkpoints/lmpred_ablate_no_self_pred/forced_coord/baseline_seed_0_step_88.msgpack
--> Saved seed 1 checkpoint at step 88 to checkpoints/lmpred_ablate_no_self_pred/forced_coord/baseline_seed_1_step_88.msgpack
--> Saved seed 2 checkpoint at step 88 to checkpoints/lmpred_ablate_no_self_pred/forced_coord/baseline_seed_2_step_88.msgpack
--> Saved seed 3 checkpoint at step 88 to checkpoints/lmpred_ablate_no_self_pred/forced_coord/baseline_seed_3_step_88.msgpack
--> Saved seed 4 checkpoint at step 88 to checkpoints/lmpred_ablate_no_self_pred/forced_coord/baseline_seed_4_step_88.msgpack
--> Saved seed 0 checkpoint at step 110 to checkpoints/lmpred_ablate_no_self_pred/forced_coord/baseline_seed_0_step_110.msgpack
--> Saved seed 1 checkpoint at step 110 to checkpoints/lmpred_ablate_no_self_pred/forced_coord/baseline_seed_1_step_110.msgpack
--> Saved seed 2 checkpoint at step 110 to checkpoints/lmpred_ablate_no_self_pred/forced_coord/baseline_seed_2_step_110.msgpack
--> Saved seed 3 checkpoint at step 110 to checkpoints/lmpred_ablate_no_self_pred/forced_coord/baseline_seed_3_step_110.msgpack
--> Saved seed 4 checkpoint at step 110 to checkpoints/lmpred_ablate_no_self_pred/forced_coord/baseline_seed_4_step_110.msgpack
--> Saved seed 0 checkpoint at step 132 to checkpoints/lmpred_ablate_no_self_pred/forced_coord/baseline_seed_0_step_132.msgpack
--> Saved seed 1 checkpoint at step 132 to checkpoints/lmpred_ablate_no_self_pred/forced_coord/baseline_seed_1_step_132.msgpack
--> Saved seed 2 checkpoint at step 132 to checkpoints/lmpred_ablate_no_self_pred/forced_coord/baseline_seed_2_step_132.msgpack
--> Saved seed 3 checkpoint at step 132 to checkpoints/lmpred_ablate_no_self_pred/forced_coord/baseline_seed_3_step_132.msgpack
--> Saved seed 4 checkpoint at step 132 to checkpoints/lmpred_ablate_no_self_pred/forced_coord/baseline_seed_4_step_132.msgpack
--> Saved seed 0 checkpoint at step 154 to checkpoints/lmpred_ablate_no_self_pred/forced_coord/baseline_seed_0_step_154.msgpack
--> Saved seed 1 checkpoint at step 154 to checkpoints/lmpred_ablate_no_self_pred/forced_coord/baseline_seed_1_step_154.msgpack
--> Saved seed 2 checkpoint at step 154 to checkpoints/lmpred_ablate_no_self_pred/forced_coord/baseline_seed_2_step_154.msgpack
--> Saved seed 3 checkpoint at step 154 to checkpoints/lmpred_ablate_no_self_pred/forced_coord/baseline_seed_3_step_154.msgpack
--> Saved seed 4 checkpoint at step 154 to checkpoints/lmpred_ablate_no_self_pred/forced_coord/baseline_seed_4_step_154.msgpack
--> Saved seed 0 checkpoint at step 176 to checkpoints/lmpred_ablate_no_self_pred/forced_coord/baseline_seed_0_step_176.msgpack
--> Saved seed 1 checkpoint at step 176 to checkpoints/lmpred_ablate_no_self_pred/forced_coord/baseline_seed_1_step_176.msgpack
--> Saved seed 2 checkpoint at step 176 to checkpoints/lmpred_ablate_no_self_pred/forced_coord/baseline_seed_2_step_176.msgpack
--> Saved seed 3 checkpoint at step 176 to checkpoints/lmpred_ablate_no_self_pred/forced_coord/baseline_seed_3_step_176.msgpack
--> Saved seed 4 checkpoint at step 176 to checkpoints/lmpred_ablate_no_self_pred/forced_coord/baseline_seed_4_step_176.msgpack
--> Saved seed 0 checkpoint at step 198 to checkpoints/lmpred_ablate_no_self_pred/forced_coord/baseline_seed_0_step_198.msgpack
--> Saved seed 1 checkpoint at step 198 to checkpoints/lmpred_ablate_no_self_pred/forced_coord/baseline_seed_1_step_198.msgpack
--> Saved seed 2 checkpoint at step 198 to checkpoints/lmpred_ablate_no_self_pred/forced_coord/baseline_seed_2_step_198.msgpack
--> Saved seed 3 checkpoint at step 198 to checkpoints/lmpred_ablate_no_self_pred/forced_coord/baseline_seed_3_step_198.msgpack
--> Saved seed 4 checkpoint at step 198 to checkpoints/lmpred_ablate_no_self_pred/forced_coord/baseline_seed_4_step_198.msgpack
--> Saved seed 0 checkpoint at step 220 to checkpoints/lmpred_ablate_no_self_pred/forced_coord/baseline_seed_0_step_220.msgpack
--> Saved seed 1 checkpoint at step 220 to checkpoints/lmpred_ablate_no_self_pred/forced_coord/baseline_seed_1_step_220.msgpack
--> Saved seed 2 checkpoint at step 220 to checkpoints/lmpred_ablate_no_self_pred/forced_coord/baseline_seed_2_step_220.msgpack
--> Saved seed 3 checkpoint at step 220 to checkpoints/lmpred_ablate_no_self_pred/forced_coord/baseline_seed_3_step_220.msgpack
--> Saved seed 4 checkpoint at step 220 to checkpoints/lmpred_ablate_no_self_pred/forced_coord/baseline_seed_4_step_220.msgpack
[1;34mwandb[0m: 
[1;34mwandb[0m: 🚀 View run [33mlmpred_no_self_pred_obsfront_sameinp_forced_coord[0m at: [34mhttps://wandb.ai/maytusp/oc-extended/runs/xjrlrn5d[0m
[1;34mwandb[0m: Find logs at: [1;35m../../../../../../../../net/scratch/n70579mp/tom/JaxMARL/wandb/run-20260706_200642-xjrlrn5d/logs[0m
