Script directory: /mnt/iusers01/fatpou01/compsci01/n70579mp/scratch/JaxMARL
Evaluating XP partner matrix for ego_method=sp, partner_method=sp, layout=cramped_room2
ego_prefix=checkpoints/sp/, partner_prefix=checkpoints/sp/, result_name=sp_ego_vs_sp_partner, ego_perspective_transform=true
Importing submoduled environments...
Submoduled environments not found. Skipping import.
LOADED: checkpoints/sp/cramped_room2/baseline_seed_0_step_220.msgpack
LOADED: checkpoints/sp/cramped_room2/baseline_seed_1_step_220.msgpack
LOADED: checkpoints/sp/cramped_room2/baseline_seed_2_step_220.msgpack
LOADED: checkpoints/sp/cramped_room2/baseline_seed_3_step_220.msgpack
LOADED: checkpoints/sp/cramped_room2/baseline_seed_4_step_220.msgpack
LOADED: checkpoints/sp/cramped_room2/baseline_seed_0_step_220.msgpack
LOADED: checkpoints/sp/cramped_room2/baseline_seed_1_step_220.msgpack
LOADED: checkpoints/sp/cramped_room2/baseline_seed_2_step_220.msgpack
LOADED: checkpoints/sp/cramped_room2/baseline_seed_3_step_220.msgpack
LOADED: checkpoints/sp/cramped_room2/baseline_seed_4_step_220.msgpack
LOADED: checkpoints/sp/cramped_room2/baseline_seed_5_step_220.msgpack
LOADED: checkpoints/sp/cramped_room2/baseline_seed_6_step_220.msgpack
LOADED: checkpoints/sp/cramped_room2/baseline_seed_7_step_220.msgpack
LOADED: checkpoints/sp/cramped_room2/baseline_seed_8_step_220.msgpack
LOADED: checkpoints/sp/cramped_room2/baseline_seed_9_step_220.msgpack
LOADED: checkpoints/sp/cramped_room2/baseline_seed_10_step_220.msgpack
LOADED: checkpoints/sp/cramped_room2/baseline_seed_11_step_220.msgpack
LOADED: checkpoints/sp/cramped_room2/baseline_seed_12_step_220.msgpack
LOADED: checkpoints/sp/cramped_room2/baseline_seed_13_step_220.msgpack
LOADED: checkpoints/sp/cramped_room2/baseline_seed_14_step_220.msgpack
Using XP rollout scale: XP_PAIR_BATCH_SIZE=32, EVAL_NUM_EPISODES=128, EVAL_NUM_STEPS=400
XP ego[00] partner[00] = 165.312
XP ego[00] partner[01] = 146.719
XP ego[00] partner[02] = 67.812
XP ego[00] partner[03] = 156.094
XP ego[00] partner[04] = 77.812
XP ego[00] partner[05] = 145.156
XP ego[00] partner[06] = 85.938
XP ego[00] partner[07] = 154.375
XP ego[00] partner[08] = 40.156
XP ego[00] partner[09] = 85.312
XP ego[00] partner[10] = 39.688
XP ego[00] partner[11] = 125.625
XP ego[00] partner[12] = 113.281
XP ego[00] partner[13] = 146.562
XP ego[00] partner[14] = 150.156
XP ego[01] partner[00] = 158.750
XP ego[01] partner[01] = 188.906
XP ego[01] partner[02] = 144.688
XP ego[01] partner[03] = 127.500
XP ego[01] partner[04] = 63.750
XP ego[01] partner[05] = 136.250
XP ego[01] partner[06] = 126.094
XP ego[01] partner[07] = 153.906
XP ego[01] partner[08] = 62.031
XP ego[01] partner[09] = 166.562
XP ego[01] partner[10] = 159.844
XP ego[01] partner[11] = 157.812
XP ego[01] partner[12] = 157.188
XP ego[01] partner[13] = 173.906
XP ego[01] partner[14] = 182.812
XP ego[02] partner[00] = 74.219
XP ego[02] partner[01] = 157.031
XP ego[02] partner[02] = 194.375
XP ego[02] partner[03] = 152.812
XP ego[02] partner[04] = 114.844
XP ego[02] partner[05] = 133.281
XP ego[02] partner[06] = 81.719
XP ego[02] partner[07] = 124.688
XP ego[02] partner[08] = 132.656
XP ego[02] partner[09] = 159.375
XP ego[02] partner[10] = 156.250
XP ego[02] partner[11] = 133.594
XP ego[02] partner[12] = 166.250
XP ego[02] partner[13] = 85.000
XP ego[02] partner[14] = 143.281
XP ego[03] partner[00] = 142.188
XP ego[03] partner[01] = 122.656
XP ego[03] partner[02] = 150.781
XP ego[03] partner[03] = 203.125
XP ego[03] partner[04] = 140.469
XP ego[03] partner[05] = 137.188
XP ego[03] partner[06] = 79.219
XP ego[03] partner[07] = 145.312
XP ego[03] partner[08] = 95.938
XP ego[03] partner[09] = 177.812
XP ego[03] partner[10] = 76.719
XP ego[03] partner[11] = 152.656
XP ego[03] partner[12] = 165.312
XP ego[03] partner[13] = 122.500
XP ego[03] partner[14] = 140.000
XP ego[04] partner[00] = 80.156
XP ego[04] partner[01] = 63.438
XP ego[04] partner[02] = 116.094
XP ego[04] partner[03] = 162.188
XP ego[04] partner[04] = 150.938
XP ego[04] partner[05] = 95.156
XP ego[04] partner[06] = 72.500
XP ego[04] partner[07] = 132.656
XP ego[04] partner[08] = 158.750
XP ego[04] partner[09] = 108.438
XP ego[04] partner[10] = 132.344
XP ego[04] partner[11] = 125.938
XP ego[04] partner[12] = 133.750
XP ego[04] partner[13] = 63.438
XP ego[04] partner[14] = 134.375
Average ego-vs-partner performance: 128.685 +- 4.360 SE over 75 ordered pairs
Average diagonal performance: 180.531 +- 9.695 SE over 5 pairs
Average off-diagonal performance (only for square pools): nan +- nan SE over 0 ordered pairs
Saved XP results to xp_partner_results/sp_ego_vs_sp_partner/cramped_room2
Saved XP heatmap to xp_partner_results/sp_ego_vs_sp_partner/cramped_room2/xp_matrix.png
Using alignment rollout scale: ALIGN_PAIR_BATCH_SIZE=2, ALIGN_EVAL_NUM_EPISODES=128, ALIGN_EVAL_NUM_STEPS=400
ALIGN ego[00] partner[00] R2=0.767727 NMSE=0.232273 shuffled_R2=-0.009597
ALIGN ego[00] partner[01] R2=0.731547 NMSE=0.268453 shuffled_R2=-0.009839
ALIGN ego[00] partner[02] R2=0.794461 NMSE=0.205539 shuffled_R2=-0.010782
ALIGN ego[00] partner[03] R2=0.782071 NMSE=0.217929 shuffled_R2=-0.008637
ALIGN ego[00] partner[04] R2=0.766573 NMSE=0.233427 shuffled_R2=-0.012357
ALIGN ego[00] partner[05] R2=0.745571 NMSE=0.254429 shuffled_R2=-0.007792
ALIGN ego[00] partner[06] R2=0.771965 NMSE=0.228035 shuffled_R2=-0.009843
ALIGN ego[00] partner[07] R2=0.739324 NMSE=0.260676 shuffled_R2=-0.007393
ALIGN ego[00] partner[08] R2=0.765018 NMSE=0.234982 shuffled_R2=-0.011831
ALIGN ego[00] partner[09] R2=0.697287 NMSE=0.302713 shuffled_R2=-0.012321
ALIGN ego[00] partner[10] R2=0.771286 NMSE=0.228714 shuffled_R2=-0.006763
ALIGN ego[00] partner[11] R2=0.725454 NMSE=0.274546 shuffled_R2=-0.008315
ALIGN ego[00] partner[12] R2=0.740754 NMSE=0.259246 shuffled_R2=-0.008538
ALIGN ego[00] partner[13] R2=0.648581 NMSE=0.351419 shuffled_R2=-0.009807
ALIGN ego[00] partner[14] R2=0.786509 NMSE=0.213491 shuffled_R2=-0.008756
ALIGN ego[01] partner[00] R2=0.769650 NMSE=0.230350 shuffled_R2=-0.009071
ALIGN ego[01] partner[01] R2=0.714000 NMSE=0.286000 shuffled_R2=-0.009447
ALIGN ego[01] partner[02] R2=0.756784 NMSE=0.243216 shuffled_R2=-0.007973
ALIGN ego[01] partner[03] R2=0.737879 NMSE=0.262121 shuffled_R2=-0.011504
ALIGN ego[01] partner[04] R2=0.738409 NMSE=0.261591 shuffled_R2=-0.009780
ALIGN ego[01] partner[05] R2=0.813993 NMSE=0.186007 shuffled_R2=-0.007469
ALIGN ego[01] partner[06] R2=0.665344 NMSE=0.334656 shuffled_R2=-0.011116
ALIGN ego[01] partner[07] R2=0.711837 NMSE=0.288163 shuffled_R2=-0.009779
ALIGN ego[01] partner[08] R2=0.561865 NMSE=0.438135 shuffled_R2=-0.020454
ALIGN ego[01] partner[09] R2=0.679992 NMSE=0.320008 shuffled_R2=-0.007858
ALIGN ego[01] partner[10] R2=0.729691 NMSE=0.270309 shuffled_R2=-0.010179
ALIGN ego[01] partner[11] R2=0.701110 NMSE=0.298890 shuffled_R2=-0.008223
ALIGN ego[01] partner[12] R2=0.680059 NMSE=0.319941 shuffled_R2=-0.010425
ALIGN ego[01] partner[13] R2=0.753026 NMSE=0.246974 shuffled_R2=-0.007465
ALIGN ego[01] partner[14] R2=0.637356 NMSE=0.362644 shuffled_R2=-0.011467
ALIGN ego[02] partner[00] R2=0.765821 NMSE=0.234179 shuffled_R2=-0.010014
ALIGN ego[02] partner[01] R2=0.709655 NMSE=0.290345 shuffled_R2=-0.008679
ALIGN ego[02] partner[02] R2=0.741852 NMSE=0.258148 shuffled_R2=-0.009218
ALIGN ego[02] partner[03] R2=0.647770 NMSE=0.352230 shuffled_R2=-0.012931
ALIGN ego[02] partner[04] R2=0.678310 NMSE=0.321690 shuffled_R2=-0.011172
ALIGN ego[02] partner[05] R2=0.705888 NMSE=0.294112 shuffled_R2=-0.010063
ALIGN ego[02] partner[06] R2=0.678412 NMSE=0.321588 shuffled_R2=-0.014080
ALIGN ego[02] partner[07] R2=0.747462 NMSE=0.252538 shuffled_R2=-0.009214
ALIGN ego[02] partner[08] R2=0.689625 NMSE=0.310375 shuffled_R2=-0.010917
ALIGN ego[02] partner[09] R2=0.690600 NMSE=0.309400 shuffled_R2=-0.009124
ALIGN ego[02] partner[10] R2=0.718188 NMSE=0.281812 shuffled_R2=-0.008355
ALIGN ego[02] partner[11] R2=0.693432 NMSE=0.306568 shuffled_R2=-0.008230
ALIGN ego[02] partner[12] R2=0.673633 NMSE=0.326367 shuffled_R2=-0.008334
ALIGN ego[02] partner[13] R2=0.684757 NMSE=0.315243 shuffled_R2=-0.011199
ALIGN ego[02] partner[14] R2=0.586003 NMSE=0.413997 shuffled_R2=-0.013789
ALIGN ego[03] partner[00] R2=0.726154 NMSE=0.273846 shuffled_R2=-0.008924
ALIGN ego[03] partner[01] R2=0.695882 NMSE=0.304118 shuffled_R2=-0.009319
ALIGN ego[03] partner[02] R2=0.761915 NMSE=0.238085 shuffled_R2=-0.007363
ALIGN ego[03] partner[03] R2=0.662560 NMSE=0.337440 shuffled_R2=-0.011395
ALIGN ego[03] partner[04] R2=0.631297 NMSE=0.368703 shuffled_R2=-0.014629
ALIGN ego[03] partner[05] R2=0.651156 NMSE=0.348844 shuffled_R2=-0.012053
ALIGN ego[03] partner[06] R2=0.706057 NMSE=0.293943 shuffled_R2=-0.008787
ALIGN ego[03] partner[07] R2=0.748645 NMSE=0.251355 shuffled_R2=-0.007648
ALIGN ego[03] partner[08] R2=0.632327 NMSE=0.367673 shuffled_R2=-0.013888
ALIGN ego[03] partner[09] R2=0.717965 NMSE=0.282035 shuffled_R2=-0.007635
ALIGN ego[03] partner[10] R2=0.745112 NMSE=0.254888 shuffled_R2=-0.009218
ALIGN ego[03] partner[11] R2=0.726478 NMSE=0.273522 shuffled_R2=-0.008639
ALIGN ego[03] partner[12] R2=0.658273 NMSE=0.341727 shuffled_R2=-0.009591
ALIGN ego[03] partner[13] R2=0.675755 NMSE=0.324245 shuffled_R2=-0.009157
ALIGN ego[03] partner[14] R2=0.731937 NMSE=0.268063 shuffled_R2=-0.008425
ALIGN ego[04] partner[00] R2=0.828261 NMSE=0.171739 shuffled_R2=-0.009754
ALIGN ego[04] partner[01] R2=0.569564 NMSE=0.430436 shuffled_R2=-0.018383
ALIGN ego[04] partner[02] R2=0.770982 NMSE=0.229018 shuffled_R2=-0.007797
ALIGN ego[04] partner[03] R2=0.697266 NMSE=0.302734 shuffled_R2=-0.009927
ALIGN ego[04] partner[04] R2=0.754624 NMSE=0.245376 shuffled_R2=-0.010802
ALIGN ego[04] partner[05] R2=0.675090 NMSE=0.324910 shuffled_R2=-0.013030
ALIGN ego[04] partner[06] R2=0.662730 NMSE=0.337270 shuffled_R2=-0.011933
ALIGN ego[04] partner[07] R2=0.690367 NMSE=0.309633 shuffled_R2=-0.010043
ALIGN ego[04] partner[08] R2=0.730120 NMSE=0.269880 shuffled_R2=-0.008065
ALIGN ego[04] partner[09] R2=0.714528 NMSE=0.285472 shuffled_R2=-0.009203
ALIGN ego[04] partner[10] R2=0.719094 NMSE=0.280906 shuffled_R2=-0.009337
ALIGN ego[04] partner[11] R2=0.653814 NMSE=0.346186 shuffled_R2=-0.009309
ALIGN ego[04] partner[12] R2=0.679252 NMSE=0.320748 shuffled_R2=-0.010610
ALIGN ego[04] partner[13] R2=0.696994 NMSE=0.303006 shuffled_R2=-0.011756
ALIGN ego[04] partner[14] R2=0.670022 NMSE=0.329978 shuffled_R2=-0.009159
Average ego-to-partner alignment R2: 0.710410 +- 0.006044 SE over 75 ego-partner pairs
Average alignment normalized MSE: 0.289590 +- 0.006044 SE
Average shuffled-control alignment R2: -0.010078 +- 0.000272 SE
Saved alignment results to xp_partner_results/sp_ego_vs_sp_partner/cramped_room2
Evaluating XP partner matrix for ego_method=sp, partner_method=sp, layout=counter_circuit2
ego_prefix=checkpoints/sp/, partner_prefix=checkpoints/sp/, result_name=sp_ego_vs_sp_partner, ego_perspective_transform=true
Importing submoduled environments...
Submoduled environments not found. Skipping import.
LOADED: checkpoints/sp/counter_circuit2/baseline_seed_0_step_380.msgpack
LOADED: checkpoints/sp/counter_circuit2/baseline_seed_1_step_380.msgpack
LOADED: checkpoints/sp/counter_circuit2/baseline_seed_2_step_380.msgpack
LOADED: checkpoints/sp/counter_circuit2/baseline_seed_3_step_380.msgpack
LOADED: checkpoints/sp/counter_circuit2/baseline_seed_4_step_380.msgpack
LOADED: checkpoints/sp/counter_circuit2/baseline_seed_0_step_380.msgpack
LOADED: checkpoints/sp/counter_circuit2/baseline_seed_1_step_380.msgpack
LOADED: checkpoints/sp/counter_circuit2/baseline_seed_2_step_380.msgpack
LOADED: checkpoints/sp/counter_circuit2/baseline_seed_3_step_380.msgpack
LOADED: checkpoints/sp/counter_circuit2/baseline_seed_4_step_380.msgpack
LOADED: checkpoints/sp/counter_circuit2/baseline_seed_5_step_380.msgpack
LOADED: checkpoints/sp/counter_circuit2/baseline_seed_6_step_380.msgpack
LOADED: checkpoints/sp/counter_circuit2/baseline_seed_7_step_380.msgpack
LOADED: checkpoints/sp/counter_circuit2/baseline_seed_8_step_380.msgpack
LOADED: checkpoints/sp/counter_circuit2/baseline_seed_9_step_380.msgpack
LOADED: checkpoints/sp/counter_circuit2/baseline_seed_10_step_380.msgpack
LOADED: checkpoints/sp/counter_circuit2/baseline_seed_11_step_380.msgpack
LOADED: checkpoints/sp/counter_circuit2/baseline_seed_12_step_380.msgpack
LOADED: checkpoints/sp/counter_circuit2/baseline_seed_13_step_380.msgpack
LOADED: checkpoints/sp/counter_circuit2/baseline_seed_14_step_380.msgpack
Using XP rollout scale: XP_PAIR_BATCH_SIZE=32, EVAL_NUM_EPISODES=128, EVAL_NUM_STEPS=400
XP ego[00] partner[00] = 40.938
XP ego[00] partner[01] = 0.469
XP ego[00] partner[02] = 4.688
XP ego[00] partner[03] = 17.656
XP ego[00] partner[04] = 23.125
XP ego[00] partner[05] = 20.156
XP ego[00] partner[06] = 5.781
XP ego[00] partner[07] = 16.719
XP ego[00] partner[08] = 4.219
XP ego[00] partner[09] = 26.875
XP ego[00] partner[10] = 25.156
XP ego[00] partner[11] = 14.688
XP ego[00] partner[12] = 13.906
XP ego[00] partner[13] = 20.938
XP ego[00] partner[14] = 23.906
XP ego[01] partner[00] = 0.781
XP ego[01] partner[01] = 124.219
XP ego[01] partner[02] = 9.688
XP ego[01] partner[03] = 16.875
XP ego[01] partner[04] = 4.062
XP ego[01] partner[05] = 7.188
XP ego[01] partner[06] = 9.531
XP ego[01] partner[07] = 0.312
XP ego[01] partner[08] = 45.312
XP ego[01] partner[09] = 0.000
XP ego[01] partner[10] = 9.219
XP ego[01] partner[11] = 4.062
XP ego[01] partner[12] = 47.969
XP ego[01] partner[13] = 1.094
XP ego[01] partner[14] = 0.000
XP ego[02] partner[00] = 5.156
XP ego[02] partner[01] = 8.594
XP ego[02] partner[02] = 142.500
XP ego[02] partner[03] = 50.469
XP ego[02] partner[04] = 84.531
XP ego[02] partner[05] = 77.031
XP ego[02] partner[06] = 23.438
XP ego[02] partner[07] = 13.281
XP ego[02] partner[08] = 60.938
XP ego[02] partner[09] = 8.125
XP ego[02] partner[10] = 77.188
XP ego[02] partner[11] = 40.938
XP ego[02] partner[12] = 40.000
XP ego[02] partner[13] = 31.562
XP ego[02] partner[14] = 2.969
XP ego[03] partner[00] = 11.562
XP ego[03] partner[01] = 15.469
XP ego[03] partner[02] = 50.000
XP ego[03] partner[03] = 126.719
XP ego[03] partner[04] = 33.594
XP ego[03] partner[05] = 28.906
XP ego[03] partner[06] = 50.469
XP ego[03] partner[07] = 9.219
XP ego[03] partner[08] = 35.781
XP ego[03] partner[09] = 17.031
XP ego[03] partner[10] = 59.219
XP ego[03] partner[11] = 25.625
XP ego[03] partner[12] = 29.219
XP ego[03] partner[13] = 35.469
XP ego[03] partner[14] = 3.594
XP ego[04] partner[00] = 26.094
XP ego[04] partner[01] = 3.594
XP ego[04] partner[02] = 90.625
XP ego[04] partner[03] = 38.438
XP ego[04] partner[04] = 129.219
XP ego[04] partner[05] = 92.344
XP ego[04] partner[06] = 33.438
XP ego[04] partner[07] = 16.406
XP ego[04] partner[08] = 52.812
XP ego[04] partner[09] = 13.594
XP ego[04] partner[10] = 114.375
XP ego[04] partner[11] = 115.625
XP ego[04] partner[12] = 36.406
XP ego[04] partner[13] = 17.969
XP ego[04] partner[14] = 12.969
Average ego-vs-partner performance: 33.760 +- 4.058 SE over 75 ordered pairs
Average diagonal performance: 112.719 +- 18.221 SE over 5 pairs
Average off-diagonal performance (only for square pools): nan +- nan SE over 0 ordered pairs
Saved XP results to xp_partner_results/sp_ego_vs_sp_partner/counter_circuit2
Saved XP heatmap to xp_partner_results/sp_ego_vs_sp_partner/counter_circuit2/xp_matrix.png
Using alignment rollout scale: ALIGN_PAIR_BATCH_SIZE=2, ALIGN_EVAL_NUM_EPISODES=128, ALIGN_EVAL_NUM_STEPS=400
ALIGN ego[00] partner[00] R2=0.627643 NMSE=0.372357 shuffled_R2=-0.008780
ALIGN ego[00] partner[01] R2=0.597194 NMSE=0.402806 shuffled_R2=-0.017512
ALIGN ego[00] partner[02] R2=0.394436 NMSE=0.605564 shuffled_R2=-0.036766
ALIGN ego[00] partner[03] R2=0.492172 NMSE=0.507828 shuffled_R2=-0.016671
ALIGN ego[00] partner[04] R2=0.502229 NMSE=0.497771 shuffled_R2=-0.013413
ALIGN ego[00] partner[05] R2=0.487764 NMSE=0.512236 shuffled_R2=-0.015412
ALIGN ego[00] partner[06] R2=0.646911 NMSE=0.353089 shuffled_R2=-0.017666
ALIGN ego[00] partner[07] R2=0.444062 NMSE=0.555938 shuffled_R2=-0.014169
ALIGN ego[00] partner[08] R2=0.502342 NMSE=0.497658 shuffled_R2=-0.026992
ALIGN ego[00] partner[09] R2=0.494718 NMSE=0.505282 shuffled_R2=-0.012716
ALIGN ego[00] partner[10] R2=0.546920 NMSE=0.453080 shuffled_R2=-0.010311
ALIGN ego[00] partner[11] R2=0.683594 NMSE=0.316406 shuffled_R2=-0.009409
ALIGN ego[00] partner[12] R2=0.523762 NMSE=0.476238 shuffled_R2=-0.013836
ALIGN ego[00] partner[13] R2=0.583013 NMSE=0.416987 shuffled_R2=-0.010640
ALIGN ego[00] partner[14] R2=0.556061 NMSE=0.443939 shuffled_R2=-0.010959
ALIGN ego[01] partner[00] R2=0.733595 NMSE=0.266405 shuffled_R2=-0.009756
ALIGN ego[01] partner[01] R2=0.617342 NMSE=0.382658 shuffled_R2=-0.009568
ALIGN ego[01] partner[02] R2=0.578745 NMSE=0.421255 shuffled_R2=-0.010544
ALIGN ego[01] partner[03] R2=0.551405 NMSE=0.448595 shuffled_R2=-0.011823
ALIGN ego[01] partner[04] R2=0.646103 NMSE=0.353897 shuffled_R2=-0.009720
ALIGN ego[01] partner[05] R2=0.552957 NMSE=0.447043 shuffled_R2=-0.012108
ALIGN ego[01] partner[06] R2=0.548289 NMSE=0.451711 shuffled_R2=-0.010150
ALIGN ego[01] partner[07] R2=0.470405 NMSE=0.529595 shuffled_R2=-0.018124
ALIGN ego[01] partner[08] R2=0.475394 NMSE=0.524606 shuffled_R2=-0.009907
ALIGN ego[01] partner[09] R2=0.544530 NMSE=0.455470 shuffled_R2=-0.016630
ALIGN ego[01] partner[10] R2=0.475563 NMSE=0.524437 shuffled_R2=-0.012787
ALIGN ego[01] partner[11] R2=0.521250 NMSE=0.478750 shuffled_R2=-0.012967
ALIGN ego[01] partner[12] R2=0.595859 NMSE=0.404141 shuffled_R2=-0.008401
ALIGN ego[01] partner[13] R2=0.609429 NMSE=0.390571 shuffled_R2=-0.014867
ALIGN ego[01] partner[14] R2=0.496279 NMSE=0.503721 shuffled_R2=-0.016456
ALIGN ego[02] partner[00] R2=0.758337 NMSE=0.241663 shuffled_R2=-0.010454
ALIGN ego[02] partner[01] R2=0.607169 NMSE=0.392831 shuffled_R2=-0.010905
ALIGN ego[02] partner[02] R2=0.560771 NMSE=0.439229 shuffled_R2=-0.008449
ALIGN ego[02] partner[03] R2=0.497936 NMSE=0.502064 shuffled_R2=-0.009677
ALIGN ego[02] partner[04] R2=0.480952 NMSE=0.519048 shuffled_R2=-0.009394
ALIGN ego[02] partner[05] R2=0.534836 NMSE=0.465164 shuffled_R2=-0.008863
ALIGN ego[02] partner[06] R2=0.639772 NMSE=0.360228 shuffled_R2=-0.011255
ALIGN ego[02] partner[07] R2=0.653932 NMSE=0.346068 shuffled_R2=-0.008314
ALIGN ego[02] partner[08] R2=0.458241 NMSE=0.541759 shuffled_R2=-0.008991
ALIGN ego[02] partner[09] R2=0.637904 NMSE=0.362096 shuffled_R2=-0.013722
ALIGN ego[02] partner[10] R2=0.518885 NMSE=0.481115 shuffled_R2=-0.009221
ALIGN ego[02] partner[11] R2=0.602217 NMSE=0.397783 shuffled_R2=-0.008532
ALIGN ego[02] partner[12] R2=0.419792 NMSE=0.580208 shuffled_R2=-0.010804
ALIGN ego[02] partner[13] R2=0.422957 NMSE=0.577043 shuffled_R2=-0.012194
ALIGN ego[02] partner[14] R2=0.490470 NMSE=0.509530 shuffled_R2=-0.023586
ALIGN ego[03] partner[00] R2=0.586388 NMSE=0.413612 shuffled_R2=-0.012412
ALIGN ego[03] partner[01] R2=0.538113 NMSE=0.461887 shuffled_R2=-0.011981
ALIGN ego[03] partner[02] R2=0.448087 NMSE=0.551913 shuffled_R2=-0.008717
ALIGN ego[03] partner[03] R2=0.552274 NMSE=0.447726 shuffled_R2=-0.007905
ALIGN ego[03] partner[04] R2=0.525107 NMSE=0.474893 shuffled_R2=-0.009445
ALIGN ego[03] partner[05] R2=0.558581 NMSE=0.441419 shuffled_R2=-0.009688
ALIGN ego[03] partner[06] R2=0.541402 NMSE=0.458598 shuffled_R2=-0.009879
ALIGN ego[03] partner[07] R2=0.608468 NMSE=0.391532 shuffled_R2=-0.011953
ALIGN ego[03] partner[08] R2=0.386959 NMSE=0.613041 shuffled_R2=-0.011232
ALIGN ego[03] partner[09] R2=0.569847 NMSE=0.430153 shuffled_R2=-0.011495
ALIGN ego[03] partner[10] R2=0.486886 NMSE=0.513114 shuffled_R2=-0.011168
ALIGN ego[03] partner[11] R2=0.455412 NMSE=0.544588 shuffled_R2=-0.013455
ALIGN ego[03] partner[12] R2=0.718953 NMSE=0.281047 shuffled_R2=-0.008117
ALIGN ego[03] partner[13] R2=0.549398 NMSE=0.450602 shuffled_R2=-0.009306
ALIGN ego[03] partner[14] R2=0.549412 NMSE=0.450588 shuffled_R2=-0.014139
ALIGN ego[04] partner[00] R2=0.563508 NMSE=0.436492 shuffled_R2=-0.014450
ALIGN ego[04] partner[01] R2=0.531681 NMSE=0.468319 shuffled_R2=-0.014199
ALIGN ego[04] partner[02] R2=0.528748 NMSE=0.471252 shuffled_R2=-0.009682
ALIGN ego[04] partner[03] R2=0.317127 NMSE=0.682873 shuffled_R2=-0.010882
ALIGN ego[04] partner[04] R2=0.626905 NMSE=0.373095 shuffled_R2=-0.009435
ALIGN ego[04] partner[05] R2=0.484569 NMSE=0.515431 shuffled_R2=-0.009168
ALIGN ego[04] partner[06] R2=0.556525 NMSE=0.443475 shuffled_R2=-0.009940
ALIGN ego[04] partner[07] R2=0.560110 NMSE=0.439890 shuffled_R2=-0.012684
ALIGN ego[04] partner[08] R2=0.491299 NMSE=0.508701 shuffled_R2=-0.009164
ALIGN ego[04] partner[09] R2=0.581462 NMSE=0.418538 shuffled_R2=-0.010913
ALIGN ego[04] partner[10] R2=0.432253 NMSE=0.567747 shuffled_R2=-0.010603
ALIGN ego[04] partner[11] R2=0.594022 NMSE=0.405978 shuffled_R2=-0.008561
ALIGN ego[04] partner[12] R2=0.456790 NMSE=0.543210 shuffled_R2=-0.010489
ALIGN ego[04] partner[13] R2=0.524997 NMSE=0.475003 shuffled_R2=-0.009235
ALIGN ego[04] partner[14] R2=0.538314 NMSE=0.461686 shuffled_R2=-0.009118
Average ego-to-partner alignment R2: 0.541970 +- 0.009177 SE over 75 ego-partner pairs
Average alignment normalized MSE: 0.458030 +- 0.009177 SE
Average shuffled-control alignment R2: -0.012038 +- 0.000514 SE
Saved alignment results to xp_partner_results/sp_ego_vs_sp_partner/counter_circuit2
Evaluating XP partner matrix for ego_method=sp, partner_method=sp, layout=coord_ring2
ego_prefix=checkpoints/sp/, partner_prefix=checkpoints/sp/, result_name=sp_ego_vs_sp_partner, ego_perspective_transform=true
Importing submoduled environments...
Submoduled environments not found. Skipping import.
LOADED: checkpoints/sp/coord_ring2/baseline_seed_0_step_220.msgpack
LOADED: checkpoints/sp/coord_ring2/baseline_seed_1_step_220.msgpack
LOADED: checkpoints/sp/coord_ring2/baseline_seed_2_step_220.msgpack
LOADED: checkpoints/sp/coord_ring2/baseline_seed_3_step_220.msgpack
LOADED: checkpoints/sp/coord_ring2/baseline_seed_4_step_220.msgpack
LOADED: checkpoints/sp/coord_ring2/baseline_seed_0_step_220.msgpack
LOADED: checkpoints/sp/coord_ring2/baseline_seed_1_step_220.msgpack
LOADED: checkpoints/sp/coord_ring2/baseline_seed_2_step_220.msgpack
LOADED: checkpoints/sp/coord_ring2/baseline_seed_3_step_220.msgpack
LOADED: checkpoints/sp/coord_ring2/baseline_seed_4_step_220.msgpack
LOADED: checkpoints/sp/coord_ring2/baseline_seed_5_step_220.msgpack
LOADED: checkpoints/sp/coord_ring2/baseline_seed_6_step_220.msgpack
LOADED: checkpoints/sp/coord_ring2/baseline_seed_7_step_220.msgpack
LOADED: checkpoints/sp/coord_ring2/baseline_seed_8_step_220.msgpack
LOADED: checkpoints/sp/coord_ring2/baseline_seed_9_step_220.msgpack
LOADED: checkpoints/sp/coord_ring2/baseline_seed_10_step_220.msgpack
LOADED: checkpoints/sp/coord_ring2/baseline_seed_11_step_220.msgpack
LOADED: checkpoints/sp/coord_ring2/baseline_seed_12_step_220.msgpack
LOADED: checkpoints/sp/coord_ring2/baseline_seed_13_step_220.msgpack
LOADED: checkpoints/sp/coord_ring2/baseline_seed_14_step_220.msgpack
Using XP rollout scale: XP_PAIR_BATCH_SIZE=32, EVAL_NUM_EPISODES=128, EVAL_NUM_STEPS=400
XP ego[00] partner[00] = 138.125
XP ego[00] partner[01] = 145.938
XP ego[00] partner[02] = 106.094
XP ego[00] partner[03] = 129.531
XP ego[00] partner[04] = 121.250
XP ego[00] partner[05] = 47.031
XP ego[00] partner[06] = 96.406
XP ego[00] partner[07] = 72.344
XP ego[00] partner[08] = 77.031
XP ego[00] partner[09] = 131.094
XP ego[00] partner[10] = 84.531
XP ego[00] partner[11] = 116.719
XP ego[00] partner[12] = 68.125
XP ego[00] partner[13] = 36.719
XP ego[00] partner[14] = 123.906
XP ego[01] partner[00] = 130.625
XP ego[01] partner[01] = 165.312
XP ego[01] partner[02] = 137.812
XP ego[01] partner[03] = 149.375
XP ego[01] partner[04] = 127.031
XP ego[01] partner[05] = 100.156
XP ego[01] partner[06] = 115.000
XP ego[01] partner[07] = 114.844
XP ego[01] partner[08] = 109.375
XP ego[01] partner[09] = 156.875
XP ego[01] partner[10] = 91.562
XP ego[01] partner[11] = 135.156
XP ego[01] partner[12] = 69.844
XP ego[01] partner[13] = 112.031
XP ego[01] partner[14] = 140.000
XP ego[02] partner[00] = 107.031
XP ego[02] partner[01] = 134.375
XP ego[02] partner[02] = 142.188
XP ego[02] partner[03] = 143.594
XP ego[02] partner[04] = 123.750
XP ego[02] partner[05] = 59.219
XP ego[02] partner[06] = 76.719
XP ego[02] partner[07] = 89.219
XP ego[02] partner[08] = 82.344
XP ego[02] partner[09] = 136.250
XP ego[02] partner[10] = 67.500
XP ego[02] partner[11] = 127.344
XP ego[02] partner[12] = 57.656
XP ego[02] partner[13] = 56.875
XP ego[02] partner[14] = 123.906
XP ego[03] partner[00] = 123.906
XP ego[03] partner[01] = 154.531
XP ego[03] partner[02] = 146.406
XP ego[03] partner[03] = 160.938
XP ego[03] partner[04] = 141.562
XP ego[03] partner[05] = 56.562
XP ego[03] partner[06] = 44.688
XP ego[03] partner[07] = 81.406
XP ego[03] partner[08] = 69.375
XP ego[03] partner[09] = 128.750
XP ego[03] partner[10] = 66.406
XP ego[03] partner[11] = 116.094
XP ego[03] partner[12] = 46.875
XP ego[03] partner[13] = 43.906
XP ego[03] partner[14] = 134.375
XP ego[04] partner[00] = 115.469
XP ego[04] partner[01] = 126.562
XP ego[04] partner[02] = 130.000
XP ego[04] partner[03] = 138.594
XP ego[04] partner[04] = 163.594
XP ego[04] partner[05] = 93.594
XP ego[04] partner[06] = 75.781
XP ego[04] partner[07] = 101.719
XP ego[04] partner[08] = 65.000
XP ego[04] partner[09] = 146.875
XP ego[04] partner[10] = 66.094
XP ego[04] partner[11] = 100.625
XP ego[04] partner[12] = 72.344
XP ego[04] partner[13] = 72.812
XP ego[04] partner[14] = 150.469
Average ego-vs-partner performance: 106.842 +- 4.003 SE over 75 ordered pairs
Average diagonal performance: 154.031 +- 5.743 SE over 5 pairs
Average off-diagonal performance (only for square pools): nan +- nan SE over 0 ordered pairs
Saved XP results to xp_partner_results/sp_ego_vs_sp_partner/coord_ring2
Saved XP heatmap to xp_partner_results/sp_ego_vs_sp_partner/coord_ring2/xp_matrix.png
Using alignment rollout scale: ALIGN_PAIR_BATCH_SIZE=2, ALIGN_EVAL_NUM_EPISODES=128, ALIGN_EVAL_NUM_STEPS=400
ALIGN ego[00] partner[00] R2=0.755800 NMSE=0.244200 shuffled_R2=-0.009609
ALIGN ego[00] partner[01] R2=0.547497 NMSE=0.452503 shuffled_R2=-0.011467
ALIGN ego[00] partner[02] R2=0.635579 NMSE=0.364421 shuffled_R2=-0.010330
ALIGN ego[00] partner[03] R2=0.632837 NMSE=0.367163 shuffled_R2=-0.009406
ALIGN ego[00] partner[04] R2=0.569128 NMSE=0.430872 shuffled_R2=-0.013170
ALIGN ego[00] partner[05] R2=0.770351 NMSE=0.229649 shuffled_R2=-0.009839
ALIGN ego[00] partner[06] R2=0.511756 NMSE=0.488244 shuffled_R2=-0.011561
ALIGN ego[00] partner[07] R2=0.739731 NMSE=0.260269 shuffled_R2=-0.008400
ALIGN ego[00] partner[08] R2=0.781962 NMSE=0.218038 shuffled_R2=-0.008090
ALIGN ego[00] partner[09] R2=0.597964 NMSE=0.402036 shuffled_R2=-0.009713
ALIGN ego[00] partner[10] R2=0.594440 NMSE=0.405560 shuffled_R2=-0.009072
ALIGN ego[00] partner[11] R2=0.640481 NMSE=0.359519 shuffled_R2=-0.008221
ALIGN ego[00] partner[12] R2=0.484973 NMSE=0.515027 shuffled_R2=-0.011343
ALIGN ego[00] partner[13] R2=0.592582 NMSE=0.407418 shuffled_R2=-0.012213
ALIGN ego[00] partner[14] R2=0.626243 NMSE=0.373757 shuffled_R2=-0.008349
ALIGN ego[01] partner[00] R2=0.635840 NMSE=0.364160 shuffled_R2=-0.008197
ALIGN ego[01] partner[01] R2=0.560033 NMSE=0.439967 shuffled_R2=-0.010103
ALIGN ego[01] partner[02] R2=0.623844 NMSE=0.376156 shuffled_R2=-0.009021
ALIGN ego[01] partner[03] R2=0.513303 NMSE=0.486697 shuffled_R2=-0.012193
ALIGN ego[01] partner[04] R2=0.643679 NMSE=0.356321 shuffled_R2=-0.008377
ALIGN ego[01] partner[05] R2=0.593439 NMSE=0.406561 shuffled_R2=-0.010718
ALIGN ego[01] partner[06] R2=0.573363 NMSE=0.426637 shuffled_R2=-0.008397
ALIGN ego[01] partner[07] R2=0.538215 NMSE=0.461785 shuffled_R2=-0.011113
ALIGN ego[01] partner[08] R2=0.508420 NMSE=0.491580 shuffled_R2=-0.010686
ALIGN ego[01] partner[09] R2=0.547351 NMSE=0.452649 shuffled_R2=-0.008394
ALIGN ego[01] partner[10] R2=0.534979 NMSE=0.465021 shuffled_R2=-0.010985
ALIGN ego[01] partner[11] R2=0.547916 NMSE=0.452084 shuffled_R2=-0.008552
ALIGN ego[01] partner[12] R2=0.549356 NMSE=0.450644 shuffled_R2=-0.010941
ALIGN ego[01] partner[13] R2=0.435762 NMSE=0.564238 shuffled_R2=-0.011254
ALIGN ego[01] partner[14] R2=0.545862 NMSE=0.454138 shuffled_R2=-0.009552
ALIGN ego[02] partner[00] R2=0.611379 NMSE=0.388621 shuffled_R2=-0.009753
ALIGN ego[02] partner[01] R2=0.559485 NMSE=0.440515 shuffled_R2=-0.008412
ALIGN ego[02] partner[02] R2=0.630663 NMSE=0.369337 shuffled_R2=-0.008838
ALIGN ego[02] partner[03] R2=0.548059 NMSE=0.451941 shuffled_R2=-0.008261
ALIGN ego[02] partner[04] R2=0.567037 NMSE=0.432963 shuffled_R2=-0.010110
ALIGN ego[02] partner[05] R2=0.618570 NMSE=0.381430 shuffled_R2=-0.008968
ALIGN ego[02] partner[06] R2=0.594412 NMSE=0.405588 shuffled_R2=-0.009785
ALIGN ego[02] partner[07] R2=0.651753 NMSE=0.348247 shuffled_R2=-0.007822
ALIGN ego[02] partner[08] R2=0.652351 NMSE=0.347649 shuffled_R2=-0.007521
ALIGN ego[02] partner[09] R2=0.565728 NMSE=0.434272 shuffled_R2=-0.008666
ALIGN ego[02] partner[10] R2=0.467063 NMSE=0.532937 shuffled_R2=-0.008926
ALIGN ego[02] partner[11] R2=0.574118 NMSE=0.425882 shuffled_R2=-0.007653
ALIGN ego[02] partner[12] R2=0.460767 NMSE=0.539233 shuffled_R2=-0.011473
ALIGN ego[02] partner[13] R2=0.510687 NMSE=0.489313 shuffled_R2=-0.010516
ALIGN ego[02] partner[14] R2=0.569687 NMSE=0.430313 shuffled_R2=-0.009334
ALIGN ego[03] partner[00] R2=0.667302 NMSE=0.332698 shuffled_R2=-0.007481
ALIGN ego[03] partner[01] R2=0.617214 NMSE=0.382786 shuffled_R2=-0.007792
ALIGN ego[03] partner[02] R2=0.530911 NMSE=0.469089 shuffled_R2=-0.008740
ALIGN ego[03] partner[03] R2=0.587497 NMSE=0.412503 shuffled_R2=-0.009913
ALIGN ego[03] partner[04] R2=0.623880 NMSE=0.376120 shuffled_R2=-0.009204
ALIGN ego[03] partner[05] R2=0.654780 NMSE=0.345220 shuffled_R2=-0.009653
ALIGN ego[03] partner[06] R2=0.682042 NMSE=0.317958 shuffled_R2=-0.007477
ALIGN ego[03] partner[07] R2=0.664050 NMSE=0.335950 shuffled_R2=-0.007887
ALIGN ego[03] partner[08] R2=0.742041 NMSE=0.257959 shuffled_R2=-0.008674
ALIGN ego[03] partner[09] R2=0.676489 NMSE=0.323511 shuffled_R2=-0.007534
ALIGN ego[03] partner[10] R2=0.512772 NMSE=0.487228 shuffled_R2=-0.008965
ALIGN ego[03] partner[11] R2=0.536834 NMSE=0.463166 shuffled_R2=-0.007983
ALIGN ego[03] partner[12] R2=0.571583 NMSE=0.428417 shuffled_R2=-0.009321
ALIGN ego[03] partner[13] R2=0.676809 NMSE=0.323191 shuffled_R2=-0.009541
ALIGN ego[03] partner[14] R2=0.605433 NMSE=0.394567 shuffled_R2=-0.008497
ALIGN ego[04] partner[00] R2=0.622330 NMSE=0.377670 shuffled_R2=-0.009458
ALIGN ego[04] partner[01] R2=0.546724 NMSE=0.453276 shuffled_R2=-0.009389
ALIGN ego[04] partner[02] R2=0.539768 NMSE=0.460232 shuffled_R2=-0.009037
ALIGN ego[04] partner[03] R2=0.617915 NMSE=0.382085 shuffled_R2=-0.008729
ALIGN ego[04] partner[04] R2=0.673289 NMSE=0.326711 shuffled_R2=-0.008271
ALIGN ego[04] partner[05] R2=0.629525 NMSE=0.370475 shuffled_R2=-0.010214
ALIGN ego[04] partner[06] R2=0.509712 NMSE=0.490288 shuffled_R2=-0.010716
ALIGN ego[04] partner[07] R2=0.666906 NMSE=0.333094 shuffled_R2=-0.007563
ALIGN ego[04] partner[08] R2=0.653688 NMSE=0.346312 shuffled_R2=-0.009259
ALIGN ego[04] partner[09] R2=0.485699 NMSE=0.514301 shuffled_R2=-0.010548
ALIGN ego[04] partner[10] R2=0.479748 NMSE=0.520252 shuffled_R2=-0.012292
ALIGN ego[04] partner[11] R2=0.613157 NMSE=0.386843 shuffled_R2=-0.008682
ALIGN ego[04] partner[12] R2=0.448940 NMSE=0.551060 shuffled_R2=-0.010053
ALIGN ego[04] partner[13] R2=0.562836 NMSE=0.437164 shuffled_R2=-0.008203
ALIGN ego[04] partner[14] R2=0.538387 NMSE=0.461613 shuffled_R2=-0.010112
Average ego-to-partner alignment R2: 0.591369 +- 0.008607 SE over 75 ego-partner pairs
Average alignment normalized MSE: 0.408631 +- 0.008607 SE
Average shuffled-control alignment R2: -0.009420 +- 0.000152 SE
Saved alignment results to xp_partner_results/sp_ego_vs_sp_partner/coord_ring2
