Script directory: /mnt/iusers01/fatpou01/compsci01/n70579mp/scratch/JaxMARL
Importing submoduled environments...
Submoduled environments not found. Skipping import.
wandb: Currently logged in as: maytusp to https://api.wandb.ai. Use `wandb login --relogin` to force relogin
wandb: creating run
wandb: Tracking run with wandb version 0.21.1
wandb: Run data is saved locally in /net/scratch/n70579mp/JaxMARL/wandb/run-20260608_184451-n9n33vdk
wandb: Run `wandb offline` to turn off syncing.
wandb: Syncing run mep_br_obsfront_coord_ring2
wandb: ⭐️ View project at https://wandb.ai/maytusp/oc-extended
wandb: 🚀 View run at https://wandb.ai/maytusp/oc-extended/runs/n9n33vdk
2026-06-08 18:46:22.594777: E external/xla/xla/stream_executor/cuda/cuda_timer.cc:86] Delay kernel timed out: measured time has sub-optimal accuracy. There may be a missing warmup execution, please investigate in Nsight Systems.
2026-06-08 18:46:22.696425: E external/xla/xla/stream_executor/cuda/cuda_timer.cc:86] Delay kernel timed out: measured time has sub-optimal accuracy. There may be a missing warmup execution, please investigate in Nsight Systems.
2026-06-08 18:46:22.954847: E external/xla/xla/stream_executor/cuda/cuda_timer.cc:86] Delay kernel timed out: measured time has sub-optimal accuracy. There may be a missing warmup execution, please investigate in Nsight Systems.
2026-06-08 18:46:23.057434: E external/xla/xla/stream_executor/cuda/cuda_timer.cc:86] Delay kernel timed out: measured time has sub-optimal accuracy. There may be a missing warmup execution, please investigate in Nsight Systems.
2026-06-08 18:46:23.331598: E external/xla/xla/stream_executor/cuda/cuda_timer.cc:86] Delay kernel timed out: measured time has sub-optimal accuracy. There may be a missing warmup execution, please investigate in Nsight Systems.
2026-06-08 18:46:23.433270: E external/xla/xla/stream_executor/cuda/cuda_timer.cc:86] Delay kernel timed out: measured time has sub-optimal accuracy. There may be a missing warmup execution, please investigate in Nsight Systems.
2026-06-08 18:46:23.763297: E external/xla/xla/stream_executor/cuda/cuda_timer.cc:86] Delay kernel timed out: measured time has sub-optimal accuracy. There may be a missing warmup execution, please investigate in Nsight Systems.
2026-06-08 18:46:23.864872: E external/xla/xla/stream_executor/cuda/cuda_timer.cc:86] Delay kernel timed out: measured time has sub-optimal accuracy. There may be a missing warmup execution, please investigate in Nsight Systems.
Loaded 5 frozen MEP partner checkpoints from checkpoints/mep_pool/coord_ring2 (5 seeds, 1 steps; max step 380)
MEP partner pool: baseline_seed_0_step_380.msgpack, baseline_seed_1_step_380.msgpack, baseline_seed_2_step_380.msgpack, baseline_seed_3_step_380.msgpack, baseline_seed_4_step_380.msgpack
Update steps:  228.0
Warmup epochs:  11
Cosine epochs:  217.0
--> Saved seed 1 checkpoint at step 1 to checkpoints/mep_br/coord_ring2/baseline_seed_1_step_1.msgpack
--> Saved seed 0 checkpoint at step 1 to checkpoints/mep_br/coord_ring2/baseline_seed_0_step_1.msgpack
--> Saved seed 4 checkpoint at step 1 to checkpoints/mep_br/coord_ring2/baseline_seed_4_step_1.msgpack
--> Saved seed 3 checkpoint at step 1 to checkpoints/mep_br/coord_ring2/baseline_seed_3_step_1.msgpack
--> Saved seed 2 checkpoint at step 1 to checkpoints/mep_br/coord_ring2/baseline_seed_2_step_1.msgpack
--> Saved seed 1 checkpoint at step 22 to checkpoints/mep_br/coord_ring2/baseline_seed_1_step_22.msgpack
--> Saved seed 0 checkpoint at step 22 to checkpoints/mep_br/coord_ring2/baseline_seed_0_step_22.msgpack
--> Saved seed 4 checkpoint at step 22 to checkpoints/mep_br/coord_ring2/baseline_seed_4_step_22.msgpack
--> Saved seed 3 checkpoint at step 22 to checkpoints/mep_br/coord_ring2/baseline_seed_3_step_22.msgpack
--> Saved seed 2 checkpoint at step 22 to checkpoints/mep_br/coord_ring2/baseline_seed_2_step_22.msgpack
--> Saved seed 1 checkpoint at step 44 to checkpoints/mep_br/coord_ring2/baseline_seed_1_step_44.msgpack
--> Saved seed 0 checkpoint at step 44 to checkpoints/mep_br/coord_ring2/baseline_seed_0_step_44.msgpack
--> Saved seed 4 checkpoint at step 44 to checkpoints/mep_br/coord_ring2/baseline_seed_4_step_44.msgpack
--> Saved seed 3 checkpoint at step 44 to checkpoints/mep_br/coord_ring2/baseline_seed_3_step_44.msgpack
--> Saved seed 2 checkpoint at step 44 to checkpoints/mep_br/coord_ring2/baseline_seed_2_step_44.msgpack
--> Saved seed 1 checkpoint at step 66 to checkpoints/mep_br/coord_ring2/baseline_seed_1_step_66.msgpack
--> Saved seed 0 checkpoint at step 66 to checkpoints/mep_br/coord_ring2/baseline_seed_0_step_66.msgpack
--> Saved seed 4 checkpoint at step 66 to checkpoints/mep_br/coord_ring2/baseline_seed_4_step_66.msgpack
--> Saved seed 3 checkpoint at step 66 to checkpoints/mep_br/coord_ring2/baseline_seed_3_step_66.msgpack
--> Saved seed 2 checkpoint at step 66 to checkpoints/mep_br/coord_ring2/baseline_seed_2_step_66.msgpack
--> Saved seed 1 checkpoint at step 88 to checkpoints/mep_br/coord_ring2/baseline_seed_1_step_88.msgpack
--> Saved seed 0 checkpoint at step 88 to checkpoints/mep_br/coord_ring2/baseline_seed_0_step_88.msgpack
--> Saved seed 4 checkpoint at step 88 to checkpoints/mep_br/coord_ring2/baseline_seed_4_step_88.msgpack
--> Saved seed 3 checkpoint at step 88 to checkpoints/mep_br/coord_ring2/baseline_seed_3_step_88.msgpack
--> Saved seed 2 checkpoint at step 88 to checkpoints/mep_br/coord_ring2/baseline_seed_2_step_88.msgpack
--> Saved seed 1 checkpoint at step 110 to checkpoints/mep_br/coord_ring2/baseline_seed_1_step_110.msgpack
--> Saved seed 0 checkpoint at step 110 to checkpoints/mep_br/coord_ring2/baseline_seed_0_step_110.msgpack
--> Saved seed 4 checkpoint at step 110 to checkpoints/mep_br/coord_ring2/baseline_seed_4_step_110.msgpack
--> Saved seed 3 checkpoint at step 110 to checkpoints/mep_br/coord_ring2/baseline_seed_3_step_110.msgpack
--> Saved seed 2 checkpoint at step 110 to checkpoints/mep_br/coord_ring2/baseline_seed_2_step_110.msgpack
--> Saved seed 1 checkpoint at step 132 to checkpoints/mep_br/coord_ring2/baseline_seed_1_step_132.msgpack
--> Saved seed 0 checkpoint at step 132 to checkpoints/mep_br/coord_ring2/baseline_seed_0_step_132.msgpack
--> Saved seed 4 checkpoint at step 132 to checkpoints/mep_br/coord_ring2/baseline_seed_4_step_132.msgpack
--> Saved seed 3 checkpoint at step 132 to checkpoints/mep_br/coord_ring2/baseline_seed_3_step_132.msgpack
--> Saved seed 2 checkpoint at step 132 to checkpoints/mep_br/coord_ring2/baseline_seed_2_step_132.msgpack
--> Saved seed 1 checkpoint at step 154 to checkpoints/mep_br/coord_ring2/baseline_seed_1_step_154.msgpack
--> Saved seed 0 checkpoint at step 154 to checkpoints/mep_br/coord_ring2/baseline_seed_0_step_154.msgpack
--> Saved seed 4 checkpoint at step 154 to checkpoints/mep_br/coord_ring2/baseline_seed_4_step_154.msgpack
--> Saved seed 3 checkpoint at step 154 to checkpoints/mep_br/coord_ring2/baseline_seed_3_step_154.msgpack
--> Saved seed 2 checkpoint at step 154 to checkpoints/mep_br/coord_ring2/baseline_seed_2_step_154.msgpack
--> Saved seed 1 checkpoint at step 176 to checkpoints/mep_br/coord_ring2/baseline_seed_1_step_176.msgpack
--> Saved seed 0 checkpoint at step 176 to checkpoints/mep_br/coord_ring2/baseline_seed_0_step_176.msgpack
--> Saved seed 4 checkpoint at step 176 to checkpoints/mep_br/coord_ring2/baseline_seed_4_step_176.msgpack
--> Saved seed 3 checkpoint at step 176 to checkpoints/mep_br/coord_ring2/baseline_seed_3_step_176.msgpack
--> Saved seed 2 checkpoint at step 176 to checkpoints/mep_br/coord_ring2/baseline_seed_2_step_176.msgpack
--> Saved seed 1 checkpoint at step 198 to checkpoints/mep_br/coord_ring2/baseline_seed_1_step_198.msgpack
--> Saved seed 0 checkpoint at step 198 to checkpoints/mep_br/coord_ring2/baseline_seed_0_step_198.msgpack
--> Saved seed 4 checkpoint at step 198 to checkpoints/mep_br/coord_ring2/baseline_seed_4_step_198.msgpack
--> Saved seed 3 checkpoint at step 198 to checkpoints/mep_br/coord_ring2/baseline_seed_3_step_198.msgpack
--> Saved seed 2 checkpoint at step 198 to checkpoints/mep_br/coord_ring2/baseline_seed_2_step_198.msgpack
--> Saved seed 1 checkpoint at step 220 to checkpoints/mep_br/coord_ring2/baseline_seed_1_step_220.msgpack
--> Saved seed 0 checkpoint at step 220 to checkpoints/mep_br/coord_ring2/baseline_seed_0_step_220.msgpack
--> Saved seed 4 checkpoint at step 220 to checkpoints/mep_br/coord_ring2/baseline_seed_4_step_220.msgpack
--> Saved seed 3 checkpoint at step 220 to checkpoints/mep_br/coord_ring2/baseline_seed_3_step_220.msgpack
--> Saved seed 2 checkpoint at step 220 to checkpoints/mep_br/coord_ring2/baseline_seed_2_step_220.msgpack
[1;34mwandb[0m: 
[1;34mwandb[0m: 🚀 View run [33mmep_br_obsfront_coord_ring2[0m at: [34mhttps://wandb.ai/maytusp/oc-extended/runs/n9n33vdk[0m
[1;34mwandb[0m: Find logs at: [1;35m../../../../../../../net/scratch/n70579mp/JaxMARL/wandb/run-20260608_184451-n9n33vdk/logs[0m
Importing submoduled environments...
Submoduled environments not found. Skipping import.
wandb: Currently logged in as: maytusp to https://api.wandb.ai. Use `wandb login --relogin` to force relogin
wandb: Tracking run with wandb version 0.21.1
wandb: Run data is saved locally in /net/scratch/n70579mp/JaxMARL/wandb/run-20260608_193835-krba81tz
wandb: Run `wandb offline` to turn off syncing.
wandb: Syncing run mep_br_obsfront_counter_circuit2
wandb: ⭐️ View project at https://wandb.ai/maytusp/oc-extended
wandb: 🚀 View run at https://wandb.ai/maytusp/oc-extended/runs/krba81tz
2026-06-08 19:39:03.952736: E external/xla/xla/stream_executor/cuda/cuda_timer.cc:86] Delay kernel timed out: measured time has sub-optimal accuracy. There may be a missing warmup execution, please investigate in Nsight Systems.
2026-06-08 19:39:04.054351: E external/xla/xla/stream_executor/cuda/cuda_timer.cc:86] Delay kernel timed out: measured time has sub-optimal accuracy. There may be a missing warmup execution, please investigate in Nsight Systems.
2026-06-08 19:39:04.330395: E external/xla/xla/stream_executor/cuda/cuda_timer.cc:86] Delay kernel timed out: measured time has sub-optimal accuracy. There may be a missing warmup execution, please investigate in Nsight Systems.
2026-06-08 19:39:04.431907: E external/xla/xla/stream_executor/cuda/cuda_timer.cc:86] Delay kernel timed out: measured time has sub-optimal accuracy. There may be a missing warmup execution, please investigate in Nsight Systems.
2026-06-08 19:39:04.742886: E external/xla/xla/stream_executor/cuda/cuda_timer.cc:86] Delay kernel timed out: measured time has sub-optimal accuracy. There may be a missing warmup execution, please investigate in Nsight Systems.
2026-06-08 19:39:04.844462: E external/xla/xla/stream_executor/cuda/cuda_timer.cc:86] Delay kernel timed out: measured time has sub-optimal accuracy. There may be a missing warmup execution, please investigate in Nsight Systems.
2026-06-08 19:39:05.150231: E external/xla/xla/stream_executor/cuda/cuda_timer.cc:86] Delay kernel timed out: measured time has sub-optimal accuracy. There may be a missing warmup execution, please investigate in Nsight Systems.
2026-06-08 19:39:05.251780: E external/xla/xla/stream_executor/cuda/cuda_timer.cc:86] Delay kernel timed out: measured time has sub-optimal accuracy. There may be a missing warmup execution, please investigate in Nsight Systems.
Loaded 5 frozen MEP partner checkpoints from checkpoints/mep_pool/counter_circuit2 (5 seeds, 1 steps; max step 760)
MEP partner pool: baseline_seed_0_step_760.msgpack, baseline_seed_1_step_760.msgpack, baseline_seed_2_step_760.msgpack, baseline_seed_3_step_760.msgpack, baseline_seed_4_step_760.msgpack
Update steps:  381.0
Warmup epochs:  19
Cosine epochs:  362.0
--> Saved seed 1 checkpoint at step 1 to checkpoints/mep_br/counter_circuit2/baseline_seed_1_step_1.msgpack
--> Saved seed 0 checkpoint at step 1 to checkpoints/mep_br/counter_circuit2/baseline_seed_0_step_1.msgpack
--> Saved seed 4 checkpoint at step 1 to checkpoints/mep_br/counter_circuit2/baseline_seed_4_step_1.msgpack
--> Saved seed 3 checkpoint at step 1 to checkpoints/mep_br/counter_circuit2/baseline_seed_3_step_1.msgpack
--> Saved seed 2 checkpoint at step 1 to checkpoints/mep_br/counter_circuit2/baseline_seed_2_step_1.msgpack
--> Saved seed 1 checkpoint at step 38 to checkpoints/mep_br/counter_circuit2/baseline_seed_1_step_38.msgpack
--> Saved seed 0 checkpoint at step 38 to checkpoints/mep_br/counter_circuit2/baseline_seed_0_step_38.msgpack
--> Saved seed 4 checkpoint at step 38 to checkpoints/mep_br/counter_circuit2/baseline_seed_4_step_38.msgpack
--> Saved seed 3 checkpoint at step 38 to checkpoints/mep_br/counter_circuit2/baseline_seed_3_step_38.msgpack
--> Saved seed 2 checkpoint at step 38 to checkpoints/mep_br/counter_circuit2/baseline_seed_2_step_38.msgpack
--> Saved seed 1 checkpoint at step 76 to checkpoints/mep_br/counter_circuit2/baseline_seed_1_step_76.msgpack
--> Saved seed 0 checkpoint at step 76 to checkpoints/mep_br/counter_circuit2/baseline_seed_0_step_76.msgpack
--> Saved seed 4 checkpoint at step 76 to checkpoints/mep_br/counter_circuit2/baseline_seed_4_step_76.msgpack
--> Saved seed 3 checkpoint at step 76 to checkpoints/mep_br/counter_circuit2/baseline_seed_3_step_76.msgpack
--> Saved seed 2 checkpoint at step 76 to checkpoints/mep_br/counter_circuit2/baseline_seed_2_step_76.msgpack
--> Saved seed 1 checkpoint at step 114 to checkpoints/mep_br/counter_circuit2/baseline_seed_1_step_114.msgpack
--> Saved seed 0 checkpoint at step 114 to checkpoints/mep_br/counter_circuit2/baseline_seed_0_step_114.msgpack
--> Saved seed 4 checkpoint at step 114 to checkpoints/mep_br/counter_circuit2/baseline_seed_4_step_114.msgpack
--> Saved seed 3 checkpoint at step 114 to checkpoints/mep_br/counter_circuit2/baseline_seed_3_step_114.msgpack
--> Saved seed 2 checkpoint at step 114 to checkpoints/mep_br/counter_circuit2/baseline_seed_2_step_114.msgpack
--> Saved seed 1 checkpoint at step 152 to checkpoints/mep_br/counter_circuit2/baseline_seed_1_step_152.msgpack
--> Saved seed 0 checkpoint at step 152 to checkpoints/mep_br/counter_circuit2/baseline_seed_0_step_152.msgpack
--> Saved seed 4 checkpoint at step 152 to checkpoints/mep_br/counter_circuit2/baseline_seed_4_step_152.msgpack
--> Saved seed 3 checkpoint at step 152 to checkpoints/mep_br/counter_circuit2/baseline_seed_3_step_152.msgpack
--> Saved seed 2 checkpoint at step 152 to checkpoints/mep_br/counter_circuit2/baseline_seed_2_step_152.msgpack
--> Saved seed 1 checkpoint at step 190 to checkpoints/mep_br/counter_circuit2/baseline_seed_1_step_190.msgpack
--> Saved seed 0 checkpoint at step 190 to checkpoints/mep_br/counter_circuit2/baseline_seed_0_step_190.msgpack
--> Saved seed 4 checkpoint at step 190 to checkpoints/mep_br/counter_circuit2/baseline_seed_4_step_190.msgpack
--> Saved seed 3 checkpoint at step 190 to checkpoints/mep_br/counter_circuit2/baseline_seed_3_step_190.msgpack
--> Saved seed 2 checkpoint at step 190 to checkpoints/mep_br/counter_circuit2/baseline_seed_2_step_190.msgpack
--> Saved seed 1 checkpoint at step 228 to checkpoints/mep_br/counter_circuit2/baseline_seed_1_step_228.msgpack
--> Saved seed 0 checkpoint at step 228 to checkpoints/mep_br/counter_circuit2/baseline_seed_0_step_228.msgpack
--> Saved seed 4 checkpoint at step 228 to checkpoints/mep_br/counter_circuit2/baseline_seed_4_step_228.msgpack
--> Saved seed 3 checkpoint at step 228 to checkpoints/mep_br/counter_circuit2/baseline_seed_3_step_228.msgpack
--> Saved seed 2 checkpoint at step 228 to checkpoints/mep_br/counter_circuit2/baseline_seed_2_step_228.msgpack
--> Saved seed 1 checkpoint at step 266 to checkpoints/mep_br/counter_circuit2/baseline_seed_1_step_266.msgpack
--> Saved seed 0 checkpoint at step 266 to checkpoints/mep_br/counter_circuit2/baseline_seed_0_step_266.msgpack
--> Saved seed 4 checkpoint at step 266 to checkpoints/mep_br/counter_circuit2/baseline_seed_4_step_266.msgpack
--> Saved seed 3 checkpoint at step 266 to checkpoints/mep_br/counter_circuit2/baseline_seed_3_step_266.msgpack
--> Saved seed 2 checkpoint at step 266 to checkpoints/mep_br/counter_circuit2/baseline_seed_2_step_266.msgpack
--> Saved seed 1 checkpoint at step 304 to checkpoints/mep_br/counter_circuit2/baseline_seed_1_step_304.msgpack
--> Saved seed 0 checkpoint at step 304 to checkpoints/mep_br/counter_circuit2/baseline_seed_0_step_304.msgpack
--> Saved seed 4 checkpoint at step 304 to checkpoints/mep_br/counter_circuit2/baseline_seed_4_step_304.msgpack
--> Saved seed 3 checkpoint at step 304 to checkpoints/mep_br/counter_circuit2/baseline_seed_3_step_304.msgpack
--> Saved seed 2 checkpoint at step 304 to checkpoints/mep_br/counter_circuit2/baseline_seed_2_step_304.msgpack
--> Saved seed 1 checkpoint at step 342 to checkpoints/mep_br/counter_circuit2/baseline_seed_1_step_342.msgpack
--> Saved seed 0 checkpoint at step 342 to checkpoints/mep_br/counter_circuit2/baseline_seed_0_step_342.msgpack
--> Saved seed 4 checkpoint at step 342 to checkpoints/mep_br/counter_circuit2/baseline_seed_4_step_342.msgpack
--> Saved seed 3 checkpoint at step 342 to checkpoints/mep_br/counter_circuit2/baseline_seed_3_step_342.msgpack
--> Saved seed 2 checkpoint at step 342 to checkpoints/mep_br/counter_circuit2/baseline_seed_2_step_342.msgpack
--> Saved seed 1 checkpoint at step 380 to checkpoints/mep_br/counter_circuit2/baseline_seed_1_step_380.msgpack
--> Saved seed 0 checkpoint at step 380 to checkpoints/mep_br/counter_circuit2/baseline_seed_0_step_380.msgpack
--> Saved seed 4 checkpoint at step 380 to checkpoints/mep_br/counter_circuit2/baseline_seed_4_step_380.msgpack
--> Saved seed 3 checkpoint at step 380 to checkpoints/mep_br/counter_circuit2/baseline_seed_3_step_380.msgpack
--> Saved seed 2 checkpoint at step 380 to checkpoints/mep_br/counter_circuit2/baseline_seed_2_step_380.msgpack
[1;34mwandb[0m: 
[1;34mwandb[0m: 🚀 View run [33mmep_br_obsfront_counter_circuit2[0m at: [34mhttps://wandb.ai/maytusp/oc-extended/runs/krba81tz[0m
[1;34mwandb[0m: Find logs at: [1;35m../../../../../../../net/scratch/n70579mp/JaxMARL/wandb/run-20260608_193835-krba81tz/logs[0m
Importing submoduled environments...
Submoduled environments not found. Skipping import.
wandb: Currently logged in as: maytusp to https://api.wandb.ai. Use `wandb login --relogin` to force relogin
wandb: Tracking run with wandb version 0.21.1
wandb: Run data is saved locally in /net/scratch/n70579mp/JaxMARL/wandb/run-20260608_210329-wx897os0
wandb: Run `wandb offline` to turn off syncing.
wandb: Syncing run mep_br_obsfront_cramped_room2
wandb: ⭐️ View project at https://wandb.ai/maytusp/oc-extended
wandb: 🚀 View run at https://wandb.ai/maytusp/oc-extended/runs/wx897os0
2026-06-08 21:03:56.952342: E external/xla/xla/stream_executor/cuda/cuda_timer.cc:86] Delay kernel timed out: measured time has sub-optimal accuracy. There may be a missing warmup execution, please investigate in Nsight Systems.
2026-06-08 21:03:57.053760: E external/xla/xla/stream_executor/cuda/cuda_timer.cc:86] Delay kernel timed out: measured time has sub-optimal accuracy. There may be a missing warmup execution, please investigate in Nsight Systems.
2026-06-08 21:03:57.312148: E external/xla/xla/stream_executor/cuda/cuda_timer.cc:86] Delay kernel timed out: measured time has sub-optimal accuracy. There may be a missing warmup execution, please investigate in Nsight Systems.
2026-06-08 21:03:57.413462: E external/xla/xla/stream_executor/cuda/cuda_timer.cc:86] Delay kernel timed out: measured time has sub-optimal accuracy. There may be a missing warmup execution, please investigate in Nsight Systems.
2026-06-08 21:03:57.686715: E external/xla/xla/stream_executor/cuda/cuda_timer.cc:86] Delay kernel timed out: measured time has sub-optimal accuracy. There may be a missing warmup execution, please investigate in Nsight Systems.
2026-06-08 21:03:57.788187: E external/xla/xla/stream_executor/cuda/cuda_timer.cc:86] Delay kernel timed out: measured time has sub-optimal accuracy. There may be a missing warmup execution, please investigate in Nsight Systems.
2026-06-08 21:03:58.096325: E external/xla/xla/stream_executor/cuda/cuda_timer.cc:86] Delay kernel timed out: measured time has sub-optimal accuracy. There may be a missing warmup execution, please investigate in Nsight Systems.
2026-06-08 21:03:58.197783: E external/xla/xla/stream_executor/cuda/cuda_timer.cc:86] Delay kernel timed out: measured time has sub-optimal accuracy. There may be a missing warmup execution, please investigate in Nsight Systems.
Loaded 5 frozen MEP partner checkpoints from checkpoints/mep_pool/cramped_room2 (5 seeds, 1 steps; max step 380)
MEP partner pool: baseline_seed_0_step_380.msgpack, baseline_seed_1_step_380.msgpack, baseline_seed_2_step_380.msgpack, baseline_seed_3_step_380.msgpack, baseline_seed_4_step_380.msgpack
Update steps:  228.0
Warmup epochs:  11
Cosine epochs:  217.0
--> Saved seed 1 checkpoint at step 1 to checkpoints/mep_br/cramped_room2/baseline_seed_1_step_1.msgpack
--> Saved seed 0 checkpoint at step 1 to checkpoints/mep_br/cramped_room2/baseline_seed_0_step_1.msgpack
--> Saved seed 4 checkpoint at step 1 to checkpoints/mep_br/cramped_room2/baseline_seed_4_step_1.msgpack
--> Saved seed 3 checkpoint at step 1 to checkpoints/mep_br/cramped_room2/baseline_seed_3_step_1.msgpack
--> Saved seed 2 checkpoint at step 1 to checkpoints/mep_br/cramped_room2/baseline_seed_2_step_1.msgpack
--> Saved seed 1 checkpoint at step 22 to checkpoints/mep_br/cramped_room2/baseline_seed_1_step_22.msgpack
--> Saved seed 0 checkpoint at step 22 to checkpoints/mep_br/cramped_room2/baseline_seed_0_step_22.msgpack
--> Saved seed 4 checkpoint at step 22 to checkpoints/mep_br/cramped_room2/baseline_seed_4_step_22.msgpack
--> Saved seed 3 checkpoint at step 22 to checkpoints/mep_br/cramped_room2/baseline_seed_3_step_22.msgpack
--> Saved seed 2 checkpoint at step 22 to checkpoints/mep_br/cramped_room2/baseline_seed_2_step_22.msgpack
--> Saved seed 1 checkpoint at step 44 to checkpoints/mep_br/cramped_room2/baseline_seed_1_step_44.msgpack
--> Saved seed 0 checkpoint at step 44 to checkpoints/mep_br/cramped_room2/baseline_seed_0_step_44.msgpack
--> Saved seed 4 checkpoint at step 44 to checkpoints/mep_br/cramped_room2/baseline_seed_4_step_44.msgpack
--> Saved seed 3 checkpoint at step 44 to checkpoints/mep_br/cramped_room2/baseline_seed_3_step_44.msgpack
--> Saved seed 2 checkpoint at step 44 to checkpoints/mep_br/cramped_room2/baseline_seed_2_step_44.msgpack
--> Saved seed 1 checkpoint at step 66 to checkpoints/mep_br/cramped_room2/baseline_seed_1_step_66.msgpack
--> Saved seed 0 checkpoint at step 66 to checkpoints/mep_br/cramped_room2/baseline_seed_0_step_66.msgpack
--> Saved seed 4 checkpoint at step 66 to checkpoints/mep_br/cramped_room2/baseline_seed_4_step_66.msgpack
--> Saved seed 3 checkpoint at step 66 to checkpoints/mep_br/cramped_room2/baseline_seed_3_step_66.msgpack
--> Saved seed 2 checkpoint at step 66 to checkpoints/mep_br/cramped_room2/baseline_seed_2_step_66.msgpack
--> Saved seed 1 checkpoint at step 88 to checkpoints/mep_br/cramped_room2/baseline_seed_1_step_88.msgpack
--> Saved seed 0 checkpoint at step 88 to checkpoints/mep_br/cramped_room2/baseline_seed_0_step_88.msgpack
--> Saved seed 4 checkpoint at step 88 to checkpoints/mep_br/cramped_room2/baseline_seed_4_step_88.msgpack
--> Saved seed 3 checkpoint at step 88 to checkpoints/mep_br/cramped_room2/baseline_seed_3_step_88.msgpack
--> Saved seed 2 checkpoint at step 88 to checkpoints/mep_br/cramped_room2/baseline_seed_2_step_88.msgpack
--> Saved seed 1 checkpoint at step 110 to checkpoints/mep_br/cramped_room2/baseline_seed_1_step_110.msgpack
--> Saved seed 0 checkpoint at step 110 to checkpoints/mep_br/cramped_room2/baseline_seed_0_step_110.msgpack
--> Saved seed 4 checkpoint at step 110 to checkpoints/mep_br/cramped_room2/baseline_seed_4_step_110.msgpack
--> Saved seed 3 checkpoint at step 110 to checkpoints/mep_br/cramped_room2/baseline_seed_3_step_110.msgpack
--> Saved seed 2 checkpoint at step 110 to checkpoints/mep_br/cramped_room2/baseline_seed_2_step_110.msgpack
--> Saved seed 1 checkpoint at step 132 to checkpoints/mep_br/cramped_room2/baseline_seed_1_step_132.msgpack
--> Saved seed 0 checkpoint at step 132 to checkpoints/mep_br/cramped_room2/baseline_seed_0_step_132.msgpack
--> Saved seed 4 checkpoint at step 132 to checkpoints/mep_br/cramped_room2/baseline_seed_4_step_132.msgpack
--> Saved seed 3 checkpoint at step 132 to checkpoints/mep_br/cramped_room2/baseline_seed_3_step_132.msgpack
--> Saved seed 2 checkpoint at step 132 to checkpoints/mep_br/cramped_room2/baseline_seed_2_step_132.msgpack
--> Saved seed 1 checkpoint at step 154 to checkpoints/mep_br/cramped_room2/baseline_seed_1_step_154.msgpack
--> Saved seed 0 checkpoint at step 154 to checkpoints/mep_br/cramped_room2/baseline_seed_0_step_154.msgpack
--> Saved seed 4 checkpoint at step 154 to checkpoints/mep_br/cramped_room2/baseline_seed_4_step_154.msgpack
--> Saved seed 3 checkpoint at step 154 to checkpoints/mep_br/cramped_room2/baseline_seed_3_step_154.msgpack
--> Saved seed 2 checkpoint at step 154 to checkpoints/mep_br/cramped_room2/baseline_seed_2_step_154.msgpack
--> Saved seed 1 checkpoint at step 176 to checkpoints/mep_br/cramped_room2/baseline_seed_1_step_176.msgpack
--> Saved seed 0 checkpoint at step 176 to checkpoints/mep_br/cramped_room2/baseline_seed_0_step_176.msgpack
--> Saved seed 4 checkpoint at step 176 to checkpoints/mep_br/cramped_room2/baseline_seed_4_step_176.msgpack
--> Saved seed 3 checkpoint at step 176 to checkpoints/mep_br/cramped_room2/baseline_seed_3_step_176.msgpack
--> Saved seed 2 checkpoint at step 176 to checkpoints/mep_br/cramped_room2/baseline_seed_2_step_176.msgpack
--> Saved seed 1 checkpoint at step 198 to checkpoints/mep_br/cramped_room2/baseline_seed_1_step_198.msgpack
--> Saved seed 0 checkpoint at step 198 to checkpoints/mep_br/cramped_room2/baseline_seed_0_step_198.msgpack
--> Saved seed 4 checkpoint at step 198 to checkpoints/mep_br/cramped_room2/baseline_seed_4_step_198.msgpack
--> Saved seed 3 checkpoint at step 198 to checkpoints/mep_br/cramped_room2/baseline_seed_3_step_198.msgpack
--> Saved seed 2 checkpoint at step 198 to checkpoints/mep_br/cramped_room2/baseline_seed_2_step_198.msgpack
--> Saved seed 1 checkpoint at step 220 to checkpoints/mep_br/cramped_room2/baseline_seed_1_step_220.msgpack
--> Saved seed 0 checkpoint at step 220 to checkpoints/mep_br/cramped_room2/baseline_seed_0_step_220.msgpack
--> Saved seed 4 checkpoint at step 220 to checkpoints/mep_br/cramped_room2/baseline_seed_4_step_220.msgpack
--> Saved seed 3 checkpoint at step 220 to checkpoints/mep_br/cramped_room2/baseline_seed_3_step_220.msgpack
--> Saved seed 2 checkpoint at step 220 to checkpoints/mep_br/cramped_room2/baseline_seed_2_step_220.msgpack
[1;34mwandb[0m: 
[1;34mwandb[0m: 🚀 View run [33mmep_br_obsfront_cramped_room2[0m at: [34mhttps://wandb.ai/maytusp/oc-extended/runs/wx897os0[0m
[1;34mwandb[0m: Find logs at: [1;35m../../../../../../../net/scratch/n70579mp/JaxMARL/wandb/run-20260608_210329-wx897os0/logs[0m
